[ECMWF-INFO -ecprofile] /usr/bin/bash NON_INTERACTIVE on ac6-131 at 20260807_085107.845, PID: 2942833, JOBID: 39343623
[ECMWF-INFO -ecprofile] $SCRATCH=/ec/res4/scratch/paaa
[ECMWF-INFO -ecprofile] $PERM=/perm/paaa
[ECMWF-INFO -ecprofile] $HPCPERM=/ec/res4/hpcperm/paaa
[ECMWF-INFO -ecprofile] $TMPDIR=/etc/ecmwf/ssd/ssd1/tmpdirs/paaa.39343623
[ECMWF-INFO -ecprofile] $SCRATCHDIR=/ec/res4/scratchdir/paaa/7/39343623
base_dir: /scratch/paaa/IFS/netherlands_2
subdomain: netherlands_2
exp_id: j7fk
exp_name: short_tail_ABL
exp_type: fc
levels: ml
ldiagflx: False
ldiagflx_49r2b: True
ldiagghg: False
levitrac: False
lbud23: False
lead_time: 0
grid: 0.2/0.2
year: 2022
stream: oper
single_day: False
area: 52.5/4.8/51.5/5.8
param_ml: 75/82/83/84/85/86/87/88/89/90/91/92/93/94/95/96/97/98/99/100/101/102/103/104/105/106/107/108/109/110/111/130/131/132/133/135/138/152/155/246/162100/162101/162104/162105/162106/162107/162109/210061/210062/210123/210181/217026
Find your raw data in /scratch/paaa/IFS/netherlands_2/j7fk
Model level selected
mars - WARN - 
mars - WARN - 
MIR environment variables:
MIR_CACHE_PATH=/lus/h2resw01/cache:{FILE?/ec/cache.1}/cache:{FILE?/ec/cache.2}/cache
MIR_LSM_NAMED=1km.climate.v013
Using MARS binary: /usr/local/apps/mars/versions/6.34.7.1/bin/mars.bin
mars - INFO   - 20260807.085124 - Welcome to MARS
mars - INFO   - 20260807.085124 - MARS_HOME=/usr/local/apps/mars/configs/prod
mars - INFO   - 20260807.085124 - MARS Client build stamp: 20260623091402
mars - INFO   - 20260807.085124 - MARS Client bundle version: 6.34.7.1
mars - INFO   - 20260807.085124 - package mars-client version: 6.34.7
mars - INFO   - 20260807.085124 - package mir version: 1.23.9
mars - INFO   - 20260807.085124 - package odc version: 1.6.3
mars - INFO   - 20260807.085124 - package fdb version: 5.21.4
mars - INFO   - 20260807.085124 - package metkit version: 1.18.3
mars - INFO   - 20260807.085124 - package eckit version: 2.0.8
mars - INFO   - 20260807.085124 - package eccodes version: 2.47.2
# First retrieve profiles
retrieve,
anoffset=9,
class=rd,
date=20220515,
expver=j7fk,
levelist=1/50/51/52/53/54/55/56/57/58/59/60/61/62/63/64/65/66/67/68/69/70/71/72/73/74/75/76/77/78/79/80/81/82/83/84/85/86/87/88/89/90/91/92/93/94/95/96/97/98/99/100/101/102/103/104/105/106/107/108/109/110/111/112/113/114/115/116/117/118/119/120/121/122/123/124/125/126/127/128/129/130/131/132/133/134/135/136/137,
levtype=ml,
param=75/82/83/84/85/86/87/88/89/90/91/92/93/94/95/96/97/98/99/100/101/102/103/104/105/106/107/108/109/110/111/130/131/132/133/135/138/152/155/246/162100/162101/162104/162105/162106/162107/162109/210061/210062/210123/210181/217026,
step=0/1/2/3/4/5/6/7/8/9/10/11/12,
stream=oper,
time=00:00:00,
type=fc,
grid=0.2/0.2,
area=52.5/4.8/51.5/5.8,
interpolation=grid-box-average,
target="mars_ml_short_tail_ABL.grb"

mars - INFO   - 20260807.085125 - Processing request 1

RETRIEVE,
    CLASS      = RD,
    TYPE       = FC,
    STREAM     = OPER,
    EXPVER     = j7fk,
    REPRES     = SH,
    LEVTYPE    = ML,
    LEVELIST   = 1/50/51/52/53/54/55/56/57/58/59/60/61/62/63/64/65/66/67/68/69/70/71/72/73/74/75/76/77/78/79/80/81/82/83/84/85/86/87/88/89/90/91/92/93/94/95/96/97/98/99/100/101/102/103/104/105/106/107/108/109/110/111/112/113/114/115/116/117/118/119/120/121/122/123/124/125/126/127/128/129/130/131/132/133/134/135/136/137,
    PARAM      = 75/82/83/84/85/86/87/88/89/90/91/92/93/94/95/96/97/98/99/100/101/102/103/104/105/106/107/108/109/110/111/130/131/132/133/135/138/152/155/246/162100/162101/162104/162105/162106/162107/162109/210061/210062/210123/210181/217026,
    DATE       = 20220515,
    TIME       = 0000,
    STEP       = 0/1/2/3/4/5/6/7/8/9/10/11/12,
    DOMAIN     = G,
    TARGET     = "mars_ml_short_tail_ABL.grb",
    RESOL      = AUTO,
    INTERPOLATION = GRID-BOX-AVERAGE,
    AREA       = 52.5/4.8/51.5/5.8,
    GRID       = 0.2/0.2

mars - INFO   - 20260807.085125 - Requesting 59020 fields
mars - INFO   - 20260807.085125 - FDB home /home/fdbprod
mars - INFO   - 20260807.085125 - Setting SO_SNDBUF to 33554432 (32.00 M)
mars - INFO   - 20260807.085125 - Current value is 32768 (32.00 K)
mars - INFO   - 20260807.085125 - Setting SO_RCVBUF to 33554432 (32.00 M)
mars - INFO   - 20260807.085125 - Current value is 43690 (42.67 K)
mars - INFO   - 20260807.085125 - Calling mars on 'marsrd-core', local port is 46545
mars - INFO   - 20260807.085125 - Callback at address 10.100.192.131, port 46545
mars - INFO   - 20260807.085125 - Mars client is on ac6-131.bullx (10.100.192.131) 46545
mars - INFO   - 20260807.085125 - Mars server is on 10.112.4.10 58221
mars - INFO   - 20260807.085125 - Server task is 169 [marsrd]
mars - INFO   - 20260807.085125 - Request cost: 45,136 fields, 19.9025 Gbytes on 1 tape, nodes: hpss, libraries: ibmlib03_70 [marsrd]
mars - INFO   - 20260807.085125 - The efficiency of your requests in the last 12 hours is 100% [marsrd]
mars - INFO   - 20260807.085125 - Wind conversion requested by server
mars - INFO   - 20260807.085403 - Transfering 21370142097 bytes
mars - INFO   - 20260807.085404 - ShToGridded: loading Legendre coefficients '/lus/h2resw01/cache/mir/legendre/4/local-T399-GaussianN400-OPT4189816c2e.leg'
mars - INFO   - 20260807.085405 - Deriving U and V from vorticity and divergence
mars - WARN   - 20260807.090521 - Visiting database marsrd : expected 59020, got 47450
mars - INFO   - 20260807.090521 - 47450 fields have been interpolated on 'ac6-131.bullx'
mars - ERROR  - 20260807.090521 - Last error is -43
mars - ERROR  - 20260807.090521 - Expected 59020, got 47450.
mars - ERROR  - 20260807.090521 - Request failed
mars - INFO   - 20260807.090521 - Request time:  wall: 13 min 56 sec  cpu: 11 min 13 sec 
mars - INFO   - 20260807.090521 -   Read from network: 19.90 Gbyte(s) in 18 sec  [1.13 Gbyte/sec] 
mars - INFO   - 20260807.090521 -   Processing in marsrd: wall: 2 min 37 sec 
mars - INFO   - 20260807.090521 -   Visiting marsrd: wall: 13 min 56 sec 
mars - INFO   - 20260807.090521 -   Post-processing: wall: 8 min 33 sec cpu: 8 min 29 sec 
mars - INFO   - 20260807.090521 -   Writing to target file: 63.51 Mbyte(s) in 1 sec  [52.64 Mbyte/sec] cpu: 1 sec 
mars - INFO   - 20260807.090521 - Memory used: 143.06 Mbyte(s)
mars - ERROR  - 20260807.090521 - Some errors reported (last error -1)
grib_to_netcdf: Version 2.47.0
grib_to_netcdf: Processing input file 'mars_ml_short_tail_ABL.grb'.
grib_to_netcdf: Found 47450 GRIB fields in 1 file.
grib_to_netcdf: Ignoring key(s): method, type, stream, refdate, hdate
grib_to_netcdf: Creating netCDF file 'j7fk_short_tail_ABL_ml_20220515_0.nc'
grib_to_netcdf: NetCDF library version: 4.10.0 of Apr  9 2026 13:13:33 $
grib_to_netcdf: Creating large (64 bit) file format.
grib_to_netcdf: Defining variable 'crwc'.
grib_to_netcdf: Defining variable 'p82'.
grib_to_netcdf: Defining variable 'p83'.
grib_to_netcdf: Defining variable 'p84'.
grib_to_netcdf: Defining variable 'p85'.
grib_to_netcdf: Defining variable 'p86'.
grib_to_netcdf: Defining variable 'p87'.
grib_to_netcdf: Defining variable 'p88'.
grib_to_netcdf: Defining variable 'p89'.
grib_to_netcdf: Defining variable 'p90'.
grib_to_netcdf: Defining variable 'p91'.
grib_to_netcdf: Defining variable 'p92'.
grib_to_netcdf: Defining variable 'p93'.
grib_to_netcdf: Defining variable 'p94'.
grib_to_netcdf: Defining variable 'p95'.
grib_to_netcdf: Defining variable 'p96'.
grib_to_netcdf: Defining variable 'p97'.
grib_to_netcdf: Defining variable 'p98'.
grib_to_netcdf: Defining variable 'p99'.
grib_to_netcdf: Defining variable 'p100'.
grib_to_netcdf: Defining variable 'p101'.
grib_to_netcdf: Defining variable 'p102'.
grib_to_netcdf: Defining variable 'p103'.
grib_to_netcdf: Defining variable 'p104'.
grib_to_netcdf: Defining variable 'p105'.
grib_to_netcdf: Defining variable 'p106'.
grib_to_netcdf: Defining variable 'p107'.
grib_to_netcdf: Defining variable 'p108'.
grib_to_netcdf: Defining variable 'p109'.
grib_to_netcdf: Defining variable 'p110'.
grib_to_netcdf: Defining variable 'p111'.
grib_to_netcdf: Defining variable 't'.
grib_to_netcdf: Defining variable 'q'.
grib_to_netcdf: Defining variable 'w'.
grib_to_netcdf: Defining variable 'vo'.
grib_to_netcdf: Defining variable 'lnsp'.
grib_to_netcdf: Defining variable 'd'.
grib_to_netcdf: Defining variable 'u'.
grib_to_netcdf: Defining variable 'v'.
grib_to_netcdf: Defining variable 'clwc'.
grib_to_netcdf: Defining variable 'co2'.
grib_to_netcdf: Defining variable 'ch4'.
grib_to_netcdf: Done.
Model level selected
mars - WARN - 
mars - WARN - 
MIR environment variables:
MIR_CACHE_PATH=/lus/h2resw01/cache:{FILE?/ec/cache.1}/cache:{FILE?/ec/cache.2}/cache
MIR_LSM_NAMED=1km.climate.v013
Using MARS binary: /usr/local/apps/mars/versions/6.34.7.1/bin/mars.bin
mars - INFO   - 20260807.090822 - Welcome to MARS
mars - INFO   - 20260807.090822 - MARS_HOME=/usr/local/apps/mars/configs/prod
mars - INFO   - 20260807.090822 - MARS Client build stamp: 20260623091402
mars - INFO   - 20260807.090822 - MARS Client bundle version: 6.34.7.1
mars - INFO   - 20260807.090822 - package mars-client version: 6.34.7
mars - INFO   - 20260807.090822 - package mir version: 1.23.9
mars - INFO   - 20260807.090822 - package odc version: 1.6.3
mars - INFO   - 20260807.090822 - package fdb version: 5.21.4
mars - INFO   - 20260807.090822 - package metkit version: 1.18.3
mars - INFO   - 20260807.090822 - package eckit version: 2.0.8
mars - INFO   - 20260807.090822 - package eccodes version: 2.47.2
# First retrieve profiles
retrieve,
anoffset=9,
class=rd,
date=20220515,
expver=j7fk,
levelist=1/50/51/52/53/54/55/56/57/58/59/60/61/62/63/64/65/66/67/68/69/70/71/72/73/74/75/76/77/78/79/80/81/82/83/84/85/86/87/88/89/90/91/92/93/94/95/96/97/98/99/100/101/102/103/104/105/106/107/108/109/110/111/112/113/114/115/116/117/118/119/120/121/122/123/124/125/126/127/128/129/130/131/132/133/134/135/136/137,
levtype=ml,
param=75/82/83/84/85/86/87/88/89/90/91/92/93/94/95/96/97/98/99/100/101/102/103/104/105/106/107/108/109/110/111/130/131/132/133/135/138/152/155/246/162100/162101/162104/162105/162106/162107/162109/210061/210062/210123/210181/217026,
step=12/13/14/15/16/17/18/19/20/21/22/23/24,
stream=oper,
time=00:00:00,
type=fc,
grid=0.2/0.2,
area=52.5/4.8/51.5/5.8,
interpolation=grid-box-average,
target="mars_ml_short_tail_ABL.grb"

mars - INFO   - 20260807.090822 - Processing request 1

RETRIEVE,
    CLASS      = RD,
    TYPE       = FC,
    STREAM     = OPER,
    EXPVER     = j7fk,
    REPRES     = SH,
    LEVTYPE    = ML,
    LEVELIST   = 1/50/51/52/53/54/55/56/57/58/59/60/61/62/63/64/65/66/67/68/69/70/71/72/73/74/75/76/77/78/79/80/81/82/83/84/85/86/87/88/89/90/91/92/93/94/95/96/97/98/99/100/101/102/103/104/105/106/107/108/109/110/111/112/113/114/115/116/117/118/119/120/121/122/123/124/125/126/127/128/129/130/131/132/133/134/135/136/137,
    PARAM      = 75/82/83/84/85/86/87/88/89/90/91/92/93/94/95/96/97/98/99/100/101/102/103/104/105/106/107/108/109/110/111/130/131/132/133/135/138/152/155/246/162100/162101/162104/162105/162106/162107/162109/210061/210062/210123/210181/217026,
    DATE       = 20220515,
    TIME       = 0000,
    STEP       = 12/13/14/15/16/17/18/19/20/21/22/23/24,
    DOMAIN     = G,
    TARGET     = "mars_ml_short_tail_ABL.grb",
    RESOL      = AUTO,
    INTERPOLATION = GRID-BOX-AVERAGE,
    AREA       = 52.5/4.8/51.5/5.8,
    GRID       = 0.2/0.2

mars - INFO   - 20260807.090822 - Requesting 59020 fields
mars - INFO   - 20260807.090822 - FDB home /home/fdbprod
mars - INFO   - 20260807.090822 - Setting SO_SNDBUF to 33554432 (32.00 M)
mars - INFO   - 20260807.090822 - Current value is 32768 (32.00 K)
mars - INFO   - 20260807.090822 - Setting SO_RCVBUF to 33554432 (32.00 M)
mars - INFO   - 20260807.090822 - Current value is 43690 (42.67 K)
mars - INFO   - 20260807.090822 - Calling mars on 'marsrd-core', local port is 60997
mars - INFO   - 20260807.090822 - Callback at address 10.100.192.131, port 60997
mars - INFO   - 20260807.090822 - Mars client is on ac6-131.bullx (10.100.192.131) 60997
mars - INFO   - 20260807.090822 - Mars server is on 10.112.4.10 33983
mars - INFO   - 20260807.090822 - Server task is 9096 [marsrd]
mars - INFO   - 20260807.090822 - Request cost: 45,136 fields, 1.65931 Gbytes online, 20.3964 Gbytes on 1 tape, nodes: hpss mvr008, libraries: ibmlib03_70 [marsrd]
mars - INFO   - 20260807.090822 - The efficiency of your requests in the last 12 hours is 100% [marsrd]
mars - INFO   - 20260807.090822 - Wind conversion requested by server
mars - INFO   - 20260807.091659 - Transfering 23682155324 bytes
mars - INFO   - 20260807.091700 - ShToGridded: loading Legendre coefficients '/lus/h2resw01/cache/mir/legendre/4/local-T399-GaussianN400-OPT4189816c2e.leg'
mars - INFO   - 20260807.091701 - Deriving U and V from vorticity and divergence
mars - WARN   - 20260807.092823 - Visiting database marsrd : expected 59020, got 47450
mars - INFO   - 20260807.092823 - 47450 fields have been interpolated on 'ac6-131.bullx'
mars - ERROR  - 20260807.092823 - Last error is -43
mars - ERROR  - 20260807.092823 - Expected 59020, got 47450.
mars - ERROR  - 20260807.092823 - Request failed
mars - INFO   - 20260807.092823 - Request time:  wall: 20 min 1 sec  cpu: 11 min 17 sec 
mars - INFO   - 20260807.092823 -   Read from network: 22.06 Gbyte(s) in 19 sec  [1.14 Gbyte/sec] 
mars - INFO   - 20260807.092823 -   Processing in marsrd: wall: 8 min 37 sec 
mars - INFO   - 20260807.092823 -   Visiting marsrd: wall: 20 min 
mars - INFO   - 20260807.092823 -   Post-processing: wall: 8 min 44 sec cpu: 8 min 39 sec 
mars - INFO   - 20260807.092823 -   Writing to target file: 63.97 Mbyte(s) in 1 sec  [56.57 Mbyte/sec] cpu: 1 sec 
mars - INFO   - 20260807.092823 - Memory used: 140.70 Mbyte(s)
mars - ERROR  - 20260807.092823 - Some errors reported (last error -1)
grib_to_netcdf: Version 2.47.0
grib_to_netcdf: Processing input file 'mars_ml_short_tail_ABL.grb'.
grib_to_netcdf: Found 47450 GRIB fields in 1 file.
grib_to_netcdf: Ignoring key(s): method, type, stream, refdate, hdate
grib_to_netcdf: Creating netCDF file 'j7fk_short_tail_ABL_ml_20220515_12.nc'
grib_to_netcdf: NetCDF library version: 4.10.0 of Apr  9 2026 13:13:33 $
grib_to_netcdf: Creating large (64 bit) file format.
grib_to_netcdf: Defining variable 'crwc'.
grib_to_netcdf: Defining variable 'p82'.
grib_to_netcdf: Defining variable 'p83'.
grib_to_netcdf: Defining variable 'p84'.
grib_to_netcdf: Defining variable 'p85'.
grib_to_netcdf: Defining variable 'p86'.
grib_to_netcdf: Defining variable 'p87'.
grib_to_netcdf: Defining variable 'p88'.
grib_to_netcdf: Defining variable 'p89'.
grib_to_netcdf: Defining variable 'p90'.
grib_to_netcdf: Defining variable 'p91'.
grib_to_netcdf: Defining variable 'p92'.
grib_to_netcdf: Defining variable 'p93'.
grib_to_netcdf: Defining variable 'p94'.
grib_to_netcdf: Defining variable 'p95'.
grib_to_netcdf: Defining variable 'p96'.
grib_to_netcdf: Defining variable 'p97'.
grib_to_netcdf: Defining variable 'p98'.
grib_to_netcdf: Defining variable 'p99'.
grib_to_netcdf: Defining variable 'p100'.
grib_to_netcdf: Defining variable 'p101'.
grib_to_netcdf: Defining variable 'p102'.
grib_to_netcdf: Defining variable 'p103'.
grib_to_netcdf: Defining variable 'p104'.
grib_to_netcdf: Defining variable 'p105'.
grib_to_netcdf: Defining variable 'p106'.
grib_to_netcdf: Defining variable 'p107'.
grib_to_netcdf: Defining variable 'p108'.
grib_to_netcdf: Defining variable 'p109'.
grib_to_netcdf: Defining variable 'p110'.
grib_to_netcdf: Defining variable 'p111'.
grib_to_netcdf: Defining variable 't'.
grib_to_netcdf: Defining variable 'q'.
grib_to_netcdf: Defining variable 'w'.
grib_to_netcdf: Defining variable 'vo'.
grib_to_netcdf: Defining variable 'lnsp'.
grib_to_netcdf: Defining variable 'd'.
grib_to_netcdf: Defining variable 'u'.
grib_to_netcdf: Defining variable 'v'.
grib_to_netcdf: Defining variable 'clwc'.
grib_to_netcdf: Defining variable 'co2'.
grib_to_netcdf: Defining variable 'ch4'.
grib_to_netcdf: Done.
Model level selected
mars - WARN - 
mars - WARN - 
MIR environment variables:
MIR_CACHE_PATH=/lus/h2resw01/cache:{FILE?/ec/cache.1}/cache:{FILE?/ec/cache.2}/cache
MIR_LSM_NAMED=1km.climate.v013
Using MARS binary: /usr/local/apps/mars/versions/6.34.7.1/bin/mars.bin
mars - INFO   - 20260807.093213 - Welcome to MARS
mars - INFO   - 20260807.093213 - MARS_HOME=/usr/local/apps/mars/configs/prod
mars - INFO   - 20260807.093213 - MARS Client build stamp: 20260623091402
mars - INFO   - 20260807.093213 - MARS Client bundle version: 6.34.7.1
mars - INFO   - 20260807.093213 - package mars-client version: 6.34.7
mars - INFO   - 20260807.093213 - package mir version: 1.23.9
mars - INFO   - 20260807.093213 - package odc version: 1.6.3
mars - INFO   - 20260807.093213 - package fdb version: 5.21.4
mars - INFO   - 20260807.093213 - package metkit version: 1.18.3
mars - INFO   - 20260807.093213 - package eckit version: 2.0.8
mars - INFO   - 20260807.093213 - package eccodes version: 2.47.2
# First retrieve profiles
retrieve,
anoffset=9,
class=rd,
date=20220516,
expver=j7fk,
levelist=1/50/51/52/53/54/55/56/57/58/59/60/61/62/63/64/65/66/67/68/69/70/71/72/73/74/75/76/77/78/79/80/81/82/83/84/85/86/87/88/89/90/91/92/93/94/95/96/97/98/99/100/101/102/103/104/105/106/107/108/109/110/111/112/113/114/115/116/117/118/119/120/121/122/123/124/125/126/127/128/129/130/131/132/133/134/135/136/137,
levtype=ml,
param=75/82/83/84/85/86/87/88/89/90/91/92/93/94/95/96/97/98/99/100/101/102/103/104/105/106/107/108/109/110/111/130/131/132/133/135/138/152/155/246/162100/162101/162104/162105/162106/162107/162109/210061/210062/210123/210181/217026,
step=0/1/2/3/4/5/6/7/8/9/10/11/12,
stream=oper,
time=00:00:00,
type=fc,
grid=0.2/0.2,
area=52.5/4.8/51.5/5.8,
interpolation=grid-box-average,
target="mars_ml_short_tail_ABL.grb"

mars - INFO   - 20260807.093213 - Processing request 1

RETRIEVE,
    CLASS      = RD,
    TYPE       = FC,
    STREAM     = OPER,
    EXPVER     = j7fk,
    REPRES     = SH,
    LEVTYPE    = ML,
    LEVELIST   = 1/50/51/52/53/54/55/56/57/58/59/60/61/62/63/64/65/66/67/68/69/70/71/72/73/74/75/76/77/78/79/80/81/82/83/84/85/86/87/88/89/90/91/92/93/94/95/96/97/98/99/100/101/102/103/104/105/106/107/108/109/110/111/112/113/114/115/116/117/118/119/120/121/122/123/124/125/126/127/128/129/130/131/132/133/134/135/136/137,
    PARAM      = 75/82/83/84/85/86/87/88/89/90/91/92/93/94/95/96/97/98/99/100/101/102/103/104/105/106/107/108/109/110/111/130/131/132/133/135/138/152/155/246/162100/162101/162104/162105/162106/162107/162109/210061/210062/210123/210181/217026,
    DATE       = 20220516,
    TIME       = 0000,
    STEP       = 0/1/2/3/4/5/6/7/8/9/10/11/12,
    DOMAIN     = G,
    TARGET     = "mars_ml_short_tail_ABL.grb",
    RESOL      = AUTO,
    INTERPOLATION = GRID-BOX-AVERAGE,
    AREA       = 52.5/4.8/51.5/5.8,
    GRID       = 0.2/0.2

mars - INFO   - 20260807.093213 - Requesting 59020 fields
mars - INFO   - 20260807.093213 - FDB home /home/fdbprod
mars - INFO   - 20260807.093214 - Setting SO_SNDBUF to 33554432 (32.00 M)
mars - INFO   - 20260807.093214 - Current value is 32768 (32.00 K)
mars - INFO   - 20260807.093214 - Setting SO_RCVBUF to 33554432 (32.00 M)
mars - INFO   - 20260807.093214 - Current value is 43690 (42.67 K)
mars - INFO   - 20260807.093214 - Calling mars on 'marsrd-core', local port is 46699
mars - INFO   - 20260807.093214 - Callback at address 10.100.192.131, port 46699
mars - INFO   - 20260807.093214 - Mars client is on ac6-131.bullx (10.100.192.131) 46699
mars - INFO   - 20260807.093214 - Mars server is on 10.112.4.10 56395
mars - INFO   - 20260807.093214 - Server task is 448 [marsrd]
mars - INFO   - 20260807.093214 - Request cost: 45,136 fields, 20.0779 Gbytes on 1 tape, nodes: hpss, libraries: ibmlib03_70 [marsrd]
mars - INFO   - 20260807.093214 - The efficiency of your requests in the last 12 hours is 100% [marsrd]
mars - INFO   - 20260807.093214 - Wind conversion requested by server
mars - INFO   - 20260807.093603 - Transfering 21558473355 bytes
mars - INFO   - 20260807.093604 - ShToGridded: loading Legendre coefficients '/lus/h2resw01/cache/mir/legendre/4/local-T399-GaussianN400-OPT4189816c2e.leg'
mars - INFO   - 20260807.093605 - Deriving U and V from vorticity and divergence
mars - WARN   - 20260807.094714 - Visiting database marsrd : expected 59020, got 47450
mars - INFO   - 20260807.094714 - 47450 fields have been interpolated on 'ac6-131.bullx'
mars - ERROR  - 20260807.094714 - Last error is -43
mars - ERROR  - 20260807.094714 - Expected 59020, got 47450.
mars - ERROR  - 20260807.094714 - Request failed
mars - INFO   - 20260807.094714 - Request time:  wall: 15 min  cpu: 11 min 4 sec 
mars - INFO   - 20260807.094714 -   Read from network: 20.08 Gbyte(s) in 18 sec  [1.14 Gbyte/sec] 
mars - INFO   - 20260807.094714 -   Processing in marsrd: wall: 3 min 49 sec 
mars - INFO   - 20260807.094714 -   Visiting marsrd: wall: 15 min 
mars - INFO   - 20260807.094714 -   Post-processing: wall: 8 min 29 sec cpu: 8 min 24 sec 
mars - INFO   - 20260807.094714 -   Writing to target file: 63.95 Mbyte(s) in 1 sec  [55.66 Mbyte/sec] cpu: 1 sec 
mars - INFO   - 20260807.094714 - Memory used: 139.64 Mbyte(s)
mars - ERROR  - 20260807.094714 - Some errors reported (last error -1)
grib_to_netcdf: Version 2.47.0
grib_to_netcdf: Processing input file 'mars_ml_short_tail_ABL.grb'.
grib_to_netcdf: Found 47450 GRIB fields in 1 file.
grib_to_netcdf: Ignoring key(s): method, type, stream, refdate, hdate
grib_to_netcdf: Creating netCDF file 'j7fk_short_tail_ABL_ml_20220516_0.nc'
grib_to_netcdf: NetCDF library version: 4.10.0 of Apr  9 2026 13:13:33 $
grib_to_netcdf: Creating large (64 bit) file format.
grib_to_netcdf: Defining variable 'crwc'.
grib_to_netcdf: Defining variable 'p82'.
grib_to_netcdf: Defining variable 'p83'.
grib_to_netcdf: Defining variable 'p84'.
grib_to_netcdf: Defining variable 'p85'.
grib_to_netcdf: Defining variable 'p86'.
grib_to_netcdf: Defining variable 'p87'.
grib_to_netcdf: Defining variable 'p88'.
grib_to_netcdf: Defining variable 'p89'.
grib_to_netcdf: Defining variable 'p90'.
grib_to_netcdf: Defining variable 'p91'.
grib_to_netcdf: Defining variable 'p92'.
grib_to_netcdf: Defining variable 'p93'.
grib_to_netcdf: Defining variable 'p94'.
grib_to_netcdf: Defining variable 'p95'.
grib_to_netcdf: Defining variable 'p96'.
grib_to_netcdf: Defining variable 'p97'.
grib_to_netcdf: Defining variable 'p98'.
grib_to_netcdf: Defining variable 'p99'.
grib_to_netcdf: Defining variable 'p100'.
grib_to_netcdf: Defining variable 'p101'.
grib_to_netcdf: Defining variable 'p102'.
grib_to_netcdf: Defining variable 'p103'.
grib_to_netcdf: Defining variable 'p104'.
grib_to_netcdf: Defining variable 'p105'.
grib_to_netcdf: Defining variable 'p106'.
grib_to_netcdf: Defining variable 'p107'.
grib_to_netcdf: Defining variable 'p108'.
grib_to_netcdf: Defining variable 'p109'.
grib_to_netcdf: Defining variable 'p110'.
grib_to_netcdf: Defining variable 'p111'.
grib_to_netcdf: Defining variable 't'.
grib_to_netcdf: Defining variable 'q'.
grib_to_netcdf: Defining variable 'w'.
grib_to_netcdf: Defining variable 'vo'.
grib_to_netcdf: Defining variable 'lnsp'.
grib_to_netcdf: Defining variable 'd'.
grib_to_netcdf: Defining variable 'u'.
grib_to_netcdf: Defining variable 'v'.
grib_to_netcdf: Defining variable 'clwc'.
grib_to_netcdf: Defining variable 'co2'.
grib_to_netcdf: Defining variable 'ch4'.
grib_to_netcdf: Done.
Model level selected
mars - WARN - 
mars - WARN - 
MIR environment variables:
MIR_CACHE_PATH=/lus/h2resw01/cache:{FILE?/ec/cache.1}/cache:{FILE?/ec/cache.2}/cache
MIR_LSM_NAMED=1km.climate.v013
Using MARS binary: /usr/local/apps/mars/versions/6.34.7.1/bin/mars.bin
mars - INFO   - 20260807.094956 - Welcome to MARS
mars - INFO   - 20260807.094956 - MARS_HOME=/usr/local/apps/mars/configs/prod
mars - INFO   - 20260807.094956 - MARS Client build stamp: 20260623091402
mars - INFO   - 20260807.094956 - MARS Client bundle version: 6.34.7.1
mars - INFO   - 20260807.094956 - package mars-client version: 6.34.7
mars - INFO   - 20260807.094956 - package mir version: 1.23.9
mars - INFO   - 20260807.094956 - package odc version: 1.6.3
mars - INFO   - 20260807.094956 - package fdb version: 5.21.4
mars - INFO   - 20260807.094956 - package metkit version: 1.18.3
mars - INFO   - 20260807.094956 - package eckit version: 2.0.8
mars - INFO   - 20260807.094956 - package eccodes version: 2.47.2
# First retrieve profiles
retrieve,
anoffset=9,
class=rd,
date=20220516,
expver=j7fk,
levelist=1/50/51/52/53/54/55/56/57/58/59/60/61/62/63/64/65/66/67/68/69/70/71/72/73/74/75/76/77/78/79/80/81/82/83/84/85/86/87/88/89/90/91/92/93/94/95/96/97/98/99/100/101/102/103/104/105/106/107/108/109/110/111/112/113/114/115/116/117/118/119/120/121/122/123/124/125/126/127/128/129/130/131/132/133/134/135/136/137,
levtype=ml,
param=75/82/83/84/85/86/87/88/89/90/91/92/93/94/95/96/97/98/99/100/101/102/103/104/105/106/107/108/109/110/111/130/131/132/133/135/138/152/155/246/162100/162101/162104/162105/162106/162107/162109/210061/210062/210123/210181/217026,
step=12/13/14/15/16/17/18/19/20/21/22/23/24,
stream=oper,
time=00:00:00,
type=fc,
grid=0.2/0.2,
area=52.5/4.8/51.5/5.8,
interpolation=grid-box-average,
target="mars_ml_short_tail_ABL.grb"

mars - INFO   - 20260807.094956 - Processing request 1

RETRIEVE,
    CLASS      = RD,
    TYPE       = FC,
    STREAM     = OPER,
    EXPVER     = j7fk,
    REPRES     = SH,
    LEVTYPE    = ML,
    LEVELIST   = 1/50/51/52/53/54/55/56/57/58/59/60/61/62/63/64/65/66/67/68/69/70/71/72/73/74/75/76/77/78/79/80/81/82/83/84/85/86/87/88/89/90/91/92/93/94/95/96/97/98/99/100/101/102/103/104/105/106/107/108/109/110/111/112/113/114/115/116/117/118/119/120/121/122/123/124/125/126/127/128/129/130/131/132/133/134/135/136/137,
    PARAM      = 75/82/83/84/85/86/87/88/89/90/91/92/93/94/95/96/97/98/99/100/101/102/103/104/105/106/107/108/109/110/111/130/131/132/133/135/138/152/155/246/162100/162101/162104/162105/162106/162107/162109/210061/210062/210123/210181/217026,
    DATE       = 20220516,
    TIME       = 0000,
    STEP       = 12/13/14/15/16/17/18/19/20/21/22/23/24,
    DOMAIN     = G,
    TARGET     = "mars_ml_short_tail_ABL.grb",
    RESOL      = AUTO,
    INTERPOLATION = GRID-BOX-AVERAGE,
    AREA       = 52.5/4.8/51.5/5.8,
    GRID       = 0.2/0.2

mars - INFO   - 20260807.094957 - Requesting 59020 fields
mars - INFO   - 20260807.094957 - FDB home /home/fdbprod
mars - INFO   - 20260807.094957 - Setting SO_SNDBUF to 33554432 (32.00 M)
mars - INFO   - 20260807.094957 - Current value is 32768 (32.00 K)
mars - INFO   - 20260807.094957 - Setting SO_RCVBUF to 33554432 (32.00 M)
mars - INFO   - 20260807.094957 - Current value is 43690 (42.67 K)
mars - INFO   - 20260807.094957 - Calling mars on 'marsrd-core', local port is 52593
mars - INFO   - 20260807.094957 - Callback at address 10.100.192.131, port 52593
mars - INFO   - 20260807.094959 - Mars client is on ac6-131.bullx (10.100.192.131) 52593
mars - INFO   - 20260807.094959 - Mars server is on 10.112.4.10 47461
mars - INFO   - 20260807.094959 - Server task is 7321 [marsrd]
mars - INFO   - 20260807.094959 - Request cost: 45,136 fields, 1.67024 Gbytes online, 20.497 Gbytes on 1 tape, nodes: hpss mvr004, libraries: ibmlib03_70 [marsrd]
mars - INFO   - 20260807.094959 - The efficiency of your requests in the last 12 hours is 100% [marsrd]
mars - INFO   - 20260807.095004 - Wind conversion requested by server
mars - INFO   - 20260807.095431 - Transfering 23801900787 bytes
mars - INFO   - 20260807.095432 - ShToGridded: loading Legendre coefficients '/lus/h2resw01/cache/mir/legendre/4/local-T399-GaussianN400-OPT4189816c2e.leg'
mars - INFO   - 20260807.095433 - Deriving U and V from vorticity and divergence
mars - WARN   - 20260807.100545 - Visiting database marsrd : expected 59020, got 47450
mars - INFO   - 20260807.100545 - 47450 fields have been interpolated on 'ac6-131.bullx'
mars - ERROR  - 20260807.100545 - Last error is -43
mars - ERROR  - 20260807.100545 - Expected 59020, got 47450.
mars - ERROR  - 20260807.100545 - Request failed
mars - INFO   - 20260807.100545 - Request time:  wall: 15 min 49 sec  cpu: 11 min 10 sec 
mars - INFO   - 20260807.100545 -   Read from network: 22.17 Gbyte(s) in 19 sec  [1.16 Gbyte/sec] 
mars - INFO   - 20260807.100545 -   Processing in marsrd: wall: 4 min 33 sec 
mars - INFO   - 20260807.100545 -   Visiting marsrd: wall: 15 min 48 sec 
mars - INFO   - 20260807.100545 -   Post-processing: wall: 8 min 36 sec cpu: 8 min 33 sec 
mars - INFO   - 20260807.100545 -   Writing to target file: 64.44 Mbyte(s) in 1 sec  [55.16 Mbyte/sec] cpu: 1 sec 
mars - INFO   - 20260807.100545 - Memory used: 139.88 Mbyte(s)
mars - ERROR  - 20260807.100545 - Some errors reported (last error -1)
grib_to_netcdf: Version 2.47.0
grib_to_netcdf: Processing input file 'mars_ml_short_tail_ABL.grb'.
grib_to_netcdf: Found 47450 GRIB fields in 1 file.
grib_to_netcdf: Ignoring key(s): method, type, stream, refdate, hdate
grib_to_netcdf: Creating netCDF file 'j7fk_short_tail_ABL_ml_20220516_12.nc'
grib_to_netcdf: NetCDF library version: 4.10.0 of Apr  9 2026 13:13:33 $
grib_to_netcdf: Creating large (64 bit) file format.
grib_to_netcdf: Defining variable 'crwc'.
grib_to_netcdf: Defining variable 'p82'.
grib_to_netcdf: Defining variable 'p83'.
grib_to_netcdf: Defining variable 'p84'.
grib_to_netcdf: Defining variable 'p85'.
grib_to_netcdf: Defining variable 'p86'.
grib_to_netcdf: Defining variable 'p87'.
grib_to_netcdf: Defining variable 'p88'.
grib_to_netcdf: Defining variable 'p89'.
grib_to_netcdf: Defining variable 'p90'.
grib_to_netcdf: Defining variable 'p91'.
grib_to_netcdf: Defining variable 'p92'.
grib_to_netcdf: Defining variable 'p93'.
grib_to_netcdf: Defining variable 'p94'.
grib_to_netcdf: Defining variable 'p95'.
grib_to_netcdf: Defining variable 'p96'.
grib_to_netcdf: Defining variable 'p97'.
grib_to_netcdf: Defining variable 'p98'.
grib_to_netcdf: Defining variable 'p99'.
grib_to_netcdf: Defining variable 'p100'.
grib_to_netcdf: Defining variable 'p101'.
grib_to_netcdf: Defining variable 'p102'.
grib_to_netcdf: Defining variable 'p103'.
grib_to_netcdf: Defining variable 'p104'.
grib_to_netcdf: Defining variable 'p105'.
grib_to_netcdf: Defining variable 'p106'.
grib_to_netcdf: Defining variable 'p107'.
grib_to_netcdf: Defining variable 'p108'.
grib_to_netcdf: Defining variable 'p109'.
grib_to_netcdf: Defining variable 'p110'.
grib_to_netcdf: Defining variable 'p111'.
grib_to_netcdf: Defining variable 't'.
grib_to_netcdf: Defining variable 'q'.
grib_to_netcdf: Defining variable 'w'.
grib_to_netcdf: Defining variable 'vo'.
grib_to_netcdf: Defining variable 'lnsp'.
grib_to_netcdf: Defining variable 'd'.
grib_to_netcdf: Defining variable 'u'.
grib_to_netcdf: Defining variable 'v'.
grib_to_netcdf: Defining variable 'clwc'.
grib_to_netcdf: Defining variable 'co2'.
grib_to_netcdf: Defining variable 'ch4'.
grib_to_netcdf: Done.
Model level selected
mars - WARN - 
mars - WARN - 
MIR environment variables:
MIR_CACHE_PATH=/lus/h2resw01/cache:{FILE?/ec/cache.1}/cache:{FILE?/ec/cache.2}/cache
MIR_LSM_NAMED=1km.climate.v013
Using MARS binary: /usr/local/apps/mars/versions/6.34.7.1/bin/mars.bin
mars - INFO   - 20260807.100836 - Welcome to MARS
mars - INFO   - 20260807.100836 - MARS_HOME=/usr/local/apps/mars/configs/prod
mars - INFO   - 20260807.100836 - MARS Client build stamp: 20260623091402
mars - INFO   - 20260807.100836 - MARS Client bundle version: 6.34.7.1
mars - INFO   - 20260807.100836 - package mars-client version: 6.34.7
mars - INFO   - 20260807.100836 - package mir version: 1.23.9
mars - INFO   - 20260807.100836 - package odc version: 1.6.3
mars - INFO   - 20260807.100836 - package fdb version: 5.21.4
mars - INFO   - 20260807.100836 - package metkit version: 1.18.3
mars - INFO   - 20260807.100836 - package eckit version: 2.0.8
mars - INFO   - 20260807.100836 - package eccodes version: 2.47.2
# First retrieve profiles
retrieve,
anoffset=9,
class=rd,
date=20220517,
expver=j7fk,
levelist=1/50/51/52/53/54/55/56/57/58/59/60/61/62/63/64/65/66/67/68/69/70/71/72/73/74/75/76/77/78/79/80/81/82/83/84/85/86/87/88/89/90/91/92/93/94/95/96/97/98/99/100/101/102/103/104/105/106/107/108/109/110/111/112/113/114/115/116/117/118/119/120/121/122/123/124/125/126/127/128/129/130/131/132/133/134/135/136/137,
levtype=ml,
param=75/82/83/84/85/86/87/88/89/90/91/92/93/94/95/96/97/98/99/100/101/102/103/104/105/106/107/108/109/110/111/130/131/132/133/135/138/152/155/246/162100/162101/162104/162105/162106/162107/162109/210061/210062/210123/210181/217026,
step=0/1/2/3/4/5/6/7/8/9/10/11/12,
stream=oper,
time=00:00:00,
type=fc,
grid=0.2/0.2,
area=52.5/4.8/51.5/5.8,
interpolation=grid-box-average,
target="mars_ml_short_tail_ABL.grb"

mars - INFO   - 20260807.100836 - Processing request 1

RETRIEVE,
    CLASS      = RD,
    TYPE       = FC,
    STREAM     = OPER,
    EXPVER     = j7fk,
    REPRES     = SH,
    LEVTYPE    = ML,
    LEVELIST   = 1/50/51/52/53/54/55/56/57/58/59/60/61/62/63/64/65/66/67/68/69/70/71/72/73/74/75/76/77/78/79/80/81/82/83/84/85/86/87/88/89/90/91/92/93/94/95/96/97/98/99/100/101/102/103/104/105/106/107/108/109/110/111/112/113/114/115/116/117/118/119/120/121/122/123/124/125/126/127/128/129/130/131/132/133/134/135/136/137,
    PARAM      = 75/82/83/84/85/86/87/88/89/90/91/92/93/94/95/96/97/98/99/100/101/102/103/104/105/106/107/108/109/110/111/130/131/132/133/135/138/152/155/246/162100/162101/162104/162105/162106/162107/162109/210061/210062/210123/210181/217026,
    DATE       = 20220517,
    TIME       = 0000,
    STEP       = 0/1/2/3/4/5/6/7/8/9/10/11/12,
    DOMAIN     = G,
    TARGET     = "mars_ml_short_tail_ABL.grb",
    RESOL      = AUTO,
    INTERPOLATION = GRID-BOX-AVERAGE,
    AREA       = 52.5/4.8/51.5/5.8,
    GRID       = 0.2/0.2

mars - INFO   - 20260807.100836 - Requesting 59020 fields
mars - INFO   - 20260807.100836 - FDB home /home/fdbprod
mars - INFO   - 20260807.100837 - Setting SO_SNDBUF to 33554432 (32.00 M)
mars - INFO   - 20260807.100837 - Current value is 32768 (32.00 K)
mars - INFO   - 20260807.100837 - Setting SO_RCVBUF to 33554432 (32.00 M)
mars - INFO   - 20260807.100837 - Current value is 43690 (42.67 K)
mars - INFO   - 20260807.100837 - Calling mars on 'marsrd-core', local port is 33081
mars - INFO   - 20260807.100837 - Callback at address 10.100.192.131, port 33081
mars - INFO   - 20260807.100837 - Mars client is on ac6-131.bullx (10.100.192.131) 33081
mars - INFO   - 20260807.100837 - Mars server is on 10.112.4.10 42135
mars - INFO   - 20260807.100837 - Server task is 3712 [marsrd]
mars - INFO   - 20260807.100837 - Request cost: 45,136 fields, 20.0267 Gbytes on 1 tape, nodes: hpss, libraries: ibmlib03_70 [marsrd]
mars - INFO   - 20260807.100837 - The efficiency of your requests in the last 12 hours is 52% [marsrd]
mars - INFO   - 20260807.100837 - Wind conversion requested by server
mars - INFO   - 20260807.101251 - Transfering 21503473208 bytes
mars - INFO   - 20260807.101252 - ShToGridded: loading Legendre coefficients '/lus/h2resw01/cache/mir/legendre/4/local-T399-GaussianN400-OPT4189816c2e.leg'
mars - INFO   - 20260807.101252 - Deriving U and V from vorticity and divergence
mars - WARN   - 20260807.102401 - Visiting database marsrd : expected 59020, got 47450
mars - INFO   - 20260807.102401 - 47450 fields have been interpolated on 'ac6-131.bullx'
mars - ERROR  - 20260807.102401 - Last error is -43
mars - ERROR  - 20260807.102401 - Expected 59020, got 47450.
mars - ERROR  - 20260807.102401 - Request failed
mars - INFO   - 20260807.102401 - Request time:  wall: 15 min 25 sec  cpu: 11 min 2 sec 
mars - INFO   - 20260807.102401 -   Read from network: 20.03 Gbyte(s) in 18 sec  [1.12 Gbyte/sec] 
mars - INFO   - 20260807.102401 -   Processing in marsrd: wall: 4 min 14 sec 
mars - INFO   - 20260807.102401 -   Visiting marsrd: wall: 15 min 25 sec 
mars - INFO   - 20260807.102401 -   Post-processing: wall: 8 min 30 sec cpu: 8 min 23 sec 
mars - INFO   - 20260807.102401 -   Writing to target file: 63.84 Mbyte(s) in 1 sec  [57.27 Mbyte/sec] cpu: 1 sec 
mars - INFO   - 20260807.102401 - Memory used: 143.07 Mbyte(s)
mars - ERROR  - 20260807.102401 - Some errors reported (last error -1)
grib_to_netcdf: Version 2.47.0
grib_to_netcdf: Processing input file 'mars_ml_short_tail_ABL.grb'.
grib_to_netcdf: Found 47450 GRIB fields in 1 file.
grib_to_netcdf: Ignoring key(s): method, type, stream, refdate, hdate
grib_to_netcdf: Creating netCDF file 'j7fk_short_tail_ABL_ml_20220517_0.nc'
grib_to_netcdf: NetCDF library version: 4.10.0 of Apr  9 2026 13:13:33 $
grib_to_netcdf: Creating large (64 bit) file format.
grib_to_netcdf: Defining variable 'crwc'.
grib_to_netcdf: Defining variable 'p82'.
grib_to_netcdf: Defining variable 'p83'.
grib_to_netcdf: Defining variable 'p84'.
grib_to_netcdf: Defining variable 'p85'.
grib_to_netcdf: Defining variable 'p86'.
grib_to_netcdf: Defining variable 'p87'.
grib_to_netcdf: Defining variable 'p88'.
grib_to_netcdf: Defining variable 'p89'.
grib_to_netcdf: Defining variable 'p90'.
grib_to_netcdf: Defining variable 'p91'.
grib_to_netcdf: Defining variable 'p92'.
grib_to_netcdf: Defining variable 'p93'.
grib_to_netcdf: Defining variable 'p94'.
grib_to_netcdf: Defining variable 'p95'.
grib_to_netcdf: Defining variable 'p96'.
grib_to_netcdf: Defining variable 'p97'.
grib_to_netcdf: Defining variable 'p98'.
grib_to_netcdf: Defining variable 'p99'.
grib_to_netcdf: Defining variable 'p100'.
grib_to_netcdf: Defining variable 'p101'.
grib_to_netcdf: Defining variable 'p102'.
grib_to_netcdf: Defining variable 'p103'.
grib_to_netcdf: Defining variable 'p104'.
grib_to_netcdf: Defining variable 'p105'.
grib_to_netcdf: Defining variable 'p106'.
grib_to_netcdf: Defining variable 'p107'.
grib_to_netcdf: Defining variable 'p108'.
grib_to_netcdf: Defining variable 'p109'.
grib_to_netcdf: Defining variable 'p110'.
grib_to_netcdf: Defining variable 'p111'.
grib_to_netcdf: Defining variable 't'.
grib_to_netcdf: Defining variable 'q'.
grib_to_netcdf: Defining variable 'w'.
grib_to_netcdf: Defining variable 'vo'.
grib_to_netcdf: Defining variable 'lnsp'.
grib_to_netcdf: Defining variable 'd'.
grib_to_netcdf: Defining variable 'u'.
grib_to_netcdf: Defining variable 'v'.
grib_to_netcdf: Defining variable 'clwc'.
grib_to_netcdf: Defining variable 'co2'.
grib_to_netcdf: Defining variable 'ch4'.
grib_to_netcdf: Done.
Model level selected
mars - WARN - 
mars - WARN - 
MIR environment variables:
MIR_CACHE_PATH=/lus/h2resw01/cache:{FILE?/ec/cache.1}/cache:{FILE?/ec/cache.2}/cache
MIR_LSM_NAMED=1km.climate.v013
Using MARS binary: /usr/local/apps/mars/versions/6.34.7.1/bin/mars.bin
mars - INFO   - 20260807.102703 - Welcome to MARS
mars - INFO   - 20260807.102703 - MARS_HOME=/usr/local/apps/mars/configs/prod
mars - INFO   - 20260807.102703 - MARS Client build stamp: 20260623091402
mars - INFO   - 20260807.102703 - MARS Client bundle version: 6.34.7.1
mars - INFO   - 20260807.102703 - package mars-client version: 6.34.7
mars - INFO   - 20260807.102703 - package mir version: 1.23.9
mars - INFO   - 20260807.102703 - package odc version: 1.6.3
mars - INFO   - 20260807.102703 - package fdb version: 5.21.4
mars - INFO   - 20260807.102703 - package metkit version: 1.18.3
mars - INFO   - 20260807.102703 - package eckit version: 2.0.8
mars - INFO   - 20260807.102703 - package eccodes version: 2.47.2
# First retrieve profiles
retrieve,
anoffset=9,
class=rd,
date=20220517,
expver=j7fk,
levelist=1/50/51/52/53/54/55/56/57/58/59/60/61/62/63/64/65/66/67/68/69/70/71/72/73/74/75/76/77/78/79/80/81/82/83/84/85/86/87/88/89/90/91/92/93/94/95/96/97/98/99/100/101/102/103/104/105/106/107/108/109/110/111/112/113/114/115/116/117/118/119/120/121/122/123/124/125/126/127/128/129/130/131/132/133/134/135/136/137,
levtype=ml,
param=75/82/83/84/85/86/87/88/89/90/91/92/93/94/95/96/97/98/99/100/101/102/103/104/105/106/107/108/109/110/111/130/131/132/133/135/138/152/155/246/162100/162101/162104/162105/162106/162107/162109/210061/210062/210123/210181/217026,
step=12/13/14/15/16/17/18/19/20/21/22/23/24,
stream=oper,
time=00:00:00,
type=fc,
grid=0.2/0.2,
area=52.5/4.8/51.5/5.8,
interpolation=grid-box-average,
target="mars_ml_short_tail_ABL.grb"

mars - INFO   - 20260807.102703 - Processing request 1

RETRIEVE,
    CLASS      = RD,
    TYPE       = FC,
    STREAM     = OPER,
    EXPVER     = j7fk,
    REPRES     = SH,
    LEVTYPE    = ML,
    LEVELIST   = 1/50/51/52/53/54/55/56/57/58/59/60/61/62/63/64/65/66/67/68/69/70/71/72/73/74/75/76/77/78/79/80/81/82/83/84/85/86/87/88/89/90/91/92/93/94/95/96/97/98/99/100/101/102/103/104/105/106/107/108/109/110/111/112/113/114/115/116/117/118/119/120/121/122/123/124/125/126/127/128/129/130/131/132/133/134/135/136/137,
    PARAM      = 75/82/83/84/85/86/87/88/89/90/91/92/93/94/95/96/97/98/99/100/101/102/103/104/105/106/107/108/109/110/111/130/131/132/133/135/138/152/155/246/162100/162101/162104/162105/162106/162107/162109/210061/210062/210123/210181/217026,
    DATE       = 20220517,
    TIME       = 0000,
    STEP       = 12/13/14/15/16/17/18/19/20/21/22/23/24,
    DOMAIN     = G,
    TARGET     = "mars_ml_short_tail_ABL.grb",
    RESOL      = AUTO,
    INTERPOLATION = GRID-BOX-AVERAGE,
    AREA       = 52.5/4.8/51.5/5.8,
    GRID       = 0.2/0.2

mars - INFO   - 20260807.102703 - Requesting 59020 fields
mars - INFO   - 20260807.102703 - FDB home /home/fdbprod
mars - INFO   - 20260807.102704 - Setting SO_SNDBUF to 33554432 (32.00 M)
mars - INFO   - 20260807.102704 - Current value is 32768 (32.00 K)
mars - INFO   - 20260807.102704 - Setting SO_RCVBUF to 33554432 (32.00 M)
mars - INFO   - 20260807.102704 - Current value is 43690 (42.67 K)
mars - INFO   - 20260807.102704 - Calling mars on 'marsrd-core', local port is 59585
mars - INFO   - 20260807.102704 - Callback at address 10.100.192.131, port 59585
mars - INFO   - 20260807.102704 - Mars client is on ac6-131.bullx (10.100.192.131) 59585
mars - INFO   - 20260807.102704 - Mars server is on 10.112.4.10 56973
mars - INFO   - 20260807.102704 - Server task is 998 [marsrd]
mars - INFO   - 20260807.102704 - Request cost: 45,136 fields, 1.6551 Gbytes online, 20.1866 Gbytes on 1 tape, nodes: hpss mvr010, libraries: ibmlib03_70 [marsrd]
mars - INFO   - 20260807.102704 - The efficiency of your requests in the last 12 hours is 52% [marsrd]
mars - INFO   - 20260807.102704 - Wind conversion requested by server
mars - INFO   - 20260807.103747 - Transfering 23452295371 bytes
mars - INFO   - 20260807.103748 - ShToGridded: loading Legendre coefficients '/lus/h2resw01/cache/mir/legendre/4/local-T399-GaussianN400-OPT4189816c2e.leg'
mars - INFO   - 20260807.103749 - Deriving U and V from vorticity and divergence
mars - WARN   - 20260807.104953 - Visiting database marsrd : expected 59020, got 47450
mars - INFO   - 20260807.104953 - 47450 fields have been interpolated on 'ac6-131.bullx'
mars - ERROR  - 20260807.104953 - Last error is -43
mars - ERROR  - 20260807.104953 - Expected 59020, got 47450.
mars - ERROR  - 20260807.104953 - Request failed
mars - INFO   - 20260807.104953 - Request time:  wall: 22 min 50 sec  cpu: 11 min 59 sec 
mars - INFO   - 20260807.104953 -   Read from network: 21.84 Gbyte(s) in 22 sec  [1.01 Gbyte/sec] 
mars - INFO   - 20260807.104953 -   Processing in marsrd: wall: 10 min 44 sec 
mars - INFO   - 20260807.104953 -   Visiting marsrd: wall: 22 min 49 sec 
mars - INFO   - 20260807.104953 -   Post-processing: wall: 9 min 5 sec cpu: 9 min 
mars - INFO   - 20260807.104953 -   Writing to target file: 64.24 Mbyte(s) in 1 sec  [49.85 Mbyte/sec] cpu: 1 sec 
mars - INFO   - 20260807.104953 - Memory used: 138.05 Mbyte(s)
mars - ERROR  - 20260807.104953 - Some errors reported (last error -1)
grib_to_netcdf: Version 2.47.0
grib_to_netcdf: Processing input file 'mars_ml_short_tail_ABL.grb'.
grib_to_netcdf: Found 47450 GRIB fields in 1 file.
grib_to_netcdf: Ignoring key(s): method, type, stream, refdate, hdate
grib_to_netcdf: Creating netCDF file 'j7fk_short_tail_ABL_ml_20220517_12.nc'
grib_to_netcdf: NetCDF library version: 4.10.0 of Apr  9 2026 13:13:33 $
grib_to_netcdf: Creating large (64 bit) file format.
grib_to_netcdf: Defining variable 'crwc'.
grib_to_netcdf: Defining variable 'p82'.
grib_to_netcdf: Defining variable 'p83'.
grib_to_netcdf: Defining variable 'p84'.
grib_to_netcdf: Defining variable 'p85'.
grib_to_netcdf: Defining variable 'p86'.
grib_to_netcdf: Defining variable 'p87'.
grib_to_netcdf: Defining variable 'p88'.
grib_to_netcdf: Defining variable 'p89'.
grib_to_netcdf: Defining variable 'p90'.
grib_to_netcdf: Defining variable 'p91'.
grib_to_netcdf: Defining variable 'p92'.
grib_to_netcdf: Defining variable 'p93'.
grib_to_netcdf: Defining variable 'p94'.
grib_to_netcdf: Defining variable 'p95'.
grib_to_netcdf: Defining variable 'p96'.
grib_to_netcdf: Defining variable 'p97'.
grib_to_netcdf: Defining variable 'p98'.
grib_to_netcdf: Defining variable 'p99'.
grib_to_netcdf: Defining variable 'p100'.
grib_to_netcdf: Defining variable 'p101'.
grib_to_netcdf: Defining variable 'p102'.
grib_to_netcdf: Defining variable 'p103'.
grib_to_netcdf: Defining variable 'p104'.
grib_to_netcdf: Defining variable 'p105'.
grib_to_netcdf: Defining variable 'p106'.
grib_to_netcdf: Defining variable 'p107'.
grib_to_netcdf: Defining variable 'p108'.
grib_to_netcdf: Defining variable 'p109'.
grib_to_netcdf: Defining variable 'p110'.
grib_to_netcdf: Defining variable 'p111'.
grib_to_netcdf: Defining variable 't'.
grib_to_netcdf: Defining variable 'q'.
grib_to_netcdf: Defining variable 'w'.
grib_to_netcdf: Defining variable 'vo'.
grib_to_netcdf: Defining variable 'lnsp'.
grib_to_netcdf: Defining variable 'd'.
grib_to_netcdf: Defining variable 'u'.
grib_to_netcdf: Defining variable 'v'.
grib_to_netcdf: Defining variable 'clwc'.
grib_to_netcdf: Defining variable 'co2'.
grib_to_netcdf: Defining variable 'ch4'.
grib_to_netcdf: Done.
Model level selected
mars - WARN - 
mars - WARN - 
MIR environment variables:
MIR_CACHE_PATH=/lus/h2resw01/cache:{FILE?/ec/cache.1}/cache:{FILE?/ec/cache.2}/cache
MIR_LSM_NAMED=1km.climate.v013
Using MARS binary: /usr/local/apps/mars/versions/6.34.7.1/bin/mars.bin
mars - INFO   - 20260807.105236 - Welcome to MARS
mars - INFO   - 20260807.105236 - MARS_HOME=/usr/local/apps/mars/configs/prod
mars - INFO   - 20260807.105236 - MARS Client build stamp: 20260623091402
mars - INFO   - 20260807.105236 - MARS Client bundle version: 6.34.7.1
mars - INFO   - 20260807.105236 - package mars-client version: 6.34.7
mars - INFO   - 20260807.105236 - package mir version: 1.23.9
mars - INFO   - 20260807.105236 - package odc version: 1.6.3
mars - INFO   - 20260807.105236 - package fdb version: 5.21.4
mars - INFO   - 20260807.105236 - package metkit version: 1.18.3
mars - INFO   - 20260807.105236 - package eckit version: 2.0.8
mars - INFO   - 20260807.105236 - package eccodes version: 2.47.2
# First retrieve profiles
retrieve,
anoffset=9,
class=rd,
date=20220518,
expver=j7fk,
levelist=1/50/51/52/53/54/55/56/57/58/59/60/61/62/63/64/65/66/67/68/69/70/71/72/73/74/75/76/77/78/79/80/81/82/83/84/85/86/87/88/89/90/91/92/93/94/95/96/97/98/99/100/101/102/103/104/105/106/107/108/109/110/111/112/113/114/115/116/117/118/119/120/121/122/123/124/125/126/127/128/129/130/131/132/133/134/135/136/137,
levtype=ml,
param=75/82/83/84/85/86/87/88/89/90/91/92/93/94/95/96/97/98/99/100/101/102/103/104/105/106/107/108/109/110/111/130/131/132/133/135/138/152/155/246/162100/162101/162104/162105/162106/162107/162109/210061/210062/210123/210181/217026,
step=0/1/2/3/4/5/6/7/8/9/10/11/12,
stream=oper,
time=00:00:00,
type=fc,
grid=0.2/0.2,
area=52.5/4.8/51.5/5.8,
interpolation=grid-box-average,
target="mars_ml_short_tail_ABL.grb"

mars - INFO   - 20260807.105236 - Processing request 1

RETRIEVE,
    CLASS      = RD,
    TYPE       = FC,
    STREAM     = OPER,
    EXPVER     = j7fk,
    REPRES     = SH,
    LEVTYPE    = ML,
    LEVELIST   = 1/50/51/52/53/54/55/56/57/58/59/60/61/62/63/64/65/66/67/68/69/70/71/72/73/74/75/76/77/78/79/80/81/82/83/84/85/86/87/88/89/90/91/92/93/94/95/96/97/98/99/100/101/102/103/104/105/106/107/108/109/110/111/112/113/114/115/116/117/118/119/120/121/122/123/124/125/126/127/128/129/130/131/132/133/134/135/136/137,
    PARAM      = 75/82/83/84/85/86/87/88/89/90/91/92/93/94/95/96/97/98/99/100/101/102/103/104/105/106/107/108/109/110/111/130/131/132/133/135/138/152/155/246/162100/162101/162104/162105/162106/162107/162109/210061/210062/210123/210181/217026,
    DATE       = 20220518,
    TIME       = 0000,
    STEP       = 0/1/2/3/4/5/6/7/8/9/10/11/12,
    DOMAIN     = G,
    TARGET     = "mars_ml_short_tail_ABL.grb",
    RESOL      = AUTO,
    INTERPOLATION = GRID-BOX-AVERAGE,
    AREA       = 52.5/4.8/51.5/5.8,
    GRID       = 0.2/0.2

mars - INFO   - 20260807.105236 - Requesting 59020 fields
mars - INFO   - 20260807.105236 - FDB home /home/fdbprod
mars - INFO   - 20260807.105237 - Setting SO_SNDBUF to 33554432 (32.00 M)
mars - INFO   - 20260807.105237 - Current value is 32768 (32.00 K)
mars - INFO   - 20260807.105237 - Setting SO_RCVBUF to 33554432 (32.00 M)
mars - INFO   - 20260807.105237 - Current value is 43690 (42.67 K)
mars - INFO   - 20260807.105237 - Calling mars on 'marsrd-core', local port is 60525
mars - INFO   - 20260807.105237 - Callback at address 10.100.192.131, port 60525
mars - INFO   - 20260807.105237 - Mars client is on ac6-131.bullx (10.100.192.131) 60525
mars - INFO   - 20260807.105237 - Mars server is on 10.112.4.10 35901
mars - INFO   - 20260807.105237 - Server task is 7901 [marsrd]
mars - INFO   - 20260807.105237 - Request cost: 45,136 fields, 19.9239 Gbytes on 1 tape, nodes: hpss, libraries: ibmlib03_70 [marsrd]
mars - INFO   - 20260807.105237 - The efficiency of your requests in the last 12 hours is 52% [marsrd]
mars - INFO   - 20260807.105237 - Wind conversion requested by server
mars - INFO   - 20260807.105535 - Transfering 21393132242 bytes
mars - INFO   - 20260807.105536 - ShToGridded: loading Legendre coefficients '/lus/h2resw01/cache/mir/legendre/4/local-T399-GaussianN400-OPT4189816c2e.leg'
mars - INFO   - 20260807.105536 - Deriving U and V from vorticity and divergence
mars - WARN   - 20260807.110620 - Visiting database marsrd : expected 59020, got 47450
mars - INFO   - 20260807.110620 - 47450 fields have been interpolated on 'ac6-131.bullx'
mars - ERROR  - 20260807.110620 - Last error is -43
mars - ERROR  - 20260807.110620 - Expected 59020, got 47450.
mars - ERROR  - 20260807.110620 - Request failed
mars - INFO   - 20260807.110620 - Request time:  wall: 13 min 44 sec  cpu: 10 min 41 sec 
mars - INFO   - 20260807.110620 -   Read from network: 19.92 Gbyte(s) in 18 sec  [1.09 Gbyte/sec] 
mars - INFO   - 20260807.110620 -   Processing in marsrd: wall: 2 min 59 sec 
mars - INFO   - 20260807.110620 -   Visiting marsrd: wall: 13 min 43 sec 
mars - INFO   - 20260807.110620 -   Post-processing: wall: 8 min 11 sec cpu: 8 min 8 sec 
mars - INFO   - 20260807.110620 -   Writing to target file: 64.07 Mbyte(s) in 1 sec  [52.16 Mbyte/sec] cpu: 1 sec 
mars - INFO   - 20260807.110620 - Memory used: 142.96 Mbyte(s)
mars - ERROR  - 20260807.110620 - Some errors reported (last error -1)
grib_to_netcdf: Version 2.47.0
grib_to_netcdf: Processing input file 'mars_ml_short_tail_ABL.grb'.
grib_to_netcdf: Found 47450 GRIB fields in 1 file.
grib_to_netcdf: Ignoring key(s): method, type, stream, refdate, hdate
grib_to_netcdf: Creating netCDF file 'j7fk_short_tail_ABL_ml_20220518_0.nc'
grib_to_netcdf: NetCDF library version: 4.10.0 of Apr  9 2026 13:13:33 $
grib_to_netcdf: Creating large (64 bit) file format.
grib_to_netcdf: Defining variable 'crwc'.
grib_to_netcdf: Defining variable 'p82'.
grib_to_netcdf: Defining variable 'p83'.
grib_to_netcdf: Defining variable 'p84'.
grib_to_netcdf: Defining variable 'p85'.
grib_to_netcdf: Defining variable 'p86'.
grib_to_netcdf: Defining variable 'p87'.
grib_to_netcdf: Defining variable 'p88'.
grib_to_netcdf: Defining variable 'p89'.
grib_to_netcdf: Defining variable 'p90'.
grib_to_netcdf: Defining variable 'p91'.
grib_to_netcdf: Defining variable 'p92'.
grib_to_netcdf: Defining variable 'p93'.
grib_to_netcdf: Defining variable 'p94'.
grib_to_netcdf: Defining variable 'p95'.
grib_to_netcdf: Defining variable 'p96'.
grib_to_netcdf: Defining variable 'p97'.
grib_to_netcdf: Defining variable 'p98'.
grib_to_netcdf: Defining variable 'p99'.
grib_to_netcdf: Defining variable 'p100'.
grib_to_netcdf: Defining variable 'p101'.
grib_to_netcdf: Defining variable 'p102'.
grib_to_netcdf: Defining variable 'p103'.
grib_to_netcdf: Defining variable 'p104'.
grib_to_netcdf: Defining variable 'p105'.
grib_to_netcdf: Defining variable 'p106'.
grib_to_netcdf: Defining variable 'p107'.
grib_to_netcdf: Defining variable 'p108'.
grib_to_netcdf: Defining variable 'p109'.
grib_to_netcdf: Defining variable 'p110'.
grib_to_netcdf: Defining variable 'p111'.
grib_to_netcdf: Defining variable 't'.
grib_to_netcdf: Defining variable 'q'.
grib_to_netcdf: Defining variable 'w'.
grib_to_netcdf: Defining variable 'vo'.
grib_to_netcdf: Defining variable 'lnsp'.
grib_to_netcdf: Defining variable 'd'.
grib_to_netcdf: Defining variable 'u'.
grib_to_netcdf: Defining variable 'v'.
grib_to_netcdf: Defining variable 'clwc'.
grib_to_netcdf: Defining variable 'co2'.
grib_to_netcdf: Defining variable 'ch4'.
grib_to_netcdf: Done.
Model level selected
mars - WARN - 
mars - WARN - 
MIR environment variables:
MIR_CACHE_PATH=/lus/h2resw01/cache:{FILE?/ec/cache.1}/cache:{FILE?/ec/cache.2}/cache
MIR_LSM_NAMED=1km.climate.v013
Using MARS binary: /usr/local/apps/mars/versions/6.34.7.1/bin/mars.bin
mars - INFO   - 20260807.110920 - Welcome to MARS
mars - INFO   - 20260807.110920 - MARS_HOME=/usr/local/apps/mars/configs/prod
mars - INFO   - 20260807.110920 - MARS Client build stamp: 20260623091402
mars - INFO   - 20260807.110920 - MARS Client bundle version: 6.34.7.1
mars - INFO   - 20260807.110920 - package mars-client version: 6.34.7
mars - INFO   - 20260807.110920 - package mir version: 1.23.9
mars - INFO   - 20260807.110920 - package odc version: 1.6.3
mars - INFO   - 20260807.110920 - package fdb version: 5.21.4
mars - INFO   - 20260807.110920 - package metkit version: 1.18.3
mars - INFO   - 20260807.110920 - package eckit version: 2.0.8
mars - INFO   - 20260807.110920 - package eccodes version: 2.47.2
# First retrieve profiles
retrieve,
anoffset=9,
class=rd,
date=20220518,
expver=j7fk,
levelist=1/50/51/52/53/54/55/56/57/58/59/60/61/62/63/64/65/66/67/68/69/70/71/72/73/74/75/76/77/78/79/80/81/82/83/84/85/86/87/88/89/90/91/92/93/94/95/96/97/98/99/100/101/102/103/104/105/106/107/108/109/110/111/112/113/114/115/116/117/118/119/120/121/122/123/124/125/126/127/128/129/130/131/132/133/134/135/136/137,
levtype=ml,
param=75/82/83/84/85/86/87/88/89/90/91/92/93/94/95/96/97/98/99/100/101/102/103/104/105/106/107/108/109/110/111/130/131/132/133/135/138/152/155/246/162100/162101/162104/162105/162106/162107/162109/210061/210062/210123/210181/217026,
step=12/13/14/15/16/17/18/19/20/21/22/23/24,
stream=oper,
time=00:00:00,
type=fc,
grid=0.2/0.2,
area=52.5/4.8/51.5/5.8,
interpolation=grid-box-average,
target="mars_ml_short_tail_ABL.grb"

mars - INFO   - 20260807.110920 - Processing request 1

RETRIEVE,
    CLASS      = RD,
    TYPE       = FC,
    STREAM     = OPER,
    EXPVER     = j7fk,
    REPRES     = SH,
    LEVTYPE    = ML,
    LEVELIST   = 1/50/51/52/53/54/55/56/57/58/59/60/61/62/63/64/65/66/67/68/69/70/71/72/73/74/75/76/77/78/79/80/81/82/83/84/85/86/87/88/89/90/91/92/93/94/95/96/97/98/99/100/101/102/103/104/105/106/107/108/109/110/111/112/113/114/115/116/117/118/119/120/121/122/123/124/125/126/127/128/129/130/131/132/133/134/135/136/137,
    PARAM      = 75/82/83/84/85/86/87/88/89/90/91/92/93/94/95/96/97/98/99/100/101/102/103/104/105/106/107/108/109/110/111/130/131/132/133/135/138/152/155/246/162100/162101/162104/162105/162106/162107/162109/210061/210062/210123/210181/217026,
    DATE       = 20220518,
    TIME       = 0000,
    STEP       = 12/13/14/15/16/17/18/19/20/21/22/23/24,
    DOMAIN     = G,
    TARGET     = "mars_ml_short_tail_ABL.grb",
    RESOL      = AUTO,
    INTERPOLATION = GRID-BOX-AVERAGE,
    AREA       = 52.5/4.8/51.5/5.8,
    GRID       = 0.2/0.2

mars - INFO   - 20260807.110920 - Requesting 59020 fields
mars - INFO   - 20260807.110920 - FDB home /home/fdbprod
mars - INFO   - 20260807.110920 - Setting SO_SNDBUF to 33554432 (32.00 M)
mars - INFO   - 20260807.110920 - Current value is 32768 (32.00 K)
mars - INFO   - 20260807.110920 - Setting SO_RCVBUF to 33554432 (32.00 M)
mars - INFO   - 20260807.110920 - Current value is 43690 (42.67 K)
mars - INFO   - 20260807.110920 - Calling mars on 'marsrd-core', local port is 35573
mars - INFO   - 20260807.110920 - Callback at address 10.100.192.131, port 35573
mars - INFO   - 20260807.110920 - Mars client is on ac6-131.bullx (10.100.192.131) 35573
mars - INFO   - 20260807.110920 - Mars server is on 10.112.4.10 37947
mars - INFO   - 20260807.110920 - Server task is 6655 [marsrd]
mars - INFO   - 20260807.110920 - Request cost: 45,136 fields, 1.65621 Gbytes online, 20.195 Gbytes on 1 tape, nodes: hpss mvr013, libraries: ibmlib03_70 [marsrd]
mars - INFO   - 20260807.110920 - The efficiency of your requests in the last 12 hours is 53% [marsrd]
mars - INFO   - 20260807.110920 - Wind conversion requested by server
mars - INFO   - 20260807.111329 - Transfering 23462558588 bytes
mars - INFO   - 20260807.111330 - ShToGridded: loading Legendre coefficients '/lus/h2resw01/cache/mir/legendre/4/local-T399-GaussianN400-OPT4189816c2e.leg'
mars - INFO   - 20260807.111331 - Deriving U and V from vorticity and divergence
mars - WARN   - 20260807.112533 - Visiting database marsrd : expected 59020, got 47450
mars - INFO   - 20260807.112533 - 47450 fields have been interpolated on 'ac6-131.bullx'
mars - ERROR  - 20260807.112533 - Last error is -43
mars - ERROR  - 20260807.112533 - Expected 59020, got 47450.
mars - ERROR  - 20260807.112533 - Request failed
mars - INFO   - 20260807.112533 - Request time:  wall: 16 min 13 sec  cpu: 11 min 48 sec 
mars - INFO   - 20260807.112533 -   Read from network: 21.85 Gbyte(s) in 21 sec  [1.04 Gbyte/sec] 
mars - INFO   - 20260807.112533 -   Processing in marsrd: wall: 4 min 9 sec 
mars - INFO   - 20260807.112533 -   Visiting marsrd: wall: 16 min 12 sec 
mars - INFO   - 20260807.112533 -   Post-processing: wall: 9 min 10 sec cpu: 8 min 55 sec 
mars - INFO   - 20260807.112533 -   Writing to target file: 64.41 Mbyte(s) in 1 sec  [51.91 Mbyte/sec] cpu: 1 sec 
mars - INFO   - 20260807.112533 - Memory used: 140.38 Mbyte(s)
mars - ERROR  - 20260807.112533 - Some errors reported (last error -1)
grib_to_netcdf: Version 2.47.0
grib_to_netcdf: Processing input file 'mars_ml_short_tail_ABL.grb'.
grib_to_netcdf: Found 47450 GRIB fields in 1 file.
grib_to_netcdf: Ignoring key(s): method, type, stream, refdate, hdate
grib_to_netcdf: Creating netCDF file 'j7fk_short_tail_ABL_ml_20220518_12.nc'
grib_to_netcdf: NetCDF library version: 4.10.0 of Apr  9 2026 13:13:33 $
grib_to_netcdf: Creating large (64 bit) file format.
grib_to_netcdf: Defining variable 'crwc'.
grib_to_netcdf: Defining variable 'p82'.
grib_to_netcdf: Defining variable 'p83'.
grib_to_netcdf: Defining variable 'p84'.
grib_to_netcdf: Defining variable 'p85'.
grib_to_netcdf: Defining variable 'p86'.
grib_to_netcdf: Defining variable 'p87'.
grib_to_netcdf: Defining variable 'p88'.
grib_to_netcdf: Defining variable 'p89'.
grib_to_netcdf: Defining variable 'p90'.
grib_to_netcdf: Defining variable 'p91'.
grib_to_netcdf: Defining variable 'p92'.
grib_to_netcdf: Defining variable 'p93'.
grib_to_netcdf: Defining variable 'p94'.
grib_to_netcdf: Defining variable 'p95'.
grib_to_netcdf: Defining variable 'p96'.
grib_to_netcdf: Defining variable 'p97'.
grib_to_netcdf: Defining variable 'p98'.
grib_to_netcdf: Defining variable 'p99'.
grib_to_netcdf: Defining variable 'p100'.
grib_to_netcdf: Defining variable 'p101'.
grib_to_netcdf: Defining variable 'p102'.
grib_to_netcdf: Defining variable 'p103'.
grib_to_netcdf: Defining variable 'p104'.
grib_to_netcdf: Defining variable 'p105'.
grib_to_netcdf: Defining variable 'p106'.
grib_to_netcdf: Defining variable 'p107'.
grib_to_netcdf: Defining variable 'p108'.
grib_to_netcdf: Defining variable 'p109'.
grib_to_netcdf: Defining variable 'p110'.
grib_to_netcdf: Defining variable 'p111'.
grib_to_netcdf: Defining variable 't'.
grib_to_netcdf: Defining variable 'q'.
grib_to_netcdf: Defining variable 'w'.
grib_to_netcdf: Defining variable 'vo'.
grib_to_netcdf: Defining variable 'lnsp'.
grib_to_netcdf: Defining variable 'd'.
grib_to_netcdf: Defining variable 'u'.
grib_to_netcdf: Defining variable 'v'.
grib_to_netcdf: Defining variable 'clwc'.
grib_to_netcdf: Defining variable 'co2'.
grib_to_netcdf: Defining variable 'ch4'.
grib_to_netcdf: Done.
Model level selected
mars - WARN - 
mars - WARN - 
MIR environment variables:
MIR_CACHE_PATH=/lus/h2resw01/cache:{FILE?/ec/cache.1}/cache:{FILE?/ec/cache.2}/cache
MIR_LSM_NAMED=1km.climate.v013
Using MARS binary: /usr/local/apps/mars/versions/6.34.7.1/bin/mars.bin
mars - INFO   - 20260807.112821 - Welcome to MARS
mars - INFO   - 20260807.112821 - MARS_HOME=/usr/local/apps/mars/configs/prod
mars - INFO   - 20260807.112821 - MARS Client build stamp: 20260623091402
mars - INFO   - 20260807.112821 - MARS Client bundle version: 6.34.7.1
mars - INFO   - 20260807.112821 - package mars-client version: 6.34.7
mars - INFO   - 20260807.112821 - package mir version: 1.23.9
mars - INFO   - 20260807.112821 - package odc version: 1.6.3
mars - INFO   - 20260807.112821 - package fdb version: 5.21.4
mars - INFO   - 20260807.112821 - package metkit version: 1.18.3
mars - INFO   - 20260807.112821 - package eckit version: 2.0.8
mars - INFO   - 20260807.112821 - package eccodes version: 2.47.2
# First retrieve profiles
retrieve,
anoffset=9,
class=rd,
date=20220519,
expver=j7fk,
levelist=1/50/51/52/53/54/55/56/57/58/59/60/61/62/63/64/65/66/67/68/69/70/71/72/73/74/75/76/77/78/79/80/81/82/83/84/85/86/87/88/89/90/91/92/93/94/95/96/97/98/99/100/101/102/103/104/105/106/107/108/109/110/111/112/113/114/115/116/117/118/119/120/121/122/123/124/125/126/127/128/129/130/131/132/133/134/135/136/137,
levtype=ml,
param=75/82/83/84/85/86/87/88/89/90/91/92/93/94/95/96/97/98/99/100/101/102/103/104/105/106/107/108/109/110/111/130/131/132/133/135/138/152/155/246/162100/162101/162104/162105/162106/162107/162109/210061/210062/210123/210181/217026,
step=0/1/2/3/4/5/6/7/8/9/10/11/12,
stream=oper,
time=00:00:00,
type=fc,
grid=0.2/0.2,
area=52.5/4.8/51.5/5.8,
interpolation=grid-box-average,
target="mars_ml_short_tail_ABL.grb"

mars - INFO   - 20260807.112821 - Processing request 1

RETRIEVE,
    CLASS      = RD,
    TYPE       = FC,
    STREAM     = OPER,
    EXPVER     = j7fk,
    REPRES     = SH,
    LEVTYPE    = ML,
    LEVELIST   = 1/50/51/52/53/54/55/56/57/58/59/60/61/62/63/64/65/66/67/68/69/70/71/72/73/74/75/76/77/78/79/80/81/82/83/84/85/86/87/88/89/90/91/92/93/94/95/96/97/98/99/100/101/102/103/104/105/106/107/108/109/110/111/112/113/114/115/116/117/118/119/120/121/122/123/124/125/126/127/128/129/130/131/132/133/134/135/136/137,
    PARAM      = 75/82/83/84/85/86/87/88/89/90/91/92/93/94/95/96/97/98/99/100/101/102/103/104/105/106/107/108/109/110/111/130/131/132/133/135/138/152/155/246/162100/162101/162104/162105/162106/162107/162109/210061/210062/210123/210181/217026,
    DATE       = 20220519,
    TIME       = 0000,
    STEP       = 0/1/2/3/4/5/6/7/8/9/10/11/12,
    DOMAIN     = G,
    TARGET     = "mars_ml_short_tail_ABL.grb",
    RESOL      = AUTO,
    INTERPOLATION = GRID-BOX-AVERAGE,
    AREA       = 52.5/4.8/51.5/5.8,
    GRID       = 0.2/0.2

mars - INFO   - 20260807.112821 - Requesting 59020 fields
mars - INFO   - 20260807.112821 - FDB home /home/fdbprod
mars - INFO   - 20260807.112821 - Setting SO_SNDBUF to 33554432 (32.00 M)
mars - INFO   - 20260807.112821 - Current value is 32768 (32.00 K)
mars - INFO   - 20260807.112821 - Setting SO_RCVBUF to 33554432 (32.00 M)
mars - INFO   - 20260807.112821 - Current value is 43690 (42.67 K)
mars - INFO   - 20260807.112821 - Calling mars on 'marsrd-core', local port is 52375
mars - INFO   - 20260807.112821 - Callback at address 10.100.192.131, port 52375
mars - INFO   - 20260807.112857 - Mars client is on ac6-131.bullx (10.100.192.131) 52375
mars - INFO   - 20260807.112857 - Mars server is on 10.112.4.10 48185
mars - INFO   - 20260807.112857 - Server task is 1871 [marsrd]
mars - INFO   - 20260807.112857 - Request cost: 45,136 fields, 19.859 Gbytes on 1 tape, nodes: hpss, libraries: ibmlib03_70 [marsrd]
mars - INFO   - 20260807.112857 - The efficiency of your requests in the last 12 hours is 53% [marsrd]
mars - INFO   - 20260807.112859 - Wind conversion requested by server
mars - INFO   - 20260807.113213 - Transfering 21323402509 bytes
mars - INFO   - 20260807.113214 - ShToGridded: loading Legendre coefficients '/lus/h2resw01/cache/mir/legendre/4/local-T399-GaussianN400-OPT4189816c2e.leg'
mars - INFO   - 20260807.113215 - Deriving U and V from vorticity and divergence
mars - WARN   - 20260807.114317 - Visiting database marsrd : expected 59020, got 47450
mars - INFO   - 20260807.114317 - 47450 fields have been interpolated on 'ac6-131.bullx'
mars - ERROR  - 20260807.114317 - Last error is -43
mars - ERROR  - 20260807.114317 - Expected 59020, got 47450.
mars - ERROR  - 20260807.114317 - Request failed
mars - INFO   - 20260807.114317 - Request time:  wall: 14 min 56 sec  cpu: 10 min 52 sec 
mars - INFO   - 20260807.114317 -   Read from network: 19.86 Gbyte(s) in 18 sec  [1.13 Gbyte/sec] 
mars - INFO   - 20260807.114317 -   Processing in marsrd: wall: 3 min 52 sec 
mars - INFO   - 20260807.114317 -   Visiting marsrd: wall: 14 min 56 sec 
mars - INFO   - 20260807.114317 -   Post-processing: wall: 8 min 28 sec cpu: 8 min 17 sec 
mars - INFO   - 20260807.114317 -   Writing to target file: 64.01 Mbyte(s) in 1 sec  [60.38 Mbyte/sec] cpu: 1 sec 
mars - INFO   - 20260807.114317 - Memory used: 143.05 Mbyte(s)
mars - ERROR  - 20260807.114317 - Some errors reported (last error -1)
grib_to_netcdf: Version 2.47.0
grib_to_netcdf: Processing input file 'mars_ml_short_tail_ABL.grb'.
grib_to_netcdf: Found 47450 GRIB fields in 1 file.
grib_to_netcdf: Ignoring key(s): method, type, stream, refdate, hdate
grib_to_netcdf: Creating netCDF file 'j7fk_short_tail_ABL_ml_20220519_0.nc'
grib_to_netcdf: NetCDF library version: 4.10.0 of Apr  9 2026 13:13:33 $
grib_to_netcdf: Creating large (64 bit) file format.
grib_to_netcdf: Defining variable 'crwc'.
grib_to_netcdf: Defining variable 'p82'.
grib_to_netcdf: Defining variable 'p83'.
grib_to_netcdf: Defining variable 'p84'.
grib_to_netcdf: Defining variable 'p85'.
grib_to_netcdf: Defining variable 'p86'.
grib_to_netcdf: Defining variable 'p87'.
grib_to_netcdf: Defining variable 'p88'.
grib_to_netcdf: Defining variable 'p89'.
grib_to_netcdf: Defining variable 'p90'.
grib_to_netcdf: Defining variable 'p91'.
grib_to_netcdf: Defining variable 'p92'.
grib_to_netcdf: Defining variable 'p93'.
grib_to_netcdf: Defining variable 'p94'.
grib_to_netcdf: Defining variable 'p95'.
grib_to_netcdf: Defining variable 'p96'.
grib_to_netcdf: Defining variable 'p97'.
grib_to_netcdf: Defining variable 'p98'.
grib_to_netcdf: Defining variable 'p99'.
grib_to_netcdf: Defining variable 'p100'.
grib_to_netcdf: Defining variable 'p101'.
grib_to_netcdf: Defining variable 'p102'.
grib_to_netcdf: Defining variable 'p103'.
grib_to_netcdf: Defining variable 'p104'.
grib_to_netcdf: Defining variable 'p105'.
grib_to_netcdf: Defining variable 'p106'.
grib_to_netcdf: Defining variable 'p107'.
grib_to_netcdf: Defining variable 'p108'.
grib_to_netcdf: Defining variable 'p109'.
grib_to_netcdf: Defining variable 'p110'.
grib_to_netcdf: Defining variable 'p111'.
grib_to_netcdf: Defining variable 't'.
grib_to_netcdf: Defining variable 'q'.
grib_to_netcdf: Defining variable 'w'.
grib_to_netcdf: Defining variable 'vo'.
grib_to_netcdf: Defining variable 'lnsp'.
grib_to_netcdf: Defining variable 'd'.
grib_to_netcdf: Defining variable 'u'.
grib_to_netcdf: Defining variable 'v'.
grib_to_netcdf: Defining variable 'clwc'.
grib_to_netcdf: Defining variable 'co2'.
grib_to_netcdf: Defining variable 'ch4'.
grib_to_netcdf: Done.
Model level selected
mars - WARN - 
mars - WARN - 
MIR environment variables:
MIR_CACHE_PATH=/lus/h2resw01/cache:{FILE?/ec/cache.1}/cache:{FILE?/ec/cache.2}/cache
MIR_LSM_NAMED=1km.climate.v013
Using MARS binary: /usr/local/apps/mars/versions/6.34.7.1/bin/mars.bin
mars - INFO   - 20260807.114610 - Welcome to MARS
mars - INFO   - 20260807.114610 - MARS_HOME=/usr/local/apps/mars/configs/prod
mars - INFO   - 20260807.114610 - MARS Client build stamp: 20260623091402
mars - INFO   - 20260807.114610 - MARS Client bundle version: 6.34.7.1
mars - INFO   - 20260807.114610 - package mars-client version: 6.34.7
mars - INFO   - 20260807.114610 - package mir version: 1.23.9
mars - INFO   - 20260807.114610 - package odc version: 1.6.3
mars - INFO   - 20260807.114610 - package fdb version: 5.21.4
mars - INFO   - 20260807.114610 - package metkit version: 1.18.3
mars - INFO   - 20260807.114610 - package eckit version: 2.0.8
mars - INFO   - 20260807.114610 - package eccodes version: 2.47.2
# First retrieve profiles
retrieve,
anoffset=9,
class=rd,
date=20220519,
expver=j7fk,
levelist=1/50/51/52/53/54/55/56/57/58/59/60/61/62/63/64/65/66/67/68/69/70/71/72/73/74/75/76/77/78/79/80/81/82/83/84/85/86/87/88/89/90/91/92/93/94/95/96/97/98/99/100/101/102/103/104/105/106/107/108/109/110/111/112/113/114/115/116/117/118/119/120/121/122/123/124/125/126/127/128/129/130/131/132/133/134/135/136/137,
levtype=ml,
param=75/82/83/84/85/86/87/88/89/90/91/92/93/94/95/96/97/98/99/100/101/102/103/104/105/106/107/108/109/110/111/130/131/132/133/135/138/152/155/246/162100/162101/162104/162105/162106/162107/162109/210061/210062/210123/210181/217026,
step=12/13/14/15/16/17/18/19/20/21/22/23/24,
stream=oper,
time=00:00:00,
type=fc,
grid=0.2/0.2,
area=52.5/4.8/51.5/5.8,
interpolation=grid-box-average,
target="mars_ml_short_tail_ABL.grb"

mars - INFO   - 20260807.114610 - Processing request 1

RETRIEVE,
    CLASS      = RD,
    TYPE       = FC,
    STREAM     = OPER,
    EXPVER     = j7fk,
    REPRES     = SH,
    LEVTYPE    = ML,
    LEVELIST   = 1/50/51/52/53/54/55/56/57/58/59/60/61/62/63/64/65/66/67/68/69/70/71/72/73/74/75/76/77/78/79/80/81/82/83/84/85/86/87/88/89/90/91/92/93/94/95/96/97/98/99/100/101/102/103/104/105/106/107/108/109/110/111/112/113/114/115/116/117/118/119/120/121/122/123/124/125/126/127/128/129/130/131/132/133/134/135/136/137,
    PARAM      = 75/82/83/84/85/86/87/88/89/90/91/92/93/94/95/96/97/98/99/100/101/102/103/104/105/106/107/108/109/110/111/130/131/132/133/135/138/152/155/246/162100/162101/162104/162105/162106/162107/162109/210061/210062/210123/210181/217026,
    DATE       = 20220519,
    TIME       = 0000,
    STEP       = 12/13/14/15/16/17/18/19/20/21/22/23/24,
    DOMAIN     = G,
    TARGET     = "mars_ml_short_tail_ABL.grb",
    RESOL      = AUTO,
    INTERPOLATION = GRID-BOX-AVERAGE,
    AREA       = 52.5/4.8/51.5/5.8,
    GRID       = 0.2/0.2

mars - INFO   - 20260807.114610 - Requesting 59020 fields
mars - INFO   - 20260807.114610 - FDB home /home/fdbprod
mars - INFO   - 20260807.114610 - Setting SO_SNDBUF to 33554432 (32.00 M)
mars - INFO   - 20260807.114610 - Current value is 32768 (32.00 K)
mars - INFO   - 20260807.114610 - Setting SO_RCVBUF to 33554432 (32.00 M)
mars - INFO   - 20260807.114610 - Current value is 43690 (42.67 K)
mars - INFO   - 20260807.114610 - Calling mars on 'marsrd-core', local port is 36181
mars - INFO   - 20260807.114610 - Callback at address 10.100.192.131, port 36181
mars - INFO   - 20260807.115719 - Mars client is on ac6-131.bullx (10.100.192.131) 36181
mars - INFO   - 20260807.115719 - Mars server is on 10.112.4.10 60003
mars - INFO   - 20260807.115719 - Server task is 5244 [marsrd]
mars - INFO   - 20260807.115719 - Request cost: 45,136 fields, 21.8664 Gbytes online, nodes: hpss mvr011, libraries: ibmlib03_70 [marsrd]
mars - INFO   - 20260807.115719 - The efficiency of your requests in the last 12 hours is 53% [marsrd]
mars - INFO   - 20260807.115719 - Wind conversion requested by server
mars - INFO   - 20260807.115719 - Transfering 23478829299 bytes
mars - INFO   - 20260807.115720 - ShToGridded: loading Legendre coefficients '/lus/h2resw01/cache/mir/legendre/4/local-T399-GaussianN400-OPT4189816c2e.leg'
mars - INFO   - 20260807.115721 - Deriving U and V from vorticity and divergence
mars - WARN   - 20260807.120922 - Visiting database marsrd : expected 59020, got 47450
mars - INFO   - 20260807.120922 - 47450 fields have been interpolated on 'ac6-131.bullx'
mars - ERROR  - 20260807.120922 - Last error is -43
mars - ERROR  - 20260807.120922 - Expected 59020, got 47450.
mars - ERROR  - 20260807.120922 - Request failed
mars - INFO   - 20260807.120922 - Request time:  wall: 23 min 12 sec  cpu: 11 min 45 sec 
mars - INFO   - 20260807.120922 -   Read from network: 21.87 Gbyte(s) in 20 sec  [1.10 Gbyte/sec] 
mars - INFO   - 20260807.120922 -   Processing in marsrd: wall: 11 min 9 sec 
mars - INFO   - 20260807.120922 -   Visiting marsrd: wall: 23 min 11 sec 
mars - INFO   - 20260807.120922 -   Post-processing: wall: 9 min 8 sec cpu: 8 min 52 sec 
mars - INFO   - 20260807.120922 -   Writing to target file: 64.52 Mbyte(s) in 1 sec  [57.70 Mbyte/sec] cpu: 1 sec 
mars - INFO   - 20260807.120922 - Memory used: 139.03 Mbyte(s)
mars - ERROR  - 20260807.120922 - Some errors reported (last error -1)
grib_to_netcdf: Version 2.47.0
grib_to_netcdf: Processing input file 'mars_ml_short_tail_ABL.grb'.
grib_to_netcdf: Found 47450 GRIB fields in 1 file.
grib_to_netcdf: Ignoring key(s): method, type, stream, refdate, hdate
grib_to_netcdf: Creating netCDF file 'j7fk_short_tail_ABL_ml_20220519_12.nc'
grib_to_netcdf: NetCDF library version: 4.10.0 of Apr  9 2026 13:13:33 $
grib_to_netcdf: Creating large (64 bit) file format.
grib_to_netcdf: Defining variable 'crwc'.
grib_to_netcdf: Defining variable 'p82'.
grib_to_netcdf: Defining variable 'p83'.
grib_to_netcdf: Defining variable 'p84'.
grib_to_netcdf: Defining variable 'p85'.
grib_to_netcdf: Defining variable 'p86'.
grib_to_netcdf: Defining variable 'p87'.
grib_to_netcdf: Defining variable 'p88'.
grib_to_netcdf: Defining variable 'p89'.
grib_to_netcdf: Defining variable 'p90'.
grib_to_netcdf: Defining variable 'p91'.
grib_to_netcdf: Defining variable 'p92'.
grib_to_netcdf: Defining variable 'p93'.
grib_to_netcdf: Defining variable 'p94'.
grib_to_netcdf: Defining variable 'p95'.
grib_to_netcdf: Defining variable 'p96'.
grib_to_netcdf: Defining variable 'p97'.
grib_to_netcdf: Defining variable 'p98'.
grib_to_netcdf: Defining variable 'p99'.
grib_to_netcdf: Defining variable 'p100'.
grib_to_netcdf: Defining variable 'p101'.
grib_to_netcdf: Defining variable 'p102'.
grib_to_netcdf: Defining variable 'p103'.
grib_to_netcdf: Defining variable 'p104'.
grib_to_netcdf: Defining variable 'p105'.
grib_to_netcdf: Defining variable 'p106'.
grib_to_netcdf: Defining variable 'p107'.
grib_to_netcdf: Defining variable 'p108'.
grib_to_netcdf: Defining variable 'p109'.
grib_to_netcdf: Defining variable 'p110'.
grib_to_netcdf: Defining variable 'p111'.
grib_to_netcdf: Defining variable 't'.
grib_to_netcdf: Defining variable 'q'.
grib_to_netcdf: Defining variable 'w'.
grib_to_netcdf: Defining variable 'vo'.
grib_to_netcdf: Defining variable 'lnsp'.
grib_to_netcdf: Defining variable 'd'.
grib_to_netcdf: Defining variable 'u'.
grib_to_netcdf: Defining variable 'v'.
grib_to_netcdf: Defining variable 'clwc'.
grib_to_netcdf: Defining variable 'co2'.
grib_to_netcdf: Defining variable 'ch4'.
grib_to_netcdf: Done.
Model level selected
mars - WARN - 
mars - WARN - 
MIR environment variables:
MIR_CACHE_PATH=/lus/h2resw01/cache:{FILE?/ec/cache.1}/cache:{FILE?/ec/cache.2}/cache
MIR_LSM_NAMED=1km.climate.v013
Using MARS binary: /usr/local/apps/mars/versions/6.34.7.1/bin/mars.bin
mars - INFO   - 20260807.121212 - Welcome to MARS
mars - INFO   - 20260807.121212 - MARS_HOME=/usr/local/apps/mars/configs/prod
mars - INFO   - 20260807.121212 - MARS Client build stamp: 20260623091402
mars - INFO   - 20260807.121212 - MARS Client bundle version: 6.34.7.1
mars - INFO   - 20260807.121212 - package mars-client version: 6.34.7
mars - INFO   - 20260807.121212 - package mir version: 1.23.9
mars - INFO   - 20260807.121212 - package odc version: 1.6.3
mars - INFO   - 20260807.121212 - package fdb version: 5.21.4
mars - INFO   - 20260807.121212 - package metkit version: 1.18.3
mars - INFO   - 20260807.121212 - package eckit version: 2.0.8
mars - INFO   - 20260807.121212 - package eccodes version: 2.47.2
# First retrieve profiles
retrieve,
anoffset=9,
class=rd,
date=20220520,
expver=j7fk,
levelist=1/50/51/52/53/54/55/56/57/58/59/60/61/62/63/64/65/66/67/68/69/70/71/72/73/74/75/76/77/78/79/80/81/82/83/84/85/86/87/88/89/90/91/92/93/94/95/96/97/98/99/100/101/102/103/104/105/106/107/108/109/110/111/112/113/114/115/116/117/118/119/120/121/122/123/124/125/126/127/128/129/130/131/132/133/134/135/136/137,
levtype=ml,
param=75/82/83/84/85/86/87/88/89/90/91/92/93/94/95/96/97/98/99/100/101/102/103/104/105/106/107/108/109/110/111/130/131/132/133/135/138/152/155/246/162100/162101/162104/162105/162106/162107/162109/210061/210062/210123/210181/217026,
step=0/1/2/3/4/5/6/7/8/9/10/11/12,
stream=oper,
time=00:00:00,
type=fc,
grid=0.2/0.2,
area=52.5/4.8/51.5/5.8,
interpolation=grid-box-average,
target="mars_ml_short_tail_ABL.grb"

mars - INFO   - 20260807.121212 - Processing request 1

RETRIEVE,
    CLASS      = RD,
    TYPE       = FC,
    STREAM     = OPER,
    EXPVER     = j7fk,
    REPRES     = SH,
    LEVTYPE    = ML,
    LEVELIST   = 1/50/51/52/53/54/55/56/57/58/59/60/61/62/63/64/65/66/67/68/69/70/71/72/73/74/75/76/77/78/79/80/81/82/83/84/85/86/87/88/89/90/91/92/93/94/95/96/97/98/99/100/101/102/103/104/105/106/107/108/109/110/111/112/113/114/115/116/117/118/119/120/121/122/123/124/125/126/127/128/129/130/131/132/133/134/135/136/137,
    PARAM      = 75/82/83/84/85/86/87/88/89/90/91/92/93/94/95/96/97/98/99/100/101/102/103/104/105/106/107/108/109/110/111/130/131/132/133/135/138/152/155/246/162100/162101/162104/162105/162106/162107/162109/210061/210062/210123/210181/217026,
    DATE       = 20220520,
    TIME       = 0000,
    STEP       = 0/1/2/3/4/5/6/7/8/9/10/11/12,
    DOMAIN     = G,
    TARGET     = "mars_ml_short_tail_ABL.grb",
    RESOL      = AUTO,
    INTERPOLATION = GRID-BOX-AVERAGE,
    AREA       = 52.5/4.8/51.5/5.8,
    GRID       = 0.2/0.2

mars - INFO   - 20260807.121212 - Requesting 59020 fields
mars - INFO   - 20260807.121212 - FDB home /home/fdbprod
mars - INFO   - 20260807.121213 - Setting SO_SNDBUF to 33554432 (32.00 M)
mars - INFO   - 20260807.121213 - Current value is 32768 (32.00 K)
mars - INFO   - 20260807.121213 - Setting SO_RCVBUF to 33554432 (32.00 M)
mars - INFO   - 20260807.121213 - Current value is 43690 (42.67 K)
mars - INFO   - 20260807.121213 - Calling mars on 'marsrd-core', local port is 59989
mars - INFO   - 20260807.121213 - Callback at address 10.100.192.131, port 59989
mars - INFO   - 20260807.122020 - Mars client is on ac6-131.bullx (10.100.192.131) 59989
mars - INFO   - 20260807.122020 - Mars server is on 10.112.4.10 47113
mars - INFO   - 20260807.122020 - Server task is 6735 [marsrd]
mars - INFO   - 20260807.122020 - Request cost: 45,136 fields, 20.0207 Gbytes online, nodes: hpss mvr008, libraries: ibmlib03_70 [marsrd]
mars - INFO   - 20260807.122020 - The efficiency of your requests in the last 12 hours is 51% [marsrd]
mars - INFO   - 20260807.122020 - Wind conversion requested by server
mars - INFO   - 20260807.122020 - Transfering 21497043343 bytes
mars - INFO   - 20260807.122021 - ShToGridded: loading Legendre coefficients '/lus/h2resw01/cache/mir/legendre/4/local-T399-GaussianN400-OPT4189816c2e.leg'
mars - INFO   - 20260807.122022 - Deriving U and V from vorticity and divergence
mars - WARN   - 20260807.123232 - Visiting database marsrd : expected 59020, got 47450
mars - INFO   - 20260807.123232 - 47450 fields have been interpolated on 'ac6-131.bullx'
mars - ERROR  - 20260807.123232 - Last error is -43
mars - ERROR  - 20260807.123232 - Expected 59020, got 47450.
mars - ERROR  - 20260807.123232 - Request failed
mars - INFO   - 20260807.123232 - Request time:  wall: 20 min 20 sec  cpu: 11 min 7 sec 
mars - INFO   - 20260807.123232 -   Read from network: 20.02 Gbyte(s) in 18 sec  [1.09 Gbyte/sec] 
mars - INFO   - 20260807.123232 -   Processing in marsrd: wall: 8 min 7 sec 
mars - INFO   - 20260807.123232 -   Visiting marsrd: wall: 20 min 19 sec 
mars - INFO   - 20260807.123232 -   Post-processing: wall: 9 min 29 sec cpu: 8 min 25 sec 
mars - INFO   - 20260807.123232 -   Writing to target file: 64.01 Mbyte(s) in 1 sec  [59.28 Mbyte/sec] cpu: 1 sec 
mars - INFO   - 20260807.123232 - Memory used: 142.70 Mbyte(s)
mars - ERROR  - 20260807.123232 - Some errors reported (last error -1)
grib_to_netcdf: Version 2.47.0
grib_to_netcdf: Processing input file 'mars_ml_short_tail_ABL.grb'.
grib_to_netcdf: Found 47450 GRIB fields in 1 file.
grib_to_netcdf: Ignoring key(s): method, type, stream, refdate, hdate
grib_to_netcdf: Creating netCDF file 'j7fk_short_tail_ABL_ml_20220520_0.nc'
grib_to_netcdf: NetCDF library version: 4.10.0 of Apr  9 2026 13:13:33 $
grib_to_netcdf: Creating large (64 bit) file format.
grib_to_netcdf: Defining variable 'crwc'.
grib_to_netcdf: Defining variable 'p82'.
grib_to_netcdf: Defining variable 'p83'.
grib_to_netcdf: Defining variable 'p84'.
grib_to_netcdf: Defining variable 'p85'.
grib_to_netcdf: Defining variable 'p86'.
grib_to_netcdf: Defining variable 'p87'.
grib_to_netcdf: Defining variable 'p88'.
grib_to_netcdf: Defining variable 'p89'.
grib_to_netcdf: Defining variable 'p90'.
grib_to_netcdf: Defining variable 'p91'.
grib_to_netcdf: Defining variable 'p92'.
grib_to_netcdf: Defining variable 'p93'.
grib_to_netcdf: Defining variable 'p94'.
grib_to_netcdf: Defining variable 'p95'.
grib_to_netcdf: Defining variable 'p96'.
grib_to_netcdf: Defining variable 'p97'.
grib_to_netcdf: Defining variable 'p98'.
grib_to_netcdf: Defining variable 'p99'.
grib_to_netcdf: Defining variable 'p100'.
grib_to_netcdf: Defining variable 'p101'.
grib_to_netcdf: Defining variable 'p102'.
grib_to_netcdf: Defining variable 'p103'.
grib_to_netcdf: Defining variable 'p104'.
grib_to_netcdf: Defining variable 'p105'.
grib_to_netcdf: Defining variable 'p106'.
grib_to_netcdf: Defining variable 'p107'.
grib_to_netcdf: Defining variable 'p108'.
grib_to_netcdf: Defining variable 'p109'.
grib_to_netcdf: Defining variable 'p110'.
grib_to_netcdf: Defining variable 'p111'.
grib_to_netcdf: Defining variable 't'.
grib_to_netcdf: Defining variable 'q'.
grib_to_netcdf: Defining variable 'w'.
grib_to_netcdf: Defining variable 'vo'.
grib_to_netcdf: Defining variable 'lnsp'.
grib_to_netcdf: Defining variable 'd'.
grib_to_netcdf: Defining variable 'u'.
grib_to_netcdf: Defining variable 'v'.
grib_to_netcdf: Defining variable 'clwc'.
grib_to_netcdf: Defining variable 'co2'.
grib_to_netcdf: Defining variable 'ch4'.
grib_to_netcdf: Done.
Model level selected
mars - WARN - 
mars - WARN - 
MIR environment variables:
MIR_CACHE_PATH=/lus/h2resw01/cache:{FILE?/ec/cache.1}/cache:{FILE?/ec/cache.2}/cache
MIR_LSM_NAMED=1km.climate.v013
Using MARS binary: /usr/local/apps/mars/versions/6.34.7.1/bin/mars.bin
mars - INFO   - 20260807.123527 - Welcome to MARS
mars - INFO   - 20260807.123527 - MARS_HOME=/usr/local/apps/mars/configs/prod
mars - INFO   - 20260807.123527 - MARS Client build stamp: 20260623091402
mars - INFO   - 20260807.123527 - MARS Client bundle version: 6.34.7.1
mars - INFO   - 20260807.123527 - package mars-client version: 6.34.7
mars - INFO   - 20260807.123527 - package mir version: 1.23.9
mars - INFO   - 20260807.123527 - package odc version: 1.6.3
mars - INFO   - 20260807.123527 - package fdb version: 5.21.4
mars - INFO   - 20260807.123527 - package metkit version: 1.18.3
mars - INFO   - 20260807.123527 - package eckit version: 2.0.8
mars - INFO   - 20260807.123527 - package eccodes version: 2.47.2
# First retrieve profiles
retrieve,
anoffset=9,
class=rd,
date=20220520,
expver=j7fk,
levelist=1/50/51/52/53/54/55/56/57/58/59/60/61/62/63/64/65/66/67/68/69/70/71/72/73/74/75/76/77/78/79/80/81/82/83/84/85/86/87/88/89/90/91/92/93/94/95/96/97/98/99/100/101/102/103/104/105/106/107/108/109/110/111/112/113/114/115/116/117/118/119/120/121/122/123/124/125/126/127/128/129/130/131/132/133/134/135/136/137,
levtype=ml,
param=75/82/83/84/85/86/87/88/89/90/91/92/93/94/95/96/97/98/99/100/101/102/103/104/105/106/107/108/109/110/111/130/131/132/133/135/138/152/155/246/162100/162101/162104/162105/162106/162107/162109/210061/210062/210123/210181/217026,
step=12/13/14/15/16/17/18/19/20/21/22/23/24,
stream=oper,
time=00:00:00,
type=fc,
grid=0.2/0.2,
area=52.5/4.8/51.5/5.8,
interpolation=grid-box-average,
target="mars_ml_short_tail_ABL.grb"

mars - INFO   - 20260807.123527 - Processing request 1

RETRIEVE,
    CLASS      = RD,
    TYPE       = FC,
    STREAM     = OPER,
    EXPVER     = j7fk,
    REPRES     = SH,
    LEVTYPE    = ML,
    LEVELIST   = 1/50/51/52/53/54/55/56/57/58/59/60/61/62/63/64/65/66/67/68/69/70/71/72/73/74/75/76/77/78/79/80/81/82/83/84/85/86/87/88/89/90/91/92/93/94/95/96/97/98/99/100/101/102/103/104/105/106/107/108/109/110/111/112/113/114/115/116/117/118/119/120/121/122/123/124/125/126/127/128/129/130/131/132/133/134/135/136/137,
    PARAM      = 75/82/83/84/85/86/87/88/89/90/91/92/93/94/95/96/97/98/99/100/101/102/103/104/105/106/107/108/109/110/111/130/131/132/133/135/138/152/155/246/162100/162101/162104/162105/162106/162107/162109/210061/210062/210123/210181/217026,
    DATE       = 20220520,
    TIME       = 0000,
    STEP       = 12/13/14/15/16/17/18/19/20/21/22/23/24,
    DOMAIN     = G,
    TARGET     = "mars_ml_short_tail_ABL.grb",
    RESOL      = AUTO,
    INTERPOLATION = GRID-BOX-AVERAGE,
    AREA       = 52.5/4.8/51.5/5.8,
    GRID       = 0.2/0.2

mars - INFO   - 20260807.123528 - Requesting 59020 fields
mars - INFO   - 20260807.123528 - FDB home /home/fdbprod
mars - INFO   - 20260807.123528 - Setting SO_SNDBUF to 33554432 (32.00 M)
mars - INFO   - 20260807.123528 - Current value is 32768 (32.00 K)
mars - INFO   - 20260807.123528 - Setting SO_RCVBUF to 33554432 (32.00 M)
mars - INFO   - 20260807.123528 - Current value is 43690 (42.67 K)
mars - INFO   - 20260807.123528 - Calling mars on 'marsrd-core', local port is 57897
mars - INFO   - 20260807.123528 - Callback at address 10.100.192.131, port 57897
mars - INFO   - 20260807.123532 - Mars client is on ac6-131.bullx (10.100.192.131) 57897
mars - INFO   - 20260807.123532 - Mars server is on 10.112.4.10 40627
mars - INFO   - 20260807.123532 - Server task is 8916 [marsrd]
mars - INFO   - 20260807.123532 - Request cost: 45,136 fields, 21.9695 Gbytes online, nodes: mvr008 mvr014 [marsrd]
mars - INFO   - 20260807.123532 - The efficiency of your requests in the last 12 hours is 51% [marsrd]
mars - INFO   - 20260807.123532 - Wind conversion requested by server
mars - INFO   - 20260807.123532 - Transfering 23589581138 bytes
mars - INFO   - 20260807.123534 - ShToGridded: loading Legendre coefficients '/lus/h2resw01/cache/mir/legendre/4/local-T399-GaussianN400-OPT4189816c2e.leg'
mars - INFO   - 20260807.123534 - Deriving U and V from vorticity and divergence
mars - WARN   - 20260807.124653 - Visiting database marsrd : expected 59020, got 47450
mars - INFO   - 20260807.124653 - 47450 fields have been interpolated on 'ac6-131.bullx'
mars - ERROR  - 20260807.124653 - Last error is -43
mars - ERROR  - 20260807.124653 - Expected 59020, got 47450.
mars - ERROR  - 20260807.124653 - Request failed
mars - INFO   - 20260807.124653 - Request time:  wall: 11 min 25 sec  cpu: 11 min 13 sec 
mars - INFO   - 20260807.124653 -   Read from network: 21.97 Gbyte(s) in 20 sec  [1.09 Gbyte/sec] 
mars - INFO   - 20260807.124653 -   Processing in marsrd: wall: 4 sec 
mars - INFO   - 20260807.124653 -   Visiting marsrd: wall: 11 min 25 sec 
mars - INFO   - 20260807.124653 -   Post-processing: wall: 8 min 38 sec cpu: 8 min 32 sec 
mars - INFO   - 20260807.124653 -   Writing to target file: 64.58 Mbyte(s) in 1 sec  [60.15 Mbyte/sec] cpu: 1 sec 
mars - INFO   - 20260807.124653 - Memory used: 139.79 Mbyte(s)
mars - ERROR  - 20260807.124653 - Some errors reported (last error -1)
grib_to_netcdf: Version 2.47.0
grib_to_netcdf: Processing input file 'mars_ml_short_tail_ABL.grb'.
grib_to_netcdf: Found 47450 GRIB fields in 1 file.
grib_to_netcdf: Ignoring key(s): method, type, stream, refdate, hdate
grib_to_netcdf: Creating netCDF file 'j7fk_short_tail_ABL_ml_20220520_12.nc'
grib_to_netcdf: NetCDF library version: 4.10.0 of Apr  9 2026 13:13:33 $
grib_to_netcdf: Creating large (64 bit) file format.
grib_to_netcdf: Defining variable 'crwc'.
grib_to_netcdf: Defining variable 'p82'.
grib_to_netcdf: Defining variable 'p83'.
grib_to_netcdf: Defining variable 'p84'.
grib_to_netcdf: Defining variable 'p85'.
grib_to_netcdf: Defining variable 'p86'.
grib_to_netcdf: Defining variable 'p87'.
grib_to_netcdf: Defining variable 'p88'.
grib_to_netcdf: Defining variable 'p89'.
grib_to_netcdf: Defining variable 'p90'.
grib_to_netcdf: Defining variable 'p91'.
grib_to_netcdf: Defining variable 'p92'.
grib_to_netcdf: Defining variable 'p93'.
grib_to_netcdf: Defining variable 'p94'.
grib_to_netcdf: Defining variable 'p95'.
grib_to_netcdf: Defining variable 'p96'.
grib_to_netcdf: Defining variable 'p97'.
grib_to_netcdf: Defining variable 'p98'.
grib_to_netcdf: Defining variable 'p99'.
grib_to_netcdf: Defining variable 'p100'.
grib_to_netcdf: Defining variable 'p101'.
grib_to_netcdf: Defining variable 'p102'.
grib_to_netcdf: Defining variable 'p103'.
grib_to_netcdf: Defining variable 'p104'.
grib_to_netcdf: Defining variable 'p105'.
grib_to_netcdf: Defining variable 'p106'.
grib_to_netcdf: Defining variable 'p107'.
grib_to_netcdf: Defining variable 'p108'.
grib_to_netcdf: Defining variable 'p109'.
grib_to_netcdf: Defining variable 'p110'.
grib_to_netcdf: Defining variable 'p111'.
grib_to_netcdf: Defining variable 't'.
grib_to_netcdf: Defining variable 'q'.
grib_to_netcdf: Defining variable 'w'.
grib_to_netcdf: Defining variable 'vo'.
grib_to_netcdf: Defining variable 'lnsp'.
grib_to_netcdf: Defining variable 'd'.
grib_to_netcdf: Defining variable 'u'.
grib_to_netcdf: Defining variable 'v'.
grib_to_netcdf: Defining variable 'clwc'.
grib_to_netcdf: Defining variable 'co2'.
grib_to_netcdf: Defining variable 'ch4'.
grib_to_netcdf: Done.
python_scripts/processing_IFS/scripts/mars_ghg_fc_automated: line 209: _srf_short_tail_ABL.grb: command not found
python_scripts/processing_IFS/scripts/mars_ghg_fc_automated: line 210: syntax error near unexpected token `fi'
python_scripts/processing_IFS/scripts/mars_ghg_fc_automated: line 210: `      fi'
