[ECMWF-INFO -ecprofile] /usr/bin/bash NON_INTERACTIVE on ac6-186 at 20260807_085148.795, PID: 91882, JOBID: 39344105
[ECMWF-INFO -ecprofile] $SCRATCH=/ec/res4/scratch/paaa
[ECMWF-INFO -ecprofile] $PERM=/perm/paaa
[ECMWF-INFO -ecprofile] $HPCPERM=/ec/res4/hpcperm/paaa
[ECMWF-INFO -ecprofile] $TMPDIR=/etc/ecmwf/ssd/ssd1/tmpdirs/paaa.39344105
[ECMWF-INFO -ecprofile] $SCRATCHDIR=/ec/res4/scratchdir/paaa/1/39344105
base_dir: /scratch/paaa/IFS/netherlands_2
subdomain: netherlands_2
exp_id: j7y2
exp_name: dryMF_49r2b
exp_type: fc
levels: ml
ldiagflx: False
ldiagflx_49r2b: True
ldiagghg: False
levitrac: False
lbud23: False
lead_time: 0
grid: 0.2/0.2
year: 2022
stream: oper
single_day: False
area: 52.5/4.8/51.5/5.8
param_ml: 75/82/83/84/85/86/87/88/89/90/91/92/93/94/95/96/97/98/99/100/101/102/103/104/105/106/107/108/109/110/111/130/131/132/133/135/138/152/155/246/162100/162101/162104/162105/162106/162107/162109/210061/210062/210123/210181/217026
Find your raw data in /scratch/paaa/IFS/netherlands_2/j7y2
Model level selected
mars - WARN - 
mars - WARN - 
MIR environment variables:
MIR_CACHE_PATH=/lus/h2resw01/cache:{FILE?/ec/cache.1}/cache:{FILE?/ec/cache.2}/cache
MIR_LSM_NAMED=1km.climate.v013
Using MARS binary: /usr/local/apps/mars/versions/6.34.7.1/bin/mars.bin
mars - INFO   - 20260807.085156 - Welcome to MARS
mars - INFO   - 20260807.085156 - MARS_HOME=/usr/local/apps/mars/configs/prod
mars - INFO   - 20260807.085156 - MARS Client build stamp: 20260623091402
mars - INFO   - 20260807.085156 - MARS Client bundle version: 6.34.7.1
mars - INFO   - 20260807.085156 - package mars-client version: 6.34.7
mars - INFO   - 20260807.085156 - package mir version: 1.23.9
mars - INFO   - 20260807.085156 - package odc version: 1.6.3
mars - INFO   - 20260807.085156 - package fdb version: 5.21.4
mars - INFO   - 20260807.085156 - package metkit version: 1.18.3
mars - INFO   - 20260807.085156 - package eckit version: 2.0.8
mars - INFO   - 20260807.085156 - package eccodes version: 2.47.2
# First retrieve profiles
retrieve,
anoffset=9,
class=rd,
date=20220515,
expver=j7y2,
levelist=1/50/51/52/53/54/55/56/57/58/59/60/61/62/63/64/65/66/67/68/69/70/71/72/73/74/75/76/77/78/79/80/81/82/83/84/85/86/87/88/89/90/91/92/93/94/95/96/97/98/99/100/101/102/103/104/105/106/107/108/109/110/111/112/113/114/115/116/117/118/119/120/121/122/123/124/125/126/127/128/129/130/131/132/133/134/135/136/137,
levtype=ml,
param=75/82/83/84/85/86/87/88/89/90/91/92/93/94/95/96/97/98/99/100/101/102/103/104/105/106/107/108/109/110/111/130/131/132/133/135/138/152/155/246/162100/162101/162104/162105/162106/162107/162109/210061/210062/210123/210181/217026,
step=0/1/2/3/4/5/6/7/8/9/10/11/12,
stream=oper,
time=00:00:00,
type=fc,
grid=0.2/0.2,
area=52.5/4.8/51.5/5.8,
interpolation=grid-box-average,
target="mars_ml_dryMF_49r2b.grb"

mars - INFO   - 20260807.085157 - Processing request 1

RETRIEVE,
    CLASS      = RD,
    TYPE       = FC,
    STREAM     = OPER,
    EXPVER     = j7y2,
    REPRES     = SH,
    LEVTYPE    = ML,
    LEVELIST   = 1/50/51/52/53/54/55/56/57/58/59/60/61/62/63/64/65/66/67/68/69/70/71/72/73/74/75/76/77/78/79/80/81/82/83/84/85/86/87/88/89/90/91/92/93/94/95/96/97/98/99/100/101/102/103/104/105/106/107/108/109/110/111/112/113/114/115/116/117/118/119/120/121/122/123/124/125/126/127/128/129/130/131/132/133/134/135/136/137,
    PARAM      = 75/82/83/84/85/86/87/88/89/90/91/92/93/94/95/96/97/98/99/100/101/102/103/104/105/106/107/108/109/110/111/130/131/132/133/135/138/152/155/246/162100/162101/162104/162105/162106/162107/162109/210061/210062/210123/210181/217026,
    DATE       = 20220515,
    TIME       = 0000,
    STEP       = 0/1/2/3/4/5/6/7/8/9/10/11/12,
    DOMAIN     = G,
    TARGET     = "mars_ml_dryMF_49r2b.grb",
    RESOL      = AUTO,
    INTERPOLATION = GRID-BOX-AVERAGE,
    AREA       = 52.5/4.8/51.5/5.8,
    GRID       = 0.2/0.2

mars - INFO   - 20260807.085157 - Requesting 59020 fields
mars - INFO   - 20260807.085157 - FDB home /home/fdbprod
mars - INFO   - 20260807.085157 - Setting SO_SNDBUF to 33554432 (32.00 M)
mars - INFO   - 20260807.085157 - Current value is 32768 (32.00 K)
mars - INFO   - 20260807.085157 - Setting SO_RCVBUF to 33554432 (32.00 M)
mars - INFO   - 20260807.085157 - Current value is 43690 (42.67 K)
mars - INFO   - 20260807.085157 - Calling mars on 'marsrd-core', local port is 39227
mars - INFO   - 20260807.085157 - Callback at address 10.100.192.186, port 39227
mars - INFO   - 20260807.085157 - Mars client is on ac6-186.bullx (10.100.192.186) 39227
mars - INFO   - 20260807.085157 - Mars server is on 10.112.4.10 55973
mars - INFO   - 20260807.085157 - Server task is 7889 [marsrd]
mars - INFO   - 20260807.085157 - Request cost: 45,136 fields, 20.08 Gbytes on 1 tape, nodes: hpss, libraries: ibmlib09_70 [marsrd]
mars - INFO   - 20260807.085157 - The efficiency of your requests in the last 12 hours is 100% [marsrd]
mars - INFO   - 20260807.085157 - Wind conversion requested by server
mars - INFO   - 20260807.085429 - Transfering 21560765491 bytes
mars - INFO   - 20260807.085429 - ShToGridded: loading Legendre coefficients '/lus/h2resw01/cache/mir/legendre/4/local-T399-GaussianN400-OPT4189816c2e.leg'
mars - INFO   - 20260807.085431 - Deriving U and V from vorticity and divergence
mars - WARN   - 20260807.090904 - Visiting database marsrd : expected 59020, got 47450
mars - INFO   - 20260807.090904 - 47450 fields have been interpolated on 'ac6-186.bullx'
mars - ERROR  - 20260807.090904 - Last error is -43
mars - ERROR  - 20260807.090904 - Expected 59020, got 47450.
mars - ERROR  - 20260807.090904 - Request failed
mars - INFO   - 20260807.090904 - Request time:  wall: 17 min 7 sec  cpu: 14 min 17 sec 
mars - INFO   - 20260807.090904 -   Read from network: 20.08 Gbyte(s) in 19 sec  [1.05 Gbyte/sec] 
mars - INFO   - 20260807.090904 -   Processing in marsrd: wall: 2 min 31 sec 
mars - INFO   - 20260807.090904 -   Visiting marsrd: wall: 17 min 7 sec 
mars - INFO   - 20260807.090904 -   Post-processing: wall: 11 min 8 sec cpu: 10 min 52 sec 
mars - INFO   - 20260807.090904 -   Writing to target file: 63.55 Mbyte(s) in 1 sec  [57.79 Mbyte/sec] cpu: 1 sec 
mars - INFO   - 20260807.090904 - Memory used: 139.10 Mbyte(s)
mars - ERROR  - 20260807.090904 - Some errors reported (last error -1)
grib_to_netcdf: Version 2.47.0
grib_to_netcdf: Processing input file 'mars_ml_dryMF_49r2b.grb'.
grib_to_netcdf: Found 47450 GRIB fields in 1 file.
grib_to_netcdf: Ignoring key(s): method, type, stream, refdate, hdate
grib_to_netcdf: Creating netCDF file 'j7y2_dryMF_49r2b_ml_20220515_0.nc'
grib_to_netcdf: NetCDF library version: 4.10.0 of Apr  9 2026 13:13:33 $
grib_to_netcdf: Creating large (64 bit) file format.
grib_to_netcdf: Defining variable 'crwc'.
grib_to_netcdf: Defining variable 'p82'.
grib_to_netcdf: Defining variable 'p83'.
grib_to_netcdf: Defining variable 'p84'.
grib_to_netcdf: Defining variable 'p85'.
grib_to_netcdf: Defining variable 'p86'.
grib_to_netcdf: Defining variable 'p87'.
grib_to_netcdf: Defining variable 'p88'.
grib_to_netcdf: Defining variable 'p89'.
grib_to_netcdf: Defining variable 'p90'.
grib_to_netcdf: Defining variable 'p91'.
grib_to_netcdf: Defining variable 'p92'.
grib_to_netcdf: Defining variable 'p93'.
grib_to_netcdf: Defining variable 'p94'.
grib_to_netcdf: Defining variable 'p95'.
grib_to_netcdf: Defining variable 'p96'.
grib_to_netcdf: Defining variable 'p97'.
grib_to_netcdf: Defining variable 'p98'.
grib_to_netcdf: Defining variable 'p99'.
grib_to_netcdf: Defining variable 'p100'.
grib_to_netcdf: Defining variable 'p101'.
grib_to_netcdf: Defining variable 'p102'.
grib_to_netcdf: Defining variable 'p103'.
grib_to_netcdf: Defining variable 'p104'.
grib_to_netcdf: Defining variable 'p105'.
grib_to_netcdf: Defining variable 'p106'.
grib_to_netcdf: Defining variable 'p107'.
grib_to_netcdf: Defining variable 'p108'.
grib_to_netcdf: Defining variable 'p109'.
grib_to_netcdf: Defining variable 'p110'.
grib_to_netcdf: Defining variable 'p111'.
grib_to_netcdf: Defining variable 't'.
grib_to_netcdf: Defining variable 'q'.
grib_to_netcdf: Defining variable 'w'.
grib_to_netcdf: Defining variable 'vo'.
grib_to_netcdf: Defining variable 'lnsp'.
grib_to_netcdf: Defining variable 'd'.
grib_to_netcdf: Defining variable 'u'.
grib_to_netcdf: Defining variable 'v'.
grib_to_netcdf: Defining variable 'clwc'.
grib_to_netcdf: Defining variable 'co2'.
grib_to_netcdf: Defining variable 'ch4'.
grib_to_netcdf: Done.
Model level selected
mars - WARN - 
mars - WARN - 
MIR environment variables:
MIR_CACHE_PATH=/lus/h2resw01/cache:{FILE?/ec/cache.1}/cache:{FILE?/ec/cache.2}/cache
MIR_LSM_NAMED=1km.climate.v013
Using MARS binary: /usr/local/apps/mars/versions/6.34.7.1/bin/mars.bin
mars - INFO   - 20260807.091239 - Welcome to MARS
mars - INFO   - 20260807.091239 - MARS_HOME=/usr/local/apps/mars/configs/prod
mars - INFO   - 20260807.091239 - MARS Client build stamp: 20260623091402
mars - INFO   - 20260807.091239 - MARS Client bundle version: 6.34.7.1
mars - INFO   - 20260807.091239 - package mars-client version: 6.34.7
mars - INFO   - 20260807.091239 - package mir version: 1.23.9
mars - INFO   - 20260807.091239 - package odc version: 1.6.3
mars - INFO   - 20260807.091239 - package fdb version: 5.21.4
mars - INFO   - 20260807.091239 - package metkit version: 1.18.3
mars - INFO   - 20260807.091239 - package eckit version: 2.0.8
mars - INFO   - 20260807.091239 - package eccodes version: 2.47.2
# First retrieve profiles
retrieve,
anoffset=9,
class=rd,
date=20220515,
expver=j7y2,
levelist=1/50/51/52/53/54/55/56/57/58/59/60/61/62/63/64/65/66/67/68/69/70/71/72/73/74/75/76/77/78/79/80/81/82/83/84/85/86/87/88/89/90/91/92/93/94/95/96/97/98/99/100/101/102/103/104/105/106/107/108/109/110/111/112/113/114/115/116/117/118/119/120/121/122/123/124/125/126/127/128/129/130/131/132/133/134/135/136/137,
levtype=ml,
param=75/82/83/84/85/86/87/88/89/90/91/92/93/94/95/96/97/98/99/100/101/102/103/104/105/106/107/108/109/110/111/130/131/132/133/135/138/152/155/246/162100/162101/162104/162105/162106/162107/162109/210061/210062/210123/210181/217026,
step=12/13/14/15/16/17/18/19/20/21/22/23/24,
stream=oper,
time=00:00:00,
type=fc,
grid=0.2/0.2,
area=52.5/4.8/51.5/5.8,
interpolation=grid-box-average,
target="mars_ml_dryMF_49r2b.grb"

mars - INFO   - 20260807.091240 - Processing request 1

RETRIEVE,
    CLASS      = RD,
    TYPE       = FC,
    STREAM     = OPER,
    EXPVER     = j7y2,
    REPRES     = SH,
    LEVTYPE    = ML,
    LEVELIST   = 1/50/51/52/53/54/55/56/57/58/59/60/61/62/63/64/65/66/67/68/69/70/71/72/73/74/75/76/77/78/79/80/81/82/83/84/85/86/87/88/89/90/91/92/93/94/95/96/97/98/99/100/101/102/103/104/105/106/107/108/109/110/111/112/113/114/115/116/117/118/119/120/121/122/123/124/125/126/127/128/129/130/131/132/133/134/135/136/137,
    PARAM      = 75/82/83/84/85/86/87/88/89/90/91/92/93/94/95/96/97/98/99/100/101/102/103/104/105/106/107/108/109/110/111/130/131/132/133/135/138/152/155/246/162100/162101/162104/162105/162106/162107/162109/210061/210062/210123/210181/217026,
    DATE       = 20220515,
    TIME       = 0000,
    STEP       = 12/13/14/15/16/17/18/19/20/21/22/23/24,
    DOMAIN     = G,
    TARGET     = "mars_ml_dryMF_49r2b.grb",
    RESOL      = AUTO,
    INTERPOLATION = GRID-BOX-AVERAGE,
    AREA       = 52.5/4.8/51.5/5.8,
    GRID       = 0.2/0.2

mars - INFO   - 20260807.091240 - Requesting 59020 fields
mars - INFO   - 20260807.091240 - FDB home /home/fdbprod
mars - INFO   - 20260807.091240 - Setting SO_SNDBUF to 33554432 (32.00 M)
mars - INFO   - 20260807.091240 - Current value is 32768 (32.00 K)
mars - INFO   - 20260807.091240 - Setting SO_RCVBUF to 33554432 (32.00 M)
mars - INFO   - 20260807.091240 - Current value is 43690 (42.67 K)
mars - INFO   - 20260807.091240 - Calling mars on 'marsrd-core', local port is 44097
mars - INFO   - 20260807.091240 - Callback at address 10.100.192.186, port 44097
mars - INFO   - 20260807.091243 - Mars client is on ac6-186.bullx (10.100.192.186) 44097
mars - INFO   - 20260807.091243 - Mars server is on 10.112.4.10 36591
mars - INFO   - 20260807.091243 - Server task is 3179 [marsrd]
mars - INFO   - 20260807.091243 - Request cost: 45,136 fields, 1.67273 Gbytes online, 20.5465 Gbytes on 1 tape, nodes: hpss mvr000, libraries: ibmlib09_70 [marsrd]
mars - INFO   - 20260807.091243 - The efficiency of your requests in the last 12 hours is 100% [marsrd]
mars - INFO   - 20260807.091243 - Wind conversion requested by server
mars - INFO   - 20260807.091539 - Transfering 23857677078 bytes
mars - INFO   - 20260807.091540 - ShToGridded: loading Legendre coefficients '/lus/h2resw01/cache/mir/legendre/4/local-T399-GaussianN400-OPT4189816c2e.leg'
mars - INFO   - 20260807.091541 - Deriving U and V from vorticity and divergence
mars - WARN   - 20260807.093003 - Visiting database marsrd : expected 59020, got 47450
mars - INFO   - 20260807.093003 - 47450 fields have been interpolated on 'ac6-186.bullx'
mars - ERROR  - 20260807.093003 - Last error is -43
mars - ERROR  - 20260807.093003 - Expected 59020, got 47450.
mars - ERROR  - 20260807.093003 - Request failed
mars - INFO   - 20260807.093003 - Request time:  wall: 17 min 24 sec  cpu: 14 min 13 sec 
mars - INFO   - 20260807.093003 -   Read from network: 22.22 Gbyte(s) in 19 sec  [1.15 Gbyte/sec] 
mars - INFO   - 20260807.093003 -   Processing in marsrd: wall: 2 min 58 sec 
mars - INFO   - 20260807.093003 -   Visiting marsrd: wall: 17 min 23 sec 
mars - INFO   - 20260807.093003 -   Post-processing: wall: 11 min 2 sec cpu: 10 min 52 sec 
mars - INFO   - 20260807.093003 -   Writing to target file: 64.00 Mbyte(s) in 1 sec  [58.37 Mbyte/sec] cpu: 1 sec 
mars - INFO   - 20260807.093003 - Memory used: 140.93 Mbyte(s)
mars - ERROR  - 20260807.093003 - Some errors reported (last error -1)
grib_to_netcdf: Version 2.47.0
grib_to_netcdf: Processing input file 'mars_ml_dryMF_49r2b.grb'.
grib_to_netcdf: Found 47450 GRIB fields in 1 file.
grib_to_netcdf: Ignoring key(s): method, type, stream, refdate, hdate
grib_to_netcdf: Creating netCDF file 'j7y2_dryMF_49r2b_ml_20220515_12.nc'
grib_to_netcdf: NetCDF library version: 4.10.0 of Apr  9 2026 13:13:33 $
grib_to_netcdf: Creating large (64 bit) file format.
grib_to_netcdf: Defining variable 'crwc'.
grib_to_netcdf: Defining variable 'p82'.
grib_to_netcdf: Defining variable 'p83'.
grib_to_netcdf: Defining variable 'p84'.
grib_to_netcdf: Defining variable 'p85'.
grib_to_netcdf: Defining variable 'p86'.
grib_to_netcdf: Defining variable 'p87'.
grib_to_netcdf: Defining variable 'p88'.
grib_to_netcdf: Defining variable 'p89'.
grib_to_netcdf: Defining variable 'p90'.
grib_to_netcdf: Defining variable 'p91'.
grib_to_netcdf: Defining variable 'p92'.
grib_to_netcdf: Defining variable 'p93'.
grib_to_netcdf: Defining variable 'p94'.
grib_to_netcdf: Defining variable 'p95'.
grib_to_netcdf: Defining variable 'p96'.
grib_to_netcdf: Defining variable 'p97'.
grib_to_netcdf: Defining variable 'p98'.
grib_to_netcdf: Defining variable 'p99'.
grib_to_netcdf: Defining variable 'p100'.
grib_to_netcdf: Defining variable 'p101'.
grib_to_netcdf: Defining variable 'p102'.
grib_to_netcdf: Defining variable 'p103'.
grib_to_netcdf: Defining variable 'p104'.
grib_to_netcdf: Defining variable 'p105'.
grib_to_netcdf: Defining variable 'p106'.
grib_to_netcdf: Defining variable 'p107'.
grib_to_netcdf: Defining variable 'p108'.
grib_to_netcdf: Defining variable 'p109'.
grib_to_netcdf: Defining variable 'p110'.
grib_to_netcdf: Defining variable 'p111'.
grib_to_netcdf: Defining variable 't'.
grib_to_netcdf: Defining variable 'q'.
grib_to_netcdf: Defining variable 'w'.
grib_to_netcdf: Defining variable 'vo'.
grib_to_netcdf: Defining variable 'lnsp'.
grib_to_netcdf: Defining variable 'd'.
grib_to_netcdf: Defining variable 'u'.
grib_to_netcdf: Defining variable 'v'.
grib_to_netcdf: Defining variable 'clwc'.
grib_to_netcdf: Defining variable 'co2'.
grib_to_netcdf: Defining variable 'ch4'.
grib_to_netcdf: Done.
Model level selected
mars - WARN - 
mars - WARN - 
MIR environment variables:
MIR_CACHE_PATH=/lus/h2resw01/cache:{FILE?/ec/cache.1}/cache:{FILE?/ec/cache.2}/cache
MIR_LSM_NAMED=1km.climate.v013
Using MARS binary: /usr/local/apps/mars/versions/6.34.7.1/bin/mars.bin
mars - INFO   - 20260807.093327 - Welcome to MARS
mars - INFO   - 20260807.093327 - MARS_HOME=/usr/local/apps/mars/configs/prod
mars - INFO   - 20260807.093327 - MARS Client build stamp: 20260623091402
mars - INFO   - 20260807.093327 - MARS Client bundle version: 6.34.7.1
mars - INFO   - 20260807.093327 - package mars-client version: 6.34.7
mars - INFO   - 20260807.093327 - package mir version: 1.23.9
mars - INFO   - 20260807.093327 - package odc version: 1.6.3
mars - INFO   - 20260807.093327 - package fdb version: 5.21.4
mars - INFO   - 20260807.093327 - package metkit version: 1.18.3
mars - INFO   - 20260807.093327 - package eckit version: 2.0.8
mars - INFO   - 20260807.093327 - package eccodes version: 2.47.2
# First retrieve profiles
retrieve,
anoffset=9,
class=rd,
date=20220516,
expver=j7y2,
levelist=1/50/51/52/53/54/55/56/57/58/59/60/61/62/63/64/65/66/67/68/69/70/71/72/73/74/75/76/77/78/79/80/81/82/83/84/85/86/87/88/89/90/91/92/93/94/95/96/97/98/99/100/101/102/103/104/105/106/107/108/109/110/111/112/113/114/115/116/117/118/119/120/121/122/123/124/125/126/127/128/129/130/131/132/133/134/135/136/137,
levtype=ml,
param=75/82/83/84/85/86/87/88/89/90/91/92/93/94/95/96/97/98/99/100/101/102/103/104/105/106/107/108/109/110/111/130/131/132/133/135/138/152/155/246/162100/162101/162104/162105/162106/162107/162109/210061/210062/210123/210181/217026,
step=0/1/2/3/4/5/6/7/8/9/10/11/12,
stream=oper,
time=00:00:00,
type=fc,
grid=0.2/0.2,
area=52.5/4.8/51.5/5.8,
interpolation=grid-box-average,
target="mars_ml_dryMF_49r2b.grb"

mars - INFO   - 20260807.093327 - Processing request 1

RETRIEVE,
    CLASS      = RD,
    TYPE       = FC,
    STREAM     = OPER,
    EXPVER     = j7y2,
    REPRES     = SH,
    LEVTYPE    = ML,
    LEVELIST   = 1/50/51/52/53/54/55/56/57/58/59/60/61/62/63/64/65/66/67/68/69/70/71/72/73/74/75/76/77/78/79/80/81/82/83/84/85/86/87/88/89/90/91/92/93/94/95/96/97/98/99/100/101/102/103/104/105/106/107/108/109/110/111/112/113/114/115/116/117/118/119/120/121/122/123/124/125/126/127/128/129/130/131/132/133/134/135/136/137,
    PARAM      = 75/82/83/84/85/86/87/88/89/90/91/92/93/94/95/96/97/98/99/100/101/102/103/104/105/106/107/108/109/110/111/130/131/132/133/135/138/152/155/246/162100/162101/162104/162105/162106/162107/162109/210061/210062/210123/210181/217026,
    DATE       = 20220516,
    TIME       = 0000,
    STEP       = 0/1/2/3/4/5/6/7/8/9/10/11/12,
    DOMAIN     = G,
    TARGET     = "mars_ml_dryMF_49r2b.grb",
    RESOL      = AUTO,
    INTERPOLATION = GRID-BOX-AVERAGE,
    AREA       = 52.5/4.8/51.5/5.8,
    GRID       = 0.2/0.2

mars - INFO   - 20260807.093327 - Requesting 59020 fields
mars - INFO   - 20260807.093327 - FDB home /home/fdbprod
mars - INFO   - 20260807.093328 - Setting SO_SNDBUF to 33554432 (32.00 M)
mars - INFO   - 20260807.093328 - Current value is 32768 (32.00 K)
mars - INFO   - 20260807.093328 - Setting SO_RCVBUF to 33554432 (32.00 M)
mars - INFO   - 20260807.093328 - Current value is 43690 (42.67 K)
mars - INFO   - 20260807.093328 - Calling mars on 'marsrd-core', local port is 35129
mars - INFO   - 20260807.093328 - Callback at address 10.100.192.186, port 35129
mars - INFO   - 20260807.093328 - Mars client is on ac6-186.bullx (10.100.192.186) 35129
mars - INFO   - 20260807.093328 - Mars server is on 10.112.4.10 55767
mars - INFO   - 20260807.093328 - Server task is 8021 [marsrd]
mars - INFO   - 20260807.093328 - Request cost: 45,136 fields, 20.2603 Gbytes on 1 tape, nodes: hpss, libraries: ibmlib09_70 [marsrd]
mars - INFO   - 20260807.093328 - The efficiency of your requests in the last 12 hours is 100% [marsrd]
mars - INFO   - 20260807.093328 - Wind conversion requested by server
mars - INFO   - 20260807.093539 - Transfering 21754302753 bytes
mars - INFO   - 20260807.093539 - ShToGridded: loading Legendre coefficients '/lus/h2resw01/cache/mir/legendre/4/local-T399-GaussianN400-OPT4189816c2e.leg'
mars - INFO   - 20260807.093540 - Deriving U and V from vorticity and divergence
mars - WARN   - 20260807.094936 - Visiting database marsrd : expected 59020, got 47450
mars - INFO   - 20260807.094936 - 47450 fields have been interpolated on 'ac6-186.bullx'
mars - ERROR  - 20260807.094936 - Last error is -43
mars - ERROR  - 20260807.094936 - Expected 59020, got 47450.
mars - ERROR  - 20260807.094936 - Request failed
mars - INFO   - 20260807.094936 - Request time:  wall: 16 min 9 sec  cpu: 13 min 38 sec 
mars - INFO   - 20260807.094936 -   Read from network: 20.26 Gbyte(s) in 18 sec  [1.16 Gbyte/sec] 
mars - INFO   - 20260807.094936 -   Processing in marsrd: wall: 2 min 11 sec 
mars - INFO   - 20260807.094936 -   Visiting marsrd: wall: 16 min 8 sec 
mars - INFO   - 20260807.094936 -   Post-processing: wall: 10 min 43 sec cpu: 10 min 25 sec 
mars - INFO   - 20260807.094936 -   Writing to target file: 63.97 Mbyte(s) in 1 sec  [62.66 Mbyte/sec] 
mars - INFO   - 20260807.094936 - Memory used: 140.74 Mbyte(s)
mars - ERROR  - 20260807.094936 - Some errors reported (last error -1)
grib_to_netcdf: Version 2.47.0
grib_to_netcdf: Processing input file 'mars_ml_dryMF_49r2b.grb'.
grib_to_netcdf: Found 47450 GRIB fields in 1 file.
grib_to_netcdf: Ignoring key(s): method, type, stream, refdate, hdate
grib_to_netcdf: Creating netCDF file 'j7y2_dryMF_49r2b_ml_20220516_0.nc'
grib_to_netcdf: NetCDF library version: 4.10.0 of Apr  9 2026 13:13:33 $
grib_to_netcdf: Creating large (64 bit) file format.
grib_to_netcdf: Defining variable 'crwc'.
grib_to_netcdf: Defining variable 'p82'.
grib_to_netcdf: Defining variable 'p83'.
grib_to_netcdf: Defining variable 'p84'.
grib_to_netcdf: Defining variable 'p85'.
grib_to_netcdf: Defining variable 'p86'.
grib_to_netcdf: Defining variable 'p87'.
grib_to_netcdf: Defining variable 'p88'.
grib_to_netcdf: Defining variable 'p89'.
grib_to_netcdf: Defining variable 'p90'.
grib_to_netcdf: Defining variable 'p91'.
grib_to_netcdf: Defining variable 'p92'.
grib_to_netcdf: Defining variable 'p93'.
grib_to_netcdf: Defining variable 'p94'.
grib_to_netcdf: Defining variable 'p95'.
grib_to_netcdf: Defining variable 'p96'.
grib_to_netcdf: Defining variable 'p97'.
grib_to_netcdf: Defining variable 'p98'.
grib_to_netcdf: Defining variable 'p99'.
grib_to_netcdf: Defining variable 'p100'.
grib_to_netcdf: Defining variable 'p101'.
grib_to_netcdf: Defining variable 'p102'.
grib_to_netcdf: Defining variable 'p103'.
grib_to_netcdf: Defining variable 'p104'.
grib_to_netcdf: Defining variable 'p105'.
grib_to_netcdf: Defining variable 'p106'.
grib_to_netcdf: Defining variable 'p107'.
grib_to_netcdf: Defining variable 'p108'.
grib_to_netcdf: Defining variable 'p109'.
grib_to_netcdf: Defining variable 'p110'.
grib_to_netcdf: Defining variable 'p111'.
grib_to_netcdf: Defining variable 't'.
grib_to_netcdf: Defining variable 'q'.
grib_to_netcdf: Defining variable 'w'.
grib_to_netcdf: Defining variable 'vo'.
grib_to_netcdf: Defining variable 'lnsp'.
grib_to_netcdf: Defining variable 'd'.
grib_to_netcdf: Defining variable 'u'.
grib_to_netcdf: Defining variable 'v'.
grib_to_netcdf: Defining variable 'clwc'.
grib_to_netcdf: Defining variable 'co2'.
grib_to_netcdf: Defining variable 'ch4'.
grib_to_netcdf: Done.
Model level selected
mars - WARN - 
mars - WARN - 
MIR environment variables:
MIR_CACHE_PATH=/lus/h2resw01/cache:{FILE?/ec/cache.1}/cache:{FILE?/ec/cache.2}/cache
MIR_LSM_NAMED=1km.climate.v013
Using MARS binary: /usr/local/apps/mars/versions/6.34.7.1/bin/mars.bin
mars - INFO   - 20260807.095316 - Welcome to MARS
mars - INFO   - 20260807.095316 - MARS_HOME=/usr/local/apps/mars/configs/prod
mars - INFO   - 20260807.095316 - MARS Client build stamp: 20260623091402
mars - INFO   - 20260807.095316 - MARS Client bundle version: 6.34.7.1
mars - INFO   - 20260807.095316 - package mars-client version: 6.34.7
mars - INFO   - 20260807.095316 - package mir version: 1.23.9
mars - INFO   - 20260807.095316 - package odc version: 1.6.3
mars - INFO   - 20260807.095316 - package fdb version: 5.21.4
mars - INFO   - 20260807.095316 - package metkit version: 1.18.3
mars - INFO   - 20260807.095316 - package eckit version: 2.0.8
mars - INFO   - 20260807.095316 - package eccodes version: 2.47.2
# First retrieve profiles
retrieve,
anoffset=9,
class=rd,
date=20220516,
expver=j7y2,
levelist=1/50/51/52/53/54/55/56/57/58/59/60/61/62/63/64/65/66/67/68/69/70/71/72/73/74/75/76/77/78/79/80/81/82/83/84/85/86/87/88/89/90/91/92/93/94/95/96/97/98/99/100/101/102/103/104/105/106/107/108/109/110/111/112/113/114/115/116/117/118/119/120/121/122/123/124/125/126/127/128/129/130/131/132/133/134/135/136/137,
levtype=ml,
param=75/82/83/84/85/86/87/88/89/90/91/92/93/94/95/96/97/98/99/100/101/102/103/104/105/106/107/108/109/110/111/130/131/132/133/135/138/152/155/246/162100/162101/162104/162105/162106/162107/162109/210061/210062/210123/210181/217026,
step=12/13/14/15/16/17/18/19/20/21/22/23/24,
stream=oper,
time=00:00:00,
type=fc,
grid=0.2/0.2,
area=52.5/4.8/51.5/5.8,
interpolation=grid-box-average,
target="mars_ml_dryMF_49r2b.grb"

mars - INFO   - 20260807.095316 - Processing request 1

RETRIEVE,
    CLASS      = RD,
    TYPE       = FC,
    STREAM     = OPER,
    EXPVER     = j7y2,
    REPRES     = SH,
    LEVTYPE    = ML,
    LEVELIST   = 1/50/51/52/53/54/55/56/57/58/59/60/61/62/63/64/65/66/67/68/69/70/71/72/73/74/75/76/77/78/79/80/81/82/83/84/85/86/87/88/89/90/91/92/93/94/95/96/97/98/99/100/101/102/103/104/105/106/107/108/109/110/111/112/113/114/115/116/117/118/119/120/121/122/123/124/125/126/127/128/129/130/131/132/133/134/135/136/137,
    PARAM      = 75/82/83/84/85/86/87/88/89/90/91/92/93/94/95/96/97/98/99/100/101/102/103/104/105/106/107/108/109/110/111/130/131/132/133/135/138/152/155/246/162100/162101/162104/162105/162106/162107/162109/210061/210062/210123/210181/217026,
    DATE       = 20220516,
    TIME       = 0000,
    STEP       = 12/13/14/15/16/17/18/19/20/21/22/23/24,
    DOMAIN     = G,
    TARGET     = "mars_ml_dryMF_49r2b.grb",
    RESOL      = AUTO,
    INTERPOLATION = GRID-BOX-AVERAGE,
    AREA       = 52.5/4.8/51.5/5.8,
    GRID       = 0.2/0.2

mars - INFO   - 20260807.095316 - Requesting 59020 fields
mars - INFO   - 20260807.095316 - FDB home /home/fdbprod
mars - INFO   - 20260807.095317 - Setting SO_SNDBUF to 33554432 (32.00 M)
mars - INFO   - 20260807.095317 - Current value is 32768 (32.00 K)
mars - INFO   - 20260807.095317 - Setting SO_RCVBUF to 33554432 (32.00 M)
mars - INFO   - 20260807.095317 - Current value is 43690 (42.67 K)
mars - INFO   - 20260807.095317 - Calling mars on 'marsrd-core', local port is 35439
mars - INFO   - 20260807.095317 - Callback at address 10.100.192.186, port 35439
mars - INFO   - 20260807.095318 - Mars client is on ac6-186.bullx (10.100.192.186) 35439
mars - INFO   - 20260807.095318 - Mars server is on 10.112.4.10 55827
mars - INFO   - 20260807.095318 - Server task is 162 [marsrd]
mars - INFO   - 20260807.095318 - Request cost: 45,136 fields, 1.68346 Gbytes online, 20.6441 Gbytes on 1 tape, nodes: hpss mvr000, libraries: ibmlib09_70 [marsrd]
mars - INFO   - 20260807.095318 - The efficiency of your requests in the last 12 hours is 100% [marsrd]
mars - INFO   - 20260807.095318 - Wind conversion requested by server
mars - INFO   - 20260807.095650 - Transfering 23974003643 bytes
mars - INFO   - 20260807.095651 - ShToGridded: loading Legendre coefficients '/lus/h2resw01/cache/mir/legendre/4/local-T399-GaussianN400-OPT4189816c2e.leg'
mars - INFO   - 20260807.095652 - Deriving U and V from vorticity and divergence
mars - WARN   - 20260807.101220 - Visiting database marsrd : expected 59020, got 47450
mars - INFO   - 20260807.101220 - 47450 fields have been interpolated on 'ac6-186.bullx'
mars - ERROR  - 20260807.101220 - Last error is -43
mars - ERROR  - 20260807.101220 - Expected 59020, got 47450.
mars - ERROR  - 20260807.101220 - Request failed
mars - INFO   - 20260807.101220 - Request time:  wall: 19 min 4 sec  cpu: 14 min 30 sec 
mars - INFO   - 20260807.101220 -   Read from network: 22.33 Gbyte(s) in 20 sec  [1.12 Gbyte/sec] 
mars - INFO   - 20260807.101220 -   Processing in marsrd: wall: 3 min 33 sec 
mars - INFO   - 20260807.101220 -   Visiting marsrd: wall: 19 min 4 sec 
mars - INFO   - 20260807.101220 -   Post-processing: wall: 12 min 3 sec cpu: 11 min 5 sec 
mars - INFO   - 20260807.101220 -   Writing to target file: 64.46 Mbyte(s) in 1 sec  [64.45 Mbyte/sec] 
mars - INFO   - 20260807.101220 - Memory used: 139.18 Mbyte(s)
mars - ERROR  - 20260807.101220 - Some errors reported (last error -1)
grib_to_netcdf: Version 2.47.0
grib_to_netcdf: Processing input file 'mars_ml_dryMF_49r2b.grb'.
grib_to_netcdf: Found 47450 GRIB fields in 1 file.
grib_to_netcdf: Ignoring key(s): method, type, stream, refdate, hdate
grib_to_netcdf: Creating netCDF file 'j7y2_dryMF_49r2b_ml_20220516_12.nc'
grib_to_netcdf: NetCDF library version: 4.10.0 of Apr  9 2026 13:13:33 $
grib_to_netcdf: Creating large (64 bit) file format.
grib_to_netcdf: Defining variable 'crwc'.
grib_to_netcdf: Defining variable 'p82'.
grib_to_netcdf: Defining variable 'p83'.
grib_to_netcdf: Defining variable 'p84'.
grib_to_netcdf: Defining variable 'p85'.
grib_to_netcdf: Defining variable 'p86'.
grib_to_netcdf: Defining variable 'p87'.
grib_to_netcdf: Defining variable 'p88'.
grib_to_netcdf: Defining variable 'p89'.
grib_to_netcdf: Defining variable 'p90'.
grib_to_netcdf: Defining variable 'p91'.
grib_to_netcdf: Defining variable 'p92'.
grib_to_netcdf: Defining variable 'p93'.
grib_to_netcdf: Defining variable 'p94'.
grib_to_netcdf: Defining variable 'p95'.
grib_to_netcdf: Defining variable 'p96'.
grib_to_netcdf: Defining variable 'p97'.
grib_to_netcdf: Defining variable 'p98'.
grib_to_netcdf: Defining variable 'p99'.
grib_to_netcdf: Defining variable 'p100'.
grib_to_netcdf: Defining variable 'p101'.
grib_to_netcdf: Defining variable 'p102'.
grib_to_netcdf: Defining variable 'p103'.
grib_to_netcdf: Defining variable 'p104'.
grib_to_netcdf: Defining variable 'p105'.
grib_to_netcdf: Defining variable 'p106'.
grib_to_netcdf: Defining variable 'p107'.
grib_to_netcdf: Defining variable 'p108'.
grib_to_netcdf: Defining variable 'p109'.
grib_to_netcdf: Defining variable 'p110'.
grib_to_netcdf: Defining variable 'p111'.
grib_to_netcdf: Defining variable 't'.
grib_to_netcdf: Defining variable 'q'.
grib_to_netcdf: Defining variable 'w'.
grib_to_netcdf: Defining variable 'vo'.
grib_to_netcdf: Defining variable 'lnsp'.
grib_to_netcdf: Defining variable 'd'.
grib_to_netcdf: Defining variable 'u'.
grib_to_netcdf: Defining variable 'v'.
grib_to_netcdf: Defining variable 'clwc'.
grib_to_netcdf: Defining variable 'co2'.
grib_to_netcdf: Defining variable 'ch4'.
grib_to_netcdf: Done.
Model level selected
mars - WARN - 
mars - WARN - 
MIR environment variables:
MIR_CACHE_PATH=/lus/h2resw01/cache:{FILE?/ec/cache.1}/cache:{FILE?/ec/cache.2}/cache
MIR_LSM_NAMED=1km.climate.v013
Using MARS binary: /usr/local/apps/mars/versions/6.34.7.1/bin/mars.bin
mars - INFO   - 20260807.101615 - Welcome to MARS
mars - INFO   - 20260807.101615 - MARS_HOME=/usr/local/apps/mars/configs/prod
mars - INFO   - 20260807.101615 - MARS Client build stamp: 20260623091402
mars - INFO   - 20260807.101615 - MARS Client bundle version: 6.34.7.1
mars - INFO   - 20260807.101615 - package mars-client version: 6.34.7
mars - INFO   - 20260807.101615 - package mir version: 1.23.9
mars - INFO   - 20260807.101615 - package odc version: 1.6.3
mars - INFO   - 20260807.101615 - package fdb version: 5.21.4
mars - INFO   - 20260807.101615 - package metkit version: 1.18.3
mars - INFO   - 20260807.101615 - package eckit version: 2.0.8
mars - INFO   - 20260807.101615 - package eccodes version: 2.47.2
# First retrieve profiles
retrieve,
anoffset=9,
class=rd,
date=20220517,
expver=j7y2,
levelist=1/50/51/52/53/54/55/56/57/58/59/60/61/62/63/64/65/66/67/68/69/70/71/72/73/74/75/76/77/78/79/80/81/82/83/84/85/86/87/88/89/90/91/92/93/94/95/96/97/98/99/100/101/102/103/104/105/106/107/108/109/110/111/112/113/114/115/116/117/118/119/120/121/122/123/124/125/126/127/128/129/130/131/132/133/134/135/136/137,
levtype=ml,
param=75/82/83/84/85/86/87/88/89/90/91/92/93/94/95/96/97/98/99/100/101/102/103/104/105/106/107/108/109/110/111/130/131/132/133/135/138/152/155/246/162100/162101/162104/162105/162106/162107/162109/210061/210062/210123/210181/217026,
step=0/1/2/3/4/5/6/7/8/9/10/11/12,
stream=oper,
time=00:00:00,
type=fc,
grid=0.2/0.2,
area=52.5/4.8/51.5/5.8,
interpolation=grid-box-average,
target="mars_ml_dryMF_49r2b.grb"

mars - INFO   - 20260807.101615 - Processing request 1

RETRIEVE,
    CLASS      = RD,
    TYPE       = FC,
    STREAM     = OPER,
    EXPVER     = j7y2,
    REPRES     = SH,
    LEVTYPE    = ML,
    LEVELIST   = 1/50/51/52/53/54/55/56/57/58/59/60/61/62/63/64/65/66/67/68/69/70/71/72/73/74/75/76/77/78/79/80/81/82/83/84/85/86/87/88/89/90/91/92/93/94/95/96/97/98/99/100/101/102/103/104/105/106/107/108/109/110/111/112/113/114/115/116/117/118/119/120/121/122/123/124/125/126/127/128/129/130/131/132/133/134/135/136/137,
    PARAM      = 75/82/83/84/85/86/87/88/89/90/91/92/93/94/95/96/97/98/99/100/101/102/103/104/105/106/107/108/109/110/111/130/131/132/133/135/138/152/155/246/162100/162101/162104/162105/162106/162107/162109/210061/210062/210123/210181/217026,
    DATE       = 20220517,
    TIME       = 0000,
    STEP       = 0/1/2/3/4/5/6/7/8/9/10/11/12,
    DOMAIN     = G,
    TARGET     = "mars_ml_dryMF_49r2b.grb",
    RESOL      = AUTO,
    INTERPOLATION = GRID-BOX-AVERAGE,
    AREA       = 52.5/4.8/51.5/5.8,
    GRID       = 0.2/0.2

mars - INFO   - 20260807.101616 - Requesting 59020 fields
mars - INFO   - 20260807.101616 - FDB home /home/fdbprod
mars - INFO   - 20260807.101616 - Setting SO_SNDBUF to 33554432 (32.00 M)
mars - INFO   - 20260807.101616 - Current value is 32768 (32.00 K)
mars - INFO   - 20260807.101616 - Setting SO_RCVBUF to 33554432 (32.00 M)
mars - INFO   - 20260807.101616 - Current value is 43690 (42.67 K)
mars - INFO   - 20260807.101616 - Calling mars on 'marsrd-core', local port is 60527
mars - INFO   - 20260807.101616 - Callback at address 10.100.192.186, port 60527
mars - INFO   - 20260807.101616 - Mars client is on ac6-186.bullx (10.100.192.186) 60527
mars - INFO   - 20260807.101616 - Mars server is on 10.112.4.10 55655
mars - INFO   - 20260807.101616 - Server task is 9189 [marsrd]
mars - INFO   - 20260807.101616 - Request cost: 45,136 fields, 20.2102 Gbytes on 1 tape, nodes: hpss, libraries: ibmlib09_70 [marsrd]
mars - INFO   - 20260807.101616 - The efficiency of your requests in the last 12 hours is 52% [marsrd]
mars - INFO   - 20260807.101616 - Wind conversion requested by server
mars - INFO   - 20260807.102035 - Transfering 21700514651 bytes
mars - INFO   - 20260807.102036 - ShToGridded: loading Legendre coefficients '/lus/h2resw01/cache/mir/legendre/4/local-T399-GaussianN400-OPT4189816c2e.leg'
mars - INFO   - 20260807.102037 - Deriving U and V from vorticity and divergence
mars - WARN   - 20260807.103421 - Visiting database marsrd : expected 59020, got 47450
mars - INFO   - 20260807.103421 - 47450 fields have been interpolated on 'ac6-186.bullx'
mars - ERROR  - 20260807.103421 - Last error is -43
mars - ERROR  - 20260807.103421 - Expected 59020, got 47450.
mars - ERROR  - 20260807.103421 - Request failed
mars - INFO   - 20260807.103421 - Request time:  wall: 18 min 5 sec  cpu: 13 min 23 sec 
mars - INFO   - 20260807.103421 -   Read from network: 20.21 Gbyte(s) in 17 sec  [1.16 Gbyte/sec] 
mars - INFO   - 20260807.103421 -   Processing in marsrd: wall: 4 min 19 sec 
mars - INFO   - 20260807.103421 -   Visiting marsrd: wall: 18 min 4 sec 
mars - INFO   - 20260807.103421 -   Post-processing: wall: 10 min 39 sec cpu: 10 min 18 sec 
mars - INFO   - 20260807.103421 -   Writing to target file: 63.85 Mbyte(s) in 1 sec  [60.39 Mbyte/sec] cpu: 1 sec 
mars - INFO   - 20260807.103421 - Memory used: 134.11 Mbyte(s)
mars - ERROR  - 20260807.103421 - Some errors reported (last error -1)
grib_to_netcdf: Version 2.47.0
grib_to_netcdf: Processing input file 'mars_ml_dryMF_49r2b.grb'.
grib_to_netcdf: Found 47450 GRIB fields in 1 file.
grib_to_netcdf: Ignoring key(s): method, type, stream, refdate, hdate
grib_to_netcdf: Creating netCDF file 'j7y2_dryMF_49r2b_ml_20220517_0.nc'
grib_to_netcdf: NetCDF library version: 4.10.0 of Apr  9 2026 13:13:33 $
grib_to_netcdf: Creating large (64 bit) file format.
grib_to_netcdf: Defining variable 'crwc'.
grib_to_netcdf: Defining variable 'p82'.
grib_to_netcdf: Defining variable 'p83'.
grib_to_netcdf: Defining variable 'p84'.
grib_to_netcdf: Defining variable 'p85'.
grib_to_netcdf: Defining variable 'p86'.
grib_to_netcdf: Defining variable 'p87'.
grib_to_netcdf: Defining variable 'p88'.
grib_to_netcdf: Defining variable 'p89'.
grib_to_netcdf: Defining variable 'p90'.
grib_to_netcdf: Defining variable 'p91'.
grib_to_netcdf: Defining variable 'p92'.
grib_to_netcdf: Defining variable 'p93'.
grib_to_netcdf: Defining variable 'p94'.
grib_to_netcdf: Defining variable 'p95'.
grib_to_netcdf: Defining variable 'p96'.
grib_to_netcdf: Defining variable 'p97'.
grib_to_netcdf: Defining variable 'p98'.
grib_to_netcdf: Defining variable 'p99'.
grib_to_netcdf: Defining variable 'p100'.
grib_to_netcdf: Defining variable 'p101'.
grib_to_netcdf: Defining variable 'p102'.
grib_to_netcdf: Defining variable 'p103'.
grib_to_netcdf: Defining variable 'p104'.
grib_to_netcdf: Defining variable 'p105'.
grib_to_netcdf: Defining variable 'p106'.
grib_to_netcdf: Defining variable 'p107'.
grib_to_netcdf: Defining variable 'p108'.
grib_to_netcdf: Defining variable 'p109'.
grib_to_netcdf: Defining variable 'p110'.
grib_to_netcdf: Defining variable 'p111'.
grib_to_netcdf: Defining variable 't'.
grib_to_netcdf: Defining variable 'q'.
grib_to_netcdf: Defining variable 'w'.
grib_to_netcdf: Defining variable 'vo'.
grib_to_netcdf: Defining variable 'lnsp'.
grib_to_netcdf: Defining variable 'd'.
grib_to_netcdf: Defining variable 'u'.
grib_to_netcdf: Defining variable 'v'.
grib_to_netcdf: Defining variable 'clwc'.
grib_to_netcdf: Defining variable 'co2'.
grib_to_netcdf: Defining variable 'ch4'.
grib_to_netcdf: Done.
Model level selected
mars - WARN - 
mars - WARN - 
MIR environment variables:
MIR_CACHE_PATH=/lus/h2resw01/cache:{FILE?/ec/cache.1}/cache:{FILE?/ec/cache.2}/cache
MIR_LSM_NAMED=1km.climate.v013
Using MARS binary: /usr/local/apps/mars/versions/6.34.7.1/bin/mars.bin
mars - INFO   - 20260807.103746 - Welcome to MARS
mars - INFO   - 20260807.103746 - MARS_HOME=/usr/local/apps/mars/configs/prod
mars - INFO   - 20260807.103746 - MARS Client build stamp: 20260623091402
mars - INFO   - 20260807.103746 - MARS Client bundle version: 6.34.7.1
mars - INFO   - 20260807.103746 - package mars-client version: 6.34.7
mars - INFO   - 20260807.103746 - package mir version: 1.23.9
mars - INFO   - 20260807.103746 - package odc version: 1.6.3
mars - INFO   - 20260807.103746 - package fdb version: 5.21.4
mars - INFO   - 20260807.103746 - package metkit version: 1.18.3
mars - INFO   - 20260807.103746 - package eckit version: 2.0.8
mars - INFO   - 20260807.103746 - package eccodes version: 2.47.2
# First retrieve profiles
retrieve,
anoffset=9,
class=rd,
date=20220517,
expver=j7y2,
levelist=1/50/51/52/53/54/55/56/57/58/59/60/61/62/63/64/65/66/67/68/69/70/71/72/73/74/75/76/77/78/79/80/81/82/83/84/85/86/87/88/89/90/91/92/93/94/95/96/97/98/99/100/101/102/103/104/105/106/107/108/109/110/111/112/113/114/115/116/117/118/119/120/121/122/123/124/125/126/127/128/129/130/131/132/133/134/135/136/137,
levtype=ml,
param=75/82/83/84/85/86/87/88/89/90/91/92/93/94/95/96/97/98/99/100/101/102/103/104/105/106/107/108/109/110/111/130/131/132/133/135/138/152/155/246/162100/162101/162104/162105/162106/162107/162109/210061/210062/210123/210181/217026,
step=12/13/14/15/16/17/18/19/20/21/22/23/24,
stream=oper,
time=00:00:00,
type=fc,
grid=0.2/0.2,
area=52.5/4.8/51.5/5.8,
interpolation=grid-box-average,
target="mars_ml_dryMF_49r2b.grb"

mars - INFO   - 20260807.103746 - Processing request 1

RETRIEVE,
    CLASS      = RD,
    TYPE       = FC,
    STREAM     = OPER,
    EXPVER     = j7y2,
    REPRES     = SH,
    LEVTYPE    = ML,
    LEVELIST   = 1/50/51/52/53/54/55/56/57/58/59/60/61/62/63/64/65/66/67/68/69/70/71/72/73/74/75/76/77/78/79/80/81/82/83/84/85/86/87/88/89/90/91/92/93/94/95/96/97/98/99/100/101/102/103/104/105/106/107/108/109/110/111/112/113/114/115/116/117/118/119/120/121/122/123/124/125/126/127/128/129/130/131/132/133/134/135/136/137,
    PARAM      = 75/82/83/84/85/86/87/88/89/90/91/92/93/94/95/96/97/98/99/100/101/102/103/104/105/106/107/108/109/110/111/130/131/132/133/135/138/152/155/246/162100/162101/162104/162105/162106/162107/162109/210061/210062/210123/210181/217026,
    DATE       = 20220517,
    TIME       = 0000,
    STEP       = 12/13/14/15/16/17/18/19/20/21/22/23/24,
    DOMAIN     = G,
    TARGET     = "mars_ml_dryMF_49r2b.grb",
    RESOL      = AUTO,
    INTERPOLATION = GRID-BOX-AVERAGE,
    AREA       = 52.5/4.8/51.5/5.8,
    GRID       = 0.2/0.2

mars - INFO   - 20260807.103746 - Requesting 59020 fields
mars - INFO   - 20260807.103746 - FDB home /home/fdbprod
mars - INFO   - 20260807.103747 - Setting SO_SNDBUF to 33554432 (32.00 M)
mars - INFO   - 20260807.103747 - Current value is 32768 (32.00 K)
mars - INFO   - 20260807.103747 - Setting SO_RCVBUF to 33554432 (32.00 M)
mars - INFO   - 20260807.103747 - Current value is 43690 (42.67 K)
mars - INFO   - 20260807.103747 - Calling mars on 'marsrd-core', local port is 51927
mars - INFO   - 20260807.103747 - Callback at address 10.100.192.186, port 51927
mars - INFO   - 20260807.103747 - Mars client is on ac6-186.bullx (10.100.192.186) 51927
mars - INFO   - 20260807.103747 - Mars server is on 10.112.4.10 40545
mars - INFO   - 20260807.103747 - Server task is 4189 [marsrd]
mars - INFO   - 20260807.103747 - Request cost: 45,136 fields, 1.66847 Gbytes online, 20.329 Gbytes on 1 tape, nodes: hpss mvr010, libraries: ibmlib09_70 [marsrd]
mars - INFO   - 20260807.103747 - The efficiency of your requests in the last 12 hours is 52% [marsrd]
mars - INFO   - 20260807.103747 - Wind conversion requested by server
mars - INFO   - 20260807.104411 - Transfering 23619650346 bytes
mars - INFO   - 20260807.104412 - ShToGridded: loading Legendre coefficients '/lus/h2resw01/cache/mir/legendre/4/local-T399-GaussianN400-OPT4189816c2e.leg'
mars - INFO   - 20260807.104413 - Deriving U and V from vorticity and divergence
mars - WARN   - 20260807.105839 - Visiting database marsrd : expected 59020, got 47450
mars - INFO   - 20260807.105839 - 47450 fields have been interpolated on 'ac6-186.bullx'
mars - ERROR  - 20260807.105839 - Last error is -43
mars - ERROR  - 20260807.105839 - Expected 59020, got 47450.
mars - ERROR  - 20260807.105839 - Request failed
mars - INFO   - 20260807.105839 - Request time:  wall: 20 min 52 sec  cpu: 14 min 5 sec 
mars - INFO   - 20260807.105839 -   Read from network: 22.00 Gbyte(s) in 19 sec  [1.14 Gbyte/sec] 
mars - INFO   - 20260807.105839 -   Processing in marsrd: wall: 6 min 24 sec 
mars - INFO   - 20260807.105839 -   Visiting marsrd: wall: 20 min 52 sec 
mars - INFO   - 20260807.105839 -   Post-processing: wall: 11 min 10 sec cpu: 10 min 49 sec 
mars - INFO   - 20260807.105839 -   Writing to target file: 64.26 Mbyte(s) in 1 sec  [54.38 Mbyte/sec] cpu: 1 sec 
mars - INFO   - 20260807.105839 - Memory used: 142.02 Mbyte(s)
mars - ERROR  - 20260807.105839 - Some errors reported (last error -1)
grib_to_netcdf: Version 2.47.0
grib_to_netcdf: Processing input file 'mars_ml_dryMF_49r2b.grb'.
grib_to_netcdf: Found 47450 GRIB fields in 1 file.
grib_to_netcdf: Ignoring key(s): method, type, stream, refdate, hdate
grib_to_netcdf: Creating netCDF file 'j7y2_dryMF_49r2b_ml_20220517_12.nc'
grib_to_netcdf: NetCDF library version: 4.10.0 of Apr  9 2026 13:13:33 $
grib_to_netcdf: Creating large (64 bit) file format.
grib_to_netcdf: Defining variable 'crwc'.
grib_to_netcdf: Defining variable 'p82'.
grib_to_netcdf: Defining variable 'p83'.
grib_to_netcdf: Defining variable 'p84'.
grib_to_netcdf: Defining variable 'p85'.
grib_to_netcdf: Defining variable 'p86'.
grib_to_netcdf: Defining variable 'p87'.
grib_to_netcdf: Defining variable 'p88'.
grib_to_netcdf: Defining variable 'p89'.
grib_to_netcdf: Defining variable 'p90'.
grib_to_netcdf: Defining variable 'p91'.
grib_to_netcdf: Defining variable 'p92'.
grib_to_netcdf: Defining variable 'p93'.
grib_to_netcdf: Defining variable 'p94'.
grib_to_netcdf: Defining variable 'p95'.
grib_to_netcdf: Defining variable 'p96'.
grib_to_netcdf: Defining variable 'p97'.
grib_to_netcdf: Defining variable 'p98'.
grib_to_netcdf: Defining variable 'p99'.
grib_to_netcdf: Defining variable 'p100'.
grib_to_netcdf: Defining variable 'p101'.
grib_to_netcdf: Defining variable 'p102'.
grib_to_netcdf: Defining variable 'p103'.
grib_to_netcdf: Defining variable 'p104'.
grib_to_netcdf: Defining variable 'p105'.
grib_to_netcdf: Defining variable 'p106'.
grib_to_netcdf: Defining variable 'p107'.
grib_to_netcdf: Defining variable 'p108'.
grib_to_netcdf: Defining variable 'p109'.
grib_to_netcdf: Defining variable 'p110'.
grib_to_netcdf: Defining variable 'p111'.
grib_to_netcdf: Defining variable 't'.
grib_to_netcdf: Defining variable 'q'.
grib_to_netcdf: Defining variable 'w'.
grib_to_netcdf: Defining variable 'vo'.
grib_to_netcdf: Defining variable 'lnsp'.
grib_to_netcdf: Defining variable 'd'.
grib_to_netcdf: Defining variable 'u'.
grib_to_netcdf: Defining variable 'v'.
grib_to_netcdf: Defining variable 'clwc'.
grib_to_netcdf: Defining variable 'co2'.
grib_to_netcdf: Defining variable 'ch4'.
grib_to_netcdf: Done.
Model level selected
mars - WARN - 
mars - WARN - 
MIR environment variables:
MIR_CACHE_PATH=/lus/h2resw01/cache:{FILE?/ec/cache.1}/cache:{FILE?/ec/cache.2}/cache
MIR_LSM_NAMED=1km.climate.v013
Using MARS binary: /usr/local/apps/mars/versions/6.34.7.1/bin/mars.bin
mars - INFO   - 20260807.110202 - Welcome to MARS
mars - INFO   - 20260807.110202 - MARS_HOME=/usr/local/apps/mars/configs/prod
mars - INFO   - 20260807.110202 - MARS Client build stamp: 20260623091402
mars - INFO   - 20260807.110202 - MARS Client bundle version: 6.34.7.1
mars - INFO   - 20260807.110202 - package mars-client version: 6.34.7
mars - INFO   - 20260807.110202 - package mir version: 1.23.9
mars - INFO   - 20260807.110202 - package odc version: 1.6.3
mars - INFO   - 20260807.110202 - package fdb version: 5.21.4
mars - INFO   - 20260807.110202 - package metkit version: 1.18.3
mars - INFO   - 20260807.110202 - package eckit version: 2.0.8
mars - INFO   - 20260807.110202 - package eccodes version: 2.47.2
# First retrieve profiles
retrieve,
anoffset=9,
class=rd,
date=20220518,
expver=j7y2,
levelist=1/50/51/52/53/54/55/56/57/58/59/60/61/62/63/64/65/66/67/68/69/70/71/72/73/74/75/76/77/78/79/80/81/82/83/84/85/86/87/88/89/90/91/92/93/94/95/96/97/98/99/100/101/102/103/104/105/106/107/108/109/110/111/112/113/114/115/116/117/118/119/120/121/122/123/124/125/126/127/128/129/130/131/132/133/134/135/136/137,
levtype=ml,
param=75/82/83/84/85/86/87/88/89/90/91/92/93/94/95/96/97/98/99/100/101/102/103/104/105/106/107/108/109/110/111/130/131/132/133/135/138/152/155/246/162100/162101/162104/162105/162106/162107/162109/210061/210062/210123/210181/217026,
step=0/1/2/3/4/5/6/7/8/9/10/11/12,
stream=oper,
time=00:00:00,
type=fc,
grid=0.2/0.2,
area=52.5/4.8/51.5/5.8,
interpolation=grid-box-average,
target="mars_ml_dryMF_49r2b.grb"

mars - INFO   - 20260807.110202 - Processing request 1

RETRIEVE,
    CLASS      = RD,
    TYPE       = FC,
    STREAM     = OPER,
    EXPVER     = j7y2,
    REPRES     = SH,
    LEVTYPE    = ML,
    LEVELIST   = 1/50/51/52/53/54/55/56/57/58/59/60/61/62/63/64/65/66/67/68/69/70/71/72/73/74/75/76/77/78/79/80/81/82/83/84/85/86/87/88/89/90/91/92/93/94/95/96/97/98/99/100/101/102/103/104/105/106/107/108/109/110/111/112/113/114/115/116/117/118/119/120/121/122/123/124/125/126/127/128/129/130/131/132/133/134/135/136/137,
    PARAM      = 75/82/83/84/85/86/87/88/89/90/91/92/93/94/95/96/97/98/99/100/101/102/103/104/105/106/107/108/109/110/111/130/131/132/133/135/138/152/155/246/162100/162101/162104/162105/162106/162107/162109/210061/210062/210123/210181/217026,
    DATE       = 20220518,
    TIME       = 0000,
    STEP       = 0/1/2/3/4/5/6/7/8/9/10/11/12,
    DOMAIN     = G,
    TARGET     = "mars_ml_dryMF_49r2b.grb",
    RESOL      = AUTO,
    INTERPOLATION = GRID-BOX-AVERAGE,
    AREA       = 52.5/4.8/51.5/5.8,
    GRID       = 0.2/0.2

mars - INFO   - 20260807.110202 - Requesting 59020 fields
mars - INFO   - 20260807.110202 - FDB home /home/fdbprod
mars - INFO   - 20260807.110203 - Setting SO_SNDBUF to 33554432 (32.00 M)
mars - INFO   - 20260807.110203 - Current value is 32768 (32.00 K)
mars - INFO   - 20260807.110203 - Setting SO_RCVBUF to 33554432 (32.00 M)
mars - INFO   - 20260807.110203 - Current value is 43690 (42.67 K)
mars - INFO   - 20260807.110203 - Calling mars on 'marsrd-core', local port is 33971
mars - INFO   - 20260807.110203 - Callback at address 10.100.192.186, port 33971
mars - INFO   - 20260807.110203 - Mars client is on ac6-186.bullx (10.100.192.186) 33971
mars - INFO   - 20260807.110203 - Mars server is on 10.112.4.10 43025
mars - INFO   - 20260807.110203 - Server task is 9136 [marsrd]
mars - INFO   - 20260807.110203 - Request cost: 45,136 fields, 20.0971 Gbytes online, nodes: mvr011 [marsrd]
mars - INFO   - 20260807.110203 - The efficiency of your requests in the last 12 hours is 53% [marsrd]
mars - INFO   - 20260807.110203 - Wind conversion requested by server
mars - INFO   - 20260807.110203 - Transfering 21579092582 bytes
mars - INFO   - 20260807.110204 - ShToGridded: loading Legendre coefficients '/lus/h2resw01/cache/mir/legendre/4/local-T399-GaussianN400-OPT4189816c2e.leg'
mars - INFO   - 20260807.110205 - Deriving U and V from vorticity and divergence
mars - WARN   - 20260807.111519 - Visiting database marsrd : expected 59020, got 47450
mars - INFO   - 20260807.111519 - 47450 fields have been interpolated on 'ac6-186.bullx'
mars - ERROR  - 20260807.111519 - Last error is -43
mars - ERROR  - 20260807.111519 - Expected 59020, got 47450.
mars - ERROR  - 20260807.111519 - Request failed
mars - INFO   - 20260807.111519 - Request time:  wall: 13 min 17 sec  cpu: 13 min 10 sec 
mars - INFO   - 20260807.111519 -   Read from network: 20.10 Gbyte(s) in 17 sec  [1.20 Gbyte/sec] 
mars - INFO   - 20260807.111519 -   Visiting marsrd: wall: 13 min 17 sec 
mars - INFO   - 20260807.111519 -   Post-processing: wall: 10 min 15 sec cpu: 10 min 9 sec 
mars - INFO   - 20260807.111519 -   Writing to target file: 64.12 Mbyte(s) in 1 sec  [58.12 Mbyte/sec] cpu: 1 sec 
mars - INFO   - 20260807.111519 - Memory used: 139.76 Mbyte(s)
mars - ERROR  - 20260807.111519 - Some errors reported (last error -1)
grib_to_netcdf: Version 2.47.0
grib_to_netcdf: Processing input file 'mars_ml_dryMF_49r2b.grb'.
grib_to_netcdf: Found 47450 GRIB fields in 1 file.
grib_to_netcdf: Ignoring key(s): method, type, stream, refdate, hdate
grib_to_netcdf: Creating netCDF file 'j7y2_dryMF_49r2b_ml_20220518_0.nc'
grib_to_netcdf: NetCDF library version: 4.10.0 of Apr  9 2026 13:13:33 $
grib_to_netcdf: Creating large (64 bit) file format.
grib_to_netcdf: Defining variable 'crwc'.
grib_to_netcdf: Defining variable 'p82'.
grib_to_netcdf: Defining variable 'p83'.
grib_to_netcdf: Defining variable 'p84'.
grib_to_netcdf: Defining variable 'p85'.
grib_to_netcdf: Defining variable 'p86'.
grib_to_netcdf: Defining variable 'p87'.
grib_to_netcdf: Defining variable 'p88'.
grib_to_netcdf: Defining variable 'p89'.
grib_to_netcdf: Defining variable 'p90'.
grib_to_netcdf: Defining variable 'p91'.
grib_to_netcdf: Defining variable 'p92'.
grib_to_netcdf: Defining variable 'p93'.
grib_to_netcdf: Defining variable 'p94'.
grib_to_netcdf: Defining variable 'p95'.
grib_to_netcdf: Defining variable 'p96'.
grib_to_netcdf: Defining variable 'p97'.
grib_to_netcdf: Defining variable 'p98'.
grib_to_netcdf: Defining variable 'p99'.
grib_to_netcdf: Defining variable 'p100'.
grib_to_netcdf: Defining variable 'p101'.
grib_to_netcdf: Defining variable 'p102'.
grib_to_netcdf: Defining variable 'p103'.
grib_to_netcdf: Defining variable 'p104'.
grib_to_netcdf: Defining variable 'p105'.
grib_to_netcdf: Defining variable 'p106'.
grib_to_netcdf: Defining variable 'p107'.
grib_to_netcdf: Defining variable 'p108'.
grib_to_netcdf: Defining variable 'p109'.
grib_to_netcdf: Defining variable 'p110'.
grib_to_netcdf: Defining variable 'p111'.
grib_to_netcdf: Defining variable 't'.
grib_to_netcdf: Defining variable 'q'.
grib_to_netcdf: Defining variable 'w'.
grib_to_netcdf: Defining variable 'vo'.
grib_to_netcdf: Defining variable 'lnsp'.
grib_to_netcdf: Defining variable 'd'.
grib_to_netcdf: Defining variable 'u'.
grib_to_netcdf: Defining variable 'v'.
grib_to_netcdf: Defining variable 'clwc'.
grib_to_netcdf: Defining variable 'co2'.
grib_to_netcdf: Defining variable 'ch4'.
grib_to_netcdf: Done.
Model level selected
mars - WARN - 
mars - WARN - 
MIR environment variables:
MIR_CACHE_PATH=/lus/h2resw01/cache:{FILE?/ec/cache.1}/cache:{FILE?/ec/cache.2}/cache
MIR_LSM_NAMED=1km.climate.v013
Using MARS binary: /usr/local/apps/mars/versions/6.34.7.1/bin/mars.bin
mars - INFO   - 20260807.111843 - Welcome to MARS
mars - INFO   - 20260807.111843 - MARS_HOME=/usr/local/apps/mars/configs/prod
mars - INFO   - 20260807.111843 - MARS Client build stamp: 20260623091402
mars - INFO   - 20260807.111843 - MARS Client bundle version: 6.34.7.1
mars - INFO   - 20260807.111843 - package mars-client version: 6.34.7
mars - INFO   - 20260807.111843 - package mir version: 1.23.9
mars - INFO   - 20260807.111843 - package odc version: 1.6.3
mars - INFO   - 20260807.111843 - package fdb version: 5.21.4
mars - INFO   - 20260807.111843 - package metkit version: 1.18.3
mars - INFO   - 20260807.111843 - package eckit version: 2.0.8
mars - INFO   - 20260807.111843 - package eccodes version: 2.47.2
# First retrieve profiles
retrieve,
anoffset=9,
class=rd,
date=20220518,
expver=j7y2,
levelist=1/50/51/52/53/54/55/56/57/58/59/60/61/62/63/64/65/66/67/68/69/70/71/72/73/74/75/76/77/78/79/80/81/82/83/84/85/86/87/88/89/90/91/92/93/94/95/96/97/98/99/100/101/102/103/104/105/106/107/108/109/110/111/112/113/114/115/116/117/118/119/120/121/122/123/124/125/126/127/128/129/130/131/132/133/134/135/136/137,
levtype=ml,
param=75/82/83/84/85/86/87/88/89/90/91/92/93/94/95/96/97/98/99/100/101/102/103/104/105/106/107/108/109/110/111/130/131/132/133/135/138/152/155/246/162100/162101/162104/162105/162106/162107/162109/210061/210062/210123/210181/217026,
step=12/13/14/15/16/17/18/19/20/21/22/23/24,
stream=oper,
time=00:00:00,
type=fc,
grid=0.2/0.2,
area=52.5/4.8/51.5/5.8,
interpolation=grid-box-average,
target="mars_ml_dryMF_49r2b.grb"

mars - INFO   - 20260807.111843 - Processing request 1

RETRIEVE,
    CLASS      = RD,
    TYPE       = FC,
    STREAM     = OPER,
    EXPVER     = j7y2,
    REPRES     = SH,
    LEVTYPE    = ML,
    LEVELIST   = 1/50/51/52/53/54/55/56/57/58/59/60/61/62/63/64/65/66/67/68/69/70/71/72/73/74/75/76/77/78/79/80/81/82/83/84/85/86/87/88/89/90/91/92/93/94/95/96/97/98/99/100/101/102/103/104/105/106/107/108/109/110/111/112/113/114/115/116/117/118/119/120/121/122/123/124/125/126/127/128/129/130/131/132/133/134/135/136/137,
    PARAM      = 75/82/83/84/85/86/87/88/89/90/91/92/93/94/95/96/97/98/99/100/101/102/103/104/105/106/107/108/109/110/111/130/131/132/133/135/138/152/155/246/162100/162101/162104/162105/162106/162107/162109/210061/210062/210123/210181/217026,
    DATE       = 20220518,
    TIME       = 0000,
    STEP       = 12/13/14/15/16/17/18/19/20/21/22/23/24,
    DOMAIN     = G,
    TARGET     = "mars_ml_dryMF_49r2b.grb",
    RESOL      = AUTO,
    INTERPOLATION = GRID-BOX-AVERAGE,
    AREA       = 52.5/4.8/51.5/5.8,
    GRID       = 0.2/0.2

mars - INFO   - 20260807.111843 - Requesting 59020 fields
mars - INFO   - 20260807.111843 - FDB home /home/fdbprod
mars - INFO   - 20260807.111844 - Setting SO_SNDBUF to 33554432 (32.00 M)
mars - INFO   - 20260807.111844 - Current value is 32768 (32.00 K)
mars - INFO   - 20260807.111844 - Setting SO_RCVBUF to 33554432 (32.00 M)
mars - INFO   - 20260807.111844 - Current value is 43690 (42.67 K)
mars - INFO   - 20260807.111844 - Calling mars on 'marsrd-core', local port is 37715
mars - INFO   - 20260807.111844 - Callback at address 10.100.192.186, port 37715
mars - INFO   - 20260807.112015 - Mars client is on ac6-186.bullx (10.100.192.186) 37715
mars - INFO   - 20260807.112015 - Mars server is on 10.112.4.10 57893
mars - INFO   - 20260807.112015 - Server task is 9948 [marsrd]
mars - INFO   - 20260807.112015 - Request cost: 45,136 fields, 22.0008 Gbytes online, nodes: hpss mvr008 mvr011, libraries: ibmlib09_70 [marsrd]
mars - INFO   - 20260807.112015 - The efficiency of your requests in the last 12 hours is 53% [marsrd]
mars - INFO   - 20260807.112015 - Wind conversion requested by server
mars - INFO   - 20260807.112015 - Transfering 23623186534 bytes
mars - INFO   - 20260807.112016 - ShToGridded: loading Legendre coefficients '/lus/h2resw01/cache/mir/legendre/4/local-T399-GaussianN400-OPT4189816c2e.leg'
mars - INFO   - 20260807.112017 - Deriving U and V from vorticity and divergence
mars - WARN   - 20260807.113415 - Visiting database marsrd : expected 59020, got 47450
mars - INFO   - 20260807.113415 - 47450 fields have been interpolated on 'ac6-186.bullx'
mars - ERROR  - 20260807.113415 - Last error is -43
mars - ERROR  - 20260807.113415 - Expected 59020, got 47450.
mars - ERROR  - 20260807.113415 - Request failed
mars - INFO   - 20260807.113415 - Request time:  wall: 15 min 32 sec  cpu: 13 min 41 sec 
mars - INFO   - 20260807.113415 -   Read from network: 22.00 Gbyte(s) in 20 sec  [1.12 Gbyte/sec] 
mars - INFO   - 20260807.113415 -   Processing in marsrd: wall: 1 min 31 sec 
mars - INFO   - 20260807.113415 -   Visiting marsrd: wall: 15 min 31 sec 
mars - INFO   - 20260807.113415 -   Post-processing: wall: 10 min 51 sec cpu: 10 min 34 sec 
mars - INFO   - 20260807.113415 -   Writing to target file: 64.47 Mbyte(s) in 1 sec  [55.75 Mbyte/sec] cpu: 1 sec 
mars - INFO   - 20260807.113415 - Memory used: 142.17 Mbyte(s)
mars - ERROR  - 20260807.113415 - Some errors reported (last error -1)
grib_to_netcdf: Version 2.47.0
grib_to_netcdf: Processing input file 'mars_ml_dryMF_49r2b.grb'.
grib_to_netcdf: Found 47450 GRIB fields in 1 file.
grib_to_netcdf: Ignoring key(s): method, type, stream, refdate, hdate
grib_to_netcdf: Creating netCDF file 'j7y2_dryMF_49r2b_ml_20220518_12.nc'
grib_to_netcdf: NetCDF library version: 4.10.0 of Apr  9 2026 13:13:33 $
grib_to_netcdf: Creating large (64 bit) file format.
grib_to_netcdf: Defining variable 'crwc'.
grib_to_netcdf: Defining variable 'p82'.
grib_to_netcdf: Defining variable 'p83'.
grib_to_netcdf: Defining variable 'p84'.
grib_to_netcdf: Defining variable 'p85'.
grib_to_netcdf: Defining variable 'p86'.
grib_to_netcdf: Defining variable 'p87'.
grib_to_netcdf: Defining variable 'p88'.
grib_to_netcdf: Defining variable 'p89'.
grib_to_netcdf: Defining variable 'p90'.
grib_to_netcdf: Defining variable 'p91'.
grib_to_netcdf: Defining variable 'p92'.
grib_to_netcdf: Defining variable 'p93'.
grib_to_netcdf: Defining variable 'p94'.
grib_to_netcdf: Defining variable 'p95'.
grib_to_netcdf: Defining variable 'p96'.
grib_to_netcdf: Defining variable 'p97'.
grib_to_netcdf: Defining variable 'p98'.
grib_to_netcdf: Defining variable 'p99'.
grib_to_netcdf: Defining variable 'p100'.
grib_to_netcdf: Defining variable 'p101'.
grib_to_netcdf: Defining variable 'p102'.
grib_to_netcdf: Defining variable 'p103'.
grib_to_netcdf: Defining variable 'p104'.
grib_to_netcdf: Defining variable 'p105'.
grib_to_netcdf: Defining variable 'p106'.
grib_to_netcdf: Defining variable 'p107'.
grib_to_netcdf: Defining variable 'p108'.
grib_to_netcdf: Defining variable 'p109'.
grib_to_netcdf: Defining variable 'p110'.
grib_to_netcdf: Defining variable 'p111'.
grib_to_netcdf: Defining variable 't'.
grib_to_netcdf: Defining variable 'q'.
grib_to_netcdf: Defining variable 'w'.
grib_to_netcdf: Defining variable 'vo'.
grib_to_netcdf: Defining variable 'lnsp'.
grib_to_netcdf: Defining variable 'd'.
grib_to_netcdf: Defining variable 'u'.
grib_to_netcdf: Defining variable 'v'.
grib_to_netcdf: Defining variable 'clwc'.
grib_to_netcdf: Defining variable 'co2'.
grib_to_netcdf: Defining variable 'ch4'.
grib_to_netcdf: Done.
Model level selected
mars - WARN - 
mars - WARN - 
MIR environment variables:
MIR_CACHE_PATH=/lus/h2resw01/cache:{FILE?/ec/cache.1}/cache:{FILE?/ec/cache.2}/cache
MIR_LSM_NAMED=1km.climate.v013
Using MARS binary: /usr/local/apps/mars/versions/6.34.7.1/bin/mars.bin
mars - INFO   - 20260807.113746 - Welcome to MARS
mars - INFO   - 20260807.113746 - MARS_HOME=/usr/local/apps/mars/configs/prod
mars - INFO   - 20260807.113746 - MARS Client build stamp: 20260623091402
mars - INFO   - 20260807.113746 - MARS Client bundle version: 6.34.7.1
mars - INFO   - 20260807.113746 - package mars-client version: 6.34.7
mars - INFO   - 20260807.113746 - package mir version: 1.23.9
mars - INFO   - 20260807.113746 - package odc version: 1.6.3
mars - INFO   - 20260807.113746 - package fdb version: 5.21.4
mars - INFO   - 20260807.113746 - package metkit version: 1.18.3
mars - INFO   - 20260807.113746 - package eckit version: 2.0.8
mars - INFO   - 20260807.113746 - package eccodes version: 2.47.2
# First retrieve profiles
retrieve,
anoffset=9,
class=rd,
date=20220519,
expver=j7y2,
levelist=1/50/51/52/53/54/55/56/57/58/59/60/61/62/63/64/65/66/67/68/69/70/71/72/73/74/75/76/77/78/79/80/81/82/83/84/85/86/87/88/89/90/91/92/93/94/95/96/97/98/99/100/101/102/103/104/105/106/107/108/109/110/111/112/113/114/115/116/117/118/119/120/121/122/123/124/125/126/127/128/129/130/131/132/133/134/135/136/137,
levtype=ml,
param=75/82/83/84/85/86/87/88/89/90/91/92/93/94/95/96/97/98/99/100/101/102/103/104/105/106/107/108/109/110/111/130/131/132/133/135/138/152/155/246/162100/162101/162104/162105/162106/162107/162109/210061/210062/210123/210181/217026,
step=0/1/2/3/4/5/6/7/8/9/10/11/12,
stream=oper,
time=00:00:00,
type=fc,
grid=0.2/0.2,
area=52.5/4.8/51.5/5.8,
interpolation=grid-box-average,
target="mars_ml_dryMF_49r2b.grb"

mars - INFO   - 20260807.113747 - Processing request 1

RETRIEVE,
    CLASS      = RD,
    TYPE       = FC,
    STREAM     = OPER,
    EXPVER     = j7y2,
    REPRES     = SH,
    LEVTYPE    = ML,
    LEVELIST   = 1/50/51/52/53/54/55/56/57/58/59/60/61/62/63/64/65/66/67/68/69/70/71/72/73/74/75/76/77/78/79/80/81/82/83/84/85/86/87/88/89/90/91/92/93/94/95/96/97/98/99/100/101/102/103/104/105/106/107/108/109/110/111/112/113/114/115/116/117/118/119/120/121/122/123/124/125/126/127/128/129/130/131/132/133/134/135/136/137,
    PARAM      = 75/82/83/84/85/86/87/88/89/90/91/92/93/94/95/96/97/98/99/100/101/102/103/104/105/106/107/108/109/110/111/130/131/132/133/135/138/152/155/246/162100/162101/162104/162105/162106/162107/162109/210061/210062/210123/210181/217026,
    DATE       = 20220519,
    TIME       = 0000,
    STEP       = 0/1/2/3/4/5/6/7/8/9/10/11/12,
    DOMAIN     = G,
    TARGET     = "mars_ml_dryMF_49r2b.grb",
    RESOL      = AUTO,
    INTERPOLATION = GRID-BOX-AVERAGE,
    AREA       = 52.5/4.8/51.5/5.8,
    GRID       = 0.2/0.2

mars - INFO   - 20260807.113747 - Requesting 59020 fields
mars - INFO   - 20260807.113747 - FDB home /home/fdbprod
mars - INFO   - 20260807.113747 - Setting SO_SNDBUF to 33554432 (32.00 M)
mars - INFO   - 20260807.113747 - Current value is 32768 (32.00 K)
mars - INFO   - 20260807.113747 - Setting SO_RCVBUF to 33554432 (32.00 M)
mars - INFO   - 20260807.113747 - Current value is 43690 (42.67 K)
mars - INFO   - 20260807.113747 - Calling mars on 'marsrd-core', local port is 52309
mars - INFO   - 20260807.113747 - Callback at address 10.100.192.186, port 52309
mars - INFO   - 20260807.113752 - Mars client is on ac6-186.bullx (10.100.192.186) 52309
mars - INFO   - 20260807.113752 - Mars server is on 10.112.4.10 60943
mars - INFO   - 20260807.113752 - Server task is 5613 [marsrd]
mars - INFO   - 20260807.113752 - Request cost: 45,136 fields, 20.0309 Gbytes online, nodes: mvr014 [marsrd]
mars - INFO   - 20260807.113752 - The efficiency of your requests in the last 12 hours is 53% [marsrd]
mars - INFO   - 20260807.113752 - Wind conversion requested by server
mars - INFO   - 20260807.113752 - Transfering 21508057450 bytes
mars - INFO   - 20260807.113753 - ShToGridded: loading Legendre coefficients '/lus/h2resw01/cache/mir/legendre/4/local-T399-GaussianN400-OPT4189816c2e.leg'
mars - INFO   - 20260807.113754 - Deriving U and V from vorticity and divergence
mars - WARN   - 20260807.115147 - Visiting database marsrd : expected 59020, got 47450
mars - INFO   - 20260807.115147 - 47450 fields have been interpolated on 'ac6-186.bullx'
mars - ERROR  - 20260807.115147 - Last error is -43
mars - ERROR  - 20260807.115147 - Expected 59020, got 47450.
mars - ERROR  - 20260807.115147 - Request failed
mars - INFO   - 20260807.115147 - Request time:  wall: 14 min  cpu: 13 min 14 sec 
mars - INFO   - 20260807.115147 -   Read from network: 20.03 Gbyte(s) in 16 sec  [1.23 Gbyte/sec] 
mars - INFO   - 20260807.115147 -   Processing in marsrd: wall: 5 sec 
mars - INFO   - 20260807.115147 -   Visiting marsrd: wall: 13 min 59 sec 
mars - INFO   - 20260807.115147 -   Post-processing: wall: 10 min 51 sec cpu: 10 min 11 sec 
mars - INFO   - 20260807.115147 -   Writing to target file: 64.06 Mbyte(s) in 1 sec  [57.33 Mbyte/sec] cpu: 1 sec 
mars - INFO   - 20260807.115147 - Memory used: 140.33 Mbyte(s)
mars - ERROR  - 20260807.115147 - Some errors reported (last error -1)
grib_to_netcdf: Version 2.47.0
grib_to_netcdf: Processing input file 'mars_ml_dryMF_49r2b.grb'.
grib_to_netcdf: Found 47450 GRIB fields in 1 file.
grib_to_netcdf: Ignoring key(s): method, type, stream, refdate, hdate
grib_to_netcdf: Creating netCDF file 'j7y2_dryMF_49r2b_ml_20220519_0.nc'
grib_to_netcdf: NetCDF library version: 4.10.0 of Apr  9 2026 13:13:33 $
grib_to_netcdf: Creating large (64 bit) file format.
grib_to_netcdf: Defining variable 'crwc'.
grib_to_netcdf: Defining variable 'p82'.
grib_to_netcdf: Defining variable 'p83'.
grib_to_netcdf: Defining variable 'p84'.
grib_to_netcdf: Defining variable 'p85'.
grib_to_netcdf: Defining variable 'p86'.
grib_to_netcdf: Defining variable 'p87'.
grib_to_netcdf: Defining variable 'p88'.
grib_to_netcdf: Defining variable 'p89'.
grib_to_netcdf: Defining variable 'p90'.
grib_to_netcdf: Defining variable 'p91'.
grib_to_netcdf: Defining variable 'p92'.
grib_to_netcdf: Defining variable 'p93'.
grib_to_netcdf: Defining variable 'p94'.
grib_to_netcdf: Defining variable 'p95'.
grib_to_netcdf: Defining variable 'p96'.
grib_to_netcdf: Defining variable 'p97'.
grib_to_netcdf: Defining variable 'p98'.
grib_to_netcdf: Defining variable 'p99'.
grib_to_netcdf: Defining variable 'p100'.
grib_to_netcdf: Defining variable 'p101'.
grib_to_netcdf: Defining variable 'p102'.
grib_to_netcdf: Defining variable 'p103'.
grib_to_netcdf: Defining variable 'p104'.
grib_to_netcdf: Defining variable 'p105'.
grib_to_netcdf: Defining variable 'p106'.
grib_to_netcdf: Defining variable 'p107'.
grib_to_netcdf: Defining variable 'p108'.
grib_to_netcdf: Defining variable 'p109'.
grib_to_netcdf: Defining variable 'p110'.
grib_to_netcdf: Defining variable 'p111'.
grib_to_netcdf: Defining variable 't'.
grib_to_netcdf: Defining variable 'q'.
grib_to_netcdf: Defining variable 'w'.
grib_to_netcdf: Defining variable 'vo'.
grib_to_netcdf: Defining variable 'lnsp'.
grib_to_netcdf: Defining variable 'd'.
grib_to_netcdf: Defining variable 'u'.
grib_to_netcdf: Defining variable 'v'.
grib_to_netcdf: Defining variable 'clwc'.
grib_to_netcdf: Defining variable 'co2'.
grib_to_netcdf: Defining variable 'ch4'.
grib_to_netcdf: Done.
Model level selected
mars - WARN - 
mars - WARN - 
MIR environment variables:
MIR_CACHE_PATH=/lus/h2resw01/cache:{FILE?/ec/cache.1}/cache:{FILE?/ec/cache.2}/cache
MIR_LSM_NAMED=1km.climate.v013
Using MARS binary: /usr/local/apps/mars/versions/6.34.7.1/bin/mars.bin
mars - INFO   - 20260807.115510 - Welcome to MARS
mars - INFO   - 20260807.115510 - MARS_HOME=/usr/local/apps/mars/configs/prod
mars - INFO   - 20260807.115510 - MARS Client build stamp: 20260623091402
mars - INFO   - 20260807.115510 - MARS Client bundle version: 6.34.7.1
mars - INFO   - 20260807.115510 - package mars-client version: 6.34.7
mars - INFO   - 20260807.115510 - package mir version: 1.23.9
mars - INFO   - 20260807.115510 - package odc version: 1.6.3
mars - INFO   - 20260807.115510 - package fdb version: 5.21.4
mars - INFO   - 20260807.115510 - package metkit version: 1.18.3
mars - INFO   - 20260807.115510 - package eckit version: 2.0.8
mars - INFO   - 20260807.115510 - package eccodes version: 2.47.2
# First retrieve profiles
retrieve,
anoffset=9,
class=rd,
date=20220519,
expver=j7y2,
levelist=1/50/51/52/53/54/55/56/57/58/59/60/61/62/63/64/65/66/67/68/69/70/71/72/73/74/75/76/77/78/79/80/81/82/83/84/85/86/87/88/89/90/91/92/93/94/95/96/97/98/99/100/101/102/103/104/105/106/107/108/109/110/111/112/113/114/115/116/117/118/119/120/121/122/123/124/125/126/127/128/129/130/131/132/133/134/135/136/137,
levtype=ml,
param=75/82/83/84/85/86/87/88/89/90/91/92/93/94/95/96/97/98/99/100/101/102/103/104/105/106/107/108/109/110/111/130/131/132/133/135/138/152/155/246/162100/162101/162104/162105/162106/162107/162109/210061/210062/210123/210181/217026,
step=12/13/14/15/16/17/18/19/20/21/22/23/24,
stream=oper,
time=00:00:00,
type=fc,
grid=0.2/0.2,
area=52.5/4.8/51.5/5.8,
interpolation=grid-box-average,
target="mars_ml_dryMF_49r2b.grb"

mars - INFO   - 20260807.115510 - Processing request 1

RETRIEVE,
    CLASS      = RD,
    TYPE       = FC,
    STREAM     = OPER,
    EXPVER     = j7y2,
    REPRES     = SH,
    LEVTYPE    = ML,
    LEVELIST   = 1/50/51/52/53/54/55/56/57/58/59/60/61/62/63/64/65/66/67/68/69/70/71/72/73/74/75/76/77/78/79/80/81/82/83/84/85/86/87/88/89/90/91/92/93/94/95/96/97/98/99/100/101/102/103/104/105/106/107/108/109/110/111/112/113/114/115/116/117/118/119/120/121/122/123/124/125/126/127/128/129/130/131/132/133/134/135/136/137,
    PARAM      = 75/82/83/84/85/86/87/88/89/90/91/92/93/94/95/96/97/98/99/100/101/102/103/104/105/106/107/108/109/110/111/130/131/132/133/135/138/152/155/246/162100/162101/162104/162105/162106/162107/162109/210061/210062/210123/210181/217026,
    DATE       = 20220519,
    TIME       = 0000,
    STEP       = 12/13/14/15/16/17/18/19/20/21/22/23/24,
    DOMAIN     = G,
    TARGET     = "mars_ml_dryMF_49r2b.grb",
    RESOL      = AUTO,
    INTERPOLATION = GRID-BOX-AVERAGE,
    AREA       = 52.5/4.8/51.5/5.8,
    GRID       = 0.2/0.2

mars - INFO   - 20260807.115510 - Requesting 59020 fields
mars - INFO   - 20260807.115510 - FDB home /home/fdbprod
mars - INFO   - 20260807.115511 - Setting SO_SNDBUF to 33554432 (32.00 M)
mars - INFO   - 20260807.115511 - Current value is 32768 (32.00 K)
mars - INFO   - 20260807.115511 - Setting SO_RCVBUF to 33554432 (32.00 M)
mars - INFO   - 20260807.115511 - Current value is 43690 (42.67 K)
mars - INFO   - 20260807.115511 - Calling mars on 'marsrd-core', local port is 60415
mars - INFO   - 20260807.115511 - Callback at address 10.100.192.186, port 60415
mars - INFO   - 20260807.120258 - Mars client is on ac6-186.bullx (10.100.192.186) 60415
mars - INFO   - 20260807.120258 - Mars server is on 10.112.4.10 47159
mars - INFO   - 20260807.120258 - Server task is 6735 [marsrd]
mars - INFO   - 20260807.120258 - Request cost: 45,136 fields, 1.65514 Gbytes online, 20.3624 Gbytes on 1 tape, nodes: hpss mvr014, libraries: ibmlib09_70 [marsrd]
mars - INFO   - 20260807.120258 - The efficiency of your requests in the last 12 hours is 51% [marsrd]
mars - INFO   - 20260807.120258 - Wind conversion requested by server
mars - INFO   - 20260807.120617 - Transfering 23641125243 bytes
mars - INFO   - 20260807.120619 - ShToGridded: loading Legendre coefficients '/lus/h2resw01/cache/mir/legendre/4/local-T399-GaussianN400-OPT4189816c2e.leg'
mars - INFO   - 20260807.120620 - Deriving U and V from vorticity and divergence
mars - WARN   - 20260807.122021 - Visiting database marsrd : expected 59020, got 47450
mars - INFO   - 20260807.122021 - 47450 fields have been interpolated on 'ac6-186.bullx'
mars - ERROR  - 20260807.122021 - Last error is -43
mars - ERROR  - 20260807.122021 - Expected 59020, got 47450.
mars - ERROR  - 20260807.122021 - Request failed
mars - INFO   - 20260807.122021 - Request time:  wall: 25 min 11 sec  cpu: 13 min 40 sec 
mars - INFO   - 20260807.122021 -   Read from network: 22.02 Gbyte(s) in 19 sec  [1.18 Gbyte/sec] 
mars - INFO   - 20260807.122021 -   Processing in marsrd: wall: 11 min 7 sec 
mars - INFO   - 20260807.122021 -   Visiting marsrd: wall: 25 min 11 sec 
mars - INFO   - 20260807.122021 -   Post-processing: wall: 10 min 57 sec cpu: 10 min 35 sec 
mars - INFO   - 20260807.122021 -   Writing to target file: 64.57 Mbyte(s) in 1 sec  [55.55 Mbyte/sec] cpu: 1 sec 
mars - INFO   - 20260807.122021 - Memory used: 139.95 Mbyte(s)
mars - ERROR  - 20260807.122021 - Some errors reported (last error -1)
grib_to_netcdf: Version 2.47.0
grib_to_netcdf: Processing input file 'mars_ml_dryMF_49r2b.grb'.
grib_to_netcdf: Found 47450 GRIB fields in 1 file.
grib_to_netcdf: Ignoring key(s): method, type, stream, refdate, hdate
grib_to_netcdf: Creating netCDF file 'j7y2_dryMF_49r2b_ml_20220519_12.nc'
grib_to_netcdf: NetCDF library version: 4.10.0 of Apr  9 2026 13:13:33 $
grib_to_netcdf: Creating large (64 bit) file format.
grib_to_netcdf: Defining variable 'crwc'.
grib_to_netcdf: Defining variable 'p82'.
grib_to_netcdf: Defining variable 'p83'.
grib_to_netcdf: Defining variable 'p84'.
grib_to_netcdf: Defining variable 'p85'.
grib_to_netcdf: Defining variable 'p86'.
grib_to_netcdf: Defining variable 'p87'.
grib_to_netcdf: Defining variable 'p88'.
grib_to_netcdf: Defining variable 'p89'.
grib_to_netcdf: Defining variable 'p90'.
grib_to_netcdf: Defining variable 'p91'.
grib_to_netcdf: Defining variable 'p92'.
grib_to_netcdf: Defining variable 'p93'.
grib_to_netcdf: Defining variable 'p94'.
grib_to_netcdf: Defining variable 'p95'.
grib_to_netcdf: Defining variable 'p96'.
grib_to_netcdf: Defining variable 'p97'.
grib_to_netcdf: Defining variable 'p98'.
grib_to_netcdf: Defining variable 'p99'.
grib_to_netcdf: Defining variable 'p100'.
grib_to_netcdf: Defining variable 'p101'.
grib_to_netcdf: Defining variable 'p102'.
grib_to_netcdf: Defining variable 'p103'.
grib_to_netcdf: Defining variable 'p104'.
grib_to_netcdf: Defining variable 'p105'.
grib_to_netcdf: Defining variable 'p106'.
grib_to_netcdf: Defining variable 'p107'.
grib_to_netcdf: Defining variable 'p108'.
grib_to_netcdf: Defining variable 'p109'.
grib_to_netcdf: Defining variable 'p110'.
grib_to_netcdf: Defining variable 'p111'.
grib_to_netcdf: Defining variable 't'.
grib_to_netcdf: Defining variable 'q'.
grib_to_netcdf: Defining variable 'w'.
grib_to_netcdf: Defining variable 'vo'.
grib_to_netcdf: Defining variable 'lnsp'.
grib_to_netcdf: Defining variable 'd'.
grib_to_netcdf: Defining variable 'u'.
grib_to_netcdf: Defining variable 'v'.
grib_to_netcdf: Defining variable 'clwc'.
grib_to_netcdf: Defining variable 'co2'.
grib_to_netcdf: Defining variable 'ch4'.
grib_to_netcdf: Done.
Model level selected
mars - WARN - 
mars - WARN - 
MIR environment variables:
MIR_CACHE_PATH=/lus/h2resw01/cache:{FILE?/ec/cache.1}/cache:{FILE?/ec/cache.2}/cache
MIR_LSM_NAMED=1km.climate.v013
Using MARS binary: /usr/local/apps/mars/versions/6.34.7.1/bin/mars.bin
mars - INFO   - 20260807.122344 - Welcome to MARS
mars - INFO   - 20260807.122344 - MARS_HOME=/usr/local/apps/mars/configs/prod
mars - INFO   - 20260807.122344 - MARS Client build stamp: 20260623091402
mars - INFO   - 20260807.122344 - MARS Client bundle version: 6.34.7.1
mars - INFO   - 20260807.122344 - package mars-client version: 6.34.7
mars - INFO   - 20260807.122344 - package mir version: 1.23.9
mars - INFO   - 20260807.122344 - package odc version: 1.6.3
mars - INFO   - 20260807.122344 - package fdb version: 5.21.4
mars - INFO   - 20260807.122344 - package metkit version: 1.18.3
mars - INFO   - 20260807.122344 - package eckit version: 2.0.8
mars - INFO   - 20260807.122344 - package eccodes version: 2.47.2
# First retrieve profiles
retrieve,
anoffset=9,
class=rd,
date=20220520,
expver=j7y2,
levelist=1/50/51/52/53/54/55/56/57/58/59/60/61/62/63/64/65/66/67/68/69/70/71/72/73/74/75/76/77/78/79/80/81/82/83/84/85/86/87/88/89/90/91/92/93/94/95/96/97/98/99/100/101/102/103/104/105/106/107/108/109/110/111/112/113/114/115/116/117/118/119/120/121/122/123/124/125/126/127/128/129/130/131/132/133/134/135/136/137,
levtype=ml,
param=75/82/83/84/85/86/87/88/89/90/91/92/93/94/95/96/97/98/99/100/101/102/103/104/105/106/107/108/109/110/111/130/131/132/133/135/138/152/155/246/162100/162101/162104/162105/162106/162107/162109/210061/210062/210123/210181/217026,
step=0/1/2/3/4/5/6/7/8/9/10/11/12,
stream=oper,
time=00:00:00,
type=fc,
grid=0.2/0.2,
area=52.5/4.8/51.5/5.8,
interpolation=grid-box-average,
target="mars_ml_dryMF_49r2b.grb"

mars - INFO   - 20260807.122344 - Processing request 1

RETRIEVE,
    CLASS      = RD,
    TYPE       = FC,
    STREAM     = OPER,
    EXPVER     = j7y2,
    REPRES     = SH,
    LEVTYPE    = ML,
    LEVELIST   = 1/50/51/52/53/54/55/56/57/58/59/60/61/62/63/64/65/66/67/68/69/70/71/72/73/74/75/76/77/78/79/80/81/82/83/84/85/86/87/88/89/90/91/92/93/94/95/96/97/98/99/100/101/102/103/104/105/106/107/108/109/110/111/112/113/114/115/116/117/118/119/120/121/122/123/124/125/126/127/128/129/130/131/132/133/134/135/136/137,
    PARAM      = 75/82/83/84/85/86/87/88/89/90/91/92/93/94/95/96/97/98/99/100/101/102/103/104/105/106/107/108/109/110/111/130/131/132/133/135/138/152/155/246/162100/162101/162104/162105/162106/162107/162109/210061/210062/210123/210181/217026,
    DATE       = 20220520,
    TIME       = 0000,
    STEP       = 0/1/2/3/4/5/6/7/8/9/10/11/12,
    DOMAIN     = G,
    TARGET     = "mars_ml_dryMF_49r2b.grb",
    RESOL      = AUTO,
    INTERPOLATION = GRID-BOX-AVERAGE,
    AREA       = 52.5/4.8/51.5/5.8,
    GRID       = 0.2/0.2

mars - INFO   - 20260807.122344 - Requesting 59020 fields
mars - INFO   - 20260807.122344 - FDB home /home/fdbprod
mars - INFO   - 20260807.122345 - Setting SO_SNDBUF to 33554432 (32.00 M)
mars - INFO   - 20260807.122345 - Current value is 32768 (32.00 K)
mars - INFO   - 20260807.122345 - Setting SO_RCVBUF to 33554432 (32.00 M)
mars - INFO   - 20260807.122345 - Current value is 43690 (42.67 K)
mars - INFO   - 20260807.122345 - Calling mars on 'marsrd-core', local port is 59627
mars - INFO   - 20260807.122345 - Callback at address 10.100.192.186, port 59627
mars - INFO   - 20260807.122429 - Mars client is on ac6-186.bullx (10.100.192.186) 59627
mars - INFO   - 20260807.122429 - Mars server is on 10.112.4.10 36819
mars - INFO   - 20260807.122429 - Server task is 1871 [marsrd]
mars - INFO   - 20260807.122429 - Request cost: 45,136 fields, 20.1921 Gbytes on 1 tape, nodes: hpss, libraries: ibmlib09_70 [marsrd]
mars - INFO   - 20260807.122429 - The efficiency of your requests in the last 12 hours is 51% [marsrd]
mars - INFO   - 20260807.122429 - Wind conversion requested by server
mars - INFO   - 20260807.122743 - Transfering 21681140756 bytes
mars - INFO   - 20260807.122744 - ShToGridded: loading Legendre coefficients '/lus/h2resw01/cache/mir/legendre/4/local-T399-GaussianN400-OPT4189816c2e.leg'
mars - INFO   - 20260807.122745 - Deriving U and V from vorticity and divergence
mars - WARN   - 20260807.124121 - Visiting database marsrd : expected 59020, got 47450
mars - INFO   - 20260807.124121 - 47450 fields have been interpolated on 'ac6-186.bullx'
mars - ERROR  - 20260807.124121 - Last error is -43
mars - ERROR  - 20260807.124121 - Expected 59020, got 47450.
mars - ERROR  - 20260807.124121 - Request failed
mars - INFO   - 20260807.124121 - Request time:  wall: 17 min 36 sec  cpu: 13 min 17 sec 
mars - INFO   - 20260807.124121 -   Read from network: 20.19 Gbyte(s) in 17 sec  [1.20 Gbyte/sec] 
mars - INFO   - 20260807.124121 -   Processing in marsrd: wall: 3 min 58 sec 
mars - INFO   - 20260807.124121 -   Visiting marsrd: wall: 17 min 36 sec 
mars - INFO   - 20260807.124121 -   Post-processing: wall: 10 min 31 sec cpu: 10 min 12 sec 
mars - INFO   - 20260807.124121 -   Writing to target file: 64.05 Mbyte(s) in 1 sec  [55.86 Mbyte/sec] cpu: 1 sec 
mars - INFO   - 20260807.124121 - Memory used: 140.88 Mbyte(s)
mars - ERROR  - 20260807.124121 - Some errors reported (last error -1)
grib_to_netcdf: Version 2.47.0
grib_to_netcdf: Processing input file 'mars_ml_dryMF_49r2b.grb'.
grib_to_netcdf: Found 47450 GRIB fields in 1 file.
grib_to_netcdf: Ignoring key(s): method, type, stream, refdate, hdate
grib_to_netcdf: Creating netCDF file 'j7y2_dryMF_49r2b_ml_20220520_0.nc'
grib_to_netcdf: NetCDF library version: 4.10.0 of Apr  9 2026 13:13:33 $
grib_to_netcdf: Creating large (64 bit) file format.
grib_to_netcdf: Defining variable 'crwc'.
grib_to_netcdf: Defining variable 'p82'.
grib_to_netcdf: Defining variable 'p83'.
grib_to_netcdf: Defining variable 'p84'.
grib_to_netcdf: Defining variable 'p85'.
grib_to_netcdf: Defining variable 'p86'.
grib_to_netcdf: Defining variable 'p87'.
grib_to_netcdf: Defining variable 'p88'.
grib_to_netcdf: Defining variable 'p89'.
grib_to_netcdf: Defining variable 'p90'.
grib_to_netcdf: Defining variable 'p91'.
grib_to_netcdf: Defining variable 'p92'.
grib_to_netcdf: Defining variable 'p93'.
grib_to_netcdf: Defining variable 'p94'.
grib_to_netcdf: Defining variable 'p95'.
grib_to_netcdf: Defining variable 'p96'.
grib_to_netcdf: Defining variable 'p97'.
grib_to_netcdf: Defining variable 'p98'.
grib_to_netcdf: Defining variable 'p99'.
grib_to_netcdf: Defining variable 'p100'.
grib_to_netcdf: Defining variable 'p101'.
grib_to_netcdf: Defining variable 'p102'.
grib_to_netcdf: Defining variable 'p103'.
grib_to_netcdf: Defining variable 'p104'.
grib_to_netcdf: Defining variable 'p105'.
grib_to_netcdf: Defining variable 'p106'.
grib_to_netcdf: Defining variable 'p107'.
grib_to_netcdf: Defining variable 'p108'.
grib_to_netcdf: Defining variable 'p109'.
grib_to_netcdf: Defining variable 'p110'.
grib_to_netcdf: Defining variable 'p111'.
grib_to_netcdf: Defining variable 't'.
grib_to_netcdf: Defining variable 'q'.
grib_to_netcdf: Defining variable 'w'.
grib_to_netcdf: Defining variable 'vo'.
grib_to_netcdf: Defining variable 'lnsp'.
grib_to_netcdf: Defining variable 'd'.
grib_to_netcdf: Defining variable 'u'.
grib_to_netcdf: Defining variable 'v'.
grib_to_netcdf: Defining variable 'clwc'.
grib_to_netcdf: Defining variable 'co2'.
grib_to_netcdf: Defining variable 'ch4'.
grib_to_netcdf: Done.
Model level selected
mars - WARN - 
mars - WARN - 
MIR environment variables:
MIR_CACHE_PATH=/lus/h2resw01/cache:{FILE?/ec/cache.1}/cache:{FILE?/ec/cache.2}/cache
MIR_LSM_NAMED=1km.climate.v013
Using MARS binary: /usr/local/apps/mars/versions/6.34.7.1/bin/mars.bin
mars - INFO   - 20260807.124502 - Welcome to MARS
mars - INFO   - 20260807.124502 - MARS_HOME=/usr/local/apps/mars/configs/prod
mars - INFO   - 20260807.124502 - MARS Client build stamp: 20260623091402
mars - INFO   - 20260807.124502 - MARS Client bundle version: 6.34.7.1
mars - INFO   - 20260807.124502 - package mars-client version: 6.34.7
mars - INFO   - 20260807.124502 - package mir version: 1.23.9
mars - INFO   - 20260807.124502 - package odc version: 1.6.3
mars - INFO   - 20260807.124502 - package fdb version: 5.21.4
mars - INFO   - 20260807.124502 - package metkit version: 1.18.3
mars - INFO   - 20260807.124502 - package eckit version: 2.0.8
mars - INFO   - 20260807.124502 - package eccodes version: 2.47.2
# First retrieve profiles
retrieve,
anoffset=9,
class=rd,
date=20220520,
expver=j7y2,
levelist=1/50/51/52/53/54/55/56/57/58/59/60/61/62/63/64/65/66/67/68/69/70/71/72/73/74/75/76/77/78/79/80/81/82/83/84/85/86/87/88/89/90/91/92/93/94/95/96/97/98/99/100/101/102/103/104/105/106/107/108/109/110/111/112/113/114/115/116/117/118/119/120/121/122/123/124/125/126/127/128/129/130/131/132/133/134/135/136/137,
levtype=ml,
param=75/82/83/84/85/86/87/88/89/90/91/92/93/94/95/96/97/98/99/100/101/102/103/104/105/106/107/108/109/110/111/130/131/132/133/135/138/152/155/246/162100/162101/162104/162105/162106/162107/162109/210061/210062/210123/210181/217026,
step=12/13/14/15/16/17/18/19/20/21/22/23/24,
stream=oper,
time=00:00:00,
type=fc,
grid=0.2/0.2,
area=52.5/4.8/51.5/5.8,
interpolation=grid-box-average,
target="mars_ml_dryMF_49r2b.grb"

mars - INFO   - 20260807.124502 - Processing request 1

RETRIEVE,
    CLASS      = RD,
    TYPE       = FC,
    STREAM     = OPER,
    EXPVER     = j7y2,
    REPRES     = SH,
    LEVTYPE    = ML,
    LEVELIST   = 1/50/51/52/53/54/55/56/57/58/59/60/61/62/63/64/65/66/67/68/69/70/71/72/73/74/75/76/77/78/79/80/81/82/83/84/85/86/87/88/89/90/91/92/93/94/95/96/97/98/99/100/101/102/103/104/105/106/107/108/109/110/111/112/113/114/115/116/117/118/119/120/121/122/123/124/125/126/127/128/129/130/131/132/133/134/135/136/137,
    PARAM      = 75/82/83/84/85/86/87/88/89/90/91/92/93/94/95/96/97/98/99/100/101/102/103/104/105/106/107/108/109/110/111/130/131/132/133/135/138/152/155/246/162100/162101/162104/162105/162106/162107/162109/210061/210062/210123/210181/217026,
    DATE       = 20220520,
    TIME       = 0000,
    STEP       = 12/13/14/15/16/17/18/19/20/21/22/23/24,
    DOMAIN     = G,
    TARGET     = "mars_ml_dryMF_49r2b.grb",
    RESOL      = AUTO,
    INTERPOLATION = GRID-BOX-AVERAGE,
    AREA       = 52.5/4.8/51.5/5.8,
    GRID       = 0.2/0.2

mars - INFO   - 20260807.124503 - Requesting 59020 fields
mars - INFO   - 20260807.124503 - FDB home /home/fdbprod
mars - INFO   - 20260807.124503 - Setting SO_SNDBUF to 33554432 (32.00 M)
mars - INFO   - 20260807.124503 - Current value is 32768 (32.00 K)
mars - INFO   - 20260807.124503 - Setting SO_RCVBUF to 33554432 (32.00 M)
mars - INFO   - 20260807.124503 - Current value is 43690 (42.67 K)
mars - INFO   - 20260807.124503 - Calling mars on 'marsrd-core', local port is 53277
mars - INFO   - 20260807.124503 - Callback at address 10.100.192.186, port 53277
mars - INFO   - 20260807.124503 - Mars client is on ac6-186.bullx (10.100.192.186) 53277
mars - INFO   - 20260807.124503 - Mars server is on 10.112.4.10 48533
mars - INFO   - 20260807.124503 - Server task is 5201 [marsrd]
mars - INFO   - 20260807.124503 - Request cost: 45,136 fields, 1.66455 Gbytes online, 20.4458 Gbytes on 1 tape, nodes: hpss mvr000, libraries: ibmlib09_70 [marsrd]
mars - INFO   - 20260807.124503 - The efficiency of your requests in the last 12 hours is 51% [marsrd]
mars - INFO   - 20260807.124503 - Wind conversion requested by server
mars - INFO   - 20260807.124846 - Transfering 23740772341 bytes
mars - INFO   - 20260807.124847 - ShToGridded: loading Legendre coefficients '/lus/h2resw01/cache/mir/legendre/4/local-T399-GaussianN400-OPT4189816c2e.leg'
mars - INFO   - 20260807.124848 - Deriving U and V from vorticity and divergence
mars - WARN   - 20260807.130333 - Visiting database marsrd : expected 59020, got 47450
mars - INFO   - 20260807.130333 - 47450 fields have been interpolated on 'ac6-186.bullx'
mars - ERROR  - 20260807.130333 - Last error is -43
mars - ERROR  - 20260807.130333 - Expected 59020, got 47450.
mars - ERROR  - 20260807.130333 - Request failed
mars - INFO   - 20260807.130333 - Request time:  wall: 18 min 30 sec  cpu: 13 min 49 sec 
mars - INFO   - 20260807.130333 -   Read from network: 22.11 Gbyte(s) in 18 sec  [1.20 Gbyte/sec] 
mars - INFO   - 20260807.130333 -   Processing in marsrd: wall: 3 min 43 sec 
mars - INFO   - 20260807.130333 -   Visiting marsrd: wall: 18 min 30 sec 
mars - INFO   - 20260807.130333 -   Post-processing: wall: 11 min 35 sec cpu: 10 min 39 sec 
mars - INFO   - 20260807.130333 -   Writing to target file: 64.59 Mbyte(s) in 1 sec  [57.17 Mbyte/sec] cpu: 1 sec 
mars - INFO   - 20260807.130333 - Memory used: 140.55 Mbyte(s)
mars - ERROR  - 20260807.130333 - Some errors reported (last error -1)
grib_to_netcdf: Version 2.47.0
grib_to_netcdf: Processing input file 'mars_ml_dryMF_49r2b.grb'.
grib_to_netcdf: Found 47450 GRIB fields in 1 file.
grib_to_netcdf: Ignoring key(s): method, type, stream, refdate, hdate
grib_to_netcdf: Creating netCDF file 'j7y2_dryMF_49r2b_ml_20220520_12.nc'
grib_to_netcdf: NetCDF library version: 4.10.0 of Apr  9 2026 13:13:33 $
grib_to_netcdf: Creating large (64 bit) file format.
grib_to_netcdf: Defining variable 'crwc'.
grib_to_netcdf: Defining variable 'p82'.
grib_to_netcdf: Defining variable 'p83'.
grib_to_netcdf: Defining variable 'p84'.
grib_to_netcdf: Defining variable 'p85'.
grib_to_netcdf: Defining variable 'p86'.
grib_to_netcdf: Defining variable 'p87'.
grib_to_netcdf: Defining variable 'p88'.
grib_to_netcdf: Defining variable 'p89'.
grib_to_netcdf: Defining variable 'p90'.
grib_to_netcdf: Defining variable 'p91'.
grib_to_netcdf: Defining variable 'p92'.
grib_to_netcdf: Defining variable 'p93'.
grib_to_netcdf: Defining variable 'p94'.
grib_to_netcdf: Defining variable 'p95'.
grib_to_netcdf: Defining variable 'p96'.
grib_to_netcdf: Defining variable 'p97'.
grib_to_netcdf: Defining variable 'p98'.
grib_to_netcdf: Defining variable 'p99'.
grib_to_netcdf: Defining variable 'p100'.
grib_to_netcdf: Defining variable 'p101'.
grib_to_netcdf: Defining variable 'p102'.
grib_to_netcdf: Defining variable 'p103'.
grib_to_netcdf: Defining variable 'p104'.
grib_to_netcdf: Defining variable 'p105'.
grib_to_netcdf: Defining variable 'p106'.
grib_to_netcdf: Defining variable 'p107'.
grib_to_netcdf: Defining variable 'p108'.
grib_to_netcdf: Defining variable 'p109'.
grib_to_netcdf: Defining variable 'p110'.
grib_to_netcdf: Defining variable 'p111'.
grib_to_netcdf: Defining variable 't'.
grib_to_netcdf: Defining variable 'q'.
grib_to_netcdf: Defining variable 'w'.
grib_to_netcdf: Defining variable 'vo'.
grib_to_netcdf: Defining variable 'lnsp'.
grib_to_netcdf: Defining variable 'd'.
grib_to_netcdf: Defining variable 'u'.
grib_to_netcdf: Defining variable 'v'.
grib_to_netcdf: Defining variable 'clwc'.
grib_to_netcdf: Defining variable 'co2'.
grib_to_netcdf: Defining variable 'ch4'.
grib_to_netcdf: Done.
python_scripts/processing_IFS/scripts/mars_ghg_fc_automated: line 209: _srf_dryMF_49r2b.grb: command not found
python_scripts/processing_IFS/scripts/mars_ghg_fc_automated: line 210: syntax error near unexpected token `fi'
python_scripts/processing_IFS/scripts/mars_ghg_fc_automated: line 210: `      fi'
