[ECMWF-INFO -ecprofile] /usr/bin/bash NON_INTERACTIVE on ac6-114 at 20260716_154703.673, PID: 2415713, JOBID: 39436682
[ECMWF-INFO -ecprofile] $SCRATCH=/ec/res4/scratch/paaa
[ECMWF-INFO -ecprofile] $PERM=/perm/paaa
[ECMWF-INFO -ecprofile] $HPCPERM=/ec/res4/hpcperm/paaa
[ECMWF-INFO -ecprofile] $TMPDIR=/etc/ecmwf/ssd/ssd1/tmpdirs/paaa.39436682
[ECMWF-INFO -ecprofile] $SCRATCHDIR=/ec/res4/scratchdir/paaa/2/39436682
base_dir: /scratch/paaa/IFS/HPB_tower
subdomain: HPB_tower
exp_id: iyw7
exp_name: ctrl_49r2b
exp_type: fc
levels: ml
ldiagflx: False
ldiagflx_49r2b: True
ldiagghg: False
levitrac: False
lbud23: False
lead_time: 0
grid: 0.2/0.2
year: 2022
stream: oper
single_day: 0519
area: 48.3/10.5/47.3/11.5
param_ml: 75/82/83/84/85/86/87/88/89/90/91/92/93/94/95/96/97/98/99/100/101/102/103/104/105/106/107/108/109/110/111/130/131/132/133/135/138/152/155/246/162100/162101/162104/162105/162106/162107/162109/210061/210062/210123/210181/217026
Find your raw data in /scratch/paaa/IFS/HPB_tower/iyw7
Model level selected
mars - WARN - 
mars - WARN - 
MIR environment variables:
MIR_CACHE_PATH=/lus/h2resw01/cache:{FILE?/ec/cache.1}/cache:{FILE?/ec/cache.2}/cache
MIR_LSM_NAMED=1km.climate.v013
Using MARS binary: /usr/local/apps/mars/versions/6.34.4.11/bin/mars.bin
mars - INFO   - 20260716.154708 - Welcome to MARS
mars - INFO   - 20260716.154708 - MARS_HOME=/usr/local/apps/mars/configs/prod
mars - INFO   - 20260716.154708 - MARS Client build stamp: 20260421054856
mars - INFO   - 20260716.154708 - MARS Client bundle version: 6.34.4.11
mars - INFO   - 20260716.154708 - package mars-client version: 6.34.4
mars - INFO   - 20260716.154708 - package mir version: 1.23.9
mars - INFO   - 20260716.154708 - package odc version: 1.6.3
mars - INFO   - 20260716.154708 - package fdb version: 5.21.1
mars - INFO   - 20260716.154708 - package metkit version: 1.18.0
mars - INFO   - 20260716.154708 - package eckit version: 2.0.7
mars - INFO   - 20260716.154708 - package eccodes version: 2.46.3
# First retrieve profiles
retrieve,
anoffset=9,
class=rd,
date=20220519,
expver=iyw7,
levelist=1/50/51/52/53/54/55/56/57/58/59/60/61/62/63/64/65/66/67/68/69/70/71/72/73/74/75/76/77/78/79/80/81/82/83/84/85/86/87/88/89/90/91/92/93/94/95/96/97/98/99/100/101/102/103/104/105/106/107/108/109/110/111/112/113/114/115/116/117/118/119/120/121/122/123/124/125/126/127/128/129/130/131/132/133/134/135/136/137,
levtype=ml,
param=75/82/83/84/85/86/87/88/89/90/91/92/93/94/95/96/97/98/99/100/101/102/103/104/105/106/107/108/109/110/111/130/131/132/133/135/138/152/155/246/162100/162101/162104/162105/162106/162107/162109/210061/210062/210123/210181/217026,
step=0/1/2/3/4/5/6/7/8/9/10/11/12,
stream=oper,
time=00:00:00,
type=fc,
grid=0.2/0.2,
area=48.3/10.5/47.3/11.5,
target="mars_ml_ctrl_49r2b.grb"

mars - INFO   - 20260716.154708 - Processing request 1

RETRIEVE,
    CLASS      = RD,
    TYPE       = FC,
    STREAM     = OPER,
    EXPVER     = iyw7,
    REPRES     = SH,
    LEVTYPE    = ML,
    LEVELIST   = 1/50/51/52/53/54/55/56/57/58/59/60/61/62/63/64/65/66/67/68/69/70/71/72/73/74/75/76/77/78/79/80/81/82/83/84/85/86/87/88/89/90/91/92/93/94/95/96/97/98/99/100/101/102/103/104/105/106/107/108/109/110/111/112/113/114/115/116/117/118/119/120/121/122/123/124/125/126/127/128/129/130/131/132/133/134/135/136/137,
    PARAM      = 75/82/83/84/85/86/87/88/89/90/91/92/93/94/95/96/97/98/99/100/101/102/103/104/105/106/107/108/109/110/111/130/131/132/133/135/138/152/155/246/162100/162101/162104/162105/162106/162107/162109/210061/210062/210123/210181/217026,
    DATE       = 20220519,
    TIME       = 0000,
    STEP       = 0/1/2/3/4/5/6/7/8/9/10/11/12,
    DOMAIN     = G,
    TARGET     = "mars_ml_ctrl_49r2b.grb",
    RESOL      = AUTO,
    AREA       = 48.3/10.5/47.3/11.5,
    GRID       = 0.2/0.2

mars - INFO   - 20260716.154708 - Requesting 59020 fields
mars - INFO   - 20260716.154708 - FDB home /home/fdbprod
mars - INFO   - 20260716.154709 - Setting SO_SNDBUF to 33554432 (32.00 M)
mars - INFO   - 20260716.154709 - Current value is 32768 (32.00 K)
mars - INFO   - 20260716.154709 - Setting SO_RCVBUF to 33554432 (32.00 M)
mars - INFO   - 20260716.154709 - Current value is 43690 (42.67 K)
mars - INFO   - 20260716.154709 - Calling mars on 'marsrd-core', local port is 39091
mars - INFO   - 20260716.154709 - Callback at address 10.100.192.114, port 39091
mars - INFO   - 20260716.154709 - Mars client is on ac6-114.bullx (10.100.192.114) 39091
mars - INFO   - 20260716.154709 - Mars server is on 10.112.4.10 33431
mars - INFO   - 20260716.154709 - Server task is 384 [marsrd]
mars - INFO   - 20260716.154709 - Request cost: 45,136 fields, 20.0366 Gbytes online, nodes: mvr004 mvr008 mvr009 mvr014 [marsrd]
mars - INFO   - 20260716.154709 - The efficiency of your requests in the last 12 hours is 100% [marsrd]
mars - INFO   - 20260716.154709 - Wind conversion requested by server
mars - INFO   - 20260716.154710 - Transfering 21514167702 bytes
mars - INFO   - 20260716.154711 - ShToGridded: loading Legendre coefficients '/lus/h2resw01/cache/mir/legendre/4/local-T399-GaussianN400-OPT4189816c2e.leg'
mars - INFO   - 20260716.154728 - Deriving U and V from vorticity and divergence
mars - WARN   - 20260716.160422 - Visiting database marsrd : expected 59020, got 47450
mars - INFO   - 20260716.160422 - 47450 fields have been interpolated on 'ac6-114.bullx'
mars - ERROR  - 20260716.160422 - Last error is -43
mars - ERROR  - 20260716.160422 - Expected 59020, got 47450.
mars - ERROR  - 20260716.160422 - Request failed
mars - INFO   - 20260716.160422 - Request time:  wall: 17 min 14 sec  cpu: 12 min 17 sec 
mars - INFO   - 20260716.160422 -   Read from network: 2.75 Tbyte(s) in 19 sec  [150.86 Gbyte/sec] 
mars - INFO   - 20260716.160422 -   Processing in marsrd: wall: 1 sec 
mars - INFO   - 20260716.160422 -   Visiting marsrd: wall: 17 min 14 sec 
mars - INFO   - 20260716.160422 -   Post-processing: wall: 14 min 10 sec cpu: 9 min 17 sec 
mars - INFO   - 20260716.160422 -   Writing to target file: 64.01 Mbyte(s) in 1 sec  [61.54 Mbyte/sec] 
mars - INFO   - 20260716.160422 - Memory used: 139.60 Mbyte(s)
mars - ERROR  - 20260716.160422 - Some errors reported (last error -1)
grib_to_netcdf: Version 2.47.0
grib_to_netcdf: Processing input file 'mars_ml_ctrl_49r2b.grb'.
grib_to_netcdf: Found 47450 GRIB fields in 1 file.
grib_to_netcdf: Ignoring key(s): method, type, stream, refdate, hdate
grib_to_netcdf: Creating netCDF file 'iyw7_ctrl_49r2b_ml_20220519_0.nc'
grib_to_netcdf: NetCDF library version: 4.10.0 of Apr  9 2026 13:13:33 $
grib_to_netcdf: Creating large (64 bit) file format.
grib_to_netcdf: Defining variable 'crwc'.
grib_to_netcdf: Defining variable 'p82'.
grib_to_netcdf: Defining variable 'p83'.
grib_to_netcdf: Defining variable 'p84'.
grib_to_netcdf: Defining variable 'p85'.
grib_to_netcdf: Defining variable 'p86'.
grib_to_netcdf: Defining variable 'p87'.
grib_to_netcdf: Defining variable 'p88'.
grib_to_netcdf: Defining variable 'p89'.
grib_to_netcdf: Defining variable 'p90'.
grib_to_netcdf: Defining variable 'p91'.
grib_to_netcdf: Defining variable 'p92'.
grib_to_netcdf: Defining variable 'p93'.
grib_to_netcdf: Defining variable 'p94'.
grib_to_netcdf: Defining variable 'p95'.
grib_to_netcdf: Defining variable 'p96'.
grib_to_netcdf: Defining variable 'p97'.
grib_to_netcdf: Defining variable 'p98'.
grib_to_netcdf: Defining variable 'p99'.
grib_to_netcdf: Defining variable 'p100'.
grib_to_netcdf: Defining variable 'p101'.
grib_to_netcdf: Defining variable 'p102'.
grib_to_netcdf: Defining variable 'p103'.
grib_to_netcdf: Defining variable 'p104'.
grib_to_netcdf: Defining variable 'p105'.
grib_to_netcdf: Defining variable 'p106'.
grib_to_netcdf: Defining variable 'p107'.
grib_to_netcdf: Defining variable 'p108'.
grib_to_netcdf: Defining variable 'p109'.
grib_to_netcdf: Defining variable 'p110'.
grib_to_netcdf: Defining variable 'p111'.
grib_to_netcdf: Defining variable 't'.
grib_to_netcdf: Defining variable 'q'.
grib_to_netcdf: Defining variable 'w'.
grib_to_netcdf: Defining variable 'vo'.
grib_to_netcdf: Defining variable 'lnsp'.
grib_to_netcdf: Defining variable 'd'.
grib_to_netcdf: Defining variable 'u'.
grib_to_netcdf: Defining variable 'v'.
grib_to_netcdf: Defining variable 'clwc'.
grib_to_netcdf: Defining variable 'co2'.
grib_to_netcdf: Defining variable 'ch4'.
grib_to_netcdf: Done.
Model level selected
mars - WARN - 
mars - WARN - 
MIR environment variables:
MIR_CACHE_PATH=/lus/h2resw01/cache:{FILE?/ec/cache.1}/cache:{FILE?/ec/cache.2}/cache
MIR_LSM_NAMED=1km.climate.v013
Using MARS binary: /usr/local/apps/mars/versions/6.34.4.11/bin/mars.bin
mars - INFO   - 20260716.160824 - Welcome to MARS
mars - INFO   - 20260716.160824 - MARS_HOME=/usr/local/apps/mars/configs/prod
mars - INFO   - 20260716.160824 - MARS Client build stamp: 20260421054856
mars - INFO   - 20260716.160824 - MARS Client bundle version: 6.34.4.11
mars - INFO   - 20260716.160824 - package mars-client version: 6.34.4
mars - INFO   - 20260716.160824 - package mir version: 1.23.9
mars - INFO   - 20260716.160824 - package odc version: 1.6.3
mars - INFO   - 20260716.160824 - package fdb version: 5.21.1
mars - INFO   - 20260716.160824 - package metkit version: 1.18.0
mars - INFO   - 20260716.160824 - package eckit version: 2.0.7
mars - INFO   - 20260716.160824 - package eccodes version: 2.46.3
# First retrieve profiles
retrieve,
anoffset=9,
class=rd,
date=20220519,
expver=iyw7,
levelist=1/50/51/52/53/54/55/56/57/58/59/60/61/62/63/64/65/66/67/68/69/70/71/72/73/74/75/76/77/78/79/80/81/82/83/84/85/86/87/88/89/90/91/92/93/94/95/96/97/98/99/100/101/102/103/104/105/106/107/108/109/110/111/112/113/114/115/116/117/118/119/120/121/122/123/124/125/126/127/128/129/130/131/132/133/134/135/136/137,
levtype=ml,
param=75/82/83/84/85/86/87/88/89/90/91/92/93/94/95/96/97/98/99/100/101/102/103/104/105/106/107/108/109/110/111/130/131/132/133/135/138/152/155/246/162100/162101/162104/162105/162106/162107/162109/210061/210062/210123/210181/217026,
step=12/13/14/15/16/17/18/19/20/21/22/23/24,
stream=oper,
time=00:00:00,
type=fc,
grid=0.2/0.2,
area=48.3/10.5/47.3/11.5,
target="mars_ml_ctrl_49r2b.grb"

mars - INFO   - 20260716.160824 - Processing request 1

RETRIEVE,
    CLASS      = RD,
    TYPE       = FC,
    STREAM     = OPER,
    EXPVER     = iyw7,
    REPRES     = SH,
    LEVTYPE    = ML,
    LEVELIST   = 1/50/51/52/53/54/55/56/57/58/59/60/61/62/63/64/65/66/67/68/69/70/71/72/73/74/75/76/77/78/79/80/81/82/83/84/85/86/87/88/89/90/91/92/93/94/95/96/97/98/99/100/101/102/103/104/105/106/107/108/109/110/111/112/113/114/115/116/117/118/119/120/121/122/123/124/125/126/127/128/129/130/131/132/133/134/135/136/137,
    PARAM      = 75/82/83/84/85/86/87/88/89/90/91/92/93/94/95/96/97/98/99/100/101/102/103/104/105/106/107/108/109/110/111/130/131/132/133/135/138/152/155/246/162100/162101/162104/162105/162106/162107/162109/210061/210062/210123/210181/217026,
    DATE       = 20220519,
    TIME       = 0000,
    STEP       = 12/13/14/15/16/17/18/19/20/21/22/23/24,
    DOMAIN     = G,
    TARGET     = "mars_ml_ctrl_49r2b.grb",
    RESOL      = AUTO,
    AREA       = 48.3/10.5/47.3/11.5,
    GRID       = 0.2/0.2

mars - INFO   - 20260716.160824 - Requesting 59020 fields
mars - INFO   - 20260716.160824 - FDB home /home/fdbprod
mars - INFO   - 20260716.160824 - Setting SO_SNDBUF to 33554432 (32.00 M)
mars - INFO   - 20260716.160824 - Current value is 32768 (32.00 K)
mars - INFO   - 20260716.160824 - Setting SO_RCVBUF to 33554432 (32.00 M)
mars - INFO   - 20260716.160824 - Current value is 43690 (42.67 K)
mars - INFO   - 20260716.160824 - Calling mars on 'marsrd-core', local port is 48383
mars - INFO   - 20260716.160824 - Callback at address 10.100.192.114, port 48383
mars - INFO   - 20260716.160828 - Mars client is on ac6-114.bullx (10.100.192.114) 48383
mars - INFO   - 20260716.160828 - Mars server is on 10.112.4.10 51125
mars - INFO   - 20260716.160828 - Server task is 618 [marsrd]
mars - INFO   - 20260716.160828 - Request cost: 45,136 fields, 22.0205 Gbytes online, nodes: mvr000 mvr003 mvr004 mvr008 mvr009 mvr011 [marsrd]
mars - INFO   - 20260716.160828 - The efficiency of your requests in the last 12 hours is 100% [marsrd]
mars - INFO   - 20260716.160829 - Wind conversion requested by server
mars - INFO   - 20260716.160835 - Transfering 23644369670 bytes
mars - INFO   - 20260716.160836 - ShToGridded: loading Legendre coefficients '/lus/h2resw01/cache/mir/legendre/4/local-T399-GaussianN400-OPT4189816c2e.leg'
mars - INFO   - 20260716.160837 - Deriving U and V from vorticity and divergence
mars - WARN   - 20260716.162434 - Visiting database marsrd : expected 59020, got 47450
mars - INFO   - 20260716.162434 - 47450 fields have been interpolated on 'ac6-114.bullx'
mars - ERROR  - 20260716.162434 - Last error is -43
mars - ERROR  - 20260716.162434 - Expected 59020, got 47450.
mars - ERROR  - 20260716.162434 - Request failed
mars - INFO   - 20260716.162434 - Request time:  wall: 16 min 10 sec  cpu: 13 min 3 sec 
mars - INFO   - 20260716.162434 -   Read from network: 2.75 Tbyte(s) in 22 sec  [130.27 Gbyte/sec] 
mars - INFO   - 20260716.162434 -   Processing in marsrd: wall: 10 sec 
mars - INFO   - 20260716.162434 -   Visiting marsrd: wall: 16 min 9 sec 
mars - INFO   - 20260716.162434 -   Post-processing: wall: 12 min 39 sec cpu: 9 min 45 sec 
mars - INFO   - 20260716.162434 -   Writing to target file: 64.71 Mbyte(s) in 1 sec  [59.72 Mbyte/sec] cpu: 1 sec 
mars - INFO   - 20260716.162434 - Memory used: 142.65 Mbyte(s)
mars - ERROR  - 20260716.162434 - Some errors reported (last error -1)
grib_to_netcdf: Version 2.47.0
grib_to_netcdf: Processing input file 'mars_ml_ctrl_49r2b.grb'.
grib_to_netcdf: Found 47450 GRIB fields in 1 file.
grib_to_netcdf: Ignoring key(s): method, type, stream, refdate, hdate
grib_to_netcdf: Creating netCDF file 'iyw7_ctrl_49r2b_ml_20220519_12.nc'
grib_to_netcdf: NetCDF library version: 4.10.0 of Apr  9 2026 13:13:33 $
grib_to_netcdf: Creating large (64 bit) file format.
grib_to_netcdf: Defining variable 'crwc'.
grib_to_netcdf: Defining variable 'p82'.
grib_to_netcdf: Defining variable 'p83'.
grib_to_netcdf: Defining variable 'p84'.
grib_to_netcdf: Defining variable 'p85'.
grib_to_netcdf: Defining variable 'p86'.
grib_to_netcdf: Defining variable 'p87'.
grib_to_netcdf: Defining variable 'p88'.
grib_to_netcdf: Defining variable 'p89'.
grib_to_netcdf: Defining variable 'p90'.
grib_to_netcdf: Defining variable 'p91'.
grib_to_netcdf: Defining variable 'p92'.
grib_to_netcdf: Defining variable 'p93'.
grib_to_netcdf: Defining variable 'p94'.
grib_to_netcdf: Defining variable 'p95'.
grib_to_netcdf: Defining variable 'p96'.
grib_to_netcdf: Defining variable 'p97'.
grib_to_netcdf: Defining variable 'p98'.
grib_to_netcdf: Defining variable 'p99'.
grib_to_netcdf: Defining variable 'p100'.
grib_to_netcdf: Defining variable 'p101'.
grib_to_netcdf: Defining variable 'p102'.
grib_to_netcdf: Defining variable 'p103'.
grib_to_netcdf: Defining variable 'p104'.
grib_to_netcdf: Defining variable 'p105'.
grib_to_netcdf: Defining variable 'p106'.
grib_to_netcdf: Defining variable 'p107'.
grib_to_netcdf: Defining variable 'p108'.
grib_to_netcdf: Defining variable 'p109'.
grib_to_netcdf: Defining variable 'p110'.
grib_to_netcdf: Defining variable 'p111'.
grib_to_netcdf: Defining variable 't'.
grib_to_netcdf: Defining variable 'q'.
grib_to_netcdf: Defining variable 'w'.
grib_to_netcdf: Defining variable 'vo'.
grib_to_netcdf: Defining variable 'lnsp'.
grib_to_netcdf: Defining variable 'd'.
grib_to_netcdf: Defining variable 'u'.
grib_to_netcdf: Defining variable 'v'.
grib_to_netcdf: Defining variable 'clwc'.
grib_to_netcdf: Defining variable 'co2'.
grib_to_netcdf: Defining variable 'ch4'.
grib_to_netcdf: Done.
