[ECMWF-INFO -ecprofile] /usr/bin/bash NON_INTERACTIVE on ac6-138 at 20260717_121359.041, PID: 4148558, JOBID: 39830174
[ECMWF-INFO -ecprofile] $SCRATCH=/ec/res4/scratch/paaa
[ECMWF-INFO -ecprofile] $PERM=/perm/paaa
[ECMWF-INFO -ecprofile] $HPCPERM=/ec/res4/hpcperm/paaa
[ECMWF-INFO -ecprofile] $TMPDIR=/etc/ecmwf/ssd/ssd1/tmpdirs/paaa.39830174
[ECMWF-INFO -ecprofile] $SCRATCHDIR=/ec/res4/scratchdir/paaa/6/39830174
base_dir: /scratch/paaa/IFS/HPB_tower
subdomain: HPB_tower
exp_id: j7y2
exp_name: dryMF_49r2b
exp_type: fc
levels: ml
ldiagflx: False
ldiagflx_49r2b: True
ldiagghg: False
levitrac: False
lbud23: False
lead_time: 0
grid: 0.2/0.2
year: 2022
stream: oper
single_day: 0516
area: 48.3/10.5/47.3/11.5
param_ml: 75/82/83/84/85/86/87/88/89/90/91/92/93/94/95/96/97/98/99/100/101/102/103/104/105/106/107/108/109/110/111/130/131/132/133/135/138/152/155/246/162100/162101/162104/162105/162106/162107/162109/210061/210062/210123/210181/217026
Find your raw data in /scratch/paaa/IFS/HPB_tower/j7y2
Model level selected
mars - WARN - 
mars - WARN - 
MIR environment variables:
MIR_CACHE_PATH=/lus/h2resw01/cache:{FILE?/ec/cache.1}/cache:{FILE?/ec/cache.2}/cache
MIR_LSM_NAMED=1km.climate.v013
Using MARS binary: /usr/local/apps/mars/versions/6.34.4.11/bin/mars.bin
mars - INFO   - 20260717.121409 - Welcome to MARS
mars - INFO   - 20260717.121409 - MARS_HOME=/usr/local/apps/mars/configs/prod
mars - INFO   - 20260717.121409 - MARS Client build stamp: 20260421054856
mars - INFO   - 20260717.121409 - MARS Client bundle version: 6.34.4.11
mars - INFO   - 20260717.121409 - package mars-client version: 6.34.4
mars - INFO   - 20260717.121409 - package mir version: 1.23.9
mars - INFO   - 20260717.121409 - package odc version: 1.6.3
mars - INFO   - 20260717.121409 - package fdb version: 5.21.1
mars - INFO   - 20260717.121409 - package metkit version: 1.18.0
mars - INFO   - 20260717.121409 - package eckit version: 2.0.7
mars - INFO   - 20260717.121409 - package eccodes version: 2.46.3
# First retrieve profiles
retrieve,
anoffset=9,
class=rd,
date=20220516,
expver=j7y2,
levelist=1/50/51/52/53/54/55/56/57/58/59/60/61/62/63/64/65/66/67/68/69/70/71/72/73/74/75/76/77/78/79/80/81/82/83/84/85/86/87/88/89/90/91/92/93/94/95/96/97/98/99/100/101/102/103/104/105/106/107/108/109/110/111/112/113/114/115/116/117/118/119/120/121/122/123/124/125/126/127/128/129/130/131/132/133/134/135/136/137,
levtype=ml,
param=75/82/83/84/85/86/87/88/89/90/91/92/93/94/95/96/97/98/99/100/101/102/103/104/105/106/107/108/109/110/111/130/131/132/133/135/138/152/155/246/162100/162101/162104/162105/162106/162107/162109/210061/210062/210123/210181/217026,
step=0/1/2/3/4/5/6/7/8/9/10/11/12,
stream=oper,
time=00:00:00,
type=fc,
grid=0.2/0.2,
area=48.3/10.5/47.3/11.5,
target="mars_ml_dryMF_49r2b.grb"

mars - INFO   - 20260717.121410 - Processing request 1

RETRIEVE,
    CLASS      = RD,
    TYPE       = FC,
    STREAM     = OPER,
    EXPVER     = j7y2,
    REPRES     = SH,
    LEVTYPE    = ML,
    LEVELIST   = 1/50/51/52/53/54/55/56/57/58/59/60/61/62/63/64/65/66/67/68/69/70/71/72/73/74/75/76/77/78/79/80/81/82/83/84/85/86/87/88/89/90/91/92/93/94/95/96/97/98/99/100/101/102/103/104/105/106/107/108/109/110/111/112/113/114/115/116/117/118/119/120/121/122/123/124/125/126/127/128/129/130/131/132/133/134/135/136/137,
    PARAM      = 75/82/83/84/85/86/87/88/89/90/91/92/93/94/95/96/97/98/99/100/101/102/103/104/105/106/107/108/109/110/111/130/131/132/133/135/138/152/155/246/162100/162101/162104/162105/162106/162107/162109/210061/210062/210123/210181/217026,
    DATE       = 20220516,
    TIME       = 0000,
    STEP       = 0/1/2/3/4/5/6/7/8/9/10/11/12,
    DOMAIN     = G,
    TARGET     = "mars_ml_dryMF_49r2b.grb",
    RESOL      = AUTO,
    AREA       = 48.3/10.5/47.3/11.5,
    GRID       = 0.2/0.2

mars - INFO   - 20260717.121410 - Requesting 59020 fields
mars - INFO   - 20260717.121410 - FDB home /home/fdbprod
mars - INFO   - 20260717.121411 - Setting SO_SNDBUF to 33554432 (32.00 M)
mars - INFO   - 20260717.121411 - Current value is 32768 (32.00 K)
mars - INFO   - 20260717.121411 - Setting SO_RCVBUF to 33554432 (32.00 M)
mars - INFO   - 20260717.121411 - Current value is 43690 (42.67 K)
mars - INFO   - 20260717.121411 - Calling mars on 'marsrd-core', local port is 50917
mars - INFO   - 20260717.121411 - Callback at address 10.100.192.138, port 50917
mars - INFO   - 20260717.121414 - Mars client is on ac6-138.bullx (10.100.192.138) 50917
mars - INFO   - 20260717.121414 - Mars server is on 10.112.4.10 45483
mars - INFO   - 20260717.121414 - Server task is 264 [marsrd]
mars - INFO   - 20260717.121414 - Request cost: 45,136 fields, 20.2603 Gbytes online, nodes: mvr004 mvr005 mvr006 mvr014 [marsrd]
mars - INFO   - 20260717.121414 - The efficiency of your requests in the last 12 hours is 100% [marsrd]
mars - INFO   - 20260717.121415 - Wind conversion requested by server
mars - INFO   - 20260717.121416 - Transfering 21754302753 bytes
mars - INFO   - 20260717.121417 - ShToGridded: loading Legendre coefficients '/lus/h2resw01/cache/mir/legendre/4/local-T399-GaussianN400-OPT4189816c2e.leg'
mars - INFO   - 20260717.121446 - Deriving U and V from vorticity and divergence
mars - WARN   - 20260717.122556 - Visiting database marsrd : expected 59020, got 47450
mars - INFO   - 20260717.122556 - 47450 fields have been interpolated on 'ac6-138.bullx'
mars - ERROR  - 20260717.122556 - Last error is -43
mars - ERROR  - 20260717.122556 - Expected 59020, got 47450.
mars - ERROR  - 20260717.122556 - Request failed
mars - INFO   - 20260717.122556 - Request time:  wall: 11 min 47 sec  cpu: 11 min 7 sec 
mars - INFO   - 20260717.122556 -   Read from network: 2.75 Tbyte(s) in 19 sec  [150.69 Gbyte/sec] 
mars - INFO   - 20260717.122556 -   Processing in marsrd: wall: 5 sec 
mars - INFO   - 20260717.122556 -   Visiting marsrd: wall: 11 min 46 sec 
mars - INFO   - 20260717.122556 -   Post-processing: wall: 8 min 59 sec cpu: 8 min 27 sec 
mars - INFO   - 20260717.122556 -   Writing to target file: 64.36 Mbyte(s) in 1 sec  [49.22 Mbyte/sec] cpu: 1 sec 
mars - INFO   - 20260717.122556 - Memory used: 139.61 Mbyte(s)
mars - ERROR  - 20260717.122556 - Some errors reported (last error -1)
grib_to_netcdf: Version 2.47.0
grib_to_netcdf: Processing input file 'mars_ml_dryMF_49r2b.grb'.
grib_to_netcdf: Found 47450 GRIB fields in 1 file.
grib_to_netcdf: Ignoring key(s): method, type, stream, refdate, hdate
grib_to_netcdf: Creating netCDF file 'j7y2_dryMF_49r2b_ml_20220516_0.nc'
grib_to_netcdf: NetCDF library version: 4.10.0 of Apr  9 2026 13:13:33 $
grib_to_netcdf: Creating large (64 bit) file format.
grib_to_netcdf: Defining variable 'crwc'.
grib_to_netcdf: Defining variable 'p82'.
grib_to_netcdf: Defining variable 'p83'.
grib_to_netcdf: Defining variable 'p84'.
grib_to_netcdf: Defining variable 'p85'.
grib_to_netcdf: Defining variable 'p86'.
grib_to_netcdf: Defining variable 'p87'.
grib_to_netcdf: Defining variable 'p88'.
grib_to_netcdf: Defining variable 'p89'.
grib_to_netcdf: Defining variable 'p90'.
grib_to_netcdf: Defining variable 'p91'.
grib_to_netcdf: Defining variable 'p92'.
grib_to_netcdf: Defining variable 'p93'.
grib_to_netcdf: Defining variable 'p94'.
grib_to_netcdf: Defining variable 'p95'.
grib_to_netcdf: Defining variable 'p96'.
grib_to_netcdf: Defining variable 'p97'.
grib_to_netcdf: Defining variable 'p98'.
grib_to_netcdf: Defining variable 'p99'.
grib_to_netcdf: Defining variable 'p100'.
grib_to_netcdf: Defining variable 'p101'.
grib_to_netcdf: Defining variable 'p102'.
grib_to_netcdf: Defining variable 'p103'.
grib_to_netcdf: Defining variable 'p104'.
grib_to_netcdf: Defining variable 'p105'.
grib_to_netcdf: Defining variable 'p106'.
grib_to_netcdf: Defining variable 'p107'.
grib_to_netcdf: Defining variable 'p108'.
grib_to_netcdf: Defining variable 'p109'.
grib_to_netcdf: Defining variable 'p110'.
grib_to_netcdf: Defining variable 'p111'.
grib_to_netcdf: Defining variable 't'.
grib_to_netcdf: Defining variable 'q'.
grib_to_netcdf: Defining variable 'w'.
grib_to_netcdf: Defining variable 'vo'.
grib_to_netcdf: Defining variable 'lnsp'.
grib_to_netcdf: Defining variable 'd'.
grib_to_netcdf: Defining variable 'u'.
grib_to_netcdf: Defining variable 'v'.
grib_to_netcdf: Defining variable 'clwc'.
grib_to_netcdf: Defining variable 'co2'.
grib_to_netcdf: Defining variable 'ch4'.
grib_to_netcdf: Done.
Model level selected
mars - WARN - 
mars - WARN - 
MIR environment variables:
MIR_CACHE_PATH=/lus/h2resw01/cache:{FILE?/ec/cache.1}/cache:{FILE?/ec/cache.2}/cache
MIR_LSM_NAMED=1km.climate.v013
Using MARS binary: /usr/local/apps/mars/versions/6.34.4.11/bin/mars.bin
mars - INFO   - 20260717.122859 - Welcome to MARS
mars - INFO   - 20260717.122859 - MARS_HOME=/usr/local/apps/mars/configs/prod
mars - INFO   - 20260717.122859 - MARS Client build stamp: 20260421054856
mars - INFO   - 20260717.122859 - MARS Client bundle version: 6.34.4.11
mars - INFO   - 20260717.122859 - package mars-client version: 6.34.4
mars - INFO   - 20260717.122859 - package mir version: 1.23.9
mars - INFO   - 20260717.122859 - package odc version: 1.6.3
mars - INFO   - 20260717.122859 - package fdb version: 5.21.1
mars - INFO   - 20260717.122859 - package metkit version: 1.18.0
mars - INFO   - 20260717.122859 - package eckit version: 2.0.7
mars - INFO   - 20260717.122859 - package eccodes version: 2.46.3
# First retrieve profiles
retrieve,
anoffset=9,
class=rd,
date=20220516,
expver=j7y2,
levelist=1/50/51/52/53/54/55/56/57/58/59/60/61/62/63/64/65/66/67/68/69/70/71/72/73/74/75/76/77/78/79/80/81/82/83/84/85/86/87/88/89/90/91/92/93/94/95/96/97/98/99/100/101/102/103/104/105/106/107/108/109/110/111/112/113/114/115/116/117/118/119/120/121/122/123/124/125/126/127/128/129/130/131/132/133/134/135/136/137,
levtype=ml,
param=75/82/83/84/85/86/87/88/89/90/91/92/93/94/95/96/97/98/99/100/101/102/103/104/105/106/107/108/109/110/111/130/131/132/133/135/138/152/155/246/162100/162101/162104/162105/162106/162107/162109/210061/210062/210123/210181/217026,
step=12/13/14/15/16/17/18/19/20/21/22/23/24,
stream=oper,
time=00:00:00,
type=fc,
grid=0.2/0.2,
area=48.3/10.5/47.3/11.5,
target="mars_ml_dryMF_49r2b.grb"

mars - INFO   - 20260717.122859 - Processing request 1

RETRIEVE,
    CLASS      = RD,
    TYPE       = FC,
    STREAM     = OPER,
    EXPVER     = j7y2,
    REPRES     = SH,
    LEVTYPE    = ML,
    LEVELIST   = 1/50/51/52/53/54/55/56/57/58/59/60/61/62/63/64/65/66/67/68/69/70/71/72/73/74/75/76/77/78/79/80/81/82/83/84/85/86/87/88/89/90/91/92/93/94/95/96/97/98/99/100/101/102/103/104/105/106/107/108/109/110/111/112/113/114/115/116/117/118/119/120/121/122/123/124/125/126/127/128/129/130/131/132/133/134/135/136/137,
    PARAM      = 75/82/83/84/85/86/87/88/89/90/91/92/93/94/95/96/97/98/99/100/101/102/103/104/105/106/107/108/109/110/111/130/131/132/133/135/138/152/155/246/162100/162101/162104/162105/162106/162107/162109/210061/210062/210123/210181/217026,
    DATE       = 20220516,
    TIME       = 0000,
    STEP       = 12/13/14/15/16/17/18/19/20/21/22/23/24,
    DOMAIN     = G,
    TARGET     = "mars_ml_dryMF_49r2b.grb",
    RESOL      = AUTO,
    AREA       = 48.3/10.5/47.3/11.5,
    GRID       = 0.2/0.2

mars - INFO   - 20260717.122859 - Requesting 59020 fields
mars - INFO   - 20260717.122859 - FDB home /home/fdbprod
mars - INFO   - 20260717.122859 - Setting SO_SNDBUF to 33554432 (32.00 M)
mars - INFO   - 20260717.122859 - Current value is 32768 (32.00 K)
mars - INFO   - 20260717.122859 - Setting SO_RCVBUF to 33554432 (32.00 M)
mars - INFO   - 20260717.122859 - Current value is 43690 (42.67 K)
mars - INFO   - 20260717.122859 - Calling mars on 'marsrd-core', local port is 37547
mars - INFO   - 20260717.122859 - Callback at address 10.100.192.138, port 37547
mars - INFO   - 20260717.122859 - Mars client is on ac6-138.bullx (10.100.192.138) 37547
mars - INFO   - 20260717.122859 - Mars server is on 10.112.4.10 34699
mars - INFO   - 20260717.122859 - Server task is 368 [marsrd]
mars - INFO   - 20260717.122859 - Request cost: 45,136 fields, 22.3275 Gbytes online, nodes: mvr001 mvr005 mvr006 mvr010 mvr011 mvr015 [marsrd]
mars - INFO   - 20260717.122859 - The efficiency of your requests in the last 12 hours is 100% [marsrd]
mars - INFO   - 20260717.122859 - Wind conversion requested by server
mars - INFO   - 20260717.122900 - Transfering 23974003643 bytes
mars - INFO   - 20260717.122903 - ShToGridded: loading Legendre coefficients '/lus/h2resw01/cache/mir/legendre/4/local-T399-GaussianN400-OPT4189816c2e.leg'
mars - INFO   - 20260717.123033 - Deriving U and V from vorticity and divergence
mars - WARN   - 20260717.124227 - Visiting database marsrd : expected 59020, got 47450
mars - INFO   - 20260717.124227 - 47450 fields have been interpolated on 'ac6-138.bullx'
mars - ERROR  - 20260717.124227 - Last error is -43
mars - ERROR  - 20260717.124227 - Expected 59020, got 47450.
mars - ERROR  - 20260717.124227 - Request failed
mars - INFO   - 20260717.124227 - Request time:  wall: 13 min 28 sec  cpu: 11 min 22 sec 
mars - INFO   - 20260717.124227 -   Read from network: 2.75 Tbyte(s) in 21 sec  [131.61 Gbyte/sec] 
mars - INFO   - 20260717.124227 -   Visiting marsrd: wall: 13 min 27 sec 
mars - INFO   - 20260717.124227 -   Post-processing: wall: 10 min 45 sec cpu: 8 min 43 sec 
mars - INFO   - 20260717.124227 -   Writing to target file: 64.71 Mbyte(s) in 1 sec  [46.51 Mbyte/sec] cpu: 1 sec 
mars - INFO   - 20260717.124227 - Memory used: 140.11 Mbyte(s)
mars - ERROR  - 20260717.124227 - Some errors reported (last error -1)
grib_to_netcdf: Version 2.47.0
grib_to_netcdf: Processing input file 'mars_ml_dryMF_49r2b.grb'.
grib_to_netcdf: Found 47450 GRIB fields in 1 file.
grib_to_netcdf: Ignoring key(s): method, type, stream, refdate, hdate
grib_to_netcdf: Creating netCDF file 'j7y2_dryMF_49r2b_ml_20220516_12.nc'
grib_to_netcdf: NetCDF library version: 4.10.0 of Apr  9 2026 13:13:33 $
grib_to_netcdf: Creating large (64 bit) file format.
grib_to_netcdf: Defining variable 'crwc'.
grib_to_netcdf: Defining variable 'p82'.
grib_to_netcdf: Defining variable 'p83'.
grib_to_netcdf: Defining variable 'p84'.
grib_to_netcdf: Defining variable 'p85'.
grib_to_netcdf: Defining variable 'p86'.
grib_to_netcdf: Defining variable 'p87'.
grib_to_netcdf: Defining variable 'p88'.
grib_to_netcdf: Defining variable 'p89'.
grib_to_netcdf: Defining variable 'p90'.
grib_to_netcdf: Defining variable 'p91'.
grib_to_netcdf: Defining variable 'p92'.
grib_to_netcdf: Defining variable 'p93'.
grib_to_netcdf: Defining variable 'p94'.
grib_to_netcdf: Defining variable 'p95'.
grib_to_netcdf: Defining variable 'p96'.
grib_to_netcdf: Defining variable 'p97'.
grib_to_netcdf: Defining variable 'p98'.
grib_to_netcdf: Defining variable 'p99'.
grib_to_netcdf: Defining variable 'p100'.
grib_to_netcdf: Defining variable 'p101'.
grib_to_netcdf: Defining variable 'p102'.
grib_to_netcdf: Defining variable 'p103'.
grib_to_netcdf: Defining variable 'p104'.
grib_to_netcdf: Defining variable 'p105'.
grib_to_netcdf: Defining variable 'p106'.
grib_to_netcdf: Defining variable 'p107'.
grib_to_netcdf: Defining variable 'p108'.
grib_to_netcdf: Defining variable 'p109'.
grib_to_netcdf: Defining variable 'p110'.
grib_to_netcdf: Defining variable 'p111'.
grib_to_netcdf: Defining variable 't'.
grib_to_netcdf: Defining variable 'q'.
grib_to_netcdf: Defining variable 'w'.
grib_to_netcdf: Defining variable 'vo'.
grib_to_netcdf: Defining variable 'lnsp'.
grib_to_netcdf: Defining variable 'd'.
grib_to_netcdf: Defining variable 'u'.
grib_to_netcdf: Defining variable 'v'.
grib_to_netcdf: Defining variable 'clwc'.
grib_to_netcdf: Defining variable 'co2'.
grib_to_netcdf: Defining variable 'ch4'.
grib_to_netcdf: Done.
