[ECMWF-INFO -ecprofile] /usr/bin/bash NON_INTERACTIVE on ac6-109 at 20260807_093449.097, PID: 3472333, JOBID: 39361509
[ECMWF-INFO -ecprofile] $SCRATCH=/ec/res4/scratch/paaa
[ECMWF-INFO -ecprofile] $PERM=/perm/paaa
[ECMWF-INFO -ecprofile] $HPCPERM=/ec/res4/hpcperm/paaa
[ECMWF-INFO -ecprofile] $TMPDIR=/etc/ecmwf/ssd/ssd1/tmpdirs/paaa.39361509
[ECMWF-INFO -ecprofile] $SCRATCHDIR=/ec/res4/scratchdir/paaa/5/39361509
base_dir: /scratch/paaa/IFS/HPB_tower
subdomain: HPB_tower
exp_id: j7fk
exp_name: short_tail_ABL
exp_type: fc
levels: ml
ldiagflx: False
ldiagflx_49r2b: True
ldiagghg: False
levitrac: False
lbud23: False
lead_time: 0
grid: 0.2/0.2
year: 2022
stream: oper
single_day: False
area: 48.3/10.5/47.3/11.5
param_ml: 75/82/83/84/85/86/87/88/89/90/91/92/93/94/95/96/97/98/99/100/101/102/103/104/105/106/107/108/109/110/111/130/131/132/133/135/138/152/155/246/162100/162101/162104/162105/162106/162107/162109/210061/210062/210123/210181/217026
Find your raw data in /scratch/paaa/IFS/HPB_tower/j7fk
Model level selected
mars - WARN - 
mars - WARN - 
MIR environment variables:
MIR_CACHE_PATH=/lus/h2resw01/cache:{FILE?/ec/cache.1}/cache:{FILE?/ec/cache.2}/cache
MIR_LSM_NAMED=1km.climate.v013
Using MARS binary: /usr/local/apps/mars/versions/6.34.7.1/bin/mars.bin
mars - INFO   - 20260807.093454 - Welcome to MARS
mars - INFO   - 20260807.093454 - MARS_HOME=/usr/local/apps/mars/configs/prod
mars - INFO   - 20260807.093454 - MARS Client build stamp: 20260623091402
mars - INFO   - 20260807.093454 - MARS Client bundle version: 6.34.7.1
mars - INFO   - 20260807.093454 - package mars-client version: 6.34.7
mars - INFO   - 20260807.093454 - package mir version: 1.23.9
mars - INFO   - 20260807.093454 - package odc version: 1.6.3
mars - INFO   - 20260807.093454 - package fdb version: 5.21.4
mars - INFO   - 20260807.093454 - package metkit version: 1.18.3
mars - INFO   - 20260807.093454 - package eckit version: 2.0.8
mars - INFO   - 20260807.093454 - package eccodes version: 2.47.2
# First retrieve profiles
retrieve,
anoffset=9,
class=rd,
date=20220515,
expver=j7fk,
levelist=1/50/51/52/53/54/55/56/57/58/59/60/61/62/63/64/65/66/67/68/69/70/71/72/73/74/75/76/77/78/79/80/81/82/83/84/85/86/87/88/89/90/91/92/93/94/95/96/97/98/99/100/101/102/103/104/105/106/107/108/109/110/111/112/113/114/115/116/117/118/119/120/121/122/123/124/125/126/127/128/129/130/131/132/133/134/135/136/137,
levtype=ml,
param=75/82/83/84/85/86/87/88/89/90/91/92/93/94/95/96/97/98/99/100/101/102/103/104/105/106/107/108/109/110/111/130/131/132/133/135/138/152/155/246/162100/162101/162104/162105/162106/162107/162109/210061/210062/210123/210181/217026,
step=0/1/2/3/4/5/6/7/8/9/10/11/12,
stream=oper,
time=00:00:00,
type=fc,
grid=0.2/0.2,
area=48.3/10.5/47.3/11.5,
interpolation=grid-box-average,
target="mars_ml_short_tail_ABL.grb"

mars - INFO   - 20260807.093454 - Processing request 1

RETRIEVE,
    CLASS      = RD,
    TYPE       = FC,
    STREAM     = OPER,
    EXPVER     = j7fk,
    REPRES     = SH,
    LEVTYPE    = ML,
    LEVELIST   = 1/50/51/52/53/54/55/56/57/58/59/60/61/62/63/64/65/66/67/68/69/70/71/72/73/74/75/76/77/78/79/80/81/82/83/84/85/86/87/88/89/90/91/92/93/94/95/96/97/98/99/100/101/102/103/104/105/106/107/108/109/110/111/112/113/114/115/116/117/118/119/120/121/122/123/124/125/126/127/128/129/130/131/132/133/134/135/136/137,
    PARAM      = 75/82/83/84/85/86/87/88/89/90/91/92/93/94/95/96/97/98/99/100/101/102/103/104/105/106/107/108/109/110/111/130/131/132/133/135/138/152/155/246/162100/162101/162104/162105/162106/162107/162109/210061/210062/210123/210181/217026,
    DATE       = 20220515,
    TIME       = 0000,
    STEP       = 0/1/2/3/4/5/6/7/8/9/10/11/12,
    DOMAIN     = G,
    TARGET     = "mars_ml_short_tail_ABL.grb",
    RESOL      = AUTO,
    INTERPOLATION = GRID-BOX-AVERAGE,
    AREA       = 48.3/10.5/47.3/11.5,
    GRID       = 0.2/0.2

mars - INFO   - 20260807.093454 - Requesting 59020 fields
mars - INFO   - 20260807.093454 - FDB home /home/fdbprod
mars - INFO   - 20260807.093455 - Setting SO_SNDBUF to 33554432 (32.00 M)
mars - INFO   - 20260807.093455 - Current value is 32768 (32.00 K)
mars - INFO   - 20260807.093455 - Setting SO_RCVBUF to 33554432 (32.00 M)
mars - INFO   - 20260807.093455 - Current value is 43690 (42.67 K)
mars - INFO   - 20260807.093455 - Calling mars on 'marsrd-core', local port is 59581
mars - INFO   - 20260807.093455 - Callback at address 10.100.192.109, port 59581
mars - INFO   - 20260807.093455 - Mars client is on ac6-109.bullx (10.100.192.109) 59581
mars - INFO   - 20260807.093455 - Mars server is on 10.112.4.10 40271
mars - INFO   - 20260807.093455 - Server task is 116 [marsrd]
mars - INFO   - 20260807.093455 - Request cost: 45,136 fields, 19.9025 Gbytes online, nodes: mvr008 [marsrd]
mars - INFO   - 20260807.093455 - The efficiency of your requests in the last 12 hours is 100% [marsrd]
mars - INFO   - 20260807.093455 - Wind conversion requested by server
mars - INFO   - 20260807.093455 - Transfering 21370142097 bytes
mars - INFO   - 20260807.093456 - ShToGridded: loading Legendre coefficients '/lus/h2resw01/cache/mir/legendre/4/local-T399-GaussianN400-OPT4189816c2e.leg'
mars - INFO   - 20260807.093457 - Deriving U and V from vorticity and divergence
mars - WARN   - 20260807.094537 - Visiting database marsrd : expected 59020, got 47450
mars - INFO   - 20260807.094537 - 47450 fields have been interpolated on 'ac6-109.bullx'
mars - ERROR  - 20260807.094537 - Last error is -43
mars - ERROR  - 20260807.094537 - Expected 59020, got 47450.
mars - ERROR  - 20260807.094537 - Request failed
mars - INFO   - 20260807.094537 - Request time:  wall: 10 min 43 sec  cpu: 10 min 38 sec 
mars - INFO   - 20260807.094537 -   Read from network: 19.90 Gbyte(s) in 17 sec  [1.15 Gbyte/sec] 
mars - INFO   - 20260807.094537 -   Visiting marsrd: wall: 10 min 43 sec 
mars - INFO   - 20260807.094537 -   Post-processing: wall: 8 min 9 sec cpu: 8 min 5 sec 
mars - INFO   - 20260807.094537 -   Writing to target file: 63.95 Mbyte(s) in 1 sec  [59.41 Mbyte/sec] cpu: 1 sec 
mars - INFO   - 20260807.094537 - Memory used: 140.90 Mbyte(s)
mars - ERROR  - 20260807.094537 - Some errors reported (last error -1)
grib_to_netcdf: Version 2.47.0
grib_to_netcdf: Processing input file 'mars_ml_short_tail_ABL.grb'.
grib_to_netcdf: Found 47450 GRIB fields in 1 file.
grib_to_netcdf: Ignoring key(s): method, type, stream, refdate, hdate
grib_to_netcdf: Creating netCDF file 'j7fk_short_tail_ABL_ml_20220515_0.nc'
grib_to_netcdf: NetCDF library version: 4.10.0 of Apr  9 2026 13:13:33 $
grib_to_netcdf: Creating large (64 bit) file format.
grib_to_netcdf: Defining variable 'crwc'.
grib_to_netcdf: Defining variable 'p82'.
grib_to_netcdf: Defining variable 'p83'.
grib_to_netcdf: Defining variable 'p84'.
grib_to_netcdf: Defining variable 'p85'.
grib_to_netcdf: Defining variable 'p86'.
grib_to_netcdf: Defining variable 'p87'.
grib_to_netcdf: Defining variable 'p88'.
grib_to_netcdf: Defining variable 'p89'.
grib_to_netcdf: Defining variable 'p90'.
grib_to_netcdf: Defining variable 'p91'.
grib_to_netcdf: Defining variable 'p92'.
grib_to_netcdf: Defining variable 'p93'.
grib_to_netcdf: Defining variable 'p94'.
grib_to_netcdf: Defining variable 'p95'.
grib_to_netcdf: Defining variable 'p96'.
grib_to_netcdf: Defining variable 'p97'.
grib_to_netcdf: Defining variable 'p98'.
grib_to_netcdf: Defining variable 'p99'.
grib_to_netcdf: Defining variable 'p100'.
grib_to_netcdf: Defining variable 'p101'.
grib_to_netcdf: Defining variable 'p102'.
grib_to_netcdf: Defining variable 'p103'.
grib_to_netcdf: Defining variable 'p104'.
grib_to_netcdf: Defining variable 'p105'.
grib_to_netcdf: Defining variable 'p106'.
grib_to_netcdf: Defining variable 'p107'.
grib_to_netcdf: Defining variable 'p108'.
grib_to_netcdf: Defining variable 'p109'.
grib_to_netcdf: Defining variable 'p110'.
grib_to_netcdf: Defining variable 'p111'.
grib_to_netcdf: Defining variable 't'.
grib_to_netcdf: Defining variable 'q'.
grib_to_netcdf: Defining variable 'w'.
grib_to_netcdf: Defining variable 'vo'.
grib_to_netcdf: Defining variable 'lnsp'.
grib_to_netcdf: Defining variable 'd'.
grib_to_netcdf: Defining variable 'u'.
grib_to_netcdf: Defining variable 'v'.
grib_to_netcdf: Defining variable 'clwc'.
grib_to_netcdf: Defining variable 'co2'.
grib_to_netcdf: Defining variable 'ch4'.
grib_to_netcdf: Done.
Model level selected
mars - WARN - 
mars - WARN - 
MIR environment variables:
MIR_CACHE_PATH=/lus/h2resw01/cache:{FILE?/ec/cache.1}/cache:{FILE?/ec/cache.2}/cache
MIR_LSM_NAMED=1km.climate.v013
Using MARS binary: /usr/local/apps/mars/versions/6.34.7.1/bin/mars.bin
mars - INFO   - 20260807.094819 - Welcome to MARS
mars - INFO   - 20260807.094819 - MARS_HOME=/usr/local/apps/mars/configs/prod
mars - INFO   - 20260807.094819 - MARS Client build stamp: 20260623091402
mars - INFO   - 20260807.094819 - MARS Client bundle version: 6.34.7.1
mars - INFO   - 20260807.094819 - package mars-client version: 6.34.7
mars - INFO   - 20260807.094819 - package mir version: 1.23.9
mars - INFO   - 20260807.094819 - package odc version: 1.6.3
mars - INFO   - 20260807.094819 - package fdb version: 5.21.4
mars - INFO   - 20260807.094819 - package metkit version: 1.18.3
mars - INFO   - 20260807.094819 - package eckit version: 2.0.8
mars - INFO   - 20260807.094819 - package eccodes version: 2.47.2
# First retrieve profiles
retrieve,
anoffset=9,
class=rd,
date=20220515,
expver=j7fk,
levelist=1/50/51/52/53/54/55/56/57/58/59/60/61/62/63/64/65/66/67/68/69/70/71/72/73/74/75/76/77/78/79/80/81/82/83/84/85/86/87/88/89/90/91/92/93/94/95/96/97/98/99/100/101/102/103/104/105/106/107/108/109/110/111/112/113/114/115/116/117/118/119/120/121/122/123/124/125/126/127/128/129/130/131/132/133/134/135/136/137,
levtype=ml,
param=75/82/83/84/85/86/87/88/89/90/91/92/93/94/95/96/97/98/99/100/101/102/103/104/105/106/107/108/109/110/111/130/131/132/133/135/138/152/155/246/162100/162101/162104/162105/162106/162107/162109/210061/210062/210123/210181/217026,
step=12/13/14/15/16/17/18/19/20/21/22/23/24,
stream=oper,
time=00:00:00,
type=fc,
grid=0.2/0.2,
area=48.3/10.5/47.3/11.5,
interpolation=grid-box-average,
target="mars_ml_short_tail_ABL.grb"

mars - INFO   - 20260807.094819 - Processing request 1

RETRIEVE,
    CLASS      = RD,
    TYPE       = FC,
    STREAM     = OPER,
    EXPVER     = j7fk,
    REPRES     = SH,
    LEVTYPE    = ML,
    LEVELIST   = 1/50/51/52/53/54/55/56/57/58/59/60/61/62/63/64/65/66/67/68/69/70/71/72/73/74/75/76/77/78/79/80/81/82/83/84/85/86/87/88/89/90/91/92/93/94/95/96/97/98/99/100/101/102/103/104/105/106/107/108/109/110/111/112/113/114/115/116/117/118/119/120/121/122/123/124/125/126/127/128/129/130/131/132/133/134/135/136/137,
    PARAM      = 75/82/83/84/85/86/87/88/89/90/91/92/93/94/95/96/97/98/99/100/101/102/103/104/105/106/107/108/109/110/111/130/131/132/133/135/138/152/155/246/162100/162101/162104/162105/162106/162107/162109/210061/210062/210123/210181/217026,
    DATE       = 20220515,
    TIME       = 0000,
    STEP       = 12/13/14/15/16/17/18/19/20/21/22/23/24,
    DOMAIN     = G,
    TARGET     = "mars_ml_short_tail_ABL.grb",
    RESOL      = AUTO,
    INTERPOLATION = GRID-BOX-AVERAGE,
    AREA       = 48.3/10.5/47.3/11.5,
    GRID       = 0.2/0.2

mars - INFO   - 20260807.094819 - Requesting 59020 fields
mars - INFO   - 20260807.094819 - FDB home /home/fdbprod
mars - INFO   - 20260807.094820 - Setting SO_SNDBUF to 33554432 (32.00 M)
mars - INFO   - 20260807.094820 - Current value is 32768 (32.00 K)
mars - INFO   - 20260807.094820 - Setting SO_RCVBUF to 33554432 (32.00 M)
mars - INFO   - 20260807.094820 - Current value is 43690 (42.67 K)
mars - INFO   - 20260807.094820 - Calling mars on 'marsrd-core', local port is 37605
mars - INFO   - 20260807.094820 - Callback at address 10.100.192.109, port 37605
mars - INFO   - 20260807.094820 - Mars client is on ac6-109.bullx (10.100.192.109) 37605
mars - INFO   - 20260807.094820 - Mars server is on 10.112.4.10 51679
mars - INFO   - 20260807.094820 - Server task is 9144 [marsrd]
mars - INFO   - 20260807.094820 - Request cost: 45,136 fields, 22.0557 Gbytes online, nodes: mvr008 mvr014 [marsrd]
mars - INFO   - 20260807.094820 - The efficiency of your requests in the last 12 hours is 100% [marsrd]
mars - INFO   - 20260807.094820 - Wind conversion requested by server
mars - INFO   - 20260807.094820 - Transfering 23682155324 bytes
mars - INFO   - 20260807.094821 - ShToGridded: loading Legendre coefficients '/lus/h2resw01/cache/mir/legendre/4/local-T399-GaussianN400-OPT4189816c2e.leg'
mars - INFO   - 20260807.094822 - Deriving U and V from vorticity and divergence
mars - WARN   - 20260807.095923 - Visiting database marsrd : expected 59020, got 47450
mars - INFO   - 20260807.095923 - 47450 fields have been interpolated on 'ac6-109.bullx'
mars - ERROR  - 20260807.095923 - Last error is -43
mars - ERROR  - 20260807.095923 - Expected 59020, got 47450.
mars - ERROR  - 20260807.095923 - Request failed
mars - INFO   - 20260807.095923 - Request time:  wall: 11 min 4 sec  cpu: 10 min 56 sec 
mars - INFO   - 20260807.095923 -   Read from network: 22.06 Gbyte(s) in 19 sec  [1.14 Gbyte/sec] 
mars - INFO   - 20260807.095923 -   Visiting marsrd: wall: 11 min 4 sec 
mars - INFO   - 20260807.095923 -   Post-processing: wall: 8 min 29 sec cpu: 8 min 24 sec 
mars - INFO   - 20260807.095923 -   Writing to target file: 64.56 Mbyte(s) in 1 sec  [57.94 Mbyte/sec] cpu: 1 sec 
mars - INFO   - 20260807.095923 - Memory used: 140.96 Mbyte(s)
mars - ERROR  - 20260807.095923 - Some errors reported (last error -1)
grib_to_netcdf: Version 2.47.0
grib_to_netcdf: Processing input file 'mars_ml_short_tail_ABL.grb'.
grib_to_netcdf: Found 47450 GRIB fields in 1 file.
grib_to_netcdf: Ignoring key(s): method, type, stream, refdate, hdate
grib_to_netcdf: Creating netCDF file 'j7fk_short_tail_ABL_ml_20220515_12.nc'
grib_to_netcdf: NetCDF library version: 4.10.0 of Apr  9 2026 13:13:33 $
grib_to_netcdf: Creating large (64 bit) file format.
grib_to_netcdf: Defining variable 'crwc'.
grib_to_netcdf: Defining variable 'p82'.
grib_to_netcdf: Defining variable 'p83'.
grib_to_netcdf: Defining variable 'p84'.
grib_to_netcdf: Defining variable 'p85'.
grib_to_netcdf: Defining variable 'p86'.
grib_to_netcdf: Defining variable 'p87'.
grib_to_netcdf: Defining variable 'p88'.
grib_to_netcdf: Defining variable 'p89'.
grib_to_netcdf: Defining variable 'p90'.
grib_to_netcdf: Defining variable 'p91'.
grib_to_netcdf: Defining variable 'p92'.
grib_to_netcdf: Defining variable 'p93'.
grib_to_netcdf: Defining variable 'p94'.
grib_to_netcdf: Defining variable 'p95'.
grib_to_netcdf: Defining variable 'p96'.
grib_to_netcdf: Defining variable 'p97'.
grib_to_netcdf: Defining variable 'p98'.
grib_to_netcdf: Defining variable 'p99'.
grib_to_netcdf: Defining variable 'p100'.
grib_to_netcdf: Defining variable 'p101'.
grib_to_netcdf: Defining variable 'p102'.
grib_to_netcdf: Defining variable 'p103'.
grib_to_netcdf: Defining variable 'p104'.
grib_to_netcdf: Defining variable 'p105'.
grib_to_netcdf: Defining variable 'p106'.
grib_to_netcdf: Defining variable 'p107'.
grib_to_netcdf: Defining variable 'p108'.
grib_to_netcdf: Defining variable 'p109'.
grib_to_netcdf: Defining variable 'p110'.
grib_to_netcdf: Defining variable 'p111'.
grib_to_netcdf: Defining variable 't'.
grib_to_netcdf: Defining variable 'q'.
grib_to_netcdf: Defining variable 'w'.
grib_to_netcdf: Defining variable 'vo'.
grib_to_netcdf: Defining variable 'lnsp'.
grib_to_netcdf: Defining variable 'd'.
grib_to_netcdf: Defining variable 'u'.
grib_to_netcdf: Defining variable 'v'.
grib_to_netcdf: Defining variable 'clwc'.
grib_to_netcdf: Defining variable 'co2'.
grib_to_netcdf: Defining variable 'ch4'.
grib_to_netcdf: Done.
Model level selected
mars - WARN - 
mars - WARN - 
MIR environment variables:
MIR_CACHE_PATH=/lus/h2resw01/cache:{FILE?/ec/cache.1}/cache:{FILE?/ec/cache.2}/cache
MIR_LSM_NAMED=1km.climate.v013
Using MARS binary: /usr/local/apps/mars/versions/6.34.7.1/bin/mars.bin
mars - INFO   - 20260807.100212 - Welcome to MARS
mars - INFO   - 20260807.100212 - MARS_HOME=/usr/local/apps/mars/configs/prod
mars - INFO   - 20260807.100212 - MARS Client build stamp: 20260623091402
mars - INFO   - 20260807.100212 - MARS Client bundle version: 6.34.7.1
mars - INFO   - 20260807.100212 - package mars-client version: 6.34.7
mars - INFO   - 20260807.100212 - package mir version: 1.23.9
mars - INFO   - 20260807.100212 - package odc version: 1.6.3
mars - INFO   - 20260807.100212 - package fdb version: 5.21.4
mars - INFO   - 20260807.100212 - package metkit version: 1.18.3
mars - INFO   - 20260807.100212 - package eckit version: 2.0.8
mars - INFO   - 20260807.100212 - package eccodes version: 2.47.2
# First retrieve profiles
retrieve,
anoffset=9,
class=rd,
date=20220516,
expver=j7fk,
levelist=1/50/51/52/53/54/55/56/57/58/59/60/61/62/63/64/65/66/67/68/69/70/71/72/73/74/75/76/77/78/79/80/81/82/83/84/85/86/87/88/89/90/91/92/93/94/95/96/97/98/99/100/101/102/103/104/105/106/107/108/109/110/111/112/113/114/115/116/117/118/119/120/121/122/123/124/125/126/127/128/129/130/131/132/133/134/135/136/137,
levtype=ml,
param=75/82/83/84/85/86/87/88/89/90/91/92/93/94/95/96/97/98/99/100/101/102/103/104/105/106/107/108/109/110/111/130/131/132/133/135/138/152/155/246/162100/162101/162104/162105/162106/162107/162109/210061/210062/210123/210181/217026,
step=0/1/2/3/4/5/6/7/8/9/10/11/12,
stream=oper,
time=00:00:00,
type=fc,
grid=0.2/0.2,
area=48.3/10.5/47.3/11.5,
interpolation=grid-box-average,
target="mars_ml_short_tail_ABL.grb"

mars - INFO   - 20260807.100212 - Processing request 1

RETRIEVE,
    CLASS      = RD,
    TYPE       = FC,
    STREAM     = OPER,
    EXPVER     = j7fk,
    REPRES     = SH,
    LEVTYPE    = ML,
    LEVELIST   = 1/50/51/52/53/54/55/56/57/58/59/60/61/62/63/64/65/66/67/68/69/70/71/72/73/74/75/76/77/78/79/80/81/82/83/84/85/86/87/88/89/90/91/92/93/94/95/96/97/98/99/100/101/102/103/104/105/106/107/108/109/110/111/112/113/114/115/116/117/118/119/120/121/122/123/124/125/126/127/128/129/130/131/132/133/134/135/136/137,
    PARAM      = 75/82/83/84/85/86/87/88/89/90/91/92/93/94/95/96/97/98/99/100/101/102/103/104/105/106/107/108/109/110/111/130/131/132/133/135/138/152/155/246/162100/162101/162104/162105/162106/162107/162109/210061/210062/210123/210181/217026,
    DATE       = 20220516,
    TIME       = 0000,
    STEP       = 0/1/2/3/4/5/6/7/8/9/10/11/12,
    DOMAIN     = G,
    TARGET     = "mars_ml_short_tail_ABL.grb",
    RESOL      = AUTO,
    INTERPOLATION = GRID-BOX-AVERAGE,
    AREA       = 48.3/10.5/47.3/11.5,
    GRID       = 0.2/0.2

mars - INFO   - 20260807.100212 - Requesting 59020 fields
mars - INFO   - 20260807.100212 - FDB home /home/fdbprod
mars - INFO   - 20260807.100213 - Setting SO_SNDBUF to 33554432 (32.00 M)
mars - INFO   - 20260807.100213 - Current value is 32768 (32.00 K)
mars - INFO   - 20260807.100213 - Setting SO_RCVBUF to 33554432 (32.00 M)
mars - INFO   - 20260807.100213 - Current value is 43690 (42.67 K)
mars - INFO   - 20260807.100213 - Calling mars on 'marsrd-core', local port is 45045
mars - INFO   - 20260807.100213 - Callback at address 10.100.192.109, port 45045
mars - INFO   - 20260807.100213 - Mars client is on ac6-109.bullx (10.100.192.109) 45045
mars - INFO   - 20260807.100213 - Mars server is on 10.112.4.10 56327
mars - INFO   - 20260807.100213 - Server task is 9194 [marsrd]
mars - INFO   - 20260807.100213 - Request cost: 45,136 fields, 20.0779 Gbytes online, nodes: mvr004 [marsrd]
mars - INFO   - 20260807.100213 - The efficiency of your requests in the last 12 hours is 52% [marsrd]
mars - INFO   - 20260807.100213 - Wind conversion requested by server
mars - INFO   - 20260807.100213 - Transfering 21558473355 bytes
mars - INFO   - 20260807.100214 - ShToGridded: loading Legendre coefficients '/lus/h2resw01/cache/mir/legendre/4/local-T399-GaussianN400-OPT4189816c2e.leg'
mars - INFO   - 20260807.100215 - Deriving U and V from vorticity and divergence
mars - WARN   - 20260807.101331 - Visiting database marsrd : expected 59020, got 47450
mars - INFO   - 20260807.101331 - 47450 fields have been interpolated on 'ac6-109.bullx'
mars - ERROR  - 20260807.101331 - Last error is -43
mars - ERROR  - 20260807.101331 - Expected 59020, got 47450.
mars - ERROR  - 20260807.101331 - Request failed
mars - INFO   - 20260807.101331 - Request time:  wall: 11 min 19 sec  cpu: 10 min 39 sec 
mars - INFO   - 20260807.101331 -   Read from network: 20.08 Gbyte(s) in 17 sec  [1.21 Gbyte/sec] 
mars - INFO   - 20260807.101331 -   Visiting marsrd: wall: 11 min 18 sec 
mars - INFO   - 20260807.101331 -   Post-processing: wall: 8 min 45 sec cpu: 8 min 8 sec 
mars - INFO   - 20260807.101331 -   Writing to target file: 64.23 Mbyte(s) in 1 sec  [59.84 Mbyte/sec] cpu: 1 sec 
mars - INFO   - 20260807.101331 - Memory used: 141.45 Mbyte(s)
mars - ERROR  - 20260807.101331 - Some errors reported (last error -1)
grib_to_netcdf: Version 2.47.0
grib_to_netcdf: Processing input file 'mars_ml_short_tail_ABL.grb'.
grib_to_netcdf: Found 47450 GRIB fields in 1 file.
grib_to_netcdf: Ignoring key(s): method, type, stream, refdate, hdate
grib_to_netcdf: Creating netCDF file 'j7fk_short_tail_ABL_ml_20220516_0.nc'
grib_to_netcdf: NetCDF library version: 4.10.0 of Apr  9 2026 13:13:33 $
grib_to_netcdf: Creating large (64 bit) file format.
grib_to_netcdf: Defining variable 'crwc'.
grib_to_netcdf: Defining variable 'p82'.
grib_to_netcdf: Defining variable 'p83'.
grib_to_netcdf: Defining variable 'p84'.
grib_to_netcdf: Defining variable 'p85'.
grib_to_netcdf: Defining variable 'p86'.
grib_to_netcdf: Defining variable 'p87'.
grib_to_netcdf: Defining variable 'p88'.
grib_to_netcdf: Defining variable 'p89'.
grib_to_netcdf: Defining variable 'p90'.
grib_to_netcdf: Defining variable 'p91'.
grib_to_netcdf: Defining variable 'p92'.
grib_to_netcdf: Defining variable 'p93'.
grib_to_netcdf: Defining variable 'p94'.
grib_to_netcdf: Defining variable 'p95'.
grib_to_netcdf: Defining variable 'p96'.
grib_to_netcdf: Defining variable 'p97'.
grib_to_netcdf: Defining variable 'p98'.
grib_to_netcdf: Defining variable 'p99'.
grib_to_netcdf: Defining variable 'p100'.
grib_to_netcdf: Defining variable 'p101'.
grib_to_netcdf: Defining variable 'p102'.
grib_to_netcdf: Defining variable 'p103'.
grib_to_netcdf: Defining variable 'p104'.
grib_to_netcdf: Defining variable 'p105'.
grib_to_netcdf: Defining variable 'p106'.
grib_to_netcdf: Defining variable 'p107'.
grib_to_netcdf: Defining variable 'p108'.
grib_to_netcdf: Defining variable 'p109'.
grib_to_netcdf: Defining variable 'p110'.
grib_to_netcdf: Defining variable 'p111'.
grib_to_netcdf: Defining variable 't'.
grib_to_netcdf: Defining variable 'q'.
grib_to_netcdf: Defining variable 'w'.
grib_to_netcdf: Defining variable 'vo'.
grib_to_netcdf: Defining variable 'lnsp'.
grib_to_netcdf: Defining variable 'd'.
grib_to_netcdf: Defining variable 'u'.
grib_to_netcdf: Defining variable 'v'.
grib_to_netcdf: Defining variable 'clwc'.
grib_to_netcdf: Defining variable 'co2'.
grib_to_netcdf: Defining variable 'ch4'.
grib_to_netcdf: Done.
Model level selected
mars - WARN - 
mars - WARN - 
MIR environment variables:
MIR_CACHE_PATH=/lus/h2resw01/cache:{FILE?/ec/cache.1}/cache:{FILE?/ec/cache.2}/cache
MIR_LSM_NAMED=1km.climate.v013
Using MARS binary: /usr/local/apps/mars/versions/6.34.7.1/bin/mars.bin
mars - INFO   - 20260807.101615 - Welcome to MARS
mars - INFO   - 20260807.101615 - MARS_HOME=/usr/local/apps/mars/configs/prod
mars - INFO   - 20260807.101615 - MARS Client build stamp: 20260623091402
mars - INFO   - 20260807.101615 - MARS Client bundle version: 6.34.7.1
mars - INFO   - 20260807.101615 - package mars-client version: 6.34.7
mars - INFO   - 20260807.101615 - package mir version: 1.23.9
mars - INFO   - 20260807.101615 - package odc version: 1.6.3
mars - INFO   - 20260807.101615 - package fdb version: 5.21.4
mars - INFO   - 20260807.101615 - package metkit version: 1.18.3
mars - INFO   - 20260807.101615 - package eckit version: 2.0.8
mars - INFO   - 20260807.101615 - package eccodes version: 2.47.2
# First retrieve profiles
retrieve,
anoffset=9,
class=rd,
date=20220516,
expver=j7fk,
levelist=1/50/51/52/53/54/55/56/57/58/59/60/61/62/63/64/65/66/67/68/69/70/71/72/73/74/75/76/77/78/79/80/81/82/83/84/85/86/87/88/89/90/91/92/93/94/95/96/97/98/99/100/101/102/103/104/105/106/107/108/109/110/111/112/113/114/115/116/117/118/119/120/121/122/123/124/125/126/127/128/129/130/131/132/133/134/135/136/137,
levtype=ml,
param=75/82/83/84/85/86/87/88/89/90/91/92/93/94/95/96/97/98/99/100/101/102/103/104/105/106/107/108/109/110/111/130/131/132/133/135/138/152/155/246/162100/162101/162104/162105/162106/162107/162109/210061/210062/210123/210181/217026,
step=12/13/14/15/16/17/18/19/20/21/22/23/24,
stream=oper,
time=00:00:00,
type=fc,
grid=0.2/0.2,
area=48.3/10.5/47.3/11.5,
interpolation=grid-box-average,
target="mars_ml_short_tail_ABL.grb"

mars - INFO   - 20260807.101615 - Processing request 1

RETRIEVE,
    CLASS      = RD,
    TYPE       = FC,
    STREAM     = OPER,
    EXPVER     = j7fk,
    REPRES     = SH,
    LEVTYPE    = ML,
    LEVELIST   = 1/50/51/52/53/54/55/56/57/58/59/60/61/62/63/64/65/66/67/68/69/70/71/72/73/74/75/76/77/78/79/80/81/82/83/84/85/86/87/88/89/90/91/92/93/94/95/96/97/98/99/100/101/102/103/104/105/106/107/108/109/110/111/112/113/114/115/116/117/118/119/120/121/122/123/124/125/126/127/128/129/130/131/132/133/134/135/136/137,
    PARAM      = 75/82/83/84/85/86/87/88/89/90/91/92/93/94/95/96/97/98/99/100/101/102/103/104/105/106/107/108/109/110/111/130/131/132/133/135/138/152/155/246/162100/162101/162104/162105/162106/162107/162109/210061/210062/210123/210181/217026,
    DATE       = 20220516,
    TIME       = 0000,
    STEP       = 12/13/14/15/16/17/18/19/20/21/22/23/24,
    DOMAIN     = G,
    TARGET     = "mars_ml_short_tail_ABL.grb",
    RESOL      = AUTO,
    INTERPOLATION = GRID-BOX-AVERAGE,
    AREA       = 48.3/10.5/47.3/11.5,
    GRID       = 0.2/0.2

mars - INFO   - 20260807.101615 - Requesting 59020 fields
mars - INFO   - 20260807.101615 - FDB home /home/fdbprod
mars - INFO   - 20260807.101615 - Setting SO_SNDBUF to 33554432 (32.00 M)
mars - INFO   - 20260807.101615 - Current value is 32768 (32.00 K)
mars - INFO   - 20260807.101615 - Setting SO_RCVBUF to 33554432 (32.00 M)
mars - INFO   - 20260807.101615 - Current value is 43690 (42.67 K)
mars - INFO   - 20260807.101615 - Calling mars on 'marsrd-core', local port is 60069
mars - INFO   - 20260807.101615 - Callback at address 10.100.192.109, port 60069
mars - INFO   - 20260807.101615 - Mars client is on ac6-109.bullx (10.100.192.109) 60069
mars - INFO   - 20260807.101615 - Mars server is on 10.112.4.10 38503
mars - INFO   - 20260807.101615 - Server task is 9351 [marsrd]
mars - INFO   - 20260807.101615 - Request cost: 45,136 fields, 22.1672 Gbytes online, nodes: mvr004 mvr005 [marsrd]
mars - INFO   - 20260807.101615 - The efficiency of your requests in the last 12 hours is 52% [marsrd]
mars - INFO   - 20260807.101616 - Wind conversion requested by server
mars - INFO   - 20260807.101616 - Transfering 23801900787 bytes
mars - INFO   - 20260807.101617 - ShToGridded: loading Legendre coefficients '/lus/h2resw01/cache/mir/legendre/4/local-T399-GaussianN400-OPT4189816c2e.leg'
mars - INFO   - 20260807.101618 - Deriving U and V from vorticity and divergence
mars - WARN   - 20260807.102717 - Visiting database marsrd : expected 59020, got 47450
mars - INFO   - 20260807.102717 - 47450 fields have been interpolated on 'ac6-109.bullx'
mars - ERROR  - 20260807.102717 - Last error is -43
mars - ERROR  - 20260807.102717 - Expected 59020, got 47450.
mars - ERROR  - 20260807.102717 - Request failed
mars - INFO   - 20260807.102717 - Request time:  wall: 11 min 2 sec  cpu: 10 min 53 sec 
mars - INFO   - 20260807.102717 -   Read from network: 22.17 Gbyte(s) in 19 sec  [1.18 Gbyte/sec] 
mars - INFO   - 20260807.102717 -   Visiting marsrd: wall: 11 min 2 sec 
mars - INFO   - 20260807.102717 -   Post-processing: wall: 8 min 29 sec cpu: 8 min 22 sec 
mars - INFO   - 20260807.102717 -   Writing to target file: 64.61 Mbyte(s) in 1 sec  [59.46 Mbyte/sec] cpu: 1 sec 
mars - INFO   - 20260807.102717 - Memory used: 141.09 Mbyte(s)
mars - ERROR  - 20260807.102717 - Some errors reported (last error -1)
grib_to_netcdf: Version 2.47.0
grib_to_netcdf: Processing input file 'mars_ml_short_tail_ABL.grb'.
grib_to_netcdf: Found 47450 GRIB fields in 1 file.
grib_to_netcdf: Ignoring key(s): method, type, stream, refdate, hdate
grib_to_netcdf: Creating netCDF file 'j7fk_short_tail_ABL_ml_20220516_12.nc'
grib_to_netcdf: NetCDF library version: 4.10.0 of Apr  9 2026 13:13:33 $
grib_to_netcdf: Creating large (64 bit) file format.
grib_to_netcdf: Defining variable 'crwc'.
grib_to_netcdf: Defining variable 'p82'.
grib_to_netcdf: Defining variable 'p83'.
grib_to_netcdf: Defining variable 'p84'.
grib_to_netcdf: Defining variable 'p85'.
grib_to_netcdf: Defining variable 'p86'.
grib_to_netcdf: Defining variable 'p87'.
grib_to_netcdf: Defining variable 'p88'.
grib_to_netcdf: Defining variable 'p89'.
grib_to_netcdf: Defining variable 'p90'.
grib_to_netcdf: Defining variable 'p91'.
grib_to_netcdf: Defining variable 'p92'.
grib_to_netcdf: Defining variable 'p93'.
grib_to_netcdf: Defining variable 'p94'.
grib_to_netcdf: Defining variable 'p95'.
grib_to_netcdf: Defining variable 'p96'.
grib_to_netcdf: Defining variable 'p97'.
grib_to_netcdf: Defining variable 'p98'.
grib_to_netcdf: Defining variable 'p99'.
grib_to_netcdf: Defining variable 'p100'.
grib_to_netcdf: Defining variable 'p101'.
grib_to_netcdf: Defining variable 'p102'.
grib_to_netcdf: Defining variable 'p103'.
grib_to_netcdf: Defining variable 'p104'.
grib_to_netcdf: Defining variable 'p105'.
grib_to_netcdf: Defining variable 'p106'.
grib_to_netcdf: Defining variable 'p107'.
grib_to_netcdf: Defining variable 'p108'.
grib_to_netcdf: Defining variable 'p109'.
grib_to_netcdf: Defining variable 'p110'.
grib_to_netcdf: Defining variable 'p111'.
grib_to_netcdf: Defining variable 't'.
grib_to_netcdf: Defining variable 'q'.
grib_to_netcdf: Defining variable 'w'.
grib_to_netcdf: Defining variable 'vo'.
grib_to_netcdf: Defining variable 'lnsp'.
grib_to_netcdf: Defining variable 'd'.
grib_to_netcdf: Defining variable 'u'.
grib_to_netcdf: Defining variable 'v'.
grib_to_netcdf: Defining variable 'clwc'.
grib_to_netcdf: Defining variable 'co2'.
grib_to_netcdf: Defining variable 'ch4'.
grib_to_netcdf: Done.
Model level selected
mars - WARN - 
mars - WARN - 
MIR environment variables:
MIR_CACHE_PATH=/lus/h2resw01/cache:{FILE?/ec/cache.1}/cache:{FILE?/ec/cache.2}/cache
MIR_LSM_NAMED=1km.climate.v013
Using MARS binary: /usr/local/apps/mars/versions/6.34.7.1/bin/mars.bin
mars - INFO   - 20260807.103000 - Welcome to MARS
mars - INFO   - 20260807.103000 - MARS_HOME=/usr/local/apps/mars/configs/prod
mars - INFO   - 20260807.103000 - MARS Client build stamp: 20260623091402
mars - INFO   - 20260807.103000 - MARS Client bundle version: 6.34.7.1
mars - INFO   - 20260807.103000 - package mars-client version: 6.34.7
mars - INFO   - 20260807.103000 - package mir version: 1.23.9
mars - INFO   - 20260807.103000 - package odc version: 1.6.3
mars - INFO   - 20260807.103000 - package fdb version: 5.21.4
mars - INFO   - 20260807.103000 - package metkit version: 1.18.3
mars - INFO   - 20260807.103000 - package eckit version: 2.0.8
mars - INFO   - 20260807.103000 - package eccodes version: 2.47.2
# First retrieve profiles
retrieve,
anoffset=9,
class=rd,
date=20220517,
expver=j7fk,
levelist=1/50/51/52/53/54/55/56/57/58/59/60/61/62/63/64/65/66/67/68/69/70/71/72/73/74/75/76/77/78/79/80/81/82/83/84/85/86/87/88/89/90/91/92/93/94/95/96/97/98/99/100/101/102/103/104/105/106/107/108/109/110/111/112/113/114/115/116/117/118/119/120/121/122/123/124/125/126/127/128/129/130/131/132/133/134/135/136/137,
levtype=ml,
param=75/82/83/84/85/86/87/88/89/90/91/92/93/94/95/96/97/98/99/100/101/102/103/104/105/106/107/108/109/110/111/130/131/132/133/135/138/152/155/246/162100/162101/162104/162105/162106/162107/162109/210061/210062/210123/210181/217026,
step=0/1/2/3/4/5/6/7/8/9/10/11/12,
stream=oper,
time=00:00:00,
type=fc,
grid=0.2/0.2,
area=48.3/10.5/47.3/11.5,
interpolation=grid-box-average,
target="mars_ml_short_tail_ABL.grb"

mars - INFO   - 20260807.103000 - Processing request 1

RETRIEVE,
    CLASS      = RD,
    TYPE       = FC,
    STREAM     = OPER,
    EXPVER     = j7fk,
    REPRES     = SH,
    LEVTYPE    = ML,
    LEVELIST   = 1/50/51/52/53/54/55/56/57/58/59/60/61/62/63/64/65/66/67/68/69/70/71/72/73/74/75/76/77/78/79/80/81/82/83/84/85/86/87/88/89/90/91/92/93/94/95/96/97/98/99/100/101/102/103/104/105/106/107/108/109/110/111/112/113/114/115/116/117/118/119/120/121/122/123/124/125/126/127/128/129/130/131/132/133/134/135/136/137,
    PARAM      = 75/82/83/84/85/86/87/88/89/90/91/92/93/94/95/96/97/98/99/100/101/102/103/104/105/106/107/108/109/110/111/130/131/132/133/135/138/152/155/246/162100/162101/162104/162105/162106/162107/162109/210061/210062/210123/210181/217026,
    DATE       = 20220517,
    TIME       = 0000,
    STEP       = 0/1/2/3/4/5/6/7/8/9/10/11/12,
    DOMAIN     = G,
    TARGET     = "mars_ml_short_tail_ABL.grb",
    RESOL      = AUTO,
    INTERPOLATION = GRID-BOX-AVERAGE,
    AREA       = 48.3/10.5/47.3/11.5,
    GRID       = 0.2/0.2

mars - INFO   - 20260807.103001 - Requesting 59020 fields
mars - INFO   - 20260807.103001 - FDB home /home/fdbprod
mars - INFO   - 20260807.103001 - Setting SO_SNDBUF to 33554432 (32.00 M)
mars - INFO   - 20260807.103001 - Current value is 32768 (32.00 K)
mars - INFO   - 20260807.103001 - Setting SO_RCVBUF to 33554432 (32.00 M)
mars - INFO   - 20260807.103001 - Current value is 43690 (42.67 K)
mars - INFO   - 20260807.103001 - Calling mars on 'marsrd-core', local port is 54131
mars - INFO   - 20260807.103001 - Callback at address 10.100.192.109, port 54131
mars - INFO   - 20260807.103002 - Mars client is on ac6-109.bullx (10.100.192.109) 54131
mars - INFO   - 20260807.103002 - Mars server is on 10.112.4.10 56027
mars - INFO   - 20260807.103002 - Server task is 1131 [marsrd]
mars - INFO   - 20260807.103002 - Request cost: 45,136 fields, 20.0267 Gbytes online, nodes: mvr010 [marsrd]
mars - INFO   - 20260807.103002 - The efficiency of your requests in the last 12 hours is 52% [marsrd]
mars - INFO   - 20260807.103002 - Wind conversion requested by server
mars - INFO   - 20260807.103002 - Transfering 21503473208 bytes
mars - INFO   - 20260807.103003 - ShToGridded: loading Legendre coefficients '/lus/h2resw01/cache/mir/legendre/4/local-T399-GaussianN400-OPT4189816c2e.leg'
mars - INFO   - 20260807.103005 - Deriving U and V from vorticity and divergence
mars - WARN   - 20260807.104044 - Visiting database marsrd : expected 59020, got 47450
mars - INFO   - 20260807.104044 - 47450 fields have been interpolated on 'ac6-109.bullx'
mars - ERROR  - 20260807.104044 - Last error is -43
mars - ERROR  - 20260807.104044 - Expected 59020, got 47450.
mars - ERROR  - 20260807.104044 - Request failed
mars - INFO   - 20260807.104044 - Request time:  wall: 10 min 43 sec  cpu: 10 min 36 sec 
mars - INFO   - 20260807.104044 -   Read from network: 20.03 Gbyte(s) in 16 sec  [1.24 Gbyte/sec] 
mars - INFO   - 20260807.104044 -   Processing in marsrd: wall: 1 sec 
mars - INFO   - 20260807.104044 -   Visiting marsrd: wall: 10 min 42 sec 
mars - INFO   - 20260807.104044 -   Post-processing: wall: 8 min 11 sec cpu: 8 min 7 sec 
mars - INFO   - 20260807.104044 -   Writing to target file: 64.07 Mbyte(s) in 1 sec  [59.82 Mbyte/sec] cpu: 1 sec 
mars - INFO   - 20260807.104044 - Memory used: 140.19 Mbyte(s)
mars - ERROR  - 20260807.104044 - Some errors reported (last error -1)
grib_to_netcdf: Version 2.47.0
grib_to_netcdf: Processing input file 'mars_ml_short_tail_ABL.grb'.
grib_to_netcdf: Found 47450 GRIB fields in 1 file.
grib_to_netcdf: Ignoring key(s): method, type, stream, refdate, hdate
grib_to_netcdf: Creating netCDF file 'j7fk_short_tail_ABL_ml_20220517_0.nc'
grib_to_netcdf: NetCDF library version: 4.10.0 of Apr  9 2026 13:13:33 $
grib_to_netcdf: Creating large (64 bit) file format.
grib_to_netcdf: Defining variable 'crwc'.
grib_to_netcdf: Defining variable 'p82'.
grib_to_netcdf: Defining variable 'p83'.
grib_to_netcdf: Defining variable 'p84'.
grib_to_netcdf: Defining variable 'p85'.
grib_to_netcdf: Defining variable 'p86'.
grib_to_netcdf: Defining variable 'p87'.
grib_to_netcdf: Defining variable 'p88'.
grib_to_netcdf: Defining variable 'p89'.
grib_to_netcdf: Defining variable 'p90'.
grib_to_netcdf: Defining variable 'p91'.
grib_to_netcdf: Defining variable 'p92'.
grib_to_netcdf: Defining variable 'p93'.
grib_to_netcdf: Defining variable 'p94'.
grib_to_netcdf: Defining variable 'p95'.
grib_to_netcdf: Defining variable 'p96'.
grib_to_netcdf: Defining variable 'p97'.
grib_to_netcdf: Defining variable 'p98'.
grib_to_netcdf: Defining variable 'p99'.
grib_to_netcdf: Defining variable 'p100'.
grib_to_netcdf: Defining variable 'p101'.
grib_to_netcdf: Defining variable 'p102'.
grib_to_netcdf: Defining variable 'p103'.
grib_to_netcdf: Defining variable 'p104'.
grib_to_netcdf: Defining variable 'p105'.
grib_to_netcdf: Defining variable 'p106'.
grib_to_netcdf: Defining variable 'p107'.
grib_to_netcdf: Defining variable 'p108'.
grib_to_netcdf: Defining variable 'p109'.
grib_to_netcdf: Defining variable 'p110'.
grib_to_netcdf: Defining variable 'p111'.
grib_to_netcdf: Defining variable 't'.
grib_to_netcdf: Defining variable 'q'.
grib_to_netcdf: Defining variable 'w'.
grib_to_netcdf: Defining variable 'vo'.
grib_to_netcdf: Defining variable 'lnsp'.
grib_to_netcdf: Defining variable 'd'.
grib_to_netcdf: Defining variable 'u'.
grib_to_netcdf: Defining variable 'v'.
grib_to_netcdf: Defining variable 'clwc'.
grib_to_netcdf: Defining variable 'co2'.
grib_to_netcdf: Defining variable 'ch4'.
grib_to_netcdf: Done.
Model level selected
mars - WARN - 
mars - WARN - 
MIR environment variables:
MIR_CACHE_PATH=/lus/h2resw01/cache:{FILE?/ec/cache.1}/cache:{FILE?/ec/cache.2}/cache
MIR_LSM_NAMED=1km.climate.v013
Using MARS binary: /usr/local/apps/mars/versions/6.34.7.1/bin/mars.bin
mars - INFO   - 20260807.104328 - Welcome to MARS
mars - INFO   - 20260807.104328 - MARS_HOME=/usr/local/apps/mars/configs/prod
mars - INFO   - 20260807.104328 - MARS Client build stamp: 20260623091402
mars - INFO   - 20260807.104328 - MARS Client bundle version: 6.34.7.1
mars - INFO   - 20260807.104328 - package mars-client version: 6.34.7
mars - INFO   - 20260807.104328 - package mir version: 1.23.9
mars - INFO   - 20260807.104328 - package odc version: 1.6.3
mars - INFO   - 20260807.104328 - package fdb version: 5.21.4
mars - INFO   - 20260807.104328 - package metkit version: 1.18.3
mars - INFO   - 20260807.104328 - package eckit version: 2.0.8
mars - INFO   - 20260807.104328 - package eccodes version: 2.47.2
# First retrieve profiles
retrieve,
anoffset=9,
class=rd,
date=20220517,
expver=j7fk,
levelist=1/50/51/52/53/54/55/56/57/58/59/60/61/62/63/64/65/66/67/68/69/70/71/72/73/74/75/76/77/78/79/80/81/82/83/84/85/86/87/88/89/90/91/92/93/94/95/96/97/98/99/100/101/102/103/104/105/106/107/108/109/110/111/112/113/114/115/116/117/118/119/120/121/122/123/124/125/126/127/128/129/130/131/132/133/134/135/136/137,
levtype=ml,
param=75/82/83/84/85/86/87/88/89/90/91/92/93/94/95/96/97/98/99/100/101/102/103/104/105/106/107/108/109/110/111/130/131/132/133/135/138/152/155/246/162100/162101/162104/162105/162106/162107/162109/210061/210062/210123/210181/217026,
step=12/13/14/15/16/17/18/19/20/21/22/23/24,
stream=oper,
time=00:00:00,
type=fc,
grid=0.2/0.2,
area=48.3/10.5/47.3/11.5,
interpolation=grid-box-average,
target="mars_ml_short_tail_ABL.grb"

mars - INFO   - 20260807.104328 - Processing request 1

RETRIEVE,
    CLASS      = RD,
    TYPE       = FC,
    STREAM     = OPER,
    EXPVER     = j7fk,
    REPRES     = SH,
    LEVTYPE    = ML,
    LEVELIST   = 1/50/51/52/53/54/55/56/57/58/59/60/61/62/63/64/65/66/67/68/69/70/71/72/73/74/75/76/77/78/79/80/81/82/83/84/85/86/87/88/89/90/91/92/93/94/95/96/97/98/99/100/101/102/103/104/105/106/107/108/109/110/111/112/113/114/115/116/117/118/119/120/121/122/123/124/125/126/127/128/129/130/131/132/133/134/135/136/137,
    PARAM      = 75/82/83/84/85/86/87/88/89/90/91/92/93/94/95/96/97/98/99/100/101/102/103/104/105/106/107/108/109/110/111/130/131/132/133/135/138/152/155/246/162100/162101/162104/162105/162106/162107/162109/210061/210062/210123/210181/217026,
    DATE       = 20220517,
    TIME       = 0000,
    STEP       = 12/13/14/15/16/17/18/19/20/21/22/23/24,
    DOMAIN     = G,
    TARGET     = "mars_ml_short_tail_ABL.grb",
    RESOL      = AUTO,
    INTERPOLATION = GRID-BOX-AVERAGE,
    AREA       = 48.3/10.5/47.3/11.5,
    GRID       = 0.2/0.2

mars - INFO   - 20260807.104328 - Requesting 59020 fields
mars - INFO   - 20260807.104328 - FDB home /home/fdbprod
mars - INFO   - 20260807.104329 - Setting SO_SNDBUF to 33554432 (32.00 M)
mars - INFO   - 20260807.104329 - Current value is 32768 (32.00 K)
mars - INFO   - 20260807.104329 - Setting SO_RCVBUF to 33554432 (32.00 M)
mars - INFO   - 20260807.104329 - Current value is 43690 (42.67 K)
mars - INFO   - 20260807.104329 - Calling mars on 'marsrd-core', local port is 41757
mars - INFO   - 20260807.104329 - Callback at address 10.100.192.109, port 41757
mars - INFO   - 20260807.104329 - Mars client is on ac6-109.bullx (10.100.192.109) 41757
mars - INFO   - 20260807.104329 - Mars server is on 10.112.4.10 33731
mars - INFO   - 20260807.104329 - Server task is 3795 [marsrd]
mars - INFO   - 20260807.104329 - Request cost: 45,136 fields, 21.8417 Gbytes online, nodes: mvr010 mvr013 [marsrd]
mars - INFO   - 20260807.104329 - The efficiency of your requests in the last 12 hours is 52% [marsrd]
mars - INFO   - 20260807.104329 - Wind conversion requested by server
mars - INFO   - 20260807.104329 - Transfering 23452295371 bytes
mars - INFO   - 20260807.104330 - ShToGridded: loading Legendre coefficients '/lus/h2resw01/cache/mir/legendre/4/local-T399-GaussianN400-OPT4189816c2e.leg'
mars - INFO   - 20260807.104331 - Deriving U and V from vorticity and divergence
mars - WARN   - 20260807.105428 - Visiting database marsrd : expected 59020, got 47450
mars - INFO   - 20260807.105428 - 47450 fields have been interpolated on 'ac6-109.bullx'
mars - ERROR  - 20260807.105428 - Last error is -43
mars - ERROR  - 20260807.105428 - Expected 59020, got 47450.
mars - ERROR  - 20260807.105428 - Request failed
mars - INFO   - 20260807.105428 - Request time:  wall: 11 min  cpu: 10 min 53 sec 
mars - INFO   - 20260807.105428 -   Read from network: 21.84 Gbyte(s) in 18 sec  [1.19 Gbyte/sec] 
mars - INFO   - 20260807.105428 -   Visiting marsrd: wall: 10 min 59 sec 
mars - INFO   - 20260807.105428 -   Post-processing: wall: 8 min 26 sec cpu: 8 min 21 sec 
mars - INFO   - 20260807.105428 -   Writing to target file: 64.44 Mbyte(s) in 1 sec  [60.29 Mbyte/sec] cpu: 1 sec 
mars - INFO   - 20260807.105428 - Memory used: 140.52 Mbyte(s)
mars - ERROR  - 20260807.105428 - Some errors reported (last error -1)
grib_to_netcdf: Version 2.47.0
grib_to_netcdf: Processing input file 'mars_ml_short_tail_ABL.grb'.
grib_to_netcdf: Found 47450 GRIB fields in 1 file.
grib_to_netcdf: Ignoring key(s): method, type, stream, refdate, hdate
grib_to_netcdf: Creating netCDF file 'j7fk_short_tail_ABL_ml_20220517_12.nc'
grib_to_netcdf: NetCDF library version: 4.10.0 of Apr  9 2026 13:13:33 $
grib_to_netcdf: Creating large (64 bit) file format.
grib_to_netcdf: Defining variable 'crwc'.
grib_to_netcdf: Defining variable 'p82'.
grib_to_netcdf: Defining variable 'p83'.
grib_to_netcdf: Defining variable 'p84'.
grib_to_netcdf: Defining variable 'p85'.
grib_to_netcdf: Defining variable 'p86'.
grib_to_netcdf: Defining variable 'p87'.
grib_to_netcdf: Defining variable 'p88'.
grib_to_netcdf: Defining variable 'p89'.
grib_to_netcdf: Defining variable 'p90'.
grib_to_netcdf: Defining variable 'p91'.
grib_to_netcdf: Defining variable 'p92'.
grib_to_netcdf: Defining variable 'p93'.
grib_to_netcdf: Defining variable 'p94'.
grib_to_netcdf: Defining variable 'p95'.
grib_to_netcdf: Defining variable 'p96'.
grib_to_netcdf: Defining variable 'p97'.
grib_to_netcdf: Defining variable 'p98'.
grib_to_netcdf: Defining variable 'p99'.
grib_to_netcdf: Defining variable 'p100'.
grib_to_netcdf: Defining variable 'p101'.
grib_to_netcdf: Defining variable 'p102'.
grib_to_netcdf: Defining variable 'p103'.
grib_to_netcdf: Defining variable 'p104'.
grib_to_netcdf: Defining variable 'p105'.
grib_to_netcdf: Defining variable 'p106'.
grib_to_netcdf: Defining variable 'p107'.
grib_to_netcdf: Defining variable 'p108'.
grib_to_netcdf: Defining variable 'p109'.
grib_to_netcdf: Defining variable 'p110'.
grib_to_netcdf: Defining variable 'p111'.
grib_to_netcdf: Defining variable 't'.
grib_to_netcdf: Defining variable 'q'.
grib_to_netcdf: Defining variable 'w'.
grib_to_netcdf: Defining variable 'vo'.
grib_to_netcdf: Defining variable 'lnsp'.
grib_to_netcdf: Defining variable 'd'.
grib_to_netcdf: Defining variable 'u'.
grib_to_netcdf: Defining variable 'v'.
grib_to_netcdf: Defining variable 'clwc'.
grib_to_netcdf: Defining variable 'co2'.
grib_to_netcdf: Defining variable 'ch4'.
grib_to_netcdf: Done.
Model level selected
mars - WARN - 
mars - WARN - 
MIR environment variables:
MIR_CACHE_PATH=/lus/h2resw01/cache:{FILE?/ec/cache.1}/cache:{FILE?/ec/cache.2}/cache
MIR_LSM_NAMED=1km.climate.v013
Using MARS binary: /usr/local/apps/mars/versions/6.34.7.1/bin/mars.bin
mars - INFO   - 20260807.105711 - Welcome to MARS
mars - INFO   - 20260807.105711 - MARS_HOME=/usr/local/apps/mars/configs/prod
mars - INFO   - 20260807.105711 - MARS Client build stamp: 20260623091402
mars - INFO   - 20260807.105711 - MARS Client bundle version: 6.34.7.1
mars - INFO   - 20260807.105711 - package mars-client version: 6.34.7
mars - INFO   - 20260807.105711 - package mir version: 1.23.9
mars - INFO   - 20260807.105711 - package odc version: 1.6.3
mars - INFO   - 20260807.105711 - package fdb version: 5.21.4
mars - INFO   - 20260807.105711 - package metkit version: 1.18.3
mars - INFO   - 20260807.105711 - package eckit version: 2.0.8
mars - INFO   - 20260807.105711 - package eccodes version: 2.47.2
# First retrieve profiles
retrieve,
anoffset=9,
class=rd,
date=20220518,
expver=j7fk,
levelist=1/50/51/52/53/54/55/56/57/58/59/60/61/62/63/64/65/66/67/68/69/70/71/72/73/74/75/76/77/78/79/80/81/82/83/84/85/86/87/88/89/90/91/92/93/94/95/96/97/98/99/100/101/102/103/104/105/106/107/108/109/110/111/112/113/114/115/116/117/118/119/120/121/122/123/124/125/126/127/128/129/130/131/132/133/134/135/136/137,
levtype=ml,
param=75/82/83/84/85/86/87/88/89/90/91/92/93/94/95/96/97/98/99/100/101/102/103/104/105/106/107/108/109/110/111/130/131/132/133/135/138/152/155/246/162100/162101/162104/162105/162106/162107/162109/210061/210062/210123/210181/217026,
step=0/1/2/3/4/5/6/7/8/9/10/11/12,
stream=oper,
time=00:00:00,
type=fc,
grid=0.2/0.2,
area=48.3/10.5/47.3/11.5,
interpolation=grid-box-average,
target="mars_ml_short_tail_ABL.grb"

mars - INFO   - 20260807.105711 - Processing request 1

RETRIEVE,
    CLASS      = RD,
    TYPE       = FC,
    STREAM     = OPER,
    EXPVER     = j7fk,
    REPRES     = SH,
    LEVTYPE    = ML,
    LEVELIST   = 1/50/51/52/53/54/55/56/57/58/59/60/61/62/63/64/65/66/67/68/69/70/71/72/73/74/75/76/77/78/79/80/81/82/83/84/85/86/87/88/89/90/91/92/93/94/95/96/97/98/99/100/101/102/103/104/105/106/107/108/109/110/111/112/113/114/115/116/117/118/119/120/121/122/123/124/125/126/127/128/129/130/131/132/133/134/135/136/137,
    PARAM      = 75/82/83/84/85/86/87/88/89/90/91/92/93/94/95/96/97/98/99/100/101/102/103/104/105/106/107/108/109/110/111/130/131/132/133/135/138/152/155/246/162100/162101/162104/162105/162106/162107/162109/210061/210062/210123/210181/217026,
    DATE       = 20220518,
    TIME       = 0000,
    STEP       = 0/1/2/3/4/5/6/7/8/9/10/11/12,
    DOMAIN     = G,
    TARGET     = "mars_ml_short_tail_ABL.grb",
    RESOL      = AUTO,
    INTERPOLATION = GRID-BOX-AVERAGE,
    AREA       = 48.3/10.5/47.3/11.5,
    GRID       = 0.2/0.2

mars - INFO   - 20260807.105712 - Requesting 59020 fields
mars - INFO   - 20260807.105712 - FDB home /home/fdbprod
mars - INFO   - 20260807.105712 - Setting SO_SNDBUF to 33554432 (32.00 M)
mars - INFO   - 20260807.105712 - Current value is 32768 (32.00 K)
mars - INFO   - 20260807.105712 - Setting SO_RCVBUF to 33554432 (32.00 M)
mars - INFO   - 20260807.105712 - Current value is 43690 (42.67 K)
mars - INFO   - 20260807.105712 - Calling mars on 'marsrd-core', local port is 59715
mars - INFO   - 20260807.105712 - Callback at address 10.100.192.109, port 59715
mars - INFO   - 20260807.105712 - Mars client is on ac6-109.bullx (10.100.192.109) 59715
mars - INFO   - 20260807.105712 - Mars server is on 10.112.4.10 47657
mars - INFO   - 20260807.105712 - Server task is 2873 [marsrd]
mars - INFO   - 20260807.105712 - Request cost: 45,136 fields, 19.9239 Gbytes online, nodes: mvr013 [marsrd]
mars - INFO   - 20260807.105712 - The efficiency of your requests in the last 12 hours is 52% [marsrd]
mars - INFO   - 20260807.105712 - Wind conversion requested by server
mars - INFO   - 20260807.105712 - Transfering 21393132242 bytes
mars - INFO   - 20260807.105713 - ShToGridded: loading Legendre coefficients '/lus/h2resw01/cache/mir/legendre/4/local-T399-GaussianN400-OPT4189816c2e.leg'
mars - INFO   - 20260807.105713 - Deriving U and V from vorticity and divergence
mars - WARN   - 20260807.110752 - Visiting database marsrd : expected 59020, got 47450
mars - INFO   - 20260807.110752 - 47450 fields have been interpolated on 'ac6-109.bullx'
mars - ERROR  - 20260807.110752 - Last error is -43
mars - ERROR  - 20260807.110752 - Expected 59020, got 47450.
mars - ERROR  - 20260807.110752 - Request failed
mars - INFO   - 20260807.110752 - Request time:  wall: 10 min 41 sec  cpu: 10 min 36 sec 
mars - INFO   - 20260807.110752 -   Read from network: 19.92 Gbyte(s) in 17 sec  [1.20 Gbyte/sec] 
mars - INFO   - 20260807.110752 -   Visiting marsrd: wall: 10 min 40 sec 
mars - INFO   - 20260807.110752 -   Post-processing: wall: 8 min 9 sec cpu: 8 min 7 sec 
mars - INFO   - 20260807.110752 -   Writing to target file: 64.00 Mbyte(s) in 1 sec  [60.94 Mbyte/sec] cpu: 1 sec 
mars - INFO   - 20260807.110752 - Memory used: 140.70 Mbyte(s)
mars - ERROR  - 20260807.110752 - Some errors reported (last error -1)
grib_to_netcdf: Version 2.47.0
grib_to_netcdf: Processing input file 'mars_ml_short_tail_ABL.grb'.
grib_to_netcdf: Found 47450 GRIB fields in 1 file.
grib_to_netcdf: Ignoring key(s): method, type, stream, refdate, hdate
grib_to_netcdf: Creating netCDF file 'j7fk_short_tail_ABL_ml_20220518_0.nc'
grib_to_netcdf: NetCDF library version: 4.10.0 of Apr  9 2026 13:13:33 $
grib_to_netcdf: Creating large (64 bit) file format.
grib_to_netcdf: Defining variable 'crwc'.
grib_to_netcdf: Defining variable 'p82'.
grib_to_netcdf: Defining variable 'p83'.
grib_to_netcdf: Defining variable 'p84'.
grib_to_netcdf: Defining variable 'p85'.
grib_to_netcdf: Defining variable 'p86'.
grib_to_netcdf: Defining variable 'p87'.
grib_to_netcdf: Defining variable 'p88'.
grib_to_netcdf: Defining variable 'p89'.
grib_to_netcdf: Defining variable 'p90'.
grib_to_netcdf: Defining variable 'p91'.
grib_to_netcdf: Defining variable 'p92'.
grib_to_netcdf: Defining variable 'p93'.
grib_to_netcdf: Defining variable 'p94'.
grib_to_netcdf: Defining variable 'p95'.
grib_to_netcdf: Defining variable 'p96'.
grib_to_netcdf: Defining variable 'p97'.
grib_to_netcdf: Defining variable 'p98'.
grib_to_netcdf: Defining variable 'p99'.
grib_to_netcdf: Defining variable 'p100'.
grib_to_netcdf: Defining variable 'p101'.
grib_to_netcdf: Defining variable 'p102'.
grib_to_netcdf: Defining variable 'p103'.
grib_to_netcdf: Defining variable 'p104'.
grib_to_netcdf: Defining variable 'p105'.
grib_to_netcdf: Defining variable 'p106'.
grib_to_netcdf: Defining variable 'p107'.
grib_to_netcdf: Defining variable 'p108'.
grib_to_netcdf: Defining variable 'p109'.
grib_to_netcdf: Defining variable 'p110'.
grib_to_netcdf: Defining variable 'p111'.
grib_to_netcdf: Defining variable 't'.
grib_to_netcdf: Defining variable 'q'.
grib_to_netcdf: Defining variable 'w'.
grib_to_netcdf: Defining variable 'vo'.
grib_to_netcdf: Defining variable 'lnsp'.
grib_to_netcdf: Defining variable 'd'.
grib_to_netcdf: Defining variable 'u'.
grib_to_netcdf: Defining variable 'v'.
grib_to_netcdf: Defining variable 'clwc'.
grib_to_netcdf: Defining variable 'co2'.
grib_to_netcdf: Defining variable 'ch4'.
grib_to_netcdf: Done.
Model level selected
mars - WARN - 
mars - WARN - 
MIR environment variables:
MIR_CACHE_PATH=/lus/h2resw01/cache:{FILE?/ec/cache.1}/cache:{FILE?/ec/cache.2}/cache
MIR_LSM_NAMED=1km.climate.v013
Using MARS binary: /usr/local/apps/mars/versions/6.34.7.1/bin/mars.bin
mars - INFO   - 20260807.111036 - Welcome to MARS
mars - INFO   - 20260807.111036 - MARS_HOME=/usr/local/apps/mars/configs/prod
mars - INFO   - 20260807.111036 - MARS Client build stamp: 20260623091402
mars - INFO   - 20260807.111036 - MARS Client bundle version: 6.34.7.1
mars - INFO   - 20260807.111036 - package mars-client version: 6.34.7
mars - INFO   - 20260807.111036 - package mir version: 1.23.9
mars - INFO   - 20260807.111036 - package odc version: 1.6.3
mars - INFO   - 20260807.111036 - package fdb version: 5.21.4
mars - INFO   - 20260807.111036 - package metkit version: 1.18.3
mars - INFO   - 20260807.111036 - package eckit version: 2.0.8
mars - INFO   - 20260807.111036 - package eccodes version: 2.47.2
# First retrieve profiles
retrieve,
anoffset=9,
class=rd,
date=20220518,
expver=j7fk,
levelist=1/50/51/52/53/54/55/56/57/58/59/60/61/62/63/64/65/66/67/68/69/70/71/72/73/74/75/76/77/78/79/80/81/82/83/84/85/86/87/88/89/90/91/92/93/94/95/96/97/98/99/100/101/102/103/104/105/106/107/108/109/110/111/112/113/114/115/116/117/118/119/120/121/122/123/124/125/126/127/128/129/130/131/132/133/134/135/136/137,
levtype=ml,
param=75/82/83/84/85/86/87/88/89/90/91/92/93/94/95/96/97/98/99/100/101/102/103/104/105/106/107/108/109/110/111/130/131/132/133/135/138/152/155/246/162100/162101/162104/162105/162106/162107/162109/210061/210062/210123/210181/217026,
step=12/13/14/15/16/17/18/19/20/21/22/23/24,
stream=oper,
time=00:00:00,
type=fc,
grid=0.2/0.2,
area=48.3/10.5/47.3/11.5,
interpolation=grid-box-average,
target="mars_ml_short_tail_ABL.grb"

mars - INFO   - 20260807.111036 - Processing request 1

RETRIEVE,
    CLASS      = RD,
    TYPE       = FC,
    STREAM     = OPER,
    EXPVER     = j7fk,
    REPRES     = SH,
    LEVTYPE    = ML,
    LEVELIST   = 1/50/51/52/53/54/55/56/57/58/59/60/61/62/63/64/65/66/67/68/69/70/71/72/73/74/75/76/77/78/79/80/81/82/83/84/85/86/87/88/89/90/91/92/93/94/95/96/97/98/99/100/101/102/103/104/105/106/107/108/109/110/111/112/113/114/115/116/117/118/119/120/121/122/123/124/125/126/127/128/129/130/131/132/133/134/135/136/137,
    PARAM      = 75/82/83/84/85/86/87/88/89/90/91/92/93/94/95/96/97/98/99/100/101/102/103/104/105/106/107/108/109/110/111/130/131/132/133/135/138/152/155/246/162100/162101/162104/162105/162106/162107/162109/210061/210062/210123/210181/217026,
    DATE       = 20220518,
    TIME       = 0000,
    STEP       = 12/13/14/15/16/17/18/19/20/21/22/23/24,
    DOMAIN     = G,
    TARGET     = "mars_ml_short_tail_ABL.grb",
    RESOL      = AUTO,
    INTERPOLATION = GRID-BOX-AVERAGE,
    AREA       = 48.3/10.5/47.3/11.5,
    GRID       = 0.2/0.2

mars - INFO   - 20260807.111036 - Requesting 59020 fields
mars - INFO   - 20260807.111036 - FDB home /home/fdbprod
mars - INFO   - 20260807.111036 - Setting SO_SNDBUF to 33554432 (32.00 M)
mars - INFO   - 20260807.111036 - Current value is 32768 (32.00 K)
mars - INFO   - 20260807.111036 - Setting SO_RCVBUF to 33554432 (32.00 M)
mars - INFO   - 20260807.111036 - Current value is 43690 (42.67 K)
mars - INFO   - 20260807.111036 - Calling mars on 'marsrd-core', local port is 49879
mars - INFO   - 20260807.111036 - Callback at address 10.100.192.109, port 49879
mars - INFO   - 20260807.111221 - Mars client is on ac6-109.bullx (10.100.192.109) 49879
mars - INFO   - 20260807.111221 - Mars server is on 10.112.4.10 37277
mars - INFO   - 20260807.111221 - Server task is 3340 [marsrd]
mars - INFO   - 20260807.111221 - Request cost: 45,136 fields, 1.65621 Gbytes online, 20.195 Gbytes on 1 tape, nodes: hpss mvr013, libraries: ibmlib03_70 [marsrd]
mars - INFO   - 20260807.111221 - The efficiency of your requests in the last 12 hours is 53% [marsrd]
mars - INFO   - 20260807.111221 - Wind conversion requested by server
mars - INFO   - 20260807.111638 - Transfering 23462558588 bytes
mars - INFO   - 20260807.111639 - ShToGridded: loading Legendre coefficients '/lus/h2resw01/cache/mir/legendre/4/local-T399-GaussianN400-OPT4189816c2e.leg'
mars - INFO   - 20260807.111640 - Deriving U and V from vorticity and divergence
mars - WARN   - 20260807.112753 - Visiting database marsrd : expected 59020, got 47450
mars - INFO   - 20260807.112753 - 47450 fields have been interpolated on 'ac6-109.bullx'
mars - ERROR  - 20260807.112753 - Last error is -43
mars - ERROR  - 20260807.112753 - Expected 59020, got 47450.
mars - ERROR  - 20260807.112753 - Request failed
mars - INFO   - 20260807.112753 - Request time:  wall: 17 min 17 sec  cpu: 11 min 3 sec 
mars - INFO   - 20260807.112753 -   Read from network: 21.85 Gbyte(s) in 18 sec  [1.19 Gbyte/sec] 
mars - INFO   - 20260807.112753 -   Processing in marsrd: wall: 6 min 2 sec 
mars - INFO   - 20260807.112753 -   Visiting marsrd: wall: 17 min 17 sec 
mars - INFO   - 20260807.112753 -   Post-processing: wall: 8 min 39 sec cpu: 8 min 28 sec 
mars - INFO   - 20260807.112753 -   Writing to target file: 64.38 Mbyte(s) in 1 sec  [60.20 Mbyte/sec] cpu: 1 sec 
mars - INFO   - 20260807.112753 - Memory used: 140.45 Mbyte(s)
mars - ERROR  - 20260807.112753 - Some errors reported (last error -1)
grib_to_netcdf: Version 2.47.0
grib_to_netcdf: Processing input file 'mars_ml_short_tail_ABL.grb'.
grib_to_netcdf: Found 47450 GRIB fields in 1 file.
grib_to_netcdf: Ignoring key(s): method, type, stream, refdate, hdate
grib_to_netcdf: Creating netCDF file 'j7fk_short_tail_ABL_ml_20220518_12.nc'
grib_to_netcdf: NetCDF library version: 4.10.0 of Apr  9 2026 13:13:33 $
grib_to_netcdf: Creating large (64 bit) file format.
grib_to_netcdf: Defining variable 'crwc'.
grib_to_netcdf: Defining variable 'p82'.
grib_to_netcdf: Defining variable 'p83'.
grib_to_netcdf: Defining variable 'p84'.
grib_to_netcdf: Defining variable 'p85'.
grib_to_netcdf: Defining variable 'p86'.
grib_to_netcdf: Defining variable 'p87'.
grib_to_netcdf: Defining variable 'p88'.
grib_to_netcdf: Defining variable 'p89'.
grib_to_netcdf: Defining variable 'p90'.
grib_to_netcdf: Defining variable 'p91'.
grib_to_netcdf: Defining variable 'p92'.
grib_to_netcdf: Defining variable 'p93'.
grib_to_netcdf: Defining variable 'p94'.
grib_to_netcdf: Defining variable 'p95'.
grib_to_netcdf: Defining variable 'p96'.
grib_to_netcdf: Defining variable 'p97'.
grib_to_netcdf: Defining variable 'p98'.
grib_to_netcdf: Defining variable 'p99'.
grib_to_netcdf: Defining variable 'p100'.
grib_to_netcdf: Defining variable 'p101'.
grib_to_netcdf: Defining variable 'p102'.
grib_to_netcdf: Defining variable 'p103'.
grib_to_netcdf: Defining variable 'p104'.
grib_to_netcdf: Defining variable 'p105'.
grib_to_netcdf: Defining variable 'p106'.
grib_to_netcdf: Defining variable 'p107'.
grib_to_netcdf: Defining variable 'p108'.
grib_to_netcdf: Defining variable 'p109'.
grib_to_netcdf: Defining variable 'p110'.
grib_to_netcdf: Defining variable 'p111'.
grib_to_netcdf: Defining variable 't'.
grib_to_netcdf: Defining variable 'q'.
grib_to_netcdf: Defining variable 'w'.
grib_to_netcdf: Defining variable 'vo'.
grib_to_netcdf: Defining variable 'lnsp'.
grib_to_netcdf: Defining variable 'd'.
grib_to_netcdf: Defining variable 'u'.
grib_to_netcdf: Defining variable 'v'.
grib_to_netcdf: Defining variable 'clwc'.
grib_to_netcdf: Defining variable 'co2'.
grib_to_netcdf: Defining variable 'ch4'.
grib_to_netcdf: Done.
Model level selected
mars - WARN - 
mars - WARN - 
MIR environment variables:
MIR_CACHE_PATH=/lus/h2resw01/cache:{FILE?/ec/cache.1}/cache:{FILE?/ec/cache.2}/cache
MIR_LSM_NAMED=1km.climate.v013
Using MARS binary: /usr/local/apps/mars/versions/6.34.7.1/bin/mars.bin
mars - INFO   - 20260807.113054 - Welcome to MARS
mars - INFO   - 20260807.113054 - MARS_HOME=/usr/local/apps/mars/configs/prod
mars - INFO   - 20260807.113054 - MARS Client build stamp: 20260623091402
mars - INFO   - 20260807.113054 - MARS Client bundle version: 6.34.7.1
mars - INFO   - 20260807.113054 - package mars-client version: 6.34.7
mars - INFO   - 20260807.113054 - package mir version: 1.23.9
mars - INFO   - 20260807.113054 - package odc version: 1.6.3
mars - INFO   - 20260807.113054 - package fdb version: 5.21.4
mars - INFO   - 20260807.113054 - package metkit version: 1.18.3
mars - INFO   - 20260807.113054 - package eckit version: 2.0.8
mars - INFO   - 20260807.113054 - package eccodes version: 2.47.2
# First retrieve profiles
retrieve,
anoffset=9,
class=rd,
date=20220519,
expver=j7fk,
levelist=1/50/51/52/53/54/55/56/57/58/59/60/61/62/63/64/65/66/67/68/69/70/71/72/73/74/75/76/77/78/79/80/81/82/83/84/85/86/87/88/89/90/91/92/93/94/95/96/97/98/99/100/101/102/103/104/105/106/107/108/109/110/111/112/113/114/115/116/117/118/119/120/121/122/123/124/125/126/127/128/129/130/131/132/133/134/135/136/137,
levtype=ml,
param=75/82/83/84/85/86/87/88/89/90/91/92/93/94/95/96/97/98/99/100/101/102/103/104/105/106/107/108/109/110/111/130/131/132/133/135/138/152/155/246/162100/162101/162104/162105/162106/162107/162109/210061/210062/210123/210181/217026,
step=0/1/2/3/4/5/6/7/8/9/10/11/12,
stream=oper,
time=00:00:00,
type=fc,
grid=0.2/0.2,
area=48.3/10.5/47.3/11.5,
interpolation=grid-box-average,
target="mars_ml_short_tail_ABL.grb"

mars - INFO   - 20260807.113054 - Processing request 1

RETRIEVE,
    CLASS      = RD,
    TYPE       = FC,
    STREAM     = OPER,
    EXPVER     = j7fk,
    REPRES     = SH,
    LEVTYPE    = ML,
    LEVELIST   = 1/50/51/52/53/54/55/56/57/58/59/60/61/62/63/64/65/66/67/68/69/70/71/72/73/74/75/76/77/78/79/80/81/82/83/84/85/86/87/88/89/90/91/92/93/94/95/96/97/98/99/100/101/102/103/104/105/106/107/108/109/110/111/112/113/114/115/116/117/118/119/120/121/122/123/124/125/126/127/128/129/130/131/132/133/134/135/136/137,
    PARAM      = 75/82/83/84/85/86/87/88/89/90/91/92/93/94/95/96/97/98/99/100/101/102/103/104/105/106/107/108/109/110/111/130/131/132/133/135/138/152/155/246/162100/162101/162104/162105/162106/162107/162109/210061/210062/210123/210181/217026,
    DATE       = 20220519,
    TIME       = 0000,
    STEP       = 0/1/2/3/4/5/6/7/8/9/10/11/12,
    DOMAIN     = G,
    TARGET     = "mars_ml_short_tail_ABL.grb",
    RESOL      = AUTO,
    INTERPOLATION = GRID-BOX-AVERAGE,
    AREA       = 48.3/10.5/47.3/11.5,
    GRID       = 0.2/0.2

mars - INFO   - 20260807.113055 - Requesting 59020 fields
mars - INFO   - 20260807.113055 - FDB home /home/fdbprod
mars - INFO   - 20260807.113055 - Setting SO_SNDBUF to 33554432 (32.00 M)
mars - INFO   - 20260807.113055 - Current value is 32768 (32.00 K)
mars - INFO   - 20260807.113055 - Setting SO_RCVBUF to 33554432 (32.00 M)
mars - INFO   - 20260807.113055 - Current value is 43690 (42.67 K)
mars - INFO   - 20260807.113055 - Calling mars on 'marsrd-core', local port is 40901
mars - INFO   - 20260807.113055 - Callback at address 10.100.192.109, port 40901
mars - INFO   - 20260807.113312 - Mars client is on ac6-109.bullx (10.100.192.109) 40901
mars - INFO   - 20260807.113312 - Mars server is on 10.112.4.10 33943
mars - INFO   - 20260807.113312 - Server task is 9550 [marsrd]
mars - INFO   - 20260807.113312 - Request cost: 45,136 fields, 19.859 Gbytes online, nodes: hpss mvr011, libraries: ibmlib03_70 [marsrd]
mars - INFO   - 20260807.113312 - The efficiency of your requests in the last 12 hours is 53% [marsrd]
mars - INFO   - 20260807.113312 - Wind conversion requested by server
mars - INFO   - 20260807.113313 - Transfering 21323402509 bytes
mars - INFO   - 20260807.113313 - ShToGridded: loading Legendre coefficients '/lus/h2resw01/cache/mir/legendre/4/local-T399-GaussianN400-OPT4189816c2e.leg'
mars - INFO   - 20260807.113314 - Deriving U and V from vorticity and divergence
mars - WARN   - 20260807.114353 - Visiting database marsrd : expected 59020, got 47450
mars - INFO   - 20260807.114353 - 47450 fields have been interpolated on 'ac6-109.bullx'
mars - ERROR  - 20260807.114353 - Last error is -43
mars - ERROR  - 20260807.114353 - Expected 59020, got 47450.
mars - ERROR  - 20260807.114353 - Request failed
mars - INFO   - 20260807.114353 - Request time:  wall: 12 min 59 sec  cpu: 10 min 36 sec 
mars - INFO   - 20260807.114353 -   Read from network: 19.86 Gbyte(s) in 16 sec  [1.21 Gbyte/sec] 
mars - INFO   - 20260807.114353 -   Processing in marsrd: wall: 2 min 18 sec 
mars - INFO   - 20260807.114353 -   Visiting marsrd: wall: 12 min 58 sec 
mars - INFO   - 20260807.114353 -   Post-processing: wall: 8 min 11 sec cpu: 8 min 7 sec 
mars - INFO   - 20260807.114353 -   Writing to target file: 63.69 Mbyte(s) in 1 sec  [60.57 Mbyte/sec] cpu: 1 sec 
mars - INFO   - 20260807.114353 - Memory used: 140.04 Mbyte(s)
mars - ERROR  - 20260807.114353 - Some errors reported (last error -1)
grib_to_netcdf: Version 2.47.0
grib_to_netcdf: Processing input file 'mars_ml_short_tail_ABL.grb'.
grib_to_netcdf: Found 47450 GRIB fields in 1 file.
grib_to_netcdf: Ignoring key(s): method, type, stream, refdate, hdate
grib_to_netcdf: Creating netCDF file 'j7fk_short_tail_ABL_ml_20220519_0.nc'
grib_to_netcdf: NetCDF library version: 4.10.0 of Apr  9 2026 13:13:33 $
grib_to_netcdf: Creating large (64 bit) file format.
grib_to_netcdf: Defining variable 'crwc'.
grib_to_netcdf: Defining variable 'p82'.
grib_to_netcdf: Defining variable 'p83'.
grib_to_netcdf: Defining variable 'p84'.
grib_to_netcdf: Defining variable 'p85'.
grib_to_netcdf: Defining variable 'p86'.
grib_to_netcdf: Defining variable 'p87'.
grib_to_netcdf: Defining variable 'p88'.
grib_to_netcdf: Defining variable 'p89'.
grib_to_netcdf: Defining variable 'p90'.
grib_to_netcdf: Defining variable 'p91'.
grib_to_netcdf: Defining variable 'p92'.
grib_to_netcdf: Defining variable 'p93'.
grib_to_netcdf: Defining variable 'p94'.
grib_to_netcdf: Defining variable 'p95'.
grib_to_netcdf: Defining variable 'p96'.
grib_to_netcdf: Defining variable 'p97'.
grib_to_netcdf: Defining variable 'p98'.
grib_to_netcdf: Defining variable 'p99'.
grib_to_netcdf: Defining variable 'p100'.
grib_to_netcdf: Defining variable 'p101'.
grib_to_netcdf: Defining variable 'p102'.
grib_to_netcdf: Defining variable 'p103'.
grib_to_netcdf: Defining variable 'p104'.
grib_to_netcdf: Defining variable 'p105'.
grib_to_netcdf: Defining variable 'p106'.
grib_to_netcdf: Defining variable 'p107'.
grib_to_netcdf: Defining variable 'p108'.
grib_to_netcdf: Defining variable 'p109'.
grib_to_netcdf: Defining variable 'p110'.
grib_to_netcdf: Defining variable 'p111'.
grib_to_netcdf: Defining variable 't'.
grib_to_netcdf: Defining variable 'q'.
grib_to_netcdf: Defining variable 'w'.
grib_to_netcdf: Defining variable 'vo'.
grib_to_netcdf: Defining variable 'lnsp'.
grib_to_netcdf: Defining variable 'd'.
grib_to_netcdf: Defining variable 'u'.
grib_to_netcdf: Defining variable 'v'.
grib_to_netcdf: Defining variable 'clwc'.
grib_to_netcdf: Defining variable 'co2'.
grib_to_netcdf: Defining variable 'ch4'.
grib_to_netcdf: Done.
Model level selected
mars - WARN - 
mars - WARN - 
MIR environment variables:
MIR_CACHE_PATH=/lus/h2resw01/cache:{FILE?/ec/cache.1}/cache:{FILE?/ec/cache.2}/cache
MIR_LSM_NAMED=1km.climate.v013
Using MARS binary: /usr/local/apps/mars/versions/6.34.7.1/bin/mars.bin
mars - INFO   - 20260807.114640 - Welcome to MARS
mars - INFO   - 20260807.114640 - MARS_HOME=/usr/local/apps/mars/configs/prod
mars - INFO   - 20260807.114640 - MARS Client build stamp: 20260623091402
mars - INFO   - 20260807.114640 - MARS Client bundle version: 6.34.7.1
mars - INFO   - 20260807.114640 - package mars-client version: 6.34.7
mars - INFO   - 20260807.114640 - package mir version: 1.23.9
mars - INFO   - 20260807.114640 - package odc version: 1.6.3
mars - INFO   - 20260807.114640 - package fdb version: 5.21.4
mars - INFO   - 20260807.114640 - package metkit version: 1.18.3
mars - INFO   - 20260807.114640 - package eckit version: 2.0.8
mars - INFO   - 20260807.114640 - package eccodes version: 2.47.2
# First retrieve profiles
retrieve,
anoffset=9,
class=rd,
date=20220519,
expver=j7fk,
levelist=1/50/51/52/53/54/55/56/57/58/59/60/61/62/63/64/65/66/67/68/69/70/71/72/73/74/75/76/77/78/79/80/81/82/83/84/85/86/87/88/89/90/91/92/93/94/95/96/97/98/99/100/101/102/103/104/105/106/107/108/109/110/111/112/113/114/115/116/117/118/119/120/121/122/123/124/125/126/127/128/129/130/131/132/133/134/135/136/137,
levtype=ml,
param=75/82/83/84/85/86/87/88/89/90/91/92/93/94/95/96/97/98/99/100/101/102/103/104/105/106/107/108/109/110/111/130/131/132/133/135/138/152/155/246/162100/162101/162104/162105/162106/162107/162109/210061/210062/210123/210181/217026,
step=12/13/14/15/16/17/18/19/20/21/22/23/24,
stream=oper,
time=00:00:00,
type=fc,
grid=0.2/0.2,
area=48.3/10.5/47.3/11.5,
interpolation=grid-box-average,
target="mars_ml_short_tail_ABL.grb"

mars - INFO   - 20260807.114640 - Processing request 1

RETRIEVE,
    CLASS      = RD,
    TYPE       = FC,
    STREAM     = OPER,
    EXPVER     = j7fk,
    REPRES     = SH,
    LEVTYPE    = ML,
    LEVELIST   = 1/50/51/52/53/54/55/56/57/58/59/60/61/62/63/64/65/66/67/68/69/70/71/72/73/74/75/76/77/78/79/80/81/82/83/84/85/86/87/88/89/90/91/92/93/94/95/96/97/98/99/100/101/102/103/104/105/106/107/108/109/110/111/112/113/114/115/116/117/118/119/120/121/122/123/124/125/126/127/128/129/130/131/132/133/134/135/136/137,
    PARAM      = 75/82/83/84/85/86/87/88/89/90/91/92/93/94/95/96/97/98/99/100/101/102/103/104/105/106/107/108/109/110/111/130/131/132/133/135/138/152/155/246/162100/162101/162104/162105/162106/162107/162109/210061/210062/210123/210181/217026,
    DATE       = 20220519,
    TIME       = 0000,
    STEP       = 12/13/14/15/16/17/18/19/20/21/22/23/24,
    DOMAIN     = G,
    TARGET     = "mars_ml_short_tail_ABL.grb",
    RESOL      = AUTO,
    INTERPOLATION = GRID-BOX-AVERAGE,
    AREA       = 48.3/10.5/47.3/11.5,
    GRID       = 0.2/0.2

mars - INFO   - 20260807.114640 - Requesting 59020 fields
mars - INFO   - 20260807.114640 - FDB home /home/fdbprod
mars - INFO   - 20260807.114640 - Setting SO_SNDBUF to 33554432 (32.00 M)
mars - INFO   - 20260807.114640 - Current value is 32768 (32.00 K)
mars - INFO   - 20260807.114640 - Setting SO_RCVBUF to 33554432 (32.00 M)
mars - INFO   - 20260807.114640 - Current value is 43690 (42.67 K)
mars - INFO   - 20260807.114640 - Calling mars on 'marsrd-core', local port is 44311
mars - INFO   - 20260807.114640 - Callback at address 10.100.192.109, port 44311
mars - INFO   - 20260807.115006 - Mars client is on ac6-109.bullx (10.100.192.109) 44311
mars - INFO   - 20260807.115006 - Mars server is on 10.112.4.10 34123
mars - INFO   - 20260807.115006 - Server task is 4445 [marsrd]
mars - INFO   - 20260807.115006 - Request cost: 45,136 fields, 1.64328 Gbytes online, 20.2231 Gbytes on 1 tape, nodes: hpss mvr011, libraries: ibmlib03_70 [marsrd]
mars - INFO   - 20260807.115006 - The efficiency of your requests in the last 12 hours is 53% [marsrd]
mars - INFO   - 20260807.115006 - Wind conversion requested by server
mars - INFO   - 20260807.115405 - Transfering 23478829299 bytes
mars - INFO   - 20260807.115406 - ShToGridded: loading Legendre coefficients '/lus/h2resw01/cache/mir/legendre/4/local-T399-GaussianN400-OPT4189816c2e.leg'
mars - INFO   - 20260807.115407 - Deriving U and V from vorticity and divergence
mars - WARN   - 20260807.120504 - Visiting database marsrd : expected 59020, got 47450
mars - INFO   - 20260807.120504 - 47450 fields have been interpolated on 'ac6-109.bullx'
mars - ERROR  - 20260807.120504 - Last error is -43
mars - ERROR  - 20260807.120504 - Expected 59020, got 47450.
mars - ERROR  - 20260807.120504 - Request failed
mars - INFO   - 20260807.120504 - Request time:  wall: 18 min 24 sec  cpu: 10 min 54 sec 
mars - INFO   - 20260807.120504 -   Read from network: 21.87 Gbyte(s) in 18 sec  [1.22 Gbyte/sec] 
mars - INFO   - 20260807.120504 -   Processing in marsrd: wall: 7 min 25 sec 
mars - INFO   - 20260807.120504 -   Visiting marsrd: wall: 18 min 24 sec 
mars - INFO   - 20260807.120504 -   Post-processing: wall: 8 min 26 sec cpu: 8 min 22 sec 
mars - INFO   - 20260807.120504 -   Writing to target file: 64.56 Mbyte(s) in 1 sec  [58.42 Mbyte/sec] cpu: 1 sec 
mars - INFO   - 20260807.120504 - Memory used: 143.46 Mbyte(s)
mars - ERROR  - 20260807.120504 - Some errors reported (last error -1)
grib_to_netcdf: Version 2.47.0
grib_to_netcdf: Processing input file 'mars_ml_short_tail_ABL.grb'.
grib_to_netcdf: Found 47450 GRIB fields in 1 file.
grib_to_netcdf: Ignoring key(s): method, type, stream, refdate, hdate
grib_to_netcdf: Creating netCDF file 'j7fk_short_tail_ABL_ml_20220519_12.nc'
grib_to_netcdf: NetCDF library version: 4.10.0 of Apr  9 2026 13:13:33 $
grib_to_netcdf: Creating large (64 bit) file format.
grib_to_netcdf: Defining variable 'crwc'.
grib_to_netcdf: Defining variable 'p82'.
grib_to_netcdf: Defining variable 'p83'.
grib_to_netcdf: Defining variable 'p84'.
grib_to_netcdf: Defining variable 'p85'.
grib_to_netcdf: Defining variable 'p86'.
grib_to_netcdf: Defining variable 'p87'.
grib_to_netcdf: Defining variable 'p88'.
grib_to_netcdf: Defining variable 'p89'.
grib_to_netcdf: Defining variable 'p90'.
grib_to_netcdf: Defining variable 'p91'.
grib_to_netcdf: Defining variable 'p92'.
grib_to_netcdf: Defining variable 'p93'.
grib_to_netcdf: Defining variable 'p94'.
grib_to_netcdf: Defining variable 'p95'.
grib_to_netcdf: Defining variable 'p96'.
grib_to_netcdf: Defining variable 'p97'.
grib_to_netcdf: Defining variable 'p98'.
grib_to_netcdf: Defining variable 'p99'.
grib_to_netcdf: Defining variable 'p100'.
grib_to_netcdf: Defining variable 'p101'.
grib_to_netcdf: Defining variable 'p102'.
grib_to_netcdf: Defining variable 'p103'.
grib_to_netcdf: Defining variable 'p104'.
grib_to_netcdf: Defining variable 'p105'.
grib_to_netcdf: Defining variable 'p106'.
grib_to_netcdf: Defining variable 'p107'.
grib_to_netcdf: Defining variable 'p108'.
grib_to_netcdf: Defining variable 'p109'.
grib_to_netcdf: Defining variable 'p110'.
grib_to_netcdf: Defining variable 'p111'.
grib_to_netcdf: Defining variable 't'.
grib_to_netcdf: Defining variable 'q'.
grib_to_netcdf: Defining variable 'w'.
grib_to_netcdf: Defining variable 'vo'.
grib_to_netcdf: Defining variable 'lnsp'.
grib_to_netcdf: Defining variable 'd'.
grib_to_netcdf: Defining variable 'u'.
grib_to_netcdf: Defining variable 'v'.
grib_to_netcdf: Defining variable 'clwc'.
grib_to_netcdf: Defining variable 'co2'.
grib_to_netcdf: Defining variable 'ch4'.
grib_to_netcdf: Done.
Model level selected
mars - WARN - 
mars - WARN - 
MIR environment variables:
MIR_CACHE_PATH=/lus/h2resw01/cache:{FILE?/ec/cache.1}/cache:{FILE?/ec/cache.2}/cache
MIR_LSM_NAMED=1km.climate.v013
Using MARS binary: /usr/local/apps/mars/versions/6.34.7.1/bin/mars.bin
mars - INFO   - 20260807.120748 - Welcome to MARS
mars - INFO   - 20260807.120748 - MARS_HOME=/usr/local/apps/mars/configs/prod
mars - INFO   - 20260807.120748 - MARS Client build stamp: 20260623091402
mars - INFO   - 20260807.120748 - MARS Client bundle version: 6.34.7.1
mars - INFO   - 20260807.120748 - package mars-client version: 6.34.7
mars - INFO   - 20260807.120748 - package mir version: 1.23.9
mars - INFO   - 20260807.120748 - package odc version: 1.6.3
mars - INFO   - 20260807.120748 - package fdb version: 5.21.4
mars - INFO   - 20260807.120748 - package metkit version: 1.18.3
mars - INFO   - 20260807.120748 - package eckit version: 2.0.8
mars - INFO   - 20260807.120748 - package eccodes version: 2.47.2
# First retrieve profiles
retrieve,
anoffset=9,
class=rd,
date=20220520,
expver=j7fk,
levelist=1/50/51/52/53/54/55/56/57/58/59/60/61/62/63/64/65/66/67/68/69/70/71/72/73/74/75/76/77/78/79/80/81/82/83/84/85/86/87/88/89/90/91/92/93/94/95/96/97/98/99/100/101/102/103/104/105/106/107/108/109/110/111/112/113/114/115/116/117/118/119/120/121/122/123/124/125/126/127/128/129/130/131/132/133/134/135/136/137,
levtype=ml,
param=75/82/83/84/85/86/87/88/89/90/91/92/93/94/95/96/97/98/99/100/101/102/103/104/105/106/107/108/109/110/111/130/131/132/133/135/138/152/155/246/162100/162101/162104/162105/162106/162107/162109/210061/210062/210123/210181/217026,
step=0/1/2/3/4/5/6/7/8/9/10/11/12,
stream=oper,
time=00:00:00,
type=fc,
grid=0.2/0.2,
area=48.3/10.5/47.3/11.5,
interpolation=grid-box-average,
target="mars_ml_short_tail_ABL.grb"

mars - INFO   - 20260807.120748 - Processing request 1

RETRIEVE,
    CLASS      = RD,
    TYPE       = FC,
    STREAM     = OPER,
    EXPVER     = j7fk,
    REPRES     = SH,
    LEVTYPE    = ML,
    LEVELIST   = 1/50/51/52/53/54/55/56/57/58/59/60/61/62/63/64/65/66/67/68/69/70/71/72/73/74/75/76/77/78/79/80/81/82/83/84/85/86/87/88/89/90/91/92/93/94/95/96/97/98/99/100/101/102/103/104/105/106/107/108/109/110/111/112/113/114/115/116/117/118/119/120/121/122/123/124/125/126/127/128/129/130/131/132/133/134/135/136/137,
    PARAM      = 75/82/83/84/85/86/87/88/89/90/91/92/93/94/95/96/97/98/99/100/101/102/103/104/105/106/107/108/109/110/111/130/131/132/133/135/138/152/155/246/162100/162101/162104/162105/162106/162107/162109/210061/210062/210123/210181/217026,
    DATE       = 20220520,
    TIME       = 0000,
    STEP       = 0/1/2/3/4/5/6/7/8/9/10/11/12,
    DOMAIN     = G,
    TARGET     = "mars_ml_short_tail_ABL.grb",
    RESOL      = AUTO,
    INTERPOLATION = GRID-BOX-AVERAGE,
    AREA       = 48.3/10.5/47.3/11.5,
    GRID       = 0.2/0.2

mars - INFO   - 20260807.120748 - Requesting 59020 fields
mars - INFO   - 20260807.120748 - FDB home /home/fdbprod
mars - INFO   - 20260807.120748 - Setting SO_SNDBUF to 33554432 (32.00 M)
mars - INFO   - 20260807.120748 - Current value is 32768 (32.00 K)
mars - INFO   - 20260807.120748 - Setting SO_RCVBUF to 33554432 (32.00 M)
mars - INFO   - 20260807.120748 - Current value is 43690 (42.67 K)
mars - INFO   - 20260807.120748 - Calling mars on 'marsrd-core', local port is 46337
mars - INFO   - 20260807.120748 - Callback at address 10.100.192.109, port 46337
mars - INFO   - 20260807.120920 - Mars client is on ac6-109.bullx (10.100.192.109) 46337
mars - INFO   - 20260807.120920 - Mars server is on 10.112.4.10 52131
mars - INFO   - 20260807.120920 - Server task is 5244 [marsrd]
mars - INFO   - 20260807.120920 - Request cost: 45,136 fields, 20.0207 Gbytes on 1 tape, nodes: hpss, libraries: ibmlib03_70 [marsrd]
mars - INFO   - 20260807.120920 - The efficiency of your requests in the last 12 hours is 51% [marsrd]
mars - INFO   - 20260807.120920 - Wind conversion requested by server
mars - INFO   - 20260807.121435 - Transfering 21497043343 bytes
mars - INFO   - 20260807.121436 - ShToGridded: loading Legendre coefficients '/lus/h2resw01/cache/mir/legendre/4/local-T399-GaussianN400-OPT4189816c2e.leg'
mars - INFO   - 20260807.121437 - Deriving U and V from vorticity and divergence
mars - WARN   - 20260807.122520 - Visiting database marsrd : expected 59020, got 47450
mars - INFO   - 20260807.122520 - 47450 fields have been interpolated on 'ac6-109.bullx'
mars - ERROR  - 20260807.122520 - Last error is -43
mars - ERROR  - 20260807.122520 - Expected 59020, got 47450.
mars - ERROR  - 20260807.122520 - Request failed
mars - INFO   - 20260807.122520 - Request time:  wall: 17 min 32 sec  cpu: 10 min 39 sec 
mars - INFO   - 20260807.122520 -   Read from network: 20.02 Gbyte(s) in 16 sec  [1.25 Gbyte/sec] 
mars - INFO   - 20260807.122520 -   Processing in marsrd: wall: 6 min 47 sec 
mars - INFO   - 20260807.122520 -   Visiting marsrd: wall: 17 min 32 sec 
mars - INFO   - 20260807.122520 -   Post-processing: wall: 8 min 14 sec cpu: 8 min 9 sec 
mars - INFO   - 20260807.122520 -   Writing to target file: 64.11 Mbyte(s) in 1 sec  [58.80 Mbyte/sec] cpu: 1 sec 
mars - INFO   - 20260807.122520 - Memory used: 140.86 Mbyte(s)
mars - ERROR  - 20260807.122520 - Some errors reported (last error -1)
grib_to_netcdf: Version 2.47.0
grib_to_netcdf: Processing input file 'mars_ml_short_tail_ABL.grb'.
grib_to_netcdf: Found 47450 GRIB fields in 1 file.
grib_to_netcdf: Ignoring key(s): method, type, stream, refdate, hdate
grib_to_netcdf: Creating netCDF file 'j7fk_short_tail_ABL_ml_20220520_0.nc'
grib_to_netcdf: NetCDF library version: 4.10.0 of Apr  9 2026 13:13:33 $
grib_to_netcdf: Creating large (64 bit) file format.
grib_to_netcdf: Defining variable 'crwc'.
grib_to_netcdf: Defining variable 'p82'.
grib_to_netcdf: Defining variable 'p83'.
grib_to_netcdf: Defining variable 'p84'.
grib_to_netcdf: Defining variable 'p85'.
grib_to_netcdf: Defining variable 'p86'.
grib_to_netcdf: Defining variable 'p87'.
grib_to_netcdf: Defining variable 'p88'.
grib_to_netcdf: Defining variable 'p89'.
grib_to_netcdf: Defining variable 'p90'.
grib_to_netcdf: Defining variable 'p91'.
grib_to_netcdf: Defining variable 'p92'.
grib_to_netcdf: Defining variable 'p93'.
grib_to_netcdf: Defining variable 'p94'.
grib_to_netcdf: Defining variable 'p95'.
grib_to_netcdf: Defining variable 'p96'.
grib_to_netcdf: Defining variable 'p97'.
grib_to_netcdf: Defining variable 'p98'.
grib_to_netcdf: Defining variable 'p99'.
grib_to_netcdf: Defining variable 'p100'.
grib_to_netcdf: Defining variable 'p101'.
grib_to_netcdf: Defining variable 'p102'.
grib_to_netcdf: Defining variable 'p103'.
grib_to_netcdf: Defining variable 'p104'.
grib_to_netcdf: Defining variable 'p105'.
grib_to_netcdf: Defining variable 'p106'.
grib_to_netcdf: Defining variable 'p107'.
grib_to_netcdf: Defining variable 'p108'.
grib_to_netcdf: Defining variable 'p109'.
grib_to_netcdf: Defining variable 'p110'.
grib_to_netcdf: Defining variable 'p111'.
grib_to_netcdf: Defining variable 't'.
grib_to_netcdf: Defining variable 'q'.
grib_to_netcdf: Defining variable 'w'.
grib_to_netcdf: Defining variable 'vo'.
grib_to_netcdf: Defining variable 'lnsp'.
grib_to_netcdf: Defining variable 'd'.
grib_to_netcdf: Defining variable 'u'.
grib_to_netcdf: Defining variable 'v'.
grib_to_netcdf: Defining variable 'clwc'.
grib_to_netcdf: Defining variable 'co2'.
grib_to_netcdf: Defining variable 'ch4'.
grib_to_netcdf: Done.
Model level selected
mars - WARN - 
mars - WARN - 
MIR environment variables:
MIR_CACHE_PATH=/lus/h2resw01/cache:{FILE?/ec/cache.1}/cache:{FILE?/ec/cache.2}/cache
MIR_LSM_NAMED=1km.climate.v013
Using MARS binary: /usr/local/apps/mars/versions/6.34.7.1/bin/mars.bin
mars - INFO   - 20260807.122808 - Welcome to MARS
mars - INFO   - 20260807.122808 - MARS_HOME=/usr/local/apps/mars/configs/prod
mars - INFO   - 20260807.122808 - MARS Client build stamp: 20260623091402
mars - INFO   - 20260807.122808 - MARS Client bundle version: 6.34.7.1
mars - INFO   - 20260807.122808 - package mars-client version: 6.34.7
mars - INFO   - 20260807.122808 - package mir version: 1.23.9
mars - INFO   - 20260807.122808 - package odc version: 1.6.3
mars - INFO   - 20260807.122808 - package fdb version: 5.21.4
mars - INFO   - 20260807.122808 - package metkit version: 1.18.3
mars - INFO   - 20260807.122808 - package eckit version: 2.0.8
mars - INFO   - 20260807.122808 - package eccodes version: 2.47.2
# First retrieve profiles
retrieve,
anoffset=9,
class=rd,
date=20220520,
expver=j7fk,
levelist=1/50/51/52/53/54/55/56/57/58/59/60/61/62/63/64/65/66/67/68/69/70/71/72/73/74/75/76/77/78/79/80/81/82/83/84/85/86/87/88/89/90/91/92/93/94/95/96/97/98/99/100/101/102/103/104/105/106/107/108/109/110/111/112/113/114/115/116/117/118/119/120/121/122/123/124/125/126/127/128/129/130/131/132/133/134/135/136/137,
levtype=ml,
param=75/82/83/84/85/86/87/88/89/90/91/92/93/94/95/96/97/98/99/100/101/102/103/104/105/106/107/108/109/110/111/130/131/132/133/135/138/152/155/246/162100/162101/162104/162105/162106/162107/162109/210061/210062/210123/210181/217026,
step=12/13/14/15/16/17/18/19/20/21/22/23/24,
stream=oper,
time=00:00:00,
type=fc,
grid=0.2/0.2,
area=48.3/10.5/47.3/11.5,
interpolation=grid-box-average,
target="mars_ml_short_tail_ABL.grb"

mars - INFO   - 20260807.122808 - Processing request 1

RETRIEVE,
    CLASS      = RD,
    TYPE       = FC,
    STREAM     = OPER,
    EXPVER     = j7fk,
    REPRES     = SH,
    LEVTYPE    = ML,
    LEVELIST   = 1/50/51/52/53/54/55/56/57/58/59/60/61/62/63/64/65/66/67/68/69/70/71/72/73/74/75/76/77/78/79/80/81/82/83/84/85/86/87/88/89/90/91/92/93/94/95/96/97/98/99/100/101/102/103/104/105/106/107/108/109/110/111/112/113/114/115/116/117/118/119/120/121/122/123/124/125/126/127/128/129/130/131/132/133/134/135/136/137,
    PARAM      = 75/82/83/84/85/86/87/88/89/90/91/92/93/94/95/96/97/98/99/100/101/102/103/104/105/106/107/108/109/110/111/130/131/132/133/135/138/152/155/246/162100/162101/162104/162105/162106/162107/162109/210061/210062/210123/210181/217026,
    DATE       = 20220520,
    TIME       = 0000,
    STEP       = 12/13/14/15/16/17/18/19/20/21/22/23/24,
    DOMAIN     = G,
    TARGET     = "mars_ml_short_tail_ABL.grb",
    RESOL      = AUTO,
    INTERPOLATION = GRID-BOX-AVERAGE,
    AREA       = 48.3/10.5/47.3/11.5,
    GRID       = 0.2/0.2

mars - INFO   - 20260807.122809 - Requesting 59020 fields
mars - INFO   - 20260807.122809 - FDB home /home/fdbprod
mars - INFO   - 20260807.122809 - Setting SO_SNDBUF to 33554432 (32.00 M)
mars - INFO   - 20260807.122809 - Current value is 32768 (32.00 K)
mars - INFO   - 20260807.122809 - Setting SO_RCVBUF to 33554432 (32.00 M)
mars - INFO   - 20260807.122809 - Current value is 43690 (42.67 K)
mars - INFO   - 20260807.122809 - Calling mars on 'marsrd-core', local port is 36017
mars - INFO   - 20260807.122809 - Callback at address 10.100.192.109, port 36017
mars - INFO   - 20260807.122809 - Mars client is on ac6-109.bullx (10.100.192.109) 36017
mars - INFO   - 20260807.122809 - Mars server is on 10.112.4.10 34013
mars - INFO   - 20260807.122809 - Server task is 8967 [marsrd]
mars - INFO   - 20260807.122809 - Request cost: 45,136 fields, 1.65209 Gbytes online, 20.3174 Gbytes on 1 tape, nodes: hpss mvr008, libraries: ibmlib03_70 [marsrd]
mars - INFO   - 20260807.122809 - The efficiency of your requests in the last 12 hours is 51% [marsrd]
mars - INFO   - 20260807.122809 - Wind conversion requested by server
mars - INFO   - 20260807.123201 - Transfering 23589581138 bytes
mars - INFO   - 20260807.123202 - ShToGridded: loading Legendre coefficients '/lus/h2resw01/cache/mir/legendre/4/local-T399-GaussianN400-OPT4189816c2e.leg'
mars - INFO   - 20260807.123203 - Deriving U and V from vorticity and divergence
mars - WARN   - 20260807.124305 - Visiting database marsrd : expected 59020, got 47450
mars - INFO   - 20260807.124305 - 47450 fields have been interpolated on 'ac6-109.bullx'
mars - ERROR  - 20260807.124305 - Last error is -43
mars - ERROR  - 20260807.124305 - Expected 59020, got 47450.
mars - ERROR  - 20260807.124305 - Request failed
mars - INFO   - 20260807.124305 - Request time:  wall: 14 min 57 sec  cpu: 10 min 57 sec 
mars - INFO   - 20260807.124305 -   Read from network: 21.97 Gbyte(s) in 17 sec  [1.27 Gbyte/sec] 
mars - INFO   - 20260807.124305 -   Processing in marsrd: wall: 3 min 52 sec 
mars - INFO   - 20260807.124305 -   Visiting marsrd: wall: 14 min 56 sec 
mars - INFO   - 20260807.124305 -   Post-processing: wall: 8 min 32 sec cpu: 8 min 26 sec 
mars - INFO   - 20260807.124305 -   Writing to target file: 64.63 Mbyte(s) in 1 sec  [58.36 Mbyte/sec] cpu: 1 sec 
mars - INFO   - 20260807.124305 - Memory used: 140.45 Mbyte(s)
mars - ERROR  - 20260807.124305 - Some errors reported (last error -1)
grib_to_netcdf: Version 2.47.0
grib_to_netcdf: Processing input file 'mars_ml_short_tail_ABL.grb'.
grib_to_netcdf: Found 47450 GRIB fields in 1 file.
grib_to_netcdf: Ignoring key(s): method, type, stream, refdate, hdate
grib_to_netcdf: Creating netCDF file 'j7fk_short_tail_ABL_ml_20220520_12.nc'
grib_to_netcdf: NetCDF library version: 4.10.0 of Apr  9 2026 13:13:33 $
grib_to_netcdf: Creating large (64 bit) file format.
grib_to_netcdf: Defining variable 'crwc'.
grib_to_netcdf: Defining variable 'p82'.
grib_to_netcdf: Defining variable 'p83'.
grib_to_netcdf: Defining variable 'p84'.
grib_to_netcdf: Defining variable 'p85'.
grib_to_netcdf: Defining variable 'p86'.
grib_to_netcdf: Defining variable 'p87'.
grib_to_netcdf: Defining variable 'p88'.
grib_to_netcdf: Defining variable 'p89'.
grib_to_netcdf: Defining variable 'p90'.
grib_to_netcdf: Defining variable 'p91'.
grib_to_netcdf: Defining variable 'p92'.
grib_to_netcdf: Defining variable 'p93'.
grib_to_netcdf: Defining variable 'p94'.
grib_to_netcdf: Defining variable 'p95'.
grib_to_netcdf: Defining variable 'p96'.
grib_to_netcdf: Defining variable 'p97'.
grib_to_netcdf: Defining variable 'p98'.
grib_to_netcdf: Defining variable 'p99'.
grib_to_netcdf: Defining variable 'p100'.
grib_to_netcdf: Defining variable 'p101'.
grib_to_netcdf: Defining variable 'p102'.
grib_to_netcdf: Defining variable 'p103'.
grib_to_netcdf: Defining variable 'p104'.
grib_to_netcdf: Defining variable 'p105'.
grib_to_netcdf: Defining variable 'p106'.
grib_to_netcdf: Defining variable 'p107'.
grib_to_netcdf: Defining variable 'p108'.
grib_to_netcdf: Defining variable 'p109'.
grib_to_netcdf: Defining variable 'p110'.
grib_to_netcdf: Defining variable 'p111'.
grib_to_netcdf: Defining variable 't'.
grib_to_netcdf: Defining variable 'q'.
grib_to_netcdf: Defining variable 'w'.
grib_to_netcdf: Defining variable 'vo'.
grib_to_netcdf: Defining variable 'lnsp'.
grib_to_netcdf: Defining variable 'd'.
grib_to_netcdf: Defining variable 'u'.
grib_to_netcdf: Defining variable 'v'.
grib_to_netcdf: Defining variable 'clwc'.
grib_to_netcdf: Defining variable 'co2'.
grib_to_netcdf: Defining variable 'ch4'.
grib_to_netcdf: Done.
Done.
