[ECMWF-INFO -ecprofile] /usr/bin/bash NON_INTERACTIVE on ac6-132 at 20260807_084948.176, PID: 878711, JOBID: 39343114
[ECMWF-INFO -ecprofile] $SCRATCH=/ec/res4/scratch/paaa
[ECMWF-INFO -ecprofile] $PERM=/perm/paaa
[ECMWF-INFO -ecprofile] $HPCPERM=/ec/res4/hpcperm/paaa
[ECMWF-INFO -ecprofile] $TMPDIR=/etc/ecmwf/ssd/ssd1/tmpdirs/paaa.39343114
[ECMWF-INFO -ecprofile] $SCRATCHDIR=/ec/res4/scratchdir/paaa/2/39343114
base_dir: /scratch/paaa/IFS/netherlands_2
subdomain: netherlands_2
exp_id: j1rw
exp_name: 9km_49r2b
exp_type: fc
levels: ml
ldiagflx: False
ldiagflx_49r2b: True
ldiagghg: False
levitrac: False
lbud23: False
lead_time: 0
grid: 0.2/0.2
year: 2022
stream: oper
single_day: False
area: 52.5/4.8/51.5/5.8
param_ml: 75/82/83/84/85/86/87/88/89/90/91/92/93/94/95/96/97/98/99/100/101/102/103/104/105/106/107/108/109/110/111/130/131/132/133/135/138/152/155/246/162100/162101/162104/162105/162106/162107/162109/210061/210062/210123/210181/217026
Find your raw data in /scratch/paaa/IFS/netherlands_2/j1rw
Model level selected
mars - WARN - 
mars - WARN - 
MIR environment variables:
MIR_CACHE_PATH=/lus/h2resw01/cache:{FILE?/ec/cache.1}/cache:{FILE?/ec/cache.2}/cache
MIR_LSM_NAMED=1km.climate.v013
Using MARS binary: /usr/local/apps/mars/versions/6.34.7.1/bin/mars.bin
mars - INFO   - 20260807.084950 - Welcome to MARS
mars - INFO   - 20260807.084950 - MARS_HOME=/usr/local/apps/mars/configs/prod
mars - INFO   - 20260807.084950 - MARS Client build stamp: 20260623091402
mars - INFO   - 20260807.084950 - MARS Client bundle version: 6.34.7.1
mars - INFO   - 20260807.084950 - package mars-client version: 6.34.7
mars - INFO   - 20260807.084950 - package mir version: 1.23.9
mars - INFO   - 20260807.084950 - package odc version: 1.6.3
mars - INFO   - 20260807.084950 - package fdb version: 5.21.4
mars - INFO   - 20260807.084950 - package metkit version: 1.18.3
mars - INFO   - 20260807.084950 - package eckit version: 2.0.8
mars - INFO   - 20260807.084950 - package eccodes version: 2.47.2
# First retrieve profiles
retrieve,
anoffset=9,
class=rd,
date=20220515,
expver=j1rw,
levelist=1/50/51/52/53/54/55/56/57/58/59/60/61/62/63/64/65/66/67/68/69/70/71/72/73/74/75/76/77/78/79/80/81/82/83/84/85/86/87/88/89/90/91/92/93/94/95/96/97/98/99/100/101/102/103/104/105/106/107/108/109/110/111/112/113/114/115/116/117/118/119/120/121/122/123/124/125/126/127/128/129/130/131/132/133/134/135/136/137,
levtype=ml,
param=75/82/83/84/85/86/87/88/89/90/91/92/93/94/95/96/97/98/99/100/101/102/103/104/105/106/107/108/109/110/111/130/131/132/133/135/138/152/155/246/162100/162101/162104/162105/162106/162107/162109/210061/210062/210123/210181/217026,
step=0/1/2/3/4/5/6/7/8/9/10/11/12,
stream=oper,
time=00:00:00,
type=fc,
grid=0.2/0.2,
area=52.5/4.8/51.5/5.8,
interpolation=grid-box-average,
target="mars_ml_9km_49r2b.grb"

mars - INFO   - 20260807.084950 - Processing request 1

RETRIEVE,
    CLASS      = RD,
    TYPE       = FC,
    STREAM     = OPER,
    EXPVER     = j1rw,
    REPRES     = SH,
    LEVTYPE    = ML,
    LEVELIST   = 1/50/51/52/53/54/55/56/57/58/59/60/61/62/63/64/65/66/67/68/69/70/71/72/73/74/75/76/77/78/79/80/81/82/83/84/85/86/87/88/89/90/91/92/93/94/95/96/97/98/99/100/101/102/103/104/105/106/107/108/109/110/111/112/113/114/115/116/117/118/119/120/121/122/123/124/125/126/127/128/129/130/131/132/133/134/135/136/137,
    PARAM      = 75/82/83/84/85/86/87/88/89/90/91/92/93/94/95/96/97/98/99/100/101/102/103/104/105/106/107/108/109/110/111/130/131/132/133/135/138/152/155/246/162100/162101/162104/162105/162106/162107/162109/210061/210062/210123/210181/217026,
    DATE       = 20220515,
    TIME       = 0000,
    STEP       = 0/1/2/3/4/5/6/7/8/9/10/11/12,
    DOMAIN     = G,
    TARGET     = "mars_ml_9km_49r2b.grb",
    RESOL      = AUTO,
    INTERPOLATION = GRID-BOX-AVERAGE,
    AREA       = 52.5/4.8/51.5/5.8,
    GRID       = 0.2/0.2

mars - INFO   - 20260807.084950 - Requesting 59020 fields
mars - INFO   - 20260807.084950 - FDB home /home/fdbprod
mars - INFO   - 20260807.084950 - Setting SO_SNDBUF to 33554432 (32.00 M)
mars - INFO   - 20260807.084950 - Current value is 32768 (32.00 K)
mars - INFO   - 20260807.084950 - Setting SO_RCVBUF to 33554432 (32.00 M)
mars - INFO   - 20260807.084950 - Current value is 43690 (42.67 K)
mars - INFO   - 20260807.084950 - Calling mars on 'marsrd-core', local port is 47417
mars - INFO   - 20260807.084950 - Callback at address 10.100.192.132, port 47417
mars - INFO   - 20260807.084950 - Mars client is on ac6-132.bullx (10.100.192.132) 47417
mars - INFO   - 20260807.084950 - Mars server is on 10.112.4.10 40649
mars - INFO   - 20260807.084950 - Server task is 8872 [marsrd]
mars - INFO   - 20260807.084950 - Request cost: 45,136 fields, 154.859 Gbytes on 1 tape, nodes: hpss, libraries: ibmlib07_70 [marsrd]
mars - INFO   - 20260807.084950 - The efficiency of your requests in the last 12 hours is 100% [marsrd]
mars - INFO   - 20260807.084950 - Wind conversion requested by server
mars - INFO   - 20260807.090157 - Transfering 166278728074 bytes
mars - INFO   - 20260807.090158 - Cache file /lus/h2resw01/cache/mir/weights/16/grid-box-average/3/R1280-8eadc35e89cffa3b706236fca69532c3-89.9462:0:-89.9462:359.93/LL-0.2x0.2-52.5:4.8:51.5:5.8-d1eea914e2abc678d1bb777525fc22dd.mat does not exist
mars - INFO   - 20260807.090158 - Creating cache file /lus/h2resw01/cache/mir/weights/16/grid-box-average/3/R1280-8eadc35e89cffa3b706236fca69532c3-89.9462:0:-89.9462:359.93/LL-0.2x0.2-52.5:4.8:51.5:5.8-d1eea914e2abc678d1bb777525fc22dd.mat
mars - INFO   - 20260807.090158 - CacheManager creating file /lus/h2resw01/cache/mir/weights/16/grid-box-average/3/R1280-8eadc35e89cffa3b706236fca69532c3-89.9462:0:-89.9462:359.93/LL-0.2x0.2-52.5:4.8:51.5:5.8-d1eea914e2abc678d1bb777525fc22dd.mat
mars - INFO   - 20260807.090201 - ShToGridded: loading Legendre coefficients '/lus/h2resw01/cache/mir/legendre/4/local-T899-GaussianN450-OPT4189816c2e.leg'
mars - INFO   - 20260807.090204 - mmap count: 2 (+1), mmap size: 1.75581 Gbytes (+1.36244 Gbytes), mapped shared: 1.37106 Gbytes (+1.36244 Gbytes), malloc total: 71.3461 Mbytes (+128 bytes), malloc free: 13.2008 Mbytes (-128 bytes)Cache file /lus/h2resw01/cache/mir/weights/16/grid-box-average/3/F450-52.6707:4.6:51.4714:6/LL-0.2x0.2-52.5:4.8:51.5:5.8-9217ceff2d59c835be0568ff8d668c0b.mat does not exist
mars - INFO   - 20260807.090204 - Creating cache file /lus/h2resw01/cache/mir/weights/16/grid-box-average/3/F450-52.6707:4.6:51.4714:6/LL-0.2x0.2-52.5:4.8:51.5:5.8-9217ceff2d59c835be0568ff8d668c0b.mat
mars - INFO   - 20260807.090204 - CacheManager creating file /lus/h2resw01/cache/mir/weights/16/grid-box-average/3/F450-52.6707:4.6:51.4714:6/LL-0.2x0.2-52.5:4.8:51.5:5.8-9217ceff2d59c835be0568ff8d668c0b.mat
mars - INFO   - 20260807.090204 - PointSearch: building TreeMappedFile[path=/lus/h2resw01/cache/mir/search/2/F450-52.6707:4.6:51.4714:6.kdtree.20260807.090204.ac6-132.bullx.3783475345752066,ready?0] for RegularGG[N=450,Ni=8,Nj=7,bbox=BoundingBox[north=52.6707,west=4.6,south=51.4714,east=6]] (56 points)
mars - INFO   - 20260807.090204 - Cache file /lus/h2resw01/cache/mir/weights/16/grid-box-average/3/F450-52.6707:4.6:51.4714:6/LL-0.2x0.2-52.5:4.8:51.5:5.8-6404908a53729ee24c86b179c46f9d24.mat does not exist
mars - INFO   - 20260807.090206 - Creating cache file /lus/h2resw01/cache/mir/weights/16/grid-box-average/3/F450-52.6707:4.6:51.4714:6/LL-0.2x0.2-52.5:4.8:51.5:5.8-6404908a53729ee24c86b179c46f9d24.mat
mars - INFO   - 20260807.090206 - CacheManager creating file /lus/h2resw01/cache/mir/weights/16/grid-box-average/3/F450-52.6707:4.6:51.4714:6/LL-0.2x0.2-52.5:4.8:51.5:5.8-6404908a53729ee24c86b179c46f9d24.mat
mars - INFO   - 20260807.090206 - Deriving U and V from vorticity and divergence
mars - WARN   - 20260807.100808 - Visiting database marsrd : expected 59020, got 47450
mars - INFO   - 20260807.100808 - 47450 fields have been interpolated on 'ac6-132.bullx'
mars - ERROR  - 20260807.100808 - Last error is -43
mars - ERROR  - 20260807.100808 - Expected 59020, got 47450.
mars - ERROR  - 20260807.100808 - Request failed
mars - INFO   - 20260807.100808 - Request time:  wall: 1 hour 18 min 18 sec  cpu: 1 hour 58 sec 
mars - INFO   - 20260807.100808 -   Read from network: 154.86 Gbyte(s) in 1 min 40 sec  [1.54 Gbyte/sec] 
mars - INFO   - 20260807.100808 -   Processing in marsrd: wall: 12 min 7 sec 
mars - INFO   - 20260807.100808 -   Visiting marsrd: wall: 1 hour 18 min 17 sec 
mars - INFO   - 20260807.100808 -   Post-processing: wall: 1 hour 1 min 15 sec cpu: 56 min 7 sec 
mars - INFO   - 20260807.100808 -   Writing to target file: 63.50 Mbyte(s) in 1 sec  [46.83 Mbyte/sec] cpu: 1 sec 
mars - INFO   - 20260807.100808 - Memory used: 363.77 Mbyte(s)
mars - ERROR  - 20260807.100808 - Some errors reported (last error -1)
grib_to_netcdf: Version 2.47.0
grib_to_netcdf: Processing input file 'mars_ml_9km_49r2b.grb'.
grib_to_netcdf: Found 47450 GRIB fields in 1 file.
grib_to_netcdf: Ignoring key(s): method, type, stream, refdate, hdate
grib_to_netcdf: Creating netCDF file 'j1rw_9km_49r2b_ml_20220515_0.nc'
grib_to_netcdf: NetCDF library version: 4.10.0 of Apr  9 2026 13:13:33 $
grib_to_netcdf: Creating large (64 bit) file format.
grib_to_netcdf: Defining variable 'crwc'.
grib_to_netcdf: Defining variable 'p82'.
grib_to_netcdf: Defining variable 'p83'.
grib_to_netcdf: Defining variable 'p84'.
grib_to_netcdf: Defining variable 'p85'.
grib_to_netcdf: Defining variable 'p86'.
grib_to_netcdf: Defining variable 'p87'.
grib_to_netcdf: Defining variable 'p88'.
grib_to_netcdf: Defining variable 'p89'.
grib_to_netcdf: Defining variable 'p90'.
grib_to_netcdf: Defining variable 'p91'.
grib_to_netcdf: Defining variable 'p92'.
grib_to_netcdf: Defining variable 'p93'.
grib_to_netcdf: Defining variable 'p94'.
grib_to_netcdf: Defining variable 'p95'.
grib_to_netcdf: Defining variable 'p96'.
grib_to_netcdf: Defining variable 'p97'.
grib_to_netcdf: Defining variable 'p98'.
grib_to_netcdf: Defining variable 'p99'.
grib_to_netcdf: Defining variable 'p100'.
grib_to_netcdf: Defining variable 'p101'.
grib_to_netcdf: Defining variable 'p102'.
grib_to_netcdf: Defining variable 'p103'.
grib_to_netcdf: Defining variable 'p104'.
grib_to_netcdf: Defining variable 'p105'.
grib_to_netcdf: Defining variable 'p106'.
grib_to_netcdf: Defining variable 'p107'.
grib_to_netcdf: Defining variable 'p108'.
grib_to_netcdf: Defining variable 'p109'.
grib_to_netcdf: Defining variable 'p110'.
grib_to_netcdf: Defining variable 'p111'.
grib_to_netcdf: Defining variable 't'.
grib_to_netcdf: Defining variable 'q'.
grib_to_netcdf: Defining variable 'w'.
grib_to_netcdf: Defining variable 'vo'.
grib_to_netcdf: Defining variable 'lnsp'.
grib_to_netcdf: Defining variable 'd'.
grib_to_netcdf: Defining variable 'u'.
grib_to_netcdf: Defining variable 'v'.
grib_to_netcdf: Defining variable 'clwc'.
grib_to_netcdf: Defining variable 'co2'.
grib_to_netcdf: Defining variable 'ch4'.
grib_to_netcdf: Done.
Model level selected
mars - WARN - 
mars - WARN - 
MIR environment variables:
MIR_CACHE_PATH=/lus/h2resw01/cache:{FILE?/ec/cache.1}/cache:{FILE?/ec/cache.2}/cache
MIR_LSM_NAMED=1km.climate.v013
Using MARS binary: /usr/local/apps/mars/versions/6.34.7.1/bin/mars.bin
mars - INFO   - 20260807.101201 - Welcome to MARS
mars - INFO   - 20260807.101201 - MARS_HOME=/usr/local/apps/mars/configs/prod
mars - INFO   - 20260807.101201 - MARS Client build stamp: 20260623091402
mars - INFO   - 20260807.101201 - MARS Client bundle version: 6.34.7.1
mars - INFO   - 20260807.101201 - package mars-client version: 6.34.7
mars - INFO   - 20260807.101201 - package mir version: 1.23.9
mars - INFO   - 20260807.101201 - package odc version: 1.6.3
mars - INFO   - 20260807.101201 - package fdb version: 5.21.4
mars - INFO   - 20260807.101201 - package metkit version: 1.18.3
mars - INFO   - 20260807.101201 - package eckit version: 2.0.8
mars - INFO   - 20260807.101201 - package eccodes version: 2.47.2
# First retrieve profiles
retrieve,
anoffset=9,
class=rd,
date=20220515,
expver=j1rw,
levelist=1/50/51/52/53/54/55/56/57/58/59/60/61/62/63/64/65/66/67/68/69/70/71/72/73/74/75/76/77/78/79/80/81/82/83/84/85/86/87/88/89/90/91/92/93/94/95/96/97/98/99/100/101/102/103/104/105/106/107/108/109/110/111/112/113/114/115/116/117/118/119/120/121/122/123/124/125/126/127/128/129/130/131/132/133/134/135/136/137,
levtype=ml,
param=75/82/83/84/85/86/87/88/89/90/91/92/93/94/95/96/97/98/99/100/101/102/103/104/105/106/107/108/109/110/111/130/131/132/133/135/138/152/155/246/162100/162101/162104/162105/162106/162107/162109/210061/210062/210123/210181/217026,
step=12/13/14/15/16/17/18/19/20/21/22/23/24,
stream=oper,
time=00:00:00,
type=fc,
grid=0.2/0.2,
area=52.5/4.8/51.5/5.8,
interpolation=grid-box-average,
target="mars_ml_9km_49r2b.grb"

mars - INFO   - 20260807.101201 - Processing request 1

RETRIEVE,
    CLASS      = RD,
    TYPE       = FC,
    STREAM     = OPER,
    EXPVER     = j1rw,
    REPRES     = SH,
    LEVTYPE    = ML,
    LEVELIST   = 1/50/51/52/53/54/55/56/57/58/59/60/61/62/63/64/65/66/67/68/69/70/71/72/73/74/75/76/77/78/79/80/81/82/83/84/85/86/87/88/89/90/91/92/93/94/95/96/97/98/99/100/101/102/103/104/105/106/107/108/109/110/111/112/113/114/115/116/117/118/119/120/121/122/123/124/125/126/127/128/129/130/131/132/133/134/135/136/137,
    PARAM      = 75/82/83/84/85/86/87/88/89/90/91/92/93/94/95/96/97/98/99/100/101/102/103/104/105/106/107/108/109/110/111/130/131/132/133/135/138/152/155/246/162100/162101/162104/162105/162106/162107/162109/210061/210062/210123/210181/217026,
    DATE       = 20220515,
    TIME       = 0000,
    STEP       = 12/13/14/15/16/17/18/19/20/21/22/23/24,
    DOMAIN     = G,
    TARGET     = "mars_ml_9km_49r2b.grb",
    RESOL      = AUTO,
    INTERPOLATION = GRID-BOX-AVERAGE,
    AREA       = 52.5/4.8/51.5/5.8,
    GRID       = 0.2/0.2

mars - INFO   - 20260807.101201 - Requesting 59020 fields
mars - INFO   - 20260807.101201 - FDB home /home/fdbprod
mars - INFO   - 20260807.101202 - Setting SO_SNDBUF to 33554432 (32.00 M)
mars - INFO   - 20260807.101202 - Current value is 32768 (32.00 K)
mars - INFO   - 20260807.101202 - Setting SO_RCVBUF to 33554432 (32.00 M)
mars - INFO   - 20260807.101202 - Current value is 43690 (42.67 K)
mars - INFO   - 20260807.101202 - Calling mars on 'marsrd-core', local port is 35831
mars - INFO   - 20260807.101202 - Callback at address 10.100.192.132, port 35831
mars - INFO   - 20260807.101202 - Mars client is on ac6-132.bullx (10.100.192.132) 35831
mars - INFO   - 20260807.101202 - Mars server is on 10.112.4.10 33313
mars - INFO   - 20260807.101202 - Server task is 9481 [marsrd]
mars - INFO   - 20260807.101202 - Request cost: 45,136 fields, 13.0272 Gbytes online, 162.77 Gbytes on 1 tape, nodes: hpss mvr014, libraries: ibmlib07_70 [marsrd]
mars - INFO   - 20260807.101202 - The efficiency of your requests in the last 12 hours is 52% [marsrd]
mars - INFO   - 20260807.101202 - Wind conversion requested by server
mars - INFO   - 20260807.102644 - Transfering 188760441355 bytes
mars - INFO   - 20260807.102647 - ShToGridded: loading Legendre coefficients '/lus/h2resw01/cache/mir/legendre/4/local-T899-GaussianN450-OPT4189816c2e.leg'
mars - INFO   - 20260807.102650 - Deriving U and V from vorticity and divergence
mars - WARN   - 20260807.113134 - Visiting database marsrd : expected 59020, got 47450
mars - INFO   - 20260807.113134 - 47450 fields have been interpolated on 'ac6-132.bullx'
mars - ERROR  - 20260807.113134 - Last error is -43
mars - ERROR  - 20260807.113134 - Expected 59020, got 47450.
mars - ERROR  - 20260807.113134 - Request failed
mars - INFO   - 20260807.113134 - Request time:  wall: 1 hour 19 min 33 sec  cpu: 1 hour 2 min 37 sec 
mars - INFO   - 20260807.113134 -   Read from network: 175.80 Gbyte(s) in 2 min 4 sec  [1.42 Gbyte/sec] 
mars - INFO   - 20260807.113134 -   Processing in marsrd: wall: 14 min 42 sec 
mars - INFO   - 20260807.113134 -   Visiting marsrd: wall: 1 hour 19 min 32 sec 
mars - INFO   - 20260807.113134 -   Post-processing: wall: 59 min 41 sec cpu: 57 min 41 sec 
mars - INFO   - 20260807.113134 -   Writing to target file: 64.00 Mbyte(s) in 2 sec  [42.65 Mbyte/sec] cpu: 1 sec 
mars - INFO   - 20260807.113134 - Memory used: 293.14 Mbyte(s)
mars - ERROR  - 20260807.113134 - Some errors reported (last error -1)
grib_to_netcdf: Version 2.47.0
grib_to_netcdf: Processing input file 'mars_ml_9km_49r2b.grb'.
grib_to_netcdf: Found 47450 GRIB fields in 1 file.
grib_to_netcdf: Ignoring key(s): method, type, stream, refdate, hdate
grib_to_netcdf: Creating netCDF file 'j1rw_9km_49r2b_ml_20220515_12.nc'
grib_to_netcdf: NetCDF library version: 4.10.0 of Apr  9 2026 13:13:33 $
grib_to_netcdf: Creating large (64 bit) file format.
grib_to_netcdf: Defining variable 'crwc'.
grib_to_netcdf: Defining variable 'p82'.
grib_to_netcdf: Defining variable 'p83'.
grib_to_netcdf: Defining variable 'p84'.
grib_to_netcdf: Defining variable 'p85'.
grib_to_netcdf: Defining variable 'p86'.
grib_to_netcdf: Defining variable 'p87'.
grib_to_netcdf: Defining variable 'p88'.
grib_to_netcdf: Defining variable 'p89'.
grib_to_netcdf: Defining variable 'p90'.
grib_to_netcdf: Defining variable 'p91'.
grib_to_netcdf: Defining variable 'p92'.
grib_to_netcdf: Defining variable 'p93'.
grib_to_netcdf: Defining variable 'p94'.
grib_to_netcdf: Defining variable 'p95'.
grib_to_netcdf: Defining variable 'p96'.
grib_to_netcdf: Defining variable 'p97'.
grib_to_netcdf: Defining variable 'p98'.
grib_to_netcdf: Defining variable 'p99'.
grib_to_netcdf: Defining variable 'p100'.
grib_to_netcdf: Defining variable 'p101'.
grib_to_netcdf: Defining variable 'p102'.
grib_to_netcdf: Defining variable 'p103'.
grib_to_netcdf: Defining variable 'p104'.
grib_to_netcdf: Defining variable 'p105'.
grib_to_netcdf: Defining variable 'p106'.
grib_to_netcdf: Defining variable 'p107'.
grib_to_netcdf: Defining variable 'p108'.
grib_to_netcdf: Defining variable 'p109'.
grib_to_netcdf: Defining variable 'p110'.
grib_to_netcdf: Defining variable 'p111'.
grib_to_netcdf: Defining variable 't'.
grib_to_netcdf: Defining variable 'q'.
grib_to_netcdf: Defining variable 'w'.
grib_to_netcdf: Defining variable 'vo'.
grib_to_netcdf: Defining variable 'lnsp'.
grib_to_netcdf: Defining variable 'd'.
grib_to_netcdf: Defining variable 'u'.
grib_to_netcdf: Defining variable 'v'.
grib_to_netcdf: Defining variable 'clwc'.
grib_to_netcdf: Defining variable 'co2'.
grib_to_netcdf: Defining variable 'ch4'.
grib_to_netcdf: Done.
Model level selected
mars - WARN - 
mars - WARN - 
MIR environment variables:
MIR_CACHE_PATH=/lus/h2resw01/cache:{FILE?/ec/cache.1}/cache:{FILE?/ec/cache.2}/cache
MIR_LSM_NAMED=1km.climate.v013
Using MARS binary: /usr/local/apps/mars/versions/6.34.7.1/bin/mars.bin
mars - INFO   - 20260807.113427 - Welcome to MARS
mars - INFO   - 20260807.113427 - MARS_HOME=/usr/local/apps/mars/configs/prod
mars - INFO   - 20260807.113427 - MARS Client build stamp: 20260623091402
mars - INFO   - 20260807.113427 - MARS Client bundle version: 6.34.7.1
mars - INFO   - 20260807.113427 - package mars-client version: 6.34.7
mars - INFO   - 20260807.113427 - package mir version: 1.23.9
mars - INFO   - 20260807.113427 - package odc version: 1.6.3
mars - INFO   - 20260807.113427 - package fdb version: 5.21.4
mars - INFO   - 20260807.113427 - package metkit version: 1.18.3
mars - INFO   - 20260807.113427 - package eckit version: 2.0.8
mars - INFO   - 20260807.113427 - package eccodes version: 2.47.2
# First retrieve profiles
retrieve,
anoffset=9,
class=rd,
date=20220516,
expver=j1rw,
levelist=1/50/51/52/53/54/55/56/57/58/59/60/61/62/63/64/65/66/67/68/69/70/71/72/73/74/75/76/77/78/79/80/81/82/83/84/85/86/87/88/89/90/91/92/93/94/95/96/97/98/99/100/101/102/103/104/105/106/107/108/109/110/111/112/113/114/115/116/117/118/119/120/121/122/123/124/125/126/127/128/129/130/131/132/133/134/135/136/137,
levtype=ml,
param=75/82/83/84/85/86/87/88/89/90/91/92/93/94/95/96/97/98/99/100/101/102/103/104/105/106/107/108/109/110/111/130/131/132/133/135/138/152/155/246/162100/162101/162104/162105/162106/162107/162109/210061/210062/210123/210181/217026,
step=0/1/2/3/4/5/6/7/8/9/10/11/12,
stream=oper,
time=00:00:00,
type=fc,
grid=0.2/0.2,
area=52.5/4.8/51.5/5.8,
interpolation=grid-box-average,
target="mars_ml_9km_49r2b.grb"

mars - INFO   - 20260807.113427 - Processing request 1

RETRIEVE,
    CLASS      = RD,
    TYPE       = FC,
    STREAM     = OPER,
    EXPVER     = j1rw,
    REPRES     = SH,
    LEVTYPE    = ML,
    LEVELIST   = 1/50/51/52/53/54/55/56/57/58/59/60/61/62/63/64/65/66/67/68/69/70/71/72/73/74/75/76/77/78/79/80/81/82/83/84/85/86/87/88/89/90/91/92/93/94/95/96/97/98/99/100/101/102/103/104/105/106/107/108/109/110/111/112/113/114/115/116/117/118/119/120/121/122/123/124/125/126/127/128/129/130/131/132/133/134/135/136/137,
    PARAM      = 75/82/83/84/85/86/87/88/89/90/91/92/93/94/95/96/97/98/99/100/101/102/103/104/105/106/107/108/109/110/111/130/131/132/133/135/138/152/155/246/162100/162101/162104/162105/162106/162107/162109/210061/210062/210123/210181/217026,
    DATE       = 20220516,
    TIME       = 0000,
    STEP       = 0/1/2/3/4/5/6/7/8/9/10/11/12,
    DOMAIN     = G,
    TARGET     = "mars_ml_9km_49r2b.grb",
    RESOL      = AUTO,
    INTERPOLATION = GRID-BOX-AVERAGE,
    AREA       = 52.5/4.8/51.5/5.8,
    GRID       = 0.2/0.2

mars - INFO   - 20260807.113427 - Requesting 59020 fields
mars - INFO   - 20260807.113427 - FDB home /home/fdbprod
mars - INFO   - 20260807.113427 - Setting SO_SNDBUF to 33554432 (32.00 M)
mars - INFO   - 20260807.113427 - Current value is 32768 (32.00 K)
mars - INFO   - 20260807.113427 - Setting SO_RCVBUF to 33554432 (32.00 M)
mars - INFO   - 20260807.113427 - Current value is 43690 (42.67 K)
mars - INFO   - 20260807.113427 - Calling mars on 'marsrd-core', local port is 52387
mars - INFO   - 20260807.113427 - Callback at address 10.100.192.132, port 52387
mars - INFO   - 20260807.113720 - Mars client is on ac6-132.bullx (10.100.192.132) 52387
mars - INFO   - 20260807.113720 - Mars server is on 10.112.4.10 53051
mars - INFO   - 20260807.113720 - Server task is 6655 [marsrd]
mars - INFO   - 20260807.113720 - Request cost: 45,136 fields, 160.26 Gbytes on 1 tape, nodes: hpss, libraries: ibmlib07_70 [marsrd]
mars - INFO   - 20260807.113720 - The efficiency of your requests in the last 12 hours is 53% [marsrd]
mars - INFO   - 20260807.113720 - Wind conversion requested by server
mars - INFO   - 20260807.115141 - Transfering 172077987388 bytes
mars - INFO   - 20260807.115143 - ShToGridded: loading Legendre coefficients '/lus/h2resw01/cache/mir/legendre/4/local-T899-GaussianN450-OPT4189816c2e.leg'
mars - INFO   - 20260807.115147 - Deriving U and V from vorticity and divergence
mars - WARN   - 20260807.125245 - Visiting database marsrd : expected 59020, got 47450
mars - INFO   - 20260807.125245 - 47450 fields have been interpolated on 'ac6-132.bullx'
mars - ERROR  - 20260807.125245 - Last error is -43
mars - ERROR  - 20260807.125245 - Expected 59020, got 47450.
mars - ERROR  - 20260807.125245 - Request failed
mars - INFO   - 20260807.125245 - Request time:  wall: 1 hour 18 min 18 sec  cpu: 59 min 30 sec 
mars - INFO   - 20260807.125245 -   Read from network: 160.26 Gbyte(s) in 2 min 43 sec  [1009.55 Mbyte/sec] 
mars - INFO   - 20260807.125245 -   Processing in marsrd: wall: 17 min 14 sec 
mars - INFO   - 20260807.125245 -   Visiting marsrd: wall: 1 hour 18 min 18 sec 
mars - INFO   - 20260807.125245 -   Post-processing: wall: 55 min 29 sec cpu: 54 min 54 sec 
mars - INFO   - 20260807.125245 -   Writing to target file: 64.01 Mbyte(s) in 1 sec  [42.70 Mbyte/sec] cpu: 1 sec 
mars - INFO   - 20260807.125245 - Memory used: 290.13 Mbyte(s)
mars - ERROR  - 20260807.125245 - Some errors reported (last error -1)
grib_to_netcdf: Version 2.47.0
grib_to_netcdf: Processing input file 'mars_ml_9km_49r2b.grb'.
grib_to_netcdf: Found 47450 GRIB fields in 1 file.
grib_to_netcdf: Ignoring key(s): method, type, stream, refdate, hdate
grib_to_netcdf: Creating netCDF file 'j1rw_9km_49r2b_ml_20220516_0.nc'
grib_to_netcdf: NetCDF library version: 4.10.0 of Apr  9 2026 13:13:33 $
grib_to_netcdf: Creating large (64 bit) file format.
grib_to_netcdf: Defining variable 'crwc'.
grib_to_netcdf: Defining variable 'p82'.
grib_to_netcdf: Defining variable 'p83'.
grib_to_netcdf: Defining variable 'p84'.
grib_to_netcdf: Defining variable 'p85'.
grib_to_netcdf: Defining variable 'p86'.
grib_to_netcdf: Defining variable 'p87'.
grib_to_netcdf: Defining variable 'p88'.
grib_to_netcdf: Defining variable 'p89'.
grib_to_netcdf: Defining variable 'p90'.
grib_to_netcdf: Defining variable 'p91'.
grib_to_netcdf: Defining variable 'p92'.
grib_to_netcdf: Defining variable 'p93'.
grib_to_netcdf: Defining variable 'p94'.
grib_to_netcdf: Defining variable 'p95'.
grib_to_netcdf: Defining variable 'p96'.
grib_to_netcdf: Defining variable 'p97'.
grib_to_netcdf: Defining variable 'p98'.
grib_to_netcdf: Defining variable 'p99'.
grib_to_netcdf: Defining variable 'p100'.
grib_to_netcdf: Defining variable 'p101'.
grib_to_netcdf: Defining variable 'p102'.
grib_to_netcdf: Defining variable 'p103'.
grib_to_netcdf: Defining variable 'p104'.
grib_to_netcdf: Defining variable 'p105'.
grib_to_netcdf: Defining variable 'p106'.
grib_to_netcdf: Defining variable 'p107'.
grib_to_netcdf: Defining variable 'p108'.
grib_to_netcdf: Defining variable 'p109'.
grib_to_netcdf: Defining variable 'p110'.
grib_to_netcdf: Defining variable 'p111'.
grib_to_netcdf: Defining variable 't'.
grib_to_netcdf: Defining variable 'q'.
grib_to_netcdf: Defining variable 'w'.
grib_to_netcdf: Defining variable 'vo'.
grib_to_netcdf: Defining variable 'lnsp'.
grib_to_netcdf: Defining variable 'd'.
grib_to_netcdf: Defining variable 'u'.
grib_to_netcdf: Defining variable 'v'.
grib_to_netcdf: Defining variable 'clwc'.
grib_to_netcdf: Defining variable 'co2'.
grib_to_netcdf: Defining variable 'ch4'.
grib_to_netcdf: Done.
Model level selected
mars - WARN - 
mars - WARN - 
MIR environment variables:
MIR_CACHE_PATH=/lus/h2resw01/cache:{FILE?/ec/cache.1}/cache:{FILE?/ec/cache.2}/cache
MIR_LSM_NAMED=1km.climate.v013
Using MARS binary: /usr/local/apps/mars/versions/6.34.7.1/bin/mars.bin
mars - INFO   - 20260807.125544 - Welcome to MARS
mars - INFO   - 20260807.125544 - MARS_HOME=/usr/local/apps/mars/configs/prod
mars - INFO   - 20260807.125544 - MARS Client build stamp: 20260623091402
mars - INFO   - 20260807.125544 - MARS Client bundle version: 6.34.7.1
mars - INFO   - 20260807.125544 - package mars-client version: 6.34.7
mars - INFO   - 20260807.125544 - package mir version: 1.23.9
mars - INFO   - 20260807.125544 - package odc version: 1.6.3
mars - INFO   - 20260807.125544 - package fdb version: 5.21.4
mars - INFO   - 20260807.125544 - package metkit version: 1.18.3
mars - INFO   - 20260807.125544 - package eckit version: 2.0.8
mars - INFO   - 20260807.125544 - package eccodes version: 2.47.2
# First retrieve profiles
retrieve,
anoffset=9,
class=rd,
date=20220516,
expver=j1rw,
levelist=1/50/51/52/53/54/55/56/57/58/59/60/61/62/63/64/65/66/67/68/69/70/71/72/73/74/75/76/77/78/79/80/81/82/83/84/85/86/87/88/89/90/91/92/93/94/95/96/97/98/99/100/101/102/103/104/105/106/107/108/109/110/111/112/113/114/115/116/117/118/119/120/121/122/123/124/125/126/127/128/129/130/131/132/133/134/135/136/137,
levtype=ml,
param=75/82/83/84/85/86/87/88/89/90/91/92/93/94/95/96/97/98/99/100/101/102/103/104/105/106/107/108/109/110/111/130/131/132/133/135/138/152/155/246/162100/162101/162104/162105/162106/162107/162109/210061/210062/210123/210181/217026,
step=12/13/14/15/16/17/18/19/20/21/22/23/24,
stream=oper,
time=00:00:00,
type=fc,
grid=0.2/0.2,
area=52.5/4.8/51.5/5.8,
interpolation=grid-box-average,
target="mars_ml_9km_49r2b.grb"

mars - INFO   - 20260807.125544 - Processing request 1

RETRIEVE,
    CLASS      = RD,
    TYPE       = FC,
    STREAM     = OPER,
    EXPVER     = j1rw,
    REPRES     = SH,
    LEVTYPE    = ML,
    LEVELIST   = 1/50/51/52/53/54/55/56/57/58/59/60/61/62/63/64/65/66/67/68/69/70/71/72/73/74/75/76/77/78/79/80/81/82/83/84/85/86/87/88/89/90/91/92/93/94/95/96/97/98/99/100/101/102/103/104/105/106/107/108/109/110/111/112/113/114/115/116/117/118/119/120/121/122/123/124/125/126/127/128/129/130/131/132/133/134/135/136/137,
    PARAM      = 75/82/83/84/85/86/87/88/89/90/91/92/93/94/95/96/97/98/99/100/101/102/103/104/105/106/107/108/109/110/111/130/131/132/133/135/138/152/155/246/162100/162101/162104/162105/162106/162107/162109/210061/210062/210123/210181/217026,
    DATE       = 20220516,
    TIME       = 0000,
    STEP       = 12/13/14/15/16/17/18/19/20/21/22/23/24,
    DOMAIN     = G,
    TARGET     = "mars_ml_9km_49r2b.grb",
    RESOL      = AUTO,
    INTERPOLATION = GRID-BOX-AVERAGE,
    AREA       = 52.5/4.8/51.5/5.8,
    GRID       = 0.2/0.2

mars - INFO   - 20260807.125544 - Requesting 59020 fields
mars - INFO   - 20260807.125544 - FDB home /home/fdbprod
mars - INFO   - 20260807.125544 - Setting SO_SNDBUF to 33554432 (32.00 M)
mars - INFO   - 20260807.125544 - Current value is 32768 (32.00 K)
mars - INFO   - 20260807.125544 - Setting SO_RCVBUF to 33554432 (32.00 M)
mars - INFO   - 20260807.125544 - Current value is 43690 (42.67 K)
mars - INFO   - 20260807.125544 - Calling mars on 'marsrd-core', local port is 45803
mars - INFO   - 20260807.125544 - Callback at address 10.100.192.132, port 45803
mars - INFO   - 20260807.125544 - Mars client is on ac6-132.bullx (10.100.192.132) 45803
mars - INFO   - 20260807.125544 - Mars server is on 10.112.4.10 39447
mars - INFO   - 20260807.125544 - Server task is 2165 [marsrd]
mars - INFO   - 20260807.125544 - Request cost: 45,136 fields, 13.4318 Gbytes online, 166.728 Gbytes on 1 tape, nodes: hpss mvr004 mvr005, libraries: ibmlib07_70 [marsrd]
mars - INFO   - 20260807.125544 - The efficiency of your requests in the last 12 hours is 51% [marsrd]
mars - INFO   - 20260807.125544 - Wind conversion requested by server
mars - INFO   - 20260807.130642 - Transfering 193444697914 bytes
mars - INFO   - 20260807.130645 - ShToGridded: loading Legendre coefficients '/lus/h2resw01/cache/mir/legendre/4/local-T899-GaussianN450-OPT4189816c2e.leg'
mars - INFO   - 20260807.130648 - Deriving U and V from vorticity and divergence
mars - ERROR  - 20260807.133433 - wmo_read_any_from_file: error -45 (End of resource reached when reading message) l=67108864, len=6819332 (Illegal seek)
mars - WARN   - 20260807.133433 - Error -45 returned by readany
mars - WARN   - 20260807.133433 - Transfer interrupted, got 82941179683 out of 193444697914 bytes err=-45
mars - WARN   - 20260807.133433 - Retrying..
mars - ERROR  - 20260807.133433 - Mars server task finished in error
mars - ERROR  - 20260807.133433 - Retry: Connector::socketIo(Connector[mvr009,bods1-ag0512:9701]) only 0 byte(s) read intead of 1 (Success) [marsrd]
mars - WARN   - 20260807.133433 - Retry failure forever
mars - ERROR  - 20260807.133433 - Error code is -7776
mars - WARN   - 20260807.133433 - Got 0 out of 193444697914 bytes
mars - WARN   - 20260807.133433 - Sleeping 2 minutes
mars - INFO   - 20260807.133633 - Calling mars on 'marsrd-core', local port is 55363
mars - INFO   - 20260807.133633 - Callback at address 10.100.192.132, port 55363
mars - INFO   - 20260807.133633 - Mars client is on ac6-132.bullx (10.100.192.132) 55363
mars - INFO   - 20260807.133633 - Mars server is on 10.112.4.10 38545
mars - INFO   - 20260807.133633 - Server task is 7668 [marsrd]
mars - INFO   - 20260807.133633 - Request cost: 45,136 fields, 180.159 Gbytes online, nodes: mvr004 mvr005 mvr006 mvr009 mvr012 [marsrd]
mars - INFO   - 20260807.133633 - The efficiency of your requests in the last 12 hours is 47% [marsrd]
mars - INFO   - 20260807.133633 - Wind conversion requested by server
mars - INFO   - 20260807.133633 - Transfering 193444697914 bytes
mars - WARN   - 20260807.144142 - Visiting database marsrd : expected 59020, got 47450
mars - INFO   - 20260807.144142 - 68429 fields have been interpolated on 'ac6-132.bullx'
mars - ERROR  - 20260807.144142 - Last error is -43
mars - ERROR  - 20260807.144142 - Expected 59020, got 47450.
mars - ERROR  - 20260807.144142 - Request failed
mars - INFO   - 20260807.144142 - Request time:  wall: 1 hour 45 min 58 sec  cpu: 1 hour 29 min 51 sec 
mars - INFO   - 20260807.144142 -   Read from network: 257.40 Gbyte(s) in 3 min 21 sec  [1.28 Gbyte/sec] 
mars - INFO   - 20260807.144142 -   Processing in marsrd: wall: 10 min 58 sec 
mars - INFO   - 20260807.144142 -   Visiting marsrd: wall: 1 hour 45 min 57 sec 
mars - INFO   - 20260807.144142 -   Post-processing: wall: 1 hour 25 min 18 sec cpu: 1 hour 22 min 50 sec 
mars - INFO   - 20260807.144142 -   Writing to target file: 92.97 Mbyte(s) in 2 sec  [42.63 Mbyte/sec] cpu: 2 sec 
mars - INFO   - 20260807.144142 - Memory used: 290.06 Mbyte(s)
mars - ERROR  - 20260807.144142 - Some errors reported (last error -1)
grib_to_netcdf: Version 2.47.0
grib_to_netcdf: Processing input file 'mars_ml_9km_49r2b.grb'.
grib_to_netcdf: Found 47450 GRIB fields in 1 file.
grib_to_netcdf: Ignoring key(s): method, type, stream, refdate, hdate
grib_to_netcdf: Creating netCDF file 'j1rw_9km_49r2b_ml_20220516_12.nc'
grib_to_netcdf: NetCDF library version: 4.10.0 of Apr  9 2026 13:13:33 $
grib_to_netcdf: Creating large (64 bit) file format.
grib_to_netcdf: Defining variable 'crwc'.
grib_to_netcdf: Defining variable 'p82'.
grib_to_netcdf: Defining variable 'p83'.
grib_to_netcdf: Defining variable 'p84'.
grib_to_netcdf: Defining variable 'p85'.
grib_to_netcdf: Defining variable 'p86'.
grib_to_netcdf: Defining variable 'p87'.
grib_to_netcdf: Defining variable 'p88'.
grib_to_netcdf: Defining variable 'p89'.
grib_to_netcdf: Defining variable 'p90'.
grib_to_netcdf: Defining variable 'p91'.
grib_to_netcdf: Defining variable 'p92'.
grib_to_netcdf: Defining variable 'p93'.
grib_to_netcdf: Defining variable 'p94'.
grib_to_netcdf: Defining variable 'p95'.
grib_to_netcdf: Defining variable 'p96'.
grib_to_netcdf: Defining variable 'p97'.
grib_to_netcdf: Defining variable 'p98'.
grib_to_netcdf: Defining variable 'p99'.
grib_to_netcdf: Defining variable 'p100'.
grib_to_netcdf: Defining variable 'p101'.
grib_to_netcdf: Defining variable 'p102'.
grib_to_netcdf: Defining variable 'p103'.
grib_to_netcdf: Defining variable 'p104'.
grib_to_netcdf: Defining variable 'p105'.
grib_to_netcdf: Defining variable 'p106'.
grib_to_netcdf: Defining variable 'p107'.
grib_to_netcdf: Defining variable 'p108'.
grib_to_netcdf: Defining variable 'p109'.
grib_to_netcdf: Defining variable 'p110'.
grib_to_netcdf: Defining variable 'p111'.
grib_to_netcdf: Defining variable 't'.
grib_to_netcdf: Defining variable 'q'.
grib_to_netcdf: Defining variable 'w'.
grib_to_netcdf: Defining variable 'vo'.
grib_to_netcdf: Defining variable 'lnsp'.
grib_to_netcdf: Defining variable 'd'.
grib_to_netcdf: Defining variable 'u'.
grib_to_netcdf: Defining variable 'v'.
grib_to_netcdf: Defining variable 'clwc'.
grib_to_netcdf: Defining variable 'co2'.
grib_to_netcdf: Defining variable 'ch4'.
grib_to_netcdf: Done.
Model level selected
mars - WARN - 
mars - WARN - 
MIR environment variables:
MIR_CACHE_PATH=/lus/h2resw01/cache:{FILE?/ec/cache.1}/cache:{FILE?/ec/cache.2}/cache
MIR_LSM_NAMED=1km.climate.v013
Using MARS binary: /usr/local/apps/mars/versions/6.34.7.1/bin/mars.bin
mars - INFO   - 20260807.144453 - Welcome to MARS
mars - INFO   - 20260807.144453 - MARS_HOME=/usr/local/apps/mars/configs/prod
mars - INFO   - 20260807.144453 - MARS Client build stamp: 20260623091402
mars - INFO   - 20260807.144453 - MARS Client bundle version: 6.34.7.1
mars - INFO   - 20260807.144453 - package mars-client version: 6.34.7
mars - INFO   - 20260807.144453 - package mir version: 1.23.9
mars - INFO   - 20260807.144453 - package odc version: 1.6.3
mars - INFO   - 20260807.144453 - package fdb version: 5.21.4
mars - INFO   - 20260807.144453 - package metkit version: 1.18.3
mars - INFO   - 20260807.144453 - package eckit version: 2.0.8
mars - INFO   - 20260807.144453 - package eccodes version: 2.47.2
# First retrieve profiles
retrieve,
anoffset=9,
class=rd,
date=20220517,
expver=j1rw,
levelist=1/50/51/52/53/54/55/56/57/58/59/60/61/62/63/64/65/66/67/68/69/70/71/72/73/74/75/76/77/78/79/80/81/82/83/84/85/86/87/88/89/90/91/92/93/94/95/96/97/98/99/100/101/102/103/104/105/106/107/108/109/110/111/112/113/114/115/116/117/118/119/120/121/122/123/124/125/126/127/128/129/130/131/132/133/134/135/136/137,
levtype=ml,
param=75/82/83/84/85/86/87/88/89/90/91/92/93/94/95/96/97/98/99/100/101/102/103/104/105/106/107/108/109/110/111/130/131/132/133/135/138/152/155/246/162100/162101/162104/162105/162106/162107/162109/210061/210062/210123/210181/217026,
step=0/1/2/3/4/5/6/7/8/9/10/11/12,
stream=oper,
time=00:00:00,
type=fc,
grid=0.2/0.2,
area=52.5/4.8/51.5/5.8,
interpolation=grid-box-average,
target="mars_ml_9km_49r2b.grb"

mars - INFO   - 20260807.144453 - Processing request 1

RETRIEVE,
    CLASS      = RD,
    TYPE       = FC,
    STREAM     = OPER,
    EXPVER     = j1rw,
    REPRES     = SH,
    LEVTYPE    = ML,
    LEVELIST   = 1/50/51/52/53/54/55/56/57/58/59/60/61/62/63/64/65/66/67/68/69/70/71/72/73/74/75/76/77/78/79/80/81/82/83/84/85/86/87/88/89/90/91/92/93/94/95/96/97/98/99/100/101/102/103/104/105/106/107/108/109/110/111/112/113/114/115/116/117/118/119/120/121/122/123/124/125/126/127/128/129/130/131/132/133/134/135/136/137,
    PARAM      = 75/82/83/84/85/86/87/88/89/90/91/92/93/94/95/96/97/98/99/100/101/102/103/104/105/106/107/108/109/110/111/130/131/132/133/135/138/152/155/246/162100/162101/162104/162105/162106/162107/162109/210061/210062/210123/210181/217026,
    DATE       = 20220517,
    TIME       = 0000,
    STEP       = 0/1/2/3/4/5/6/7/8/9/10/11/12,
    DOMAIN     = G,
    TARGET     = "mars_ml_9km_49r2b.grb",
    RESOL      = AUTO,
    INTERPOLATION = GRID-BOX-AVERAGE,
    AREA       = 52.5/4.8/51.5/5.8,
    GRID       = 0.2/0.2

mars - INFO   - 20260807.144454 - Requesting 59020 fields
mars - INFO   - 20260807.144454 - FDB home /home/fdbprod
mars - INFO   - 20260807.144454 - Setting SO_SNDBUF to 33554432 (32.00 M)
mars - INFO   - 20260807.144454 - Current value is 32768 (32.00 K)
mars - INFO   - 20260807.144454 - Setting SO_RCVBUF to 33554432 (32.00 M)
mars - INFO   - 20260807.144454 - Current value is 43690 (42.67 K)
mars - INFO   - 20260807.144454 - Calling mars on 'marsrd-core', local port is 50907
mars - INFO   - 20260807.144454 - Callback at address 10.100.192.132, port 50907
mars - INFO   - 20260807.144456 - Mars client is on ac6-132.bullx (10.100.192.132) 50907
mars - INFO   - 20260807.144456 - Mars server is on 10.112.4.10 59573
mars - INFO   - 20260807.144456 - Server task is 3998 [marsrd]
mars - INFO   - 20260807.144456 - Request cost: 45,136 fields, 31.9988 Gbytes online, 127.963 Gbytes on 1 tape, nodes: hpss mvr009, libraries: ibmlib07_70 [marsrd]
mars - INFO   - 20260807.144456 - The efficiency of your requests in the last 12 hours is 45% [marsrd]
mars - INFO   - 20260807.144456 - Wind conversion requested by server
mars - INFO   - 20260807.150055 - Transfering 171757659030 bytes
mars - INFO   - 20260807.150057 - ShToGridded: loading Legendre coefficients '/lus/h2resw01/cache/mir/legendre/4/local-T899-GaussianN450-OPT4189816c2e.leg'
mars - INFO   - 20260807.150110 - Deriving U and V from vorticity and divergence
mars - WARN   - 20260807.160441 - Visiting database marsrd : expected 59020, got 47450
mars - INFO   - 20260807.160441 - 47450 fields have been interpolated on 'ac6-132.bullx'
mars - ERROR  - 20260807.160441 - Last error is -43
mars - ERROR  - 20260807.160441 - Expected 59020, got 47450.
mars - ERROR  - 20260807.160441 - Request failed
mars - INFO   - 20260807.160441 - Request time:  wall: 1 hour 19 min 47 sec  cpu: 1 hour 43 sec 
mars - INFO   - 20260807.160441 -   Read from network: 159.96 Gbyte(s) in 2 min 31 sec  [1.06 Gbyte/sec] 
mars - INFO   - 20260807.160441 -   Processing in marsrd: wall: 16 min 1 sec 
mars - INFO   - 20260807.160441 -   Visiting marsrd: wall: 1 hour 19 min 47 sec 
mars - INFO   - 20260807.160441 -   Post-processing: wall: 58 min cpu: 55 min 48 sec 
mars - INFO   - 20260807.160441 -   Writing to target file: 63.98 Mbyte(s) in 2 sec  [40.53 Mbyte/sec] cpu: 1 sec 
mars - INFO   - 20260807.160441 - Memory used: 293.79 Mbyte(s)
mars - ERROR  - 20260807.160441 - Some errors reported (last error -1)
grib_to_netcdf: Version 2.47.0
grib_to_netcdf: Processing input file 'mars_ml_9km_49r2b.grb'.
grib_to_netcdf: Found 47450 GRIB fields in 1 file.
grib_to_netcdf: Ignoring key(s): method, type, stream, refdate, hdate
grib_to_netcdf: Creating netCDF file 'j1rw_9km_49r2b_ml_20220517_0.nc'
grib_to_netcdf: NetCDF library version: 4.10.0 of Apr  9 2026 13:13:33 $
grib_to_netcdf: Creating large (64 bit) file format.
grib_to_netcdf: Defining variable 'crwc'.
grib_to_netcdf: Defining variable 'p82'.
grib_to_netcdf: Defining variable 'p83'.
grib_to_netcdf: Defining variable 'p84'.
grib_to_netcdf: Defining variable 'p85'.
grib_to_netcdf: Defining variable 'p86'.
grib_to_netcdf: Defining variable 'p87'.
grib_to_netcdf: Defining variable 'p88'.
grib_to_netcdf: Defining variable 'p89'.
grib_to_netcdf: Defining variable 'p90'.
grib_to_netcdf: Defining variable 'p91'.
grib_to_netcdf: Defining variable 'p92'.
grib_to_netcdf: Defining variable 'p93'.
grib_to_netcdf: Defining variable 'p94'.
grib_to_netcdf: Defining variable 'p95'.
grib_to_netcdf: Defining variable 'p96'.
grib_to_netcdf: Defining variable 'p97'.
grib_to_netcdf: Defining variable 'p98'.
grib_to_netcdf: Defining variable 'p99'.
grib_to_netcdf: Defining variable 'p100'.
grib_to_netcdf: Defining variable 'p101'.
grib_to_netcdf: Defining variable 'p102'.
grib_to_netcdf: Defining variable 'p103'.
grib_to_netcdf: Defining variable 'p104'.
grib_to_netcdf: Defining variable 'p105'.
grib_to_netcdf: Defining variable 'p106'.
grib_to_netcdf: Defining variable 'p107'.
grib_to_netcdf: Defining variable 'p108'.
grib_to_netcdf: Defining variable 'p109'.
grib_to_netcdf: Defining variable 'p110'.
grib_to_netcdf: Defining variable 'p111'.
grib_to_netcdf: Defining variable 't'.
grib_to_netcdf: Defining variable 'q'.
grib_to_netcdf: Defining variable 'w'.
grib_to_netcdf: Defining variable 'vo'.
grib_to_netcdf: Defining variable 'lnsp'.
grib_to_netcdf: Defining variable 'd'.
grib_to_netcdf: Defining variable 'u'.
grib_to_netcdf: Defining variable 'v'.
grib_to_netcdf: Defining variable 'clwc'.
grib_to_netcdf: Defining variable 'co2'.
grib_to_netcdf: Defining variable 'ch4'.
grib_to_netcdf: Done.
Model level selected
mars - WARN - 
mars - WARN - 
MIR environment variables:
MIR_CACHE_PATH=/lus/h2resw01/cache:{FILE?/ec/cache.1}/cache:{FILE?/ec/cache.2}/cache
MIR_LSM_NAMED=1km.climate.v013
Using MARS binary: /usr/local/apps/mars/versions/6.34.7.1/bin/mars.bin
mars - INFO   - 20260807.160725 - Welcome to MARS
mars - INFO   - 20260807.160725 - MARS_HOME=/usr/local/apps/mars/configs/prod
mars - INFO   - 20260807.160725 - MARS Client build stamp: 20260623091402
mars - INFO   - 20260807.160725 - MARS Client bundle version: 6.34.7.1
mars - INFO   - 20260807.160725 - package mars-client version: 6.34.7
mars - INFO   - 20260807.160725 - package mir version: 1.23.9
mars - INFO   - 20260807.160725 - package odc version: 1.6.3
mars - INFO   - 20260807.160725 - package fdb version: 5.21.4
mars - INFO   - 20260807.160725 - package metkit version: 1.18.3
mars - INFO   - 20260807.160725 - package eckit version: 2.0.8
mars - INFO   - 20260807.160725 - package eccodes version: 2.47.2
# First retrieve profiles
retrieve,
anoffset=9,
class=rd,
date=20220517,
expver=j1rw,
levelist=1/50/51/52/53/54/55/56/57/58/59/60/61/62/63/64/65/66/67/68/69/70/71/72/73/74/75/76/77/78/79/80/81/82/83/84/85/86/87/88/89/90/91/92/93/94/95/96/97/98/99/100/101/102/103/104/105/106/107/108/109/110/111/112/113/114/115/116/117/118/119/120/121/122/123/124/125/126/127/128/129/130/131/132/133/134/135/136/137,
levtype=ml,
param=75/82/83/84/85/86/87/88/89/90/91/92/93/94/95/96/97/98/99/100/101/102/103/104/105/106/107/108/109/110/111/130/131/132/133/135/138/152/155/246/162100/162101/162104/162105/162106/162107/162109/210061/210062/210123/210181/217026,
step=12/13/14/15/16/17/18/19/20/21/22/23/24,
stream=oper,
time=00:00:00,
type=fc,
grid=0.2/0.2,
area=52.5/4.8/51.5/5.8,
interpolation=grid-box-average,
target="mars_ml_9km_49r2b.grb"

mars - INFO   - 20260807.160725 - Processing request 1

RETRIEVE,
    CLASS      = RD,
    TYPE       = FC,
    STREAM     = OPER,
    EXPVER     = j1rw,
    REPRES     = SH,
    LEVTYPE    = ML,
    LEVELIST   = 1/50/51/52/53/54/55/56/57/58/59/60/61/62/63/64/65/66/67/68/69/70/71/72/73/74/75/76/77/78/79/80/81/82/83/84/85/86/87/88/89/90/91/92/93/94/95/96/97/98/99/100/101/102/103/104/105/106/107/108/109/110/111/112/113/114/115/116/117/118/119/120/121/122/123/124/125/126/127/128/129/130/131/132/133/134/135/136/137,
    PARAM      = 75/82/83/84/85/86/87/88/89/90/91/92/93/94/95/96/97/98/99/100/101/102/103/104/105/106/107/108/109/110/111/130/131/132/133/135/138/152/155/246/162100/162101/162104/162105/162106/162107/162109/210061/210062/210123/210181/217026,
    DATE       = 20220517,
    TIME       = 0000,
    STEP       = 12/13/14/15/16/17/18/19/20/21/22/23/24,
    DOMAIN     = G,
    TARGET     = "mars_ml_9km_49r2b.grb",
    RESOL      = AUTO,
    INTERPOLATION = GRID-BOX-AVERAGE,
    AREA       = 52.5/4.8/51.5/5.8,
    GRID       = 0.2/0.2

mars - INFO   - 20260807.160725 - Requesting 59020 fields
mars - INFO   - 20260807.160725 - FDB home /home/fdbprod
mars - INFO   - 20260807.160726 - Setting SO_SNDBUF to 33554432 (32.00 M)
mars - INFO   - 20260807.160726 - Current value is 32768 (32.00 K)
mars - INFO   - 20260807.160726 - Setting SO_RCVBUF to 33554432 (32.00 M)
mars - INFO   - 20260807.160726 - Current value is 43690 (42.67 K)
mars - INFO   - 20260807.160726 - Calling mars on 'marsrd-core', local port is 37907
mars - INFO   - 20260807.160726 - Callback at address 10.100.192.132, port 37907
mars - INFO   - 20260807.160726 - Mars client is on ac6-132.bullx (10.100.192.132) 37907
mars - INFO   - 20260807.160726 - Mars server is on 10.112.4.10 37717
mars - INFO   - 20260807.160726 - Server task is 2353 [marsrd]
mars - INFO   - 20260807.160726 - Request cost: 45,136 fields, 13.3131 Gbytes online, 163.319 Gbytes on 1 tape, nodes: hpss mvr000, libraries: ibmlib07_70 [marsrd]
mars - INFO   - 20260807.160726 - The efficiency of your requests in the last 12 hours is 44% [marsrd]
mars - INFO   - 20260807.160726 - Wind conversion requested by server
mars - INFO   - 20260807.162006 - Transfering 189656812776 bytes
mars - INFO   - 20260807.162009 - ShToGridded: loading Legendre coefficients '/lus/h2resw01/cache/mir/legendre/4/local-T899-GaussianN450-OPT4189816c2e.leg'
mars - INFO   - 20260807.162017 - Deriving U and V from vorticity and divergence
mars - ERROR  - 20260807.165950 - wmo_read_any_from_file: error -45 (End of resource reached when reading message) l=67108864, len=6700530 (Illegal seek)
mars - WARN   - 20260807.165950 - Error -45 returned by readany
mars - WARN   - 20260807.165950 - Transfer interrupted, got 117170798733 out of 189656812776 bytes err=-45
mars - WARN   - 20260807.165950 - Retrying..
mars - ERROR  - 20260807.165950 - Mars server task finished in error
mars - ERROR  - 20260807.165950 - Retry: Connector::socketIo(Connector[mvr000,bods1-ab0608:9701]) only 0 byte(s) read intead of 1 (Success) [marsrd]
mars - WARN   - 20260807.165950 - Retry failure forever
mars - ERROR  - 20260807.165950 - Error code is -7776
mars - WARN   - 20260807.165950 - Got 0 out of 189656812776 bytes
mars - WARN   - 20260807.165950 - Sleeping 2 minutes
mars - INFO   - 20260807.170150 - Calling mars on 'marsrd-core', local port is 52631
mars - INFO   - 20260807.170150 - Callback at address 10.100.192.132, port 52631
mars - INFO   - 20260807.170230 - Mars client is on ac6-132.bullx (10.100.192.132) 52631
mars - INFO   - 20260807.170230 - Mars server is on 10.112.4.10 42707
mars - INFO   - 20260807.170230 - Server task is 652 [marsrd]
mars - INFO   - 20260807.170230 - Request cost: 45,136 fields, 176.632 Gbytes online, nodes: mvr000 mvr004 mvr008 mvr010 mvr011 mvr012 [marsrd]
mars - INFO   - 20260807.170230 - The efficiency of your requests in the last 12 hours is 42% [marsrd]
mars - INFO   - 20260807.170230 - Wind conversion requested by server
mars - INFO   - 20260807.170231 - Transfering 189656812776 bytes
mars - WARN   - 20260807.180721 - Visiting database marsrd : expected 59020, got 47450
mars - INFO   - 20260807.180721 - 77145 fields have been interpolated on 'ac6-132.bullx'
mars - ERROR  - 20260807.180721 - Last error is -43
mars - ERROR  - 20260807.180721 - Expected 59020, got 47450.
mars - ERROR  - 20260807.180721 - Request failed
mars - INFO   - 20260807.180721 - Request time:  wall: 1 hour 59 min 56 sec  cpu: 1 hour 40 min 23 sec 
mars - INFO   - 20260807.180721 -   Read from network: 285.76 Gbyte(s) in 3 min 16 sec  [1.46 Gbyte/sec] 
mars - INFO   - 20260807.180721 -   Processing in marsrd: wall: 13 min 22 sec 
mars - INFO   - 20260807.180721 -   Visiting marsrd: wall: 1 hour 59 min 56 sec 
mars - INFO   - 20260807.180721 -   Post-processing: wall: 1 hour 36 min 45 sec cpu: 1 hour 32 min 48 sec 
mars - INFO   - 20260807.180721 -   Writing to target file: 104.69 Mbyte(s) in 3 sec  [39.53 Mbyte/sec] cpu: 3 sec 
mars - INFO   - 20260807.180721 - Memory used: 293.39 Mbyte(s)
mars - ERROR  - 20260807.180721 - Some errors reported (last error -1)
grib_to_netcdf: Version 2.47.0
grib_to_netcdf: Processing input file 'mars_ml_9km_49r2b.grb'.
grib_to_netcdf: Found 47450 GRIB fields in 1 file.
grib_to_netcdf: Ignoring key(s): method, type, stream, refdate, hdate
grib_to_netcdf: Creating netCDF file 'j1rw_9km_49r2b_ml_20220517_12.nc'
grib_to_netcdf: NetCDF library version: 4.10.0 of Apr  9 2026 13:13:33 $
grib_to_netcdf: Creating large (64 bit) file format.
grib_to_netcdf: Defining variable 'crwc'.
grib_to_netcdf: Defining variable 'p82'.
grib_to_netcdf: Defining variable 'p83'.
grib_to_netcdf: Defining variable 'p84'.
grib_to_netcdf: Defining variable 'p85'.
grib_to_netcdf: Defining variable 'p86'.
grib_to_netcdf: Defining variable 'p87'.
grib_to_netcdf: Defining variable 'p88'.
grib_to_netcdf: Defining variable 'p89'.
grib_to_netcdf: Defining variable 'p90'.
grib_to_netcdf: Defining variable 'p91'.
grib_to_netcdf: Defining variable 'p92'.
grib_to_netcdf: Defining variable 'p93'.
grib_to_netcdf: Defining variable 'p94'.
grib_to_netcdf: Defining variable 'p95'.
grib_to_netcdf: Defining variable 'p96'.
grib_to_netcdf: Defining variable 'p97'.
grib_to_netcdf: Defining variable 'p98'.
grib_to_netcdf: Defining variable 'p99'.
grib_to_netcdf: Defining variable 'p100'.
grib_to_netcdf: Defining variable 'p101'.
grib_to_netcdf: Defining variable 'p102'.
grib_to_netcdf: Defining variable 'p103'.
grib_to_netcdf: Defining variable 'p104'.
grib_to_netcdf: Defining variable 'p105'.
grib_to_netcdf: Defining variable 'p106'.
grib_to_netcdf: Defining variable 'p107'.
grib_to_netcdf: Defining variable 'p108'.
grib_to_netcdf: Defining variable 'p109'.
grib_to_netcdf: Defining variable 'p110'.
grib_to_netcdf: Defining variable 'p111'.
grib_to_netcdf: Defining variable 't'.
grib_to_netcdf: Defining variable 'q'.
grib_to_netcdf: Defining variable 'w'.
grib_to_netcdf: Defining variable 'vo'.
grib_to_netcdf: Defining variable 'lnsp'.
grib_to_netcdf: Defining variable 'd'.
grib_to_netcdf: Defining variable 'u'.
grib_to_netcdf: Defining variable 'v'.
grib_to_netcdf: Defining variable 'clwc'.
grib_to_netcdf: Defining variable 'co2'.
grib_to_netcdf: Defining variable 'ch4'.
grib_to_netcdf: Done.
Model level selected
mars - WARN - 
mars - WARN - 
MIR environment variables:
MIR_CACHE_PATH=/lus/h2resw01/cache:{FILE?/ec/cache.1}/cache:{FILE?/ec/cache.2}/cache
MIR_LSM_NAMED=1km.climate.v013
Using MARS binary: /usr/local/apps/mars/versions/6.34.7.1/bin/mars.bin
mars - INFO   - 20260807.181003 - Welcome to MARS
mars - INFO   - 20260807.181003 - MARS_HOME=/usr/local/apps/mars/configs/prod
mars - INFO   - 20260807.181003 - MARS Client build stamp: 20260623091402
mars - INFO   - 20260807.181003 - MARS Client bundle version: 6.34.7.1
mars - INFO   - 20260807.181003 - package mars-client version: 6.34.7
mars - INFO   - 20260807.181003 - package mir version: 1.23.9
mars - INFO   - 20260807.181003 - package odc version: 1.6.3
mars - INFO   - 20260807.181003 - package fdb version: 5.21.4
mars - INFO   - 20260807.181003 - package metkit version: 1.18.3
mars - INFO   - 20260807.181003 - package eckit version: 2.0.8
mars - INFO   - 20260807.181003 - package eccodes version: 2.47.2
# First retrieve profiles
retrieve,
anoffset=9,
class=rd,
date=20220518,
expver=j1rw,
levelist=1/50/51/52/53/54/55/56/57/58/59/60/61/62/63/64/65/66/67/68/69/70/71/72/73/74/75/76/77/78/79/80/81/82/83/84/85/86/87/88/89/90/91/92/93/94/95/96/97/98/99/100/101/102/103/104/105/106/107/108/109/110/111/112/113/114/115/116/117/118/119/120/121/122/123/124/125/126/127/128/129/130/131/132/133/134/135/136/137,
levtype=ml,
param=75/82/83/84/85/86/87/88/89/90/91/92/93/94/95/96/97/98/99/100/101/102/103/104/105/106/107/108/109/110/111/130/131/132/133/135/138/152/155/246/162100/162101/162104/162105/162106/162107/162109/210061/210062/210123/210181/217026,
step=0/1/2/3/4/5/6/7/8/9/10/11/12,
stream=oper,
time=00:00:00,
type=fc,
grid=0.2/0.2,
area=52.5/4.8/51.5/5.8,
interpolation=grid-box-average,
target="mars_ml_9km_49r2b.grb"

mars - INFO   - 20260807.181003 - Processing request 1

RETRIEVE,
    CLASS      = RD,
    TYPE       = FC,
    STREAM     = OPER,
    EXPVER     = j1rw,
    REPRES     = SH,
    LEVTYPE    = ML,
    LEVELIST   = 1/50/51/52/53/54/55/56/57/58/59/60/61/62/63/64/65/66/67/68/69/70/71/72/73/74/75/76/77/78/79/80/81/82/83/84/85/86/87/88/89/90/91/92/93/94/95/96/97/98/99/100/101/102/103/104/105/106/107/108/109/110/111/112/113/114/115/116/117/118/119/120/121/122/123/124/125/126/127/128/129/130/131/132/133/134/135/136/137,
    PARAM      = 75/82/83/84/85/86/87/88/89/90/91/92/93/94/95/96/97/98/99/100/101/102/103/104/105/106/107/108/109/110/111/130/131/132/133/135/138/152/155/246/162100/162101/162104/162105/162106/162107/162109/210061/210062/210123/210181/217026,
    DATE       = 20220518,
    TIME       = 0000,
    STEP       = 0/1/2/3/4/5/6/7/8/9/10/11/12,
    DOMAIN     = G,
    TARGET     = "mars_ml_9km_49r2b.grb",
    RESOL      = AUTO,
    INTERPOLATION = GRID-BOX-AVERAGE,
    AREA       = 52.5/4.8/51.5/5.8,
    GRID       = 0.2/0.2

mars - INFO   - 20260807.181003 - Requesting 59020 fields
mars - INFO   - 20260807.181003 - FDB home /home/fdbprod
mars - INFO   - 20260807.181004 - Setting SO_SNDBUF to 33554432 (32.00 M)
mars - INFO   - 20260807.181004 - Current value is 32768 (32.00 K)
mars - INFO   - 20260807.181004 - Setting SO_RCVBUF to 33554432 (32.00 M)
mars - INFO   - 20260807.181004 - Current value is 43690 (42.67 K)
mars - INFO   - 20260807.181004 - Calling mars on 'marsrd-core', local port is 60791
mars - INFO   - 20260807.181004 - Callback at address 10.100.192.132, port 60791
mars - INFO   - 20260807.181007 - Mars client is on ac6-132.bullx (10.100.192.132) 60791
mars - INFO   - 20260807.181007 - Mars server is on 10.112.4.10 60511
mars - INFO   - 20260807.181007 - Server task is 212 [marsrd]
mars - INFO   - 20260807.181007 - Request cost: 45,136 fields, 160.396 Gbytes online, nodes: mvr004 mvr006 mvr008 mvr011 mvr012 [marsrd]
mars - INFO   - 20260807.181007 - The efficiency of your requests in the last 12 hours is 41% [marsrd]
mars - INFO   - 20260807.181007 - Wind conversion requested by server
mars - INFO   - 20260807.181012 - Transfering 172224206331 bytes
mars - INFO   - 20260807.181014 - ShToGridded: loading Legendre coefficients '/lus/h2resw01/cache/mir/legendre/4/local-T899-GaussianN450-OPT4189816c2e.leg'
mars - INFO   - 20260807.181018 - Deriving U and V from vorticity and divergence
mars - WARN   - 20260807.191016 - Visiting database marsrd : expected 59020, got 47450
mars - INFO   - 20260807.191016 - 47450 fields have been interpolated on 'ac6-132.bullx'
mars - ERROR  - 20260807.191016 - Last error is -43
mars - ERROR  - 20260807.191016 - Expected 59020, got 47450.
mars - ERROR  - 20260807.191016 - Request failed
mars - INFO   - 20260807.191016 - Request time:  wall: 1 hour 13 sec  cpu: 59 min 
mars - INFO   - 20260807.191016 -   Read from network: 160.40 Gbyte(s) in 1 min 50 sec  [1.45 Gbyte/sec] 
mars - INFO   - 20260807.191016 -   Processing in marsrd: wall: 8 sec 
mars - INFO   - 20260807.191016 -   Visiting marsrd: wall: 1 hour 12 sec 
mars - INFO   - 20260807.191016 -   Post-processing: wall: 55 min 26 sec cpu: 54 min 25 sec 
mars - INFO   - 20260807.191016 -   Writing to target file: 64.21 Mbyte(s) in 2 sec  [39.74 Mbyte/sec] cpu: 2 sec 
mars - INFO   - 20260807.191016 - Memory used: 293.13 Mbyte(s)
mars - ERROR  - 20260807.191016 - Some errors reported (last error -1)
grib_to_netcdf: Version 2.47.0
grib_to_netcdf: Processing input file 'mars_ml_9km_49r2b.grb'.
grib_to_netcdf: Found 47450 GRIB fields in 1 file.
grib_to_netcdf: Ignoring key(s): method, type, stream, refdate, hdate
grib_to_netcdf: Creating netCDF file 'j1rw_9km_49r2b_ml_20220518_0.nc'
grib_to_netcdf: NetCDF library version: 4.10.0 of Apr  9 2026 13:13:33 $
grib_to_netcdf: Creating large (64 bit) file format.
grib_to_netcdf: Defining variable 'crwc'.
grib_to_netcdf: Defining variable 'p82'.
grib_to_netcdf: Defining variable 'p83'.
grib_to_netcdf: Defining variable 'p84'.
grib_to_netcdf: Defining variable 'p85'.
grib_to_netcdf: Defining variable 'p86'.
grib_to_netcdf: Defining variable 'p87'.
grib_to_netcdf: Defining variable 'p88'.
grib_to_netcdf: Defining variable 'p89'.
grib_to_netcdf: Defining variable 'p90'.
grib_to_netcdf: Defining variable 'p91'.
grib_to_netcdf: Defining variable 'p92'.
grib_to_netcdf: Defining variable 'p93'.
grib_to_netcdf: Defining variable 'p94'.
grib_to_netcdf: Defining variable 'p95'.
grib_to_netcdf: Defining variable 'p96'.
grib_to_netcdf: Defining variable 'p97'.
grib_to_netcdf: Defining variable 'p98'.
grib_to_netcdf: Defining variable 'p99'.
grib_to_netcdf: Defining variable 'p100'.
grib_to_netcdf: Defining variable 'p101'.
grib_to_netcdf: Defining variable 'p102'.
grib_to_netcdf: Defining variable 'p103'.
grib_to_netcdf: Defining variable 'p104'.
grib_to_netcdf: Defining variable 'p105'.
grib_to_netcdf: Defining variable 'p106'.
grib_to_netcdf: Defining variable 'p107'.
grib_to_netcdf: Defining variable 'p108'.
grib_to_netcdf: Defining variable 'p109'.
grib_to_netcdf: Defining variable 'p110'.
grib_to_netcdf: Defining variable 'p111'.
grib_to_netcdf: Defining variable 't'.
grib_to_netcdf: Defining variable 'q'.
grib_to_netcdf: Defining variable 'w'.
grib_to_netcdf: Defining variable 'vo'.
grib_to_netcdf: Defining variable 'lnsp'.
grib_to_netcdf: Defining variable 'd'.
grib_to_netcdf: Defining variable 'u'.
grib_to_netcdf: Defining variable 'v'.
grib_to_netcdf: Defining variable 'clwc'.
grib_to_netcdf: Defining variable 'co2'.
grib_to_netcdf: Defining variable 'ch4'.
grib_to_netcdf: Done.
Model level selected
mars - WARN - 
mars - WARN - 
MIR environment variables:
MIR_CACHE_PATH=/lus/h2resw01/cache:{FILE?/ec/cache.1}/cache:{FILE?/ec/cache.2}/cache
MIR_LSM_NAMED=1km.climate.v013
Using MARS binary: /usr/local/apps/mars/versions/6.34.7.1/bin/mars.bin
mars - INFO   - 20260807.191300 - Welcome to MARS
mars - INFO   - 20260807.191300 - MARS_HOME=/usr/local/apps/mars/configs/prod
mars - INFO   - 20260807.191300 - MARS Client build stamp: 20260623091402
mars - INFO   - 20260807.191300 - MARS Client bundle version: 6.34.7.1
mars - INFO   - 20260807.191300 - package mars-client version: 6.34.7
mars - INFO   - 20260807.191300 - package mir version: 1.23.9
mars - INFO   - 20260807.191300 - package odc version: 1.6.3
mars - INFO   - 20260807.191300 - package fdb version: 5.21.4
mars - INFO   - 20260807.191300 - package metkit version: 1.18.3
mars - INFO   - 20260807.191300 - package eckit version: 2.0.8
mars - INFO   - 20260807.191300 - package eccodes version: 2.47.2
# First retrieve profiles
retrieve,
anoffset=9,
class=rd,
date=20220518,
expver=j1rw,
levelist=1/50/51/52/53/54/55/56/57/58/59/60/61/62/63/64/65/66/67/68/69/70/71/72/73/74/75/76/77/78/79/80/81/82/83/84/85/86/87/88/89/90/91/92/93/94/95/96/97/98/99/100/101/102/103/104/105/106/107/108/109/110/111/112/113/114/115/116/117/118/119/120/121/122/123/124/125/126/127/128/129/130/131/132/133/134/135/136/137,
levtype=ml,
param=75/82/83/84/85/86/87/88/89/90/91/92/93/94/95/96/97/98/99/100/101/102/103/104/105/106/107/108/109/110/111/130/131/132/133/135/138/152/155/246/162100/162101/162104/162105/162106/162107/162109/210061/210062/210123/210181/217026,
step=12/13/14/15/16/17/18/19/20/21/22/23/24,
stream=oper,
time=00:00:00,
type=fc,
grid=0.2/0.2,
area=52.5/4.8/51.5/5.8,
interpolation=grid-box-average,
target="mars_ml_9km_49r2b.grb"

mars - INFO   - 20260807.191300 - Processing request 1

RETRIEVE,
    CLASS      = RD,
    TYPE       = FC,
    STREAM     = OPER,
    EXPVER     = j1rw,
    REPRES     = SH,
    LEVTYPE    = ML,
    LEVELIST   = 1/50/51/52/53/54/55/56/57/58/59/60/61/62/63/64/65/66/67/68/69/70/71/72/73/74/75/76/77/78/79/80/81/82/83/84/85/86/87/88/89/90/91/92/93/94/95/96/97/98/99/100/101/102/103/104/105/106/107/108/109/110/111/112/113/114/115/116/117/118/119/120/121/122/123/124/125/126/127/128/129/130/131/132/133/134/135/136/137,
    PARAM      = 75/82/83/84/85/86/87/88/89/90/91/92/93/94/95/96/97/98/99/100/101/102/103/104/105/106/107/108/109/110/111/130/131/132/133/135/138/152/155/246/162100/162101/162104/162105/162106/162107/162109/210061/210062/210123/210181/217026,
    DATE       = 20220518,
    TIME       = 0000,
    STEP       = 12/13/14/15/16/17/18/19/20/21/22/23/24,
    DOMAIN     = G,
    TARGET     = "mars_ml_9km_49r2b.grb",
    RESOL      = AUTO,
    INTERPOLATION = GRID-BOX-AVERAGE,
    AREA       = 52.5/4.8/51.5/5.8,
    GRID       = 0.2/0.2

mars - INFO   - 20260807.191300 - Requesting 59020 fields
mars - INFO   - 20260807.191300 - FDB home /home/fdbprod
mars - INFO   - 20260807.191301 - Setting SO_SNDBUF to 33554432 (32.00 M)
mars - INFO   - 20260807.191301 - Current value is 32768 (32.00 K)
mars - INFO   - 20260807.191301 - Setting SO_RCVBUF to 33554432 (32.00 M)
mars - INFO   - 20260807.191301 - Current value is 43690 (42.67 K)
mars - INFO   - 20260807.191301 - Calling mars on 'marsrd-core', local port is 53197
mars - INFO   - 20260807.191301 - Callback at address 10.100.192.132, port 53197
mars - INFO   - 20260807.191301 - Mars client is on ac6-132.bullx (10.100.192.132) 53197
mars - INFO   - 20260807.191301 - Mars server is on 10.112.4.10 51197
mars - INFO   - 20260807.191301 - Server task is 3372 [marsrd]
mars - INFO   - 20260807.191301 - Request cost: 45,136 fields, 141.394 Gbytes online, 36.1163 Gbytes on 1 tape, nodes: hpss mvr004 mvr006 mvr008 mvr009 mvr011 mvr014, libraries: ibmlib07_70 [marsrd]
mars - INFO   - 20260807.191301 - The efficiency of your requests in the last 12 hours is 40% [marsrd]
mars - INFO   - 20260807.191301 - Wind conversion requested by server
mars - INFO   - 20260807.191716 - Transfering 190600684319 bytes
mars - INFO   - 20260807.191718 - ShToGridded: loading Legendre coefficients '/lus/h2resw01/cache/mir/legendre/4/local-T899-GaussianN450-OPT4189816c2e.leg'
mars - INFO   - 20260807.191730 - Deriving U and V from vorticity and divergence
mars - WARN   - 20260807.202009 - Visiting database marsrd : expected 59020, got 47450
mars - INFO   - 20260807.202009 - 47450 fields have been interpolated on 'ac6-132.bullx'
mars - ERROR  - 20260807.202009 - Last error is -43
mars - ERROR  - 20260807.202009 - Expected 59020, got 47450.
mars - ERROR  - 20260807.202009 - Request failed
mars - INFO   - 20260807.202009 - Request time:  wall: 1 hour 7 min 9 sec  cpu: 1 hour 1 min 36 sec 
mars - INFO   - 20260807.202009 -   Read from network: 177.51 Gbyte(s) in 2 min 2 sec  [1.45 Gbyte/sec] 
mars - INFO   - 20260807.202009 -   Processing in marsrd: wall: 4 min 15 sec 
mars - INFO   - 20260807.202009 -   Visiting marsrd: wall: 1 hour 7 min 8 sec 
mars - INFO   - 20260807.202009 -   Post-processing: wall: 58 min 2 sec cpu: 56 min 50 sec 
mars - INFO   - 20260807.202009 -   Writing to target file: 64.57 Mbyte(s) in 2 sec  [39.46 Mbyte/sec] cpu: 2 sec 
mars - INFO   - 20260807.202009 - Memory used: 293.22 Mbyte(s)
mars - ERROR  - 20260807.202009 - Some errors reported (last error -1)
grib_to_netcdf: Version 2.47.0
grib_to_netcdf: Processing input file 'mars_ml_9km_49r2b.grb'.
grib_to_netcdf: Found 47450 GRIB fields in 1 file.
grib_to_netcdf: Ignoring key(s): method, type, stream, refdate, hdate
grib_to_netcdf: Creating netCDF file 'j1rw_9km_49r2b_ml_20220518_12.nc'
grib_to_netcdf: NetCDF library version: 4.10.0 of Apr  9 2026 13:13:33 $
grib_to_netcdf: Creating large (64 bit) file format.
grib_to_netcdf: Defining variable 'crwc'.
grib_to_netcdf: Defining variable 'p82'.
grib_to_netcdf: Defining variable 'p83'.
grib_to_netcdf: Defining variable 'p84'.
grib_to_netcdf: Defining variable 'p85'.
grib_to_netcdf: Defining variable 'p86'.
grib_to_netcdf: Defining variable 'p87'.
grib_to_netcdf: Defining variable 'p88'.
grib_to_netcdf: Defining variable 'p89'.
grib_to_netcdf: Defining variable 'p90'.
grib_to_netcdf: Defining variable 'p91'.
grib_to_netcdf: Defining variable 'p92'.
grib_to_netcdf: Defining variable 'p93'.
grib_to_netcdf: Defining variable 'p94'.
grib_to_netcdf: Defining variable 'p95'.
grib_to_netcdf: Defining variable 'p96'.
grib_to_netcdf: Defining variable 'p97'.
grib_to_netcdf: Defining variable 'p98'.
grib_to_netcdf: Defining variable 'p99'.
grib_to_netcdf: Defining variable 'p100'.
grib_to_netcdf: Defining variable 'p101'.
grib_to_netcdf: Defining variable 'p102'.
grib_to_netcdf: Defining variable 'p103'.
grib_to_netcdf: Defining variable 'p104'.
grib_to_netcdf: Defining variable 'p105'.
grib_to_netcdf: Defining variable 'p106'.
grib_to_netcdf: Defining variable 'p107'.
grib_to_netcdf: Defining variable 'p108'.
grib_to_netcdf: Defining variable 'p109'.
grib_to_netcdf: Defining variable 'p110'.
grib_to_netcdf: Defining variable 'p111'.
grib_to_netcdf: Defining variable 't'.
grib_to_netcdf: Defining variable 'q'.
grib_to_netcdf: Defining variable 'w'.
grib_to_netcdf: Defining variable 'vo'.
grib_to_netcdf: Defining variable 'lnsp'.
grib_to_netcdf: Defining variable 'd'.
grib_to_netcdf: Defining variable 'u'.
grib_to_netcdf: Defining variable 'v'.
grib_to_netcdf: Defining variable 'clwc'.
grib_to_netcdf: Defining variable 'co2'.
grib_to_netcdf: Defining variable 'ch4'.
grib_to_netcdf: Done.
Model level selected
mars - WARN - 
mars - WARN - 
MIR environment variables:
MIR_CACHE_PATH=/lus/h2resw01/cache:{FILE?/ec/cache.1}/cache:{FILE?/ec/cache.2}/cache
MIR_LSM_NAMED=1km.climate.v013
Using MARS binary: /usr/local/apps/mars/versions/6.34.7.1/bin/mars.bin
mars - INFO   - 20260807.202251 - Welcome to MARS
mars - INFO   - 20260807.202251 - MARS_HOME=/usr/local/apps/mars/configs/prod
mars - INFO   - 20260807.202251 - MARS Client build stamp: 20260623091402
mars - INFO   - 20260807.202251 - MARS Client bundle version: 6.34.7.1
mars - INFO   - 20260807.202251 - package mars-client version: 6.34.7
mars - INFO   - 20260807.202251 - package mir version: 1.23.9
mars - INFO   - 20260807.202251 - package odc version: 1.6.3
mars - INFO   - 20260807.202251 - package fdb version: 5.21.4
mars - INFO   - 20260807.202251 - package metkit version: 1.18.3
mars - INFO   - 20260807.202251 - package eckit version: 2.0.8
mars - INFO   - 20260807.202251 - package eccodes version: 2.47.2
# First retrieve profiles
retrieve,
anoffset=9,
class=rd,
date=20220519,
expver=j1rw,
levelist=1/50/51/52/53/54/55/56/57/58/59/60/61/62/63/64/65/66/67/68/69/70/71/72/73/74/75/76/77/78/79/80/81/82/83/84/85/86/87/88/89/90/91/92/93/94/95/96/97/98/99/100/101/102/103/104/105/106/107/108/109/110/111/112/113/114/115/116/117/118/119/120/121/122/123/124/125/126/127/128/129/130/131/132/133/134/135/136/137,
levtype=ml,
param=75/82/83/84/85/86/87/88/89/90/91/92/93/94/95/96/97/98/99/100/101/102/103/104/105/106/107/108/109/110/111/130/131/132/133/135/138/152/155/246/162100/162101/162104/162105/162106/162107/162109/210061/210062/210123/210181/217026,
step=0/1/2/3/4/5/6/7/8/9/10/11/12,
stream=oper,
time=00:00:00,
type=fc,
grid=0.2/0.2,
area=52.5/4.8/51.5/5.8,
interpolation=grid-box-average,
target="mars_ml_9km_49r2b.grb"

mars - INFO   - 20260807.202251 - Processing request 1

RETRIEVE,
    CLASS      = RD,
    TYPE       = FC,
    STREAM     = OPER,
    EXPVER     = j1rw,
    REPRES     = SH,
    LEVTYPE    = ML,
    LEVELIST   = 1/50/51/52/53/54/55/56/57/58/59/60/61/62/63/64/65/66/67/68/69/70/71/72/73/74/75/76/77/78/79/80/81/82/83/84/85/86/87/88/89/90/91/92/93/94/95/96/97/98/99/100/101/102/103/104/105/106/107/108/109/110/111/112/113/114/115/116/117/118/119/120/121/122/123/124/125/126/127/128/129/130/131/132/133/134/135/136/137,
    PARAM      = 75/82/83/84/85/86/87/88/89/90/91/92/93/94/95/96/97/98/99/100/101/102/103/104/105/106/107/108/109/110/111/130/131/132/133/135/138/152/155/246/162100/162101/162104/162105/162106/162107/162109/210061/210062/210123/210181/217026,
    DATE       = 20220519,
    TIME       = 0000,
    STEP       = 0/1/2/3/4/5/6/7/8/9/10/11/12,
    DOMAIN     = G,
    TARGET     = "mars_ml_9km_49r2b.grb",
    RESOL      = AUTO,
    INTERPOLATION = GRID-BOX-AVERAGE,
    AREA       = 52.5/4.8/51.5/5.8,
    GRID       = 0.2/0.2

mars - INFO   - 20260807.202252 - Requesting 59020 fields
mars - INFO   - 20260807.202252 - FDB home /home/fdbprod
mars - INFO   - 20260807.202252 - Setting SO_SNDBUF to 33554432 (32.00 M)
mars - INFO   - 20260807.202252 - Current value is 32768 (32.00 K)
mars - INFO   - 20260807.202252 - Setting SO_RCVBUF to 33554432 (32.00 M)
mars - INFO   - 20260807.202252 - Current value is 43690 (42.67 K)
mars - INFO   - 20260807.202252 - Calling mars on 'marsrd-core', local port is 35667
mars - INFO   - 20260807.202252 - Callback at address 10.100.192.132, port 35667
mars - INFO   - 20260807.202252 - Mars client is on ac6-132.bullx (10.100.192.132) 35667
mars - INFO   - 20260807.202252 - Mars server is on 10.112.4.10 35247
mars - INFO   - 20260807.202252 - Server task is 505 [marsrd]
mars - INFO   - 20260807.202252 - Request cost: 45,136 fields, 160.386 Gbytes on 1 tape, nodes: hpss, libraries: ibmlib07_70 [marsrd]
mars - INFO   - 20260807.202252 - The efficiency of your requests in the last 12 hours is 39% [marsrd]
mars - INFO   - 20260807.202252 - Wind conversion requested by server
mars - INFO   - 20260807.203415 - Transfering 172213420271 bytes
mars - INFO   - 20260807.203417 - ShToGridded: loading Legendre coefficients '/lus/h2resw01/cache/mir/legendre/4/local-T899-GaussianN450-OPT4189816c2e.leg'
mars - INFO   - 20260807.203420 - Deriving U and V from vorticity and divergence
mars - WARN   - 20260807.213650 - Visiting database marsrd : expected 59020, got 47450
mars - INFO   - 20260807.213650 - 47450 fields have been interpolated on 'ac6-132.bullx'
mars - ERROR  - 20260807.213650 - Last error is -43
mars - ERROR  - 20260807.213650 - Expected 59020, got 47450.
mars - ERROR  - 20260807.213650 - Request failed
mars - INFO   - 20260807.213650 - Request time:  wall: 1 hour 13 min 58 sec  cpu: 1 hour 59 sec 
mars - INFO   - 20260807.213650 -   Read from network: 160.39 Gbyte(s) in 1 min 44 sec  [1.54 Gbyte/sec] 
mars - INFO   - 20260807.213650 -   Processing in marsrd: wall: 11 min 23 sec 
mars - INFO   - 20260807.213650 -   Visiting marsrd: wall: 1 hour 13 min 58 sec 
mars - INFO   - 20260807.213650 -   Post-processing: wall: 57 min 32 sec cpu: 56 min 2 sec 
mars - INFO   - 20260807.213650 -   Writing to target file: 64.19 Mbyte(s) in 1 sec  [43.22 Mbyte/sec] cpu: 1 sec 
mars - INFO   - 20260807.213650 - Memory used: 293.58 Mbyte(s)
mars - ERROR  - 20260807.213650 - Some errors reported (last error -1)
grib_to_netcdf: Version 2.47.0
grib_to_netcdf: Processing input file 'mars_ml_9km_49r2b.grb'.
grib_to_netcdf: Found 47450 GRIB fields in 1 file.
grib_to_netcdf: Ignoring key(s): method, type, stream, refdate, hdate
grib_to_netcdf: Creating netCDF file 'j1rw_9km_49r2b_ml_20220519_0.nc'
grib_to_netcdf: NetCDF library version: 4.10.0 of Apr  9 2026 13:13:33 $
grib_to_netcdf: Creating large (64 bit) file format.
grib_to_netcdf: Defining variable 'crwc'.
grib_to_netcdf: Defining variable 'p82'.
grib_to_netcdf: Defining variable 'p83'.
grib_to_netcdf: Defining variable 'p84'.
grib_to_netcdf: Defining variable 'p85'.
grib_to_netcdf: Defining variable 'p86'.
grib_to_netcdf: Defining variable 'p87'.
grib_to_netcdf: Defining variable 'p88'.
grib_to_netcdf: Defining variable 'p89'.
grib_to_netcdf: Defining variable 'p90'.
grib_to_netcdf: Defining variable 'p91'.
grib_to_netcdf: Defining variable 'p92'.
grib_to_netcdf: Defining variable 'p93'.
grib_to_netcdf: Defining variable 'p94'.
grib_to_netcdf: Defining variable 'p95'.
grib_to_netcdf: Defining variable 'p96'.
grib_to_netcdf: Defining variable 'p97'.
grib_to_netcdf: Defining variable 'p98'.
grib_to_netcdf: Defining variable 'p99'.
grib_to_netcdf: Defining variable 'p100'.
grib_to_netcdf: Defining variable 'p101'.
grib_to_netcdf: Defining variable 'p102'.
grib_to_netcdf: Defining variable 'p103'.
grib_to_netcdf: Defining variable 'p104'.
grib_to_netcdf: Defining variable 'p105'.
grib_to_netcdf: Defining variable 'p106'.
grib_to_netcdf: Defining variable 'p107'.
grib_to_netcdf: Defining variable 'p108'.
grib_to_netcdf: Defining variable 'p109'.
grib_to_netcdf: Defining variable 'p110'.
grib_to_netcdf: Defining variable 'p111'.
grib_to_netcdf: Defining variable 't'.
grib_to_netcdf: Defining variable 'q'.
grib_to_netcdf: Defining variable 'w'.
grib_to_netcdf: Defining variable 'vo'.
grib_to_netcdf: Defining variable 'lnsp'.
grib_to_netcdf: Defining variable 'd'.
grib_to_netcdf: Defining variable 'u'.
grib_to_netcdf: Defining variable 'v'.
grib_to_netcdf: Defining variable 'clwc'.
grib_to_netcdf: Defining variable 'co2'.
grib_to_netcdf: Defining variable 'ch4'.
grib_to_netcdf: Done.
Model level selected
mars - WARN - 
mars - WARN - 
MIR environment variables:
MIR_CACHE_PATH=/lus/h2resw01/cache:{FILE?/ec/cache.1}/cache:{FILE?/ec/cache.2}/cache
MIR_LSM_NAMED=1km.climate.v013
Using MARS binary: /usr/local/apps/mars/versions/6.34.7.1/bin/mars.bin
mars - INFO   - 20260807.214012 - Welcome to MARS
mars - INFO   - 20260807.214012 - MARS_HOME=/usr/local/apps/mars/configs/prod
mars - INFO   - 20260807.214012 - MARS Client build stamp: 20260623091402
mars - INFO   - 20260807.214012 - MARS Client bundle version: 6.34.7.1
mars - INFO   - 20260807.214012 - package mars-client version: 6.34.7
mars - INFO   - 20260807.214012 - package mir version: 1.23.9
mars - INFO   - 20260807.214012 - package odc version: 1.6.3
mars - INFO   - 20260807.214012 - package fdb version: 5.21.4
mars - INFO   - 20260807.214012 - package metkit version: 1.18.3
mars - INFO   - 20260807.214012 - package eckit version: 2.0.8
mars - INFO   - 20260807.214012 - package eccodes version: 2.47.2
# First retrieve profiles
retrieve,
anoffset=9,
class=rd,
date=20220519,
expver=j1rw,
levelist=1/50/51/52/53/54/55/56/57/58/59/60/61/62/63/64/65/66/67/68/69/70/71/72/73/74/75/76/77/78/79/80/81/82/83/84/85/86/87/88/89/90/91/92/93/94/95/96/97/98/99/100/101/102/103/104/105/106/107/108/109/110/111/112/113/114/115/116/117/118/119/120/121/122/123/124/125/126/127/128/129/130/131/132/133/134/135/136/137,
levtype=ml,
param=75/82/83/84/85/86/87/88/89/90/91/92/93/94/95/96/97/98/99/100/101/102/103/104/105/106/107/108/109/110/111/130/131/132/133/135/138/152/155/246/162100/162101/162104/162105/162106/162107/162109/210061/210062/210123/210181/217026,
step=12/13/14/15/16/17/18/19/20/21/22/23/24,
stream=oper,
time=00:00:00,
type=fc,
grid=0.2/0.2,
area=52.5/4.8/51.5/5.8,
interpolation=grid-box-average,
target="mars_ml_9km_49r2b.grb"

mars - INFO   - 20260807.214012 - Processing request 1

RETRIEVE,
    CLASS      = RD,
    TYPE       = FC,
    STREAM     = OPER,
    EXPVER     = j1rw,
    REPRES     = SH,
    LEVTYPE    = ML,
    LEVELIST   = 1/50/51/52/53/54/55/56/57/58/59/60/61/62/63/64/65/66/67/68/69/70/71/72/73/74/75/76/77/78/79/80/81/82/83/84/85/86/87/88/89/90/91/92/93/94/95/96/97/98/99/100/101/102/103/104/105/106/107/108/109/110/111/112/113/114/115/116/117/118/119/120/121/122/123/124/125/126/127/128/129/130/131/132/133/134/135/136/137,
    PARAM      = 75/82/83/84/85/86/87/88/89/90/91/92/93/94/95/96/97/98/99/100/101/102/103/104/105/106/107/108/109/110/111/130/131/132/133/135/138/152/155/246/162100/162101/162104/162105/162106/162107/162109/210061/210062/210123/210181/217026,
    DATE       = 20220519,
    TIME       = 0000,
    STEP       = 12/13/14/15/16/17/18/19/20/21/22/23/24,
    DOMAIN     = G,
    TARGET     = "mars_ml_9km_49r2b.grb",
    RESOL      = AUTO,
    INTERPOLATION = GRID-BOX-AVERAGE,
    AREA       = 52.5/4.8/51.5/5.8,
    GRID       = 0.2/0.2

mars - INFO   - 20260807.214013 - Requesting 59020 fields
mars - INFO   - 20260807.214013 - FDB home /home/fdbprod
mars - INFO   - 20260807.214013 - Setting SO_SNDBUF to 33554432 (32.00 M)
mars - INFO   - 20260807.214013 - Current value is 32768 (32.00 K)
mars - INFO   - 20260807.214013 - Setting SO_RCVBUF to 33554432 (32.00 M)
mars - INFO   - 20260807.214013 - Current value is 43690 (42.67 K)
mars - INFO   - 20260807.214013 - Calling mars on 'marsrd-core', local port is 48113
mars - INFO   - 20260807.214013 - Callback at address 10.100.192.132, port 48113
mars - INFO   - 20260807.214013 - Mars client is on ac6-132.bullx (10.100.192.132) 48113
mars - INFO   - 20260807.214013 - Mars server is on 10.112.4.10 40929
mars - INFO   - 20260807.214013 - Server task is 3376 [marsrd]
mars - INFO   - 20260807.214013 - Request cost: 45,136 fields, 13.4413 Gbytes online, 166.252 Gbytes on 1 tape, nodes: hpss mvr000 mvr004, libraries: ibmlib07_70 [marsrd]
mars - INFO   - 20260807.214013 - The efficiency of your requests in the last 12 hours is 39% [marsrd]
mars - INFO   - 20260807.214013 - Wind conversion requested by server
mars - INFO   - 20260807.215647 - Transfering 192943891599 bytes
mars - INFO   - 20260807.215650 - ShToGridded: loading Legendre coefficients '/lus/h2resw01/cache/mir/legendre/4/local-T899-GaussianN450-OPT4189816c2e.leg'
mars - INFO   - 20260807.215652 - Deriving U and V from vorticity and divergence
mars - WARN   - 20260807.230359 - Visiting database marsrd : expected 59020, got 47450
mars - INFO   - 20260807.230359 - 47450 fields have been interpolated on 'ac6-132.bullx'
mars - ERROR  - 20260807.230359 - Last error is -43
mars - ERROR  - 20260807.230359 - Expected 59020, got 47450.
mars - ERROR  - 20260807.230359 - Request failed
mars - INFO   - 20260807.230359 - Request time:  wall: 1 hour 23 min 46 sec  cpu: 1 hour 4 min 42 sec 
mars - INFO   - 20260807.230359 -   Read from network: 179.69 Gbyte(s) in 1 min 57 sec  [1.53 Gbyte/sec] 
mars - INFO   - 20260807.230359 -   Processing in marsrd: wall: 16 min 34 sec 
mars - INFO   - 20260807.230359 -   Visiting marsrd: wall: 1 hour 23 min 46 sec 
mars - INFO   - 20260807.230359 -   Post-processing: wall: 1 hour 1 min 34 sec cpu: 59 min 9 sec 
mars - INFO   - 20260807.230359 -   Writing to target file: 64.58 Mbyte(s) in 2 sec  [41.17 Mbyte/sec] cpu: 2 sec 
mars - INFO   - 20260807.230359 - Memory used: 293.07 Mbyte(s)
mars - ERROR  - 20260807.230359 - Some errors reported (last error -1)
grib_to_netcdf: Version 2.47.0
grib_to_netcdf: Processing input file 'mars_ml_9km_49r2b.grb'.
grib_to_netcdf: Found 47450 GRIB fields in 1 file.
grib_to_netcdf: Ignoring key(s): method, type, stream, refdate, hdate
grib_to_netcdf: Creating netCDF file 'j1rw_9km_49r2b_ml_20220519_12.nc'
grib_to_netcdf: NetCDF library version: 4.10.0 of Apr  9 2026 13:13:33 $
grib_to_netcdf: Creating large (64 bit) file format.
grib_to_netcdf: Defining variable 'crwc'.
grib_to_netcdf: Defining variable 'p82'.
grib_to_netcdf: Defining variable 'p83'.
grib_to_netcdf: Defining variable 'p84'.
grib_to_netcdf: Defining variable 'p85'.
grib_to_netcdf: Defining variable 'p86'.
grib_to_netcdf: Defining variable 'p87'.
grib_to_netcdf: Defining variable 'p88'.
grib_to_netcdf: Defining variable 'p89'.
grib_to_netcdf: Defining variable 'p90'.
grib_to_netcdf: Defining variable 'p91'.
grib_to_netcdf: Defining variable 'p92'.
grib_to_netcdf: Defining variable 'p93'.
grib_to_netcdf: Defining variable 'p94'.
grib_to_netcdf: Defining variable 'p95'.
grib_to_netcdf: Defining variable 'p96'.
grib_to_netcdf: Defining variable 'p97'.
grib_to_netcdf: Defining variable 'p98'.
grib_to_netcdf: Defining variable 'p99'.
grib_to_netcdf: Defining variable 'p100'.
grib_to_netcdf: Defining variable 'p101'.
grib_to_netcdf: Defining variable 'p102'.
grib_to_netcdf: Defining variable 'p103'.
grib_to_netcdf: Defining variable 'p104'.
grib_to_netcdf: Defining variable 'p105'.
grib_to_netcdf: Defining variable 'p106'.
grib_to_netcdf: Defining variable 'p107'.
grib_to_netcdf: Defining variable 'p108'.
grib_to_netcdf: Defining variable 'p109'.
grib_to_netcdf: Defining variable 'p110'.
grib_to_netcdf: Defining variable 'p111'.
grib_to_netcdf: Defining variable 't'.
grib_to_netcdf: Defining variable 'q'.
grib_to_netcdf: Defining variable 'w'.
grib_to_netcdf: Defining variable 'vo'.
grib_to_netcdf: Defining variable 'lnsp'.
grib_to_netcdf: Defining variable 'd'.
grib_to_netcdf: Defining variable 'u'.
grib_to_netcdf: Defining variable 'v'.
grib_to_netcdf: Defining variable 'clwc'.
grib_to_netcdf: Defining variable 'co2'.
grib_to_netcdf: Defining variable 'ch4'.
grib_to_netcdf: Done.
Model level selected
mars - WARN - 
mars - WARN - 
MIR environment variables:
MIR_CACHE_PATH=/lus/h2resw01/cache:{FILE?/ec/cache.1}/cache:{FILE?/ec/cache.2}/cache
MIR_LSM_NAMED=1km.climate.v013
Using MARS binary: /usr/local/apps/mars/versions/6.34.7.1/bin/mars.bin
mars - INFO   - 20260807.230756 - Welcome to MARS
mars - INFO   - 20260807.230756 - MARS_HOME=/usr/local/apps/mars/configs/prod
mars - INFO   - 20260807.230756 - MARS Client build stamp: 20260623091402
mars - INFO   - 20260807.230756 - MARS Client bundle version: 6.34.7.1
mars - INFO   - 20260807.230756 - package mars-client version: 6.34.7
mars - INFO   - 20260807.230756 - package mir version: 1.23.9
mars - INFO   - 20260807.230756 - package odc version: 1.6.3
mars - INFO   - 20260807.230756 - package fdb version: 5.21.4
mars - INFO   - 20260807.230756 - package metkit version: 1.18.3
mars - INFO   - 20260807.230756 - package eckit version: 2.0.8
mars - INFO   - 20260807.230756 - package eccodes version: 2.47.2
# First retrieve profiles
retrieve,
anoffset=9,
class=rd,
date=20220520,
expver=j1rw,
levelist=1/50/51/52/53/54/55/56/57/58/59/60/61/62/63/64/65/66/67/68/69/70/71/72/73/74/75/76/77/78/79/80/81/82/83/84/85/86/87/88/89/90/91/92/93/94/95/96/97/98/99/100/101/102/103/104/105/106/107/108/109/110/111/112/113/114/115/116/117/118/119/120/121/122/123/124/125/126/127/128/129/130/131/132/133/134/135/136/137,
levtype=ml,
param=75/82/83/84/85/86/87/88/89/90/91/92/93/94/95/96/97/98/99/100/101/102/103/104/105/106/107/108/109/110/111/130/131/132/133/135/138/152/155/246/162100/162101/162104/162105/162106/162107/162109/210061/210062/210123/210181/217026,
step=0/1/2/3/4/5/6/7/8/9/10/11/12,
stream=oper,
time=00:00:00,
type=fc,
grid=0.2/0.2,
area=52.5/4.8/51.5/5.8,
interpolation=grid-box-average,
target="mars_ml_9km_49r2b.grb"

mars - INFO   - 20260807.230756 - Processing request 1

RETRIEVE,
    CLASS      = RD,
    TYPE       = FC,
    STREAM     = OPER,
    EXPVER     = j1rw,
    REPRES     = SH,
    LEVTYPE    = ML,
    LEVELIST   = 1/50/51/52/53/54/55/56/57/58/59/60/61/62/63/64/65/66/67/68/69/70/71/72/73/74/75/76/77/78/79/80/81/82/83/84/85/86/87/88/89/90/91/92/93/94/95/96/97/98/99/100/101/102/103/104/105/106/107/108/109/110/111/112/113/114/115/116/117/118/119/120/121/122/123/124/125/126/127/128/129/130/131/132/133/134/135/136/137,
    PARAM      = 75/82/83/84/85/86/87/88/89/90/91/92/93/94/95/96/97/98/99/100/101/102/103/104/105/106/107/108/109/110/111/130/131/132/133/135/138/152/155/246/162100/162101/162104/162105/162106/162107/162109/210061/210062/210123/210181/217026,
    DATE       = 20220520,
    TIME       = 0000,
    STEP       = 0/1/2/3/4/5/6/7/8/9/10/11/12,
    DOMAIN     = G,
    TARGET     = "mars_ml_9km_49r2b.grb",
    RESOL      = AUTO,
    INTERPOLATION = GRID-BOX-AVERAGE,
    AREA       = 52.5/4.8/51.5/5.8,
    GRID       = 0.2/0.2

mars - INFO   - 20260807.230756 - Requesting 59020 fields
mars - INFO   - 20260807.230756 - FDB home /home/fdbprod
mars - INFO   - 20260807.230757 - Setting SO_SNDBUF to 33554432 (32.00 M)
mars - INFO   - 20260807.230757 - Current value is 32768 (32.00 K)
mars - INFO   - 20260807.230757 - Setting SO_RCVBUF to 33554432 (32.00 M)
mars - INFO   - 20260807.230757 - Current value is 43690 (42.67 K)
mars - INFO   - 20260807.230757 - Calling mars on 'marsrd-core', local port is 57569
mars - INFO   - 20260807.230757 - Callback at address 10.100.192.132, port 57569
mars - INFO   - 20260807.230759 - Mars client is on ac6-132.bullx (10.100.192.132) 57569
mars - INFO   - 20260807.230759 - Mars server is on 10.112.4.10 54363
mars - INFO   - 20260807.230759 - Server task is 1228 [marsrd]
mars - INFO   - 20260807.230759 - Request cost: 45,136 fields, 159.603 Gbytes on 1 tape, nodes: hpss, libraries: ibmlib07_70 [marsrd]
mars - INFO   - 20260807.230759 - The efficiency of your requests in the last 12 hours is 27% [marsrd]
mars - INFO   - 20260807.230759 - Wind conversion requested by server
mars - INFO   - 20260807.232102 - Transfering 171372297661 bytes
mars - INFO   - 20260807.232104 - ShToGridded: loading Legendre coefficients '/lus/h2resw01/cache/mir/legendre/4/local-T899-GaussianN450-OPT4189816c2e.leg'
mars - INFO   - 20260807.232152 - Deriving U and V from vorticity and divergence
mars - WARN   - 20260808.002457 - Visiting database marsrd : expected 59020, got 47450
mars - INFO   - 20260808.002457 - 47450 fields have been interpolated on 'ac6-132.bullx'
mars - ERROR  - 20260808.002457 - Last error is -43
mars - ERROR  - 20260808.002457 - Expected 59020, got 47450.
mars - ERROR  - 20260808.002457 - Request failed
mars - INFO   - 20260808.002457 - Request time:  wall: 1 hour 17 min 1 sec  cpu: 1 hour 43 sec 
mars - INFO   - 20260808.002457 -   Read from network: 159.60 Gbyte(s) in 1 min 49 sec  [1.47 Gbyte/sec] 
mars - INFO   - 20260808.002457 -   Processing in marsrd: wall: 13 min 5 sec 
mars - INFO   - 20260808.002457 -   Visiting marsrd: wall: 1 hour 17 min 
mars - INFO   - 20260808.002457 -   Post-processing: wall: 58 min 54 sec cpu: 55 min 47 sec 
mars - INFO   - 20260808.002457 -   Writing to target file: 64.17 Mbyte(s) in 2 sec  [40.71 Mbyte/sec] cpu: 2 sec 
mars - INFO   - 20260808.002457 - Memory used: 293.11 Mbyte(s)
mars - ERROR  - 20260808.002457 - Some errors reported (last error -1)
grib_to_netcdf: Version 2.47.0
grib_to_netcdf: Processing input file 'mars_ml_9km_49r2b.grb'.
grib_to_netcdf: Found 47450 GRIB fields in 1 file.
grib_to_netcdf: Ignoring key(s): method, type, stream, refdate, hdate
grib_to_netcdf: Creating netCDF file 'j1rw_9km_49r2b_ml_20220520_0.nc'
grib_to_netcdf: NetCDF library version: 4.10.0 of Apr  9 2026 13:13:33 $
grib_to_netcdf: Creating large (64 bit) file format.
grib_to_netcdf: Defining variable 'crwc'.
grib_to_netcdf: Defining variable 'p82'.
grib_to_netcdf: Defining variable 'p83'.
grib_to_netcdf: Defining variable 'p84'.
grib_to_netcdf: Defining variable 'p85'.
grib_to_netcdf: Defining variable 'p86'.
grib_to_netcdf: Defining variable 'p87'.
grib_to_netcdf: Defining variable 'p88'.
grib_to_netcdf: Defining variable 'p89'.
grib_to_netcdf: Defining variable 'p90'.
grib_to_netcdf: Defining variable 'p91'.
grib_to_netcdf: Defining variable 'p92'.
grib_to_netcdf: Defining variable 'p93'.
grib_to_netcdf: Defining variable 'p94'.
grib_to_netcdf: Defining variable 'p95'.
grib_to_netcdf: Defining variable 'p96'.
grib_to_netcdf: Defining variable 'p97'.
grib_to_netcdf: Defining variable 'p98'.
grib_to_netcdf: Defining variable 'p99'.
grib_to_netcdf: Defining variable 'p100'.
grib_to_netcdf: Defining variable 'p101'.
grib_to_netcdf: Defining variable 'p102'.
grib_to_netcdf: Defining variable 'p103'.
grib_to_netcdf: Defining variable 'p104'.
grib_to_netcdf: Defining variable 'p105'.
grib_to_netcdf: Defining variable 'p106'.
grib_to_netcdf: Defining variable 'p107'.
grib_to_netcdf: Defining variable 'p108'.
grib_to_netcdf: Defining variable 'p109'.
grib_to_netcdf: Defining variable 'p110'.
grib_to_netcdf: Defining variable 'p111'.
grib_to_netcdf: Defining variable 't'.
grib_to_netcdf: Defining variable 'q'.
grib_to_netcdf: Defining variable 'w'.
grib_to_netcdf: Defining variable 'vo'.
grib_to_netcdf: Defining variable 'lnsp'.
grib_to_netcdf: Defining variable 'd'.
grib_to_netcdf: Defining variable 'u'.
grib_to_netcdf: Defining variable 'v'.
grib_to_netcdf: Defining variable 'clwc'.
grib_to_netcdf: Defining variable 'co2'.
grib_to_netcdf: Defining variable 'ch4'.
grib_to_netcdf: Done.
Model level selected
mars - WARN - 
mars - WARN - 
MIR environment variables:
MIR_CACHE_PATH=/lus/h2resw01/cache:{FILE?/ec/cache.1}/cache:{FILE?/ec/cache.2}/cache
MIR_LSM_NAMED=1km.climate.v013
Using MARS binary: /usr/local/apps/mars/versions/6.34.7.1/bin/mars.bin
mars - INFO   - 20260808.002753 - Welcome to MARS
mars - INFO   - 20260808.002753 - MARS_HOME=/usr/local/apps/mars/configs/prod
mars - INFO   - 20260808.002753 - MARS Client build stamp: 20260623091402
mars - INFO   - 20260808.002753 - MARS Client bundle version: 6.34.7.1
mars - INFO   - 20260808.002753 - package mars-client version: 6.34.7
mars - INFO   - 20260808.002753 - package mir version: 1.23.9
mars - INFO   - 20260808.002753 - package odc version: 1.6.3
mars - INFO   - 20260808.002753 - package fdb version: 5.21.4
mars - INFO   - 20260808.002753 - package metkit version: 1.18.3
mars - INFO   - 20260808.002753 - package eckit version: 2.0.8
mars - INFO   - 20260808.002753 - package eccodes version: 2.47.2
# First retrieve profiles
retrieve,
anoffset=9,
class=rd,
date=20220520,
expver=j1rw,
levelist=1/50/51/52/53/54/55/56/57/58/59/60/61/62/63/64/65/66/67/68/69/70/71/72/73/74/75/76/77/78/79/80/81/82/83/84/85/86/87/88/89/90/91/92/93/94/95/96/97/98/99/100/101/102/103/104/105/106/107/108/109/110/111/112/113/114/115/116/117/118/119/120/121/122/123/124/125/126/127/128/129/130/131/132/133/134/135/136/137,
levtype=ml,
param=75/82/83/84/85/86/87/88/89/90/91/92/93/94/95/96/97/98/99/100/101/102/103/104/105/106/107/108/109/110/111/130/131/132/133/135/138/152/155/246/162100/162101/162104/162105/162106/162107/162109/210061/210062/210123/210181/217026,
step=12/13/14/15/16/17/18/19/20/21/22/23/24,
stream=oper,
time=00:00:00,
type=fc,
grid=0.2/0.2,
area=52.5/4.8/51.5/5.8,
interpolation=grid-box-average,
target="mars_ml_9km_49r2b.grb"

mars - INFO   - 20260808.002753 - Processing request 1

RETRIEVE,
    CLASS      = RD,
    TYPE       = FC,
    STREAM     = OPER,
    EXPVER     = j1rw,
    REPRES     = SH,
    LEVTYPE    = ML,
    LEVELIST   = 1/50/51/52/53/54/55/56/57/58/59/60/61/62/63/64/65/66/67/68/69/70/71/72/73/74/75/76/77/78/79/80/81/82/83/84/85/86/87/88/89/90/91/92/93/94/95/96/97/98/99/100/101/102/103/104/105/106/107/108/109/110/111/112/113/114/115/116/117/118/119/120/121/122/123/124/125/126/127/128/129/130/131/132/133/134/135/136/137,
    PARAM      = 75/82/83/84/85/86/87/88/89/90/91/92/93/94/95/96/97/98/99/100/101/102/103/104/105/106/107/108/109/110/111/130/131/132/133/135/138/152/155/246/162100/162101/162104/162105/162106/162107/162109/210061/210062/210123/210181/217026,
    DATE       = 20220520,
    TIME       = 0000,
    STEP       = 12/13/14/15/16/17/18/19/20/21/22/23/24,
    DOMAIN     = G,
    TARGET     = "mars_ml_9km_49r2b.grb",
    RESOL      = AUTO,
    INTERPOLATION = GRID-BOX-AVERAGE,
    AREA       = 52.5/4.8/51.5/5.8,
    GRID       = 0.2/0.2

mars - INFO   - 20260808.002753 - Requesting 59020 fields
mars - INFO   - 20260808.002753 - FDB home /home/fdbprod
mars - INFO   - 20260808.002754 - Setting SO_SNDBUF to 33554432 (32.00 M)
mars - INFO   - 20260808.002754 - Current value is 32768 (32.00 K)
mars - INFO   - 20260808.002754 - Setting SO_RCVBUF to 33554432 (32.00 M)
mars - INFO   - 20260808.002754 - Current value is 43690 (42.67 K)
mars - INFO   - 20260808.002754 - Calling mars on 'marsrd-core', local port is 57299
mars - INFO   - 20260808.002754 - Callback at address 10.100.192.132, port 57299
mars - INFO   - 20260808.002754 - Mars client is on ac6-132.bullx (10.100.192.132) 57299
mars - INFO   - 20260808.002754 - Mars server is on 10.112.4.10 49721
mars - INFO   - 20260808.002754 - Server task is 3546 [marsrd]
mars - INFO   - 20260808.002754 - Request cost: 45,136 fields, 13.3985 Gbytes online, 164.867 Gbytes on 1 tape, nodes: hpss mvr005, libraries: ibmlib07_70 [marsrd]
mars - INFO   - 20260808.002754 - The efficiency of your requests in the last 12 hours is 18% [marsrd]
mars - WARN   - 20260808.002754 - Please see https://confluence.ecmwf.int/x/rxRtD in order to improve the efficiency of your requests [marsrd]
mars - INFO   - 20260808.002754 - Wind conversion requested by server
mars - INFO   - 20260808.004238 - Transfering 191410703637 bytes
mars - INFO   - 20260808.004241 - ShToGridded: loading Legendre coefficients '/lus/h2resw01/cache/mir/legendre/4/local-T899-GaussianN450-OPT4189816c2e.leg'
mars - INFO   - 20260808.004323 - Deriving U and V from vorticity and divergence
mars - ERROR  - 20260808.011343 - wmo_read_any_from_file: error -45 (End of resource reached when reading message) l=67108864, len=4781606 (Illegal seek)
mars - WARN   - 20260808.011343 - Error -45 returned by readany
mars - WARN   - 20260808.011343 - Transfer interrupted, got 82946029889 out of 191410703637 bytes err=-45
mars - WARN   - 20260808.011343 - Retrying..
mars - ERROR  - 20260808.011343 - Mars server task finished in error
mars - ERROR  - 20260808.011343 - Double buffer error: Cannot open /data/fc/marsrd_mvr013_p_pool4_a/cache/hpss/marsrdoper/j1rw/fc/20220520/ml/21574799.20260808.002754.bods1-ab0613.ecmwf.int.17509632478019584  (No such file or directory)(RemoteException from Connector[mvr013,bods1-ab0613:9701]) [marsrd]
mars - ERROR  - 20260808.011343 - Error code is -2
mars - WARN   - 20260808.011343 - Got 0 out of 191410703637 bytes
mars - WARN   - 20260808.011343 - Sleeping 2 minutes
mars - INFO   - 20260808.011543 - Calling mars on 'marsrd-core', local port is 35639
mars - INFO   - 20260808.011543 - Callback at address 10.100.192.132, port 35639
mars - INFO   - 20260808.011544 - Mars client is on ac6-132.bullx (10.100.192.132) 35639
mars - INFO   - 20260808.011544 - Mars server is on 10.112.4.10 37499
mars - INFO   - 20260808.011544 - Server task is 5676 [marsrd]
mars - INFO   - 20260808.011544 - Request cost: 45,136 fields, 178.265 Gbytes online, nodes: mvr000 mvr004 mvr005 mvr010 mvr011 [marsrd]
mars - INFO   - 20260808.011544 - The efficiency of your requests in the last 12 hours is 8% [marsrd]
mars - WARN   - 20260808.011544 - Please see https://confluence.ecmwf.int/x/rxRtD in order to improve the efficiency of your requests [marsrd]
mars - INFO   - 20260808.011544 - Wind conversion requested by server
mars - INFO   - 20260808.011544 - Transfering 191410703637 bytes
mars - WARN   - 20260808.022001 - Visiting database marsrd : expected 59020, got 47450
mars - INFO   - 20260808.022001 - 68539 fields have been interpolated on 'ac6-132.bullx'
mars - ERROR  - 20260808.022001 - Last error is -43
mars - ERROR  - 20260808.022001 - Expected 59020, got 47450.
mars - ERROR  - 20260808.022001 - Request failed
mars - INFO   - 20260808.022001 - Request time:  wall: 1 hour 52 min 8 sec  cpu: 1 hour 31 min 36 sec 
mars - INFO   - 20260808.022001 -   Read from network: 255.51 Gbyte(s) in 2 min 51 sec  [1.49 Gbyte/sec] 
mars - INFO   - 20260808.022001 -   Processing in marsrd: wall: 14 min 45 sec 
mars - INFO   - 20260808.022001 -   Visiting marsrd: wall: 1 hour 52 min 7 sec 
mars - INFO   - 20260808.022001 -   Post-processing: wall: 1 hour 27 min 48 sec cpu: 1 hour 24 min 12 sec 
mars - INFO   - 20260808.022001 -   Writing to target file: 93.37 Mbyte(s) in 2 sec  [43.43 Mbyte/sec] cpu: 2 sec 
mars - INFO   - 20260808.022001 - Memory used: 293.38 Mbyte(s)
mars - ERROR  - 20260808.022001 - Some errors reported (last error -1)
grib_to_netcdf: Version 2.47.0
grib_to_netcdf: Processing input file 'mars_ml_9km_49r2b.grb'.
grib_to_netcdf: Found 47450 GRIB fields in 1 file.
grib_to_netcdf: Ignoring key(s): method, type, stream, refdate, hdate
grib_to_netcdf: Creating netCDF file 'j1rw_9km_49r2b_ml_20220520_12.nc'
grib_to_netcdf: NetCDF library version: 4.10.0 of Apr  9 2026 13:13:33 $
grib_to_netcdf: Creating large (64 bit) file format.
grib_to_netcdf: Defining variable 'crwc'.
grib_to_netcdf: Defining variable 'p82'.
grib_to_netcdf: Defining variable 'p83'.
grib_to_netcdf: Defining variable 'p84'.
grib_to_netcdf: Defining variable 'p85'.
grib_to_netcdf: Defining variable 'p86'.
grib_to_netcdf: Defining variable 'p87'.
grib_to_netcdf: Defining variable 'p88'.
grib_to_netcdf: Defining variable 'p89'.
grib_to_netcdf: Defining variable 'p90'.
grib_to_netcdf: Defining variable 'p91'.
grib_to_netcdf: Defining variable 'p92'.
grib_to_netcdf: Defining variable 'p93'.
grib_to_netcdf: Defining variable 'p94'.
grib_to_netcdf: Defining variable 'p95'.
grib_to_netcdf: Defining variable 'p96'.
grib_to_netcdf: Defining variable 'p97'.
grib_to_netcdf: Defining variable 'p98'.
grib_to_netcdf: Defining variable 'p99'.
grib_to_netcdf: Defining variable 'p100'.
grib_to_netcdf: Defining variable 'p101'.
grib_to_netcdf: Defining variable 'p102'.
grib_to_netcdf: Defining variable 'p103'.
grib_to_netcdf: Defining variable 'p104'.
grib_to_netcdf: Defining variable 'p105'.
grib_to_netcdf: Defining variable 'p106'.
grib_to_netcdf: Defining variable 'p107'.
grib_to_netcdf: Defining variable 'p108'.
grib_to_netcdf: Defining variable 'p109'.
grib_to_netcdf: Defining variable 'p110'.
grib_to_netcdf: Defining variable 'p111'.
grib_to_netcdf: Defining variable 't'.
grib_to_netcdf: Defining variable 'q'.
grib_to_netcdf: Defining variable 'w'.
grib_to_netcdf: Defining variable 'vo'.
grib_to_netcdf: Defining variable 'lnsp'.
grib_to_netcdf: Defining variable 'd'.
grib_to_netcdf: Defining variable 'u'.
grib_to_netcdf: Defining variable 'v'.
grib_to_netcdf: Defining variable 'clwc'.
grib_to_netcdf: Defining variable 'co2'.
grib_to_netcdf: Defining variable 'ch4'.
grib_to_netcdf: Done.
python_scripts/processing_IFS/scripts/mars_ghg_fc_automated: line 209: _srf_9km_49r2b.grb: command not found
python_scripts/processing_IFS/scripts/mars_ghg_fc_automated: line 210: syntax error near unexpected token `fi'
python_scripts/processing_IFS/scripts/mars_ghg_fc_automated: line 210: `      fi'
