[ECMWF-INFO -ecprofile] /usr/bin/bash NON_INTERACTIVE on ac6-195 at 20260807_093250.537, PID: 2146471, JOBID: 39360679
[ECMWF-INFO -ecprofile] $SCRATCH=/ec/res4/scratch/paaa
[ECMWF-INFO -ecprofile] $PERM=/perm/paaa
[ECMWF-INFO -ecprofile] $HPCPERM=/ec/res4/hpcperm/paaa
[ECMWF-INFO -ecprofile] $TMPDIR=/etc/ecmwf/ssd/ssd1/tmpdirs/paaa.39360679
[ECMWF-INFO -ecprofile] $SCRATCHDIR=/ec/res4/scratchdir/paaa/7/39360679
base_dir: /scratch/paaa/IFS/HPB_tower
subdomain: HPB_tower
exp_id: j1rw
exp_name: 9km_49r2b
exp_type: fc
levels: srf
ldiagflx: False
ldiagflx_49r2b: True
ldiagghg: False
levitrac: False
lbud23: False
lead_time: 0
grid: 0.2/0.2
year: 2022
stream: oper
single_day: False
area: 48.3/10.5/47.3/11.5
param_ml: 75/82/83/84/85/86/87/88/89/90/91/92/93/94/95/96/97/98/99/100/101/102/103/104/105/106/107/108/109/110/111/130/131/132/133/135/138/152/155/246/162100/162101/162104/162105/162106/162107/162109/210061/210062/210123/210181/217026
Find your raw data in /scratch/paaa/IFS/HPB_tower/j1rw
Surface level selected
mars - WARN - 
mars - WARN - 
MIR environment variables:
MIR_CACHE_PATH=/lus/h2resw01/cache:{FILE?/ec/cache.1}/cache:{FILE?/ec/cache.2}/cache
MIR_LSM_NAMED=1km.climate.v013
Using MARS binary: /usr/local/apps/mars/versions/6.34.7.1/bin/mars.bin
mars - INFO   - 20260807.093256 - Welcome to MARS
mars - INFO   - 20260807.093256 - MARS_HOME=/usr/local/apps/mars/configs/prod
mars - INFO   - 20260807.093256 - MARS Client build stamp: 20260623091402
mars - INFO   - 20260807.093256 - MARS Client bundle version: 6.34.7.1
mars - INFO   - 20260807.093256 - package mars-client version: 6.34.7
mars - INFO   - 20260807.093256 - package mir version: 1.23.9
mars - INFO   - 20260807.093256 - package odc version: 1.6.3
mars - INFO   - 20260807.093256 - package fdb version: 5.21.4
mars - INFO   - 20260807.093256 - package metkit version: 1.18.3
mars - INFO   - 20260807.093256 - package eckit version: 2.0.8
mars - INFO   - 20260807.093256 - package eccodes version: 2.47.2
# Second retrieve surface
retrieve,
anoffset=9,
class=rd,
date=20220515,
expver=j1rw,
levtype=sfc,
param=146.128/147.128/148.128/228.128/231.128/232.128/66.128/67.128/80.228/81.228/82.228/83.228/84.228/85.228/129.128/130/134.128/145.128/159.128/164.128/165.128/166.128/167.128/182.128/235.128/244.128/210061/210062/210123/210181/228104/228109,
step=0/1/2/3/4/5/6/7/8/9/10/11/12,
stream=oper,
time=00:00:00,
type=fc,
grid=0.2/0.2,
area=48.3/10.5/47.3/11.5,
interpolation=grid-box-average,
target="mars_srf_9km_49r2b.grb"

mars - INFO   - 20260807.093308 - Processing request 1

RETRIEVE,
    CLASS      = RD,
    TYPE       = FC,
    STREAM     = OPER,
    EXPVER     = j1rw,
    REPRES     = SH,
    LEVTYPE    = SFC,
    PARAM      = 146.128/147.128/148.128/228.128/231.128/232.128/66.128/67.128/80.228/81.228/82.228/83.228/84.228/85.228/129.128/130/134.128/145.128/159.128/164.128/165.128/166.128/167.128/182.128/235.128/244.128/210061/210062/210123/210181/228104/228109,
    DATE       = 20220515,
    TIME       = 0000,
    STEP       = 0/1/2/3/4/5/6/7/8/9/10/11/12,
    DOMAIN     = G,
    TARGET     = "mars_srf_9km_49r2b.grb",
    RESOL      = AUTO,
    INTERPOLATION = GRID-BOX-AVERAGE,
    AREA       = 48.3/10.5/47.3/11.5,
    GRID       = 0.2/0.2

mars - INFO   - 20260807.093308 - Requesting 416 fields
mars - INFO   - 20260807.093308 - FDB home /home/fdbprod
mars - INFO   - 20260807.093308 - Setting SO_SNDBUF to 33554432 (32.00 M)
mars - INFO   - 20260807.093308 - Current value is 32768 (32.00 K)
mars - INFO   - 20260807.093308 - Setting SO_RCVBUF to 33554432 (32.00 M)
mars - INFO   - 20260807.093308 - Current value is 43690 (42.67 K)
mars - INFO   - 20260807.093308 - Calling mars on 'marsrd-core', local port is 58239
mars - INFO   - 20260807.093308 - Callback at address 10.100.192.195, port 58239
mars - INFO   - 20260807.093308 - Mars client is on ac6-195.bullx (10.100.192.195) 58239
mars - INFO   - 20260807.093308 - Mars server is on 10.112.4.10 59695
mars - INFO   - 20260807.093308 - Server task is 3232 [marsrd]
mars - INFO   - 20260807.093308 - Request cost: 351 fields, 3.89518 Gbytes online, nodes: mvr011 [marsrd]
mars - INFO   - 20260807.093308 - The efficiency of your requests in the last 12 hours is 100% [marsrd]
mars - INFO   - 20260807.093308 - Transfering 4182416892 bytes
mars - INFO   - 20260807.093309 - Cache file /lus/h2resw01/cache/mir/weights/16/grid-box-average/3/R1280-8eadc35e89cffa3b706236fca69532c3-89.9462:0:-89.9462:359.93/LL-0.2x0.2-48.3:10.5:47.3:11.5-711ca901ee451c6b3db1994cdff7a366.mat does not exist
mars - INFO   - 20260807.093309 - Creating cache file /lus/h2resw01/cache/mir/weights/16/grid-box-average/3/R1280-8eadc35e89cffa3b706236fca69532c3-89.9462:0:-89.9462:359.93/LL-0.2x0.2-48.3:10.5:47.3:11.5-711ca901ee451c6b3db1994cdff7a366.mat
mars - INFO   - 20260807.093309 - CacheManager creating file /lus/h2resw01/cache/mir/weights/16/grid-box-average/3/R1280-8eadc35e89cffa3b706236fca69532c3-89.9462:0:-89.9462:359.93/LL-0.2x0.2-48.3:10.5:47.3:11.5-711ca901ee451c6b3db1994cdff7a366.mat
mars - INFO   - 20260807.093313 - ShToGridded: loading Legendre coefficients '/lus/h2resw01/cache/mir/legendre/4/local-T899-GaussianN450-OPT4189816c2e.leg'
mars - INFO   - 20260807.093316 - mmap count: 2 (+1), mmap size: 1.75581 Gbytes (+1.36244 Gbytes), mapped shared: 1.37106 Gbytes (+1.36244 Gbytes), malloc total: 66.8337 Mbytes (+128 bytes), malloc free: 12.5413 Mbytes (-128 bytes)Cache file /lus/h2resw01/cache/mir/weights/16/grid-box-average/3/F450-48.4731:10.2:47.2737:11.6/LL-0.2x0.2-48.3:10.5:47.3:11.5-97802778824194c1c443c3126882da80.mat does not exist
mars - INFO   - 20260807.093316 - Creating cache file /lus/h2resw01/cache/mir/weights/16/grid-box-average/3/F450-48.4731:10.2:47.2737:11.6/LL-0.2x0.2-48.3:10.5:47.3:11.5-97802778824194c1c443c3126882da80.mat
mars - INFO   - 20260807.093316 - CacheManager creating file /lus/h2resw01/cache/mir/weights/16/grid-box-average/3/F450-48.4731:10.2:47.2737:11.6/LL-0.2x0.2-48.3:10.5:47.3:11.5-97802778824194c1c443c3126882da80.mat
mars - INFO   - 20260807.093316 - PointSearch: building TreeMappedFile[path=/lus/h2resw01/cache/mir/search/2/F450-48.4731:10.2:47.2737:11.6.kdtree.20260807.093316.ac6-195.bullx.9246467587833858,ready?0] for RegularGG[N=450,Ni=8,Nj=7,bbox=BoundingBox[north=48.4731,west=10.2,south=47.2737,east=11.6]] (56 points)
mars - INFO   - 20260807.093317 - Cache file /lus/h2resw01/cache/mir/weights/16/grid-box-average/3/R1280-8eadc35e89cffa3b706236fca69532c3-89.9462:0:-89.9462:359.93/LL-0.2x0.2-48.3:10.5:47.3:11.5-a78c110fb06e05346ea40b1d12867b3e.mat does not exist
mars - INFO   - 20260807.093317 - Creating cache file /lus/h2resw01/cache/mir/weights/16/grid-box-average/3/R1280-8eadc35e89cffa3b706236fca69532c3-89.9462:0:-89.9462:359.93/LL-0.2x0.2-48.3:10.5:47.3:11.5-a78c110fb06e05346ea40b1d12867b3e.mat
mars - INFO   - 20260807.093317 - CacheManager creating file /lus/h2resw01/cache/mir/weights/16/grid-box-average/3/R1280-8eadc35e89cffa3b706236fca69532c3-89.9462:0:-89.9462:359.93/LL-0.2x0.2-48.3:10.5:47.3:11.5-a78c110fb06e05346ea40b1d12867b3e.mat
mars - WARN   - 20260807.093340 - Visiting database marsrd : expected 416, got 351
mars - INFO   - 20260807.093340 - 351 fields have been interpolated on 'ac6-195.bullx'
mars - ERROR  - 20260807.093340 - Last error is -43
mars - ERROR  - 20260807.093340 - Expected 416, got 351.
mars - ERROR  - 20260807.093340 - Request failed
mars - INFO   - 20260807.093340 - Request time:  wall: 32 sec  cpu: 25 sec 
mars - INFO   - 20260807.093340 -   Read from network: 3.90 Gbyte(s) in 3 sec  [1.28 Gbyte/sec] 
mars - INFO   - 20260807.093340 -   Visiting marsrd: wall: 31 sec 
mars - INFO   - 20260807.093340 -   Post-processing: wall: 27 sec cpu: 22 sec 
mars - INFO   - 20260807.093340 -   Writing to target file: 89.88 Kbyte(s) in < 1 sec [19.08 Mbyte/sec] 
mars - INFO   - 20260807.093340 - Memory used: 427.90 Mbyte(s)
mars - ERROR  - 20260807.093340 - Some errors reported (last error -1)
grib_to_netcdf: Version 2.47.0
grib_to_netcdf: Processing input file 'mars_srf_9km_49r2b.grb'.
grib_to_netcdf: Found 351 GRIB fields in 1 file.
grib_to_netcdf: Ignoring key(s): method, type, stream, refdate, hdate
grib_to_netcdf: Creating netCDF file 'j1rw_9km_49r2b_srf_20220515_0.nc'
grib_to_netcdf: NetCDF library version: 4.10.0 of Apr  9 2026 13:13:33 $
grib_to_netcdf: Creating large (64 bit) file format.
grib_to_netcdf: Defining variable 'sshf'.
grib_to_netcdf: Defining variable 'slhf'.
grib_to_netcdf: Defining variable 'chnk'.
grib_to_netcdf: Defining variable 'tp'.
grib_to_netcdf: Defining variable 'ishf'.
grib_to_netcdf: Defining variable 'ie'.
grib_to_netcdf: Defining variable 'aco2nee'.
grib_to_netcdf: Defining variable 'aco2gpp'.
grib_to_netcdf: Defining variable 'aco2rec'.
grib_to_netcdf: Defining variable 'fco2nee'.
grib_to_netcdf: Defining variable 'fco2gpp'.
grib_to_netcdf: Defining variable 'fco2rec'.
grib_to_netcdf: Defining variable 'z'.
grib_to_netcdf: Defining variable 't'.
grib_to_netcdf: Defining variable 'bld'.
grib_to_netcdf: Defining variable 'blh'.
grib_to_netcdf: Defining variable 'tcc'.
grib_to_netcdf: Defining variable 'u10'.
grib_to_netcdf: Defining variable 'v10'.
grib_to_netcdf: Defining variable 't2m'.
grib_to_netcdf: Defining variable 'e'.
grib_to_netcdf: Defining variable 'skt'.
grib_to_netcdf: Defining variable 'fsr'.
grib_to_netcdf: Defining variable 'co2'.
grib_to_netcdf: Defining variable 'ch4'.
grib_to_netcdf: Defining variable 'e_WLCH4'.
grib_to_netcdf: Defining variable 'acc_e_WLCH4'.
grib_to_netcdf: Done.
Surface level selected
mars - WARN - 
mars - WARN - 
MIR environment variables:
MIR_CACHE_PATH=/lus/h2resw01/cache:{FILE?/ec/cache.1}/cache:{FILE?/ec/cache.2}/cache
MIR_LSM_NAMED=1km.climate.v013
Using MARS binary: /usr/local/apps/mars/versions/6.34.7.1/bin/mars.bin
mars - INFO   - 20260807.093342 - Welcome to MARS
mars - INFO   - 20260807.093342 - MARS_HOME=/usr/local/apps/mars/configs/prod
mars - INFO   - 20260807.093342 - MARS Client build stamp: 20260623091402
mars - INFO   - 20260807.093342 - MARS Client bundle version: 6.34.7.1
mars - INFO   - 20260807.093342 - package mars-client version: 6.34.7
mars - INFO   - 20260807.093342 - package mir version: 1.23.9
mars - INFO   - 20260807.093342 - package odc version: 1.6.3
mars - INFO   - 20260807.093342 - package fdb version: 5.21.4
mars - INFO   - 20260807.093342 - package metkit version: 1.18.3
mars - INFO   - 20260807.093342 - package eckit version: 2.0.8
mars - INFO   - 20260807.093342 - package eccodes version: 2.47.2
# Second retrieve surface
retrieve,
anoffset=9,
class=rd,
date=20220515,
expver=j1rw,
levtype=sfc,
param=146.128/147.128/148.128/228.128/231.128/232.128/66.128/67.128/80.228/81.228/82.228/83.228/84.228/85.228/129.128/130/134.128/145.128/159.128/164.128/165.128/166.128/167.128/182.128/235.128/244.128/210061/210062/210123/210181/228104/228109,
step=12/13/14/15/16/17/18/19/20/21/22/23/24,
stream=oper,
time=00:00:00,
type=fc,
grid=0.2/0.2,
area=48.3/10.5/47.3/11.5,
interpolation=grid-box-average,
target="mars_srf_9km_49r2b.grb"

mars - INFO   - 20260807.093342 - Processing request 1

RETRIEVE,
    CLASS      = RD,
    TYPE       = FC,
    STREAM     = OPER,
    EXPVER     = j1rw,
    REPRES     = SH,
    LEVTYPE    = SFC,
    PARAM      = 146.128/147.128/148.128/228.128/231.128/232.128/66.128/67.128/80.228/81.228/82.228/83.228/84.228/85.228/129.128/130/134.128/145.128/159.128/164.128/165.128/166.128/167.128/182.128/235.128/244.128/210061/210062/210123/210181/228104/228109,
    DATE       = 20220515,
    TIME       = 0000,
    STEP       = 12/13/14/15/16/17/18/19/20/21/22/23/24,
    DOMAIN     = G,
    TARGET     = "mars_srf_9km_49r2b.grb",
    RESOL      = AUTO,
    INTERPOLATION = GRID-BOX-AVERAGE,
    AREA       = 48.3/10.5/47.3/11.5,
    GRID       = 0.2/0.2

mars - INFO   - 20260807.093342 - Requesting 416 fields
mars - INFO   - 20260807.093342 - FDB home /home/fdbprod
mars - INFO   - 20260807.093342 - Setting SO_SNDBUF to 33554432 (32.00 M)
mars - INFO   - 20260807.093342 - Current value is 32768 (32.00 K)
mars - INFO   - 20260807.093342 - Setting SO_RCVBUF to 33554432 (32.00 M)
mars - INFO   - 20260807.093342 - Current value is 43690 (42.67 K)
mars - INFO   - 20260807.093342 - Calling mars on 'marsrd-core', local port is 54391
mars - INFO   - 20260807.093342 - Callback at address 10.100.192.195, port 54391
mars - INFO   - 20260807.093342 - Mars client is on ac6-195.bullx (10.100.192.195) 54391
mars - INFO   - 20260807.093342 - Mars server is on 10.112.4.10 42585
mars - INFO   - 20260807.093342 - Server task is 3232 [marsrd]
mars - INFO   - 20260807.093342 - Request cost: 351 fields, 3.88894 Gbytes online, nodes: mvr010 mvr011 [marsrd]
mars - INFO   - 20260807.093342 - The efficiency of your requests in the last 12 hours is 100% [marsrd]
mars - INFO   - 20260807.093343 - Transfering 4175712316 bytes
mars - INFO   - 20260807.093344 - ShToGridded: loading Legendre coefficients '/lus/h2resw01/cache/mir/legendre/4/local-T899-GaussianN450-OPT4189816c2e.leg'
mars - WARN   - 20260807.093405 - Visiting database marsrd : expected 416, got 351
mars - INFO   - 20260807.093405 - 351 fields have been interpolated on 'ac6-195.bullx'
mars - ERROR  - 20260807.093405 - Last error is -43
mars - ERROR  - 20260807.093405 - Expected 416, got 351.
mars - ERROR  - 20260807.093405 - Request failed
mars - INFO   - 20260807.093405 - Request time:  wall: 23 sec  cpu: 22 sec 
mars - INFO   - 20260807.093405 -   Read from network: 3.89 Gbyte(s) in 3 sec  [1.33 Gbyte/sec] 
mars - INFO   - 20260807.093405 -   Visiting marsrd: wall: 23 sec 
mars - INFO   - 20260807.093405 -   Post-processing: wall: 19 sec cpu: 19 sec 
mars - INFO   - 20260807.093405 -   Writing to target file: 89.88 Kbyte(s) in < 1 sec [20.15 Mbyte/sec] 
mars - INFO   - 20260807.093405 - Memory used: 257.55 Mbyte(s)
mars - ERROR  - 20260807.093405 - Some errors reported (last error -1)
grib_to_netcdf: Version 2.47.0
grib_to_netcdf: Processing input file 'mars_srf_9km_49r2b.grb'.
grib_to_netcdf: Found 351 GRIB fields in 1 file.
grib_to_netcdf: Ignoring key(s): method, type, stream, refdate, hdate
grib_to_netcdf: Creating netCDF file 'j1rw_9km_49r2b_srf_20220515_12.nc'
grib_to_netcdf: NetCDF library version: 4.10.0 of Apr  9 2026 13:13:33 $
grib_to_netcdf: Creating large (64 bit) file format.
grib_to_netcdf: Defining variable 'sshf'.
grib_to_netcdf: Defining variable 'slhf'.
grib_to_netcdf: Defining variable 'chnk'.
grib_to_netcdf: Defining variable 'tp'.
grib_to_netcdf: Defining variable 'ishf'.
grib_to_netcdf: Defining variable 'ie'.
grib_to_netcdf: Defining variable 'aco2nee'.
grib_to_netcdf: Defining variable 'aco2gpp'.
grib_to_netcdf: Defining variable 'aco2rec'.
grib_to_netcdf: Defining variable 'fco2nee'.
grib_to_netcdf: Defining variable 'fco2gpp'.
grib_to_netcdf: Defining variable 'fco2rec'.
grib_to_netcdf: Defining variable 'z'.
grib_to_netcdf: Defining variable 't'.
grib_to_netcdf: Defining variable 'bld'.
grib_to_netcdf: Defining variable 'blh'.
grib_to_netcdf: Defining variable 'tcc'.
grib_to_netcdf: Defining variable 'u10'.
grib_to_netcdf: Defining variable 'v10'.
grib_to_netcdf: Defining variable 't2m'.
grib_to_netcdf: Defining variable 'e'.
grib_to_netcdf: Defining variable 'skt'.
grib_to_netcdf: Defining variable 'fsr'.
grib_to_netcdf: Defining variable 'co2'.
grib_to_netcdf: Defining variable 'ch4'.
grib_to_netcdf: Defining variable 'e_WLCH4'.
grib_to_netcdf: Defining variable 'acc_e_WLCH4'.
grib_to_netcdf: Done.
Surface level selected
mars - WARN - 
mars - WARN - 
MIR environment variables:
MIR_CACHE_PATH=/lus/h2resw01/cache:{FILE?/ec/cache.1}/cache:{FILE?/ec/cache.2}/cache
MIR_LSM_NAMED=1km.climate.v013
Using MARS binary: /usr/local/apps/mars/versions/6.34.7.1/bin/mars.bin
mars - INFO   - 20260807.093408 - Welcome to MARS
mars - INFO   - 20260807.093408 - MARS_HOME=/usr/local/apps/mars/configs/prod
mars - INFO   - 20260807.093408 - MARS Client build stamp: 20260623091402
mars - INFO   - 20260807.093408 - MARS Client bundle version: 6.34.7.1
mars - INFO   - 20260807.093408 - package mars-client version: 6.34.7
mars - INFO   - 20260807.093408 - package mir version: 1.23.9
mars - INFO   - 20260807.093408 - package odc version: 1.6.3
mars - INFO   - 20260807.093408 - package fdb version: 5.21.4
mars - INFO   - 20260807.093408 - package metkit version: 1.18.3
mars - INFO   - 20260807.093408 - package eckit version: 2.0.8
mars - INFO   - 20260807.093408 - package eccodes version: 2.47.2
# Second retrieve surface
retrieve,
anoffset=9,
class=rd,
date=20220516,
expver=j1rw,
levtype=sfc,
param=146.128/147.128/148.128/228.128/231.128/232.128/66.128/67.128/80.228/81.228/82.228/83.228/84.228/85.228/129.128/130/134.128/145.128/159.128/164.128/165.128/166.128/167.128/182.128/235.128/244.128/210061/210062/210123/210181/228104/228109,
step=0/1/2/3/4/5/6/7/8/9/10/11/12,
stream=oper,
time=00:00:00,
type=fc,
grid=0.2/0.2,
area=48.3/10.5/47.3/11.5,
interpolation=grid-box-average,
target="mars_srf_9km_49r2b.grb"

mars - INFO   - 20260807.093408 - Processing request 1

RETRIEVE,
    CLASS      = RD,
    TYPE       = FC,
    STREAM     = OPER,
    EXPVER     = j1rw,
    REPRES     = SH,
    LEVTYPE    = SFC,
    PARAM      = 146.128/147.128/148.128/228.128/231.128/232.128/66.128/67.128/80.228/81.228/82.228/83.228/84.228/85.228/129.128/130/134.128/145.128/159.128/164.128/165.128/166.128/167.128/182.128/235.128/244.128/210061/210062/210123/210181/228104/228109,
    DATE       = 20220516,
    TIME       = 0000,
    STEP       = 0/1/2/3/4/5/6/7/8/9/10/11/12,
    DOMAIN     = G,
    TARGET     = "mars_srf_9km_49r2b.grb",
    RESOL      = AUTO,
    INTERPOLATION = GRID-BOX-AVERAGE,
    AREA       = 48.3/10.5/47.3/11.5,
    GRID       = 0.2/0.2

mars - INFO   - 20260807.093408 - Requesting 416 fields
mars - INFO   - 20260807.093408 - FDB home /home/fdbprod
mars - INFO   - 20260807.093409 - Setting SO_SNDBUF to 33554432 (32.00 M)
mars - INFO   - 20260807.093409 - Current value is 32768 (32.00 K)
mars - INFO   - 20260807.093409 - Setting SO_RCVBUF to 33554432 (32.00 M)
mars - INFO   - 20260807.093409 - Current value is 43690 (42.67 K)
mars - INFO   - 20260807.093409 - Calling mars on 'marsrd-core', local port is 42691
mars - INFO   - 20260807.093409 - Callback at address 10.100.192.195, port 42691
mars - INFO   - 20260807.093409 - Mars client is on ac6-195.bullx (10.100.192.195) 42691
mars - INFO   - 20260807.093409 - Mars server is on 10.112.4.10 44269
mars - INFO   - 20260807.093409 - Server task is 3179 [marsrd]
mars - INFO   - 20260807.093409 - Request cost: 351 fields, 3.89585 Gbytes online, nodes: mvr014 [marsrd]
mars - INFO   - 20260807.093409 - The efficiency of your requests in the last 12 hours is 100% [marsrd]
mars - INFO   - 20260807.093409 - Transfering 4183138274 bytes
mars - INFO   - 20260807.093410 - ShToGridded: loading Legendre coefficients '/lus/h2resw01/cache/mir/legendre/4/local-T899-GaussianN450-OPT4189816c2e.leg'
mars - WARN   - 20260807.093432 - Visiting database marsrd : expected 416, got 351
mars - INFO   - 20260807.093432 - 351 fields have been interpolated on 'ac6-195.bullx'
mars - ERROR  - 20260807.093432 - Last error is -43
mars - ERROR  - 20260807.093432 - Expected 416, got 351.
mars - ERROR  - 20260807.093432 - Request failed
mars - INFO   - 20260807.093432 - Request time:  wall: 24 sec  cpu: 23 sec 
mars - INFO   - 20260807.093432 -   Read from network: 3.90 Gbyte(s) in 3 sec  [1.24 Gbyte/sec] 
mars - INFO   - 20260807.093432 -   Visiting marsrd: wall: 24 sec 
mars - INFO   - 20260807.093432 -   Post-processing: wall: 20 sec cpu: 20 sec 
mars - INFO   - 20260807.093432 -   Writing to target file: 89.88 Kbyte(s) in < 1 sec [19.41 Mbyte/sec] 
mars - INFO   - 20260807.093432 - Memory used: 258.13 Mbyte(s)
mars - ERROR  - 20260807.093432 - Some errors reported (last error -1)
grib_to_netcdf: Version 2.47.0
grib_to_netcdf: Processing input file 'mars_srf_9km_49r2b.grb'.
grib_to_netcdf: Found 351 GRIB fields in 1 file.
grib_to_netcdf: Ignoring key(s): method, type, stream, refdate, hdate
grib_to_netcdf: Creating netCDF file 'j1rw_9km_49r2b_srf_20220516_0.nc'
grib_to_netcdf: NetCDF library version: 4.10.0 of Apr  9 2026 13:13:33 $
grib_to_netcdf: Creating large (64 bit) file format.
grib_to_netcdf: Defining variable 'sshf'.
grib_to_netcdf: Defining variable 'slhf'.
grib_to_netcdf: Defining variable 'chnk'.
grib_to_netcdf: Defining variable 'tp'.
grib_to_netcdf: Defining variable 'ishf'.
grib_to_netcdf: Defining variable 'ie'.
grib_to_netcdf: Defining variable 'aco2nee'.
grib_to_netcdf: Defining variable 'aco2gpp'.
grib_to_netcdf: Defining variable 'aco2rec'.
grib_to_netcdf: Defining variable 'fco2nee'.
grib_to_netcdf: Defining variable 'fco2gpp'.
grib_to_netcdf: Defining variable 'fco2rec'.
grib_to_netcdf: Defining variable 'z'.
grib_to_netcdf: Defining variable 't'.
grib_to_netcdf: Defining variable 'bld'.
grib_to_netcdf: Defining variable 'blh'.
grib_to_netcdf: Defining variable 'tcc'.
grib_to_netcdf: Defining variable 'u10'.
grib_to_netcdf: Defining variable 'v10'.
grib_to_netcdf: Defining variable 't2m'.
grib_to_netcdf: Defining variable 'e'.
grib_to_netcdf: Defining variable 'skt'.
grib_to_netcdf: Defining variable 'fsr'.
grib_to_netcdf: Defining variable 'co2'.
grib_to_netcdf: Defining variable 'ch4'.
grib_to_netcdf: Defining variable 'e_WLCH4'.
grib_to_netcdf: Defining variable 'acc_e_WLCH4'.
grib_to_netcdf: Done.
Surface level selected
mars - WARN - 
mars - WARN - 
MIR environment variables:
MIR_CACHE_PATH=/lus/h2resw01/cache:{FILE?/ec/cache.1}/cache:{FILE?/ec/cache.2}/cache
MIR_LSM_NAMED=1km.climate.v013
Using MARS binary: /usr/local/apps/mars/versions/6.34.7.1/bin/mars.bin
mars - INFO   - 20260807.093435 - Welcome to MARS
mars - INFO   - 20260807.093435 - MARS_HOME=/usr/local/apps/mars/configs/prod
mars - INFO   - 20260807.093435 - MARS Client build stamp: 20260623091402
mars - INFO   - 20260807.093435 - MARS Client bundle version: 6.34.7.1
mars - INFO   - 20260807.093435 - package mars-client version: 6.34.7
mars - INFO   - 20260807.093435 - package mir version: 1.23.9
mars - INFO   - 20260807.093435 - package odc version: 1.6.3
mars - INFO   - 20260807.093435 - package fdb version: 5.21.4
mars - INFO   - 20260807.093435 - package metkit version: 1.18.3
mars - INFO   - 20260807.093435 - package eckit version: 2.0.8
mars - INFO   - 20260807.093435 - package eccodes version: 2.47.2
# Second retrieve surface
retrieve,
anoffset=9,
class=rd,
date=20220516,
expver=j1rw,
levtype=sfc,
param=146.128/147.128/148.128/228.128/231.128/232.128/66.128/67.128/80.228/81.228/82.228/83.228/84.228/85.228/129.128/130/134.128/145.128/159.128/164.128/165.128/166.128/167.128/182.128/235.128/244.128/210061/210062/210123/210181/228104/228109,
step=12/13/14/15/16/17/18/19/20/21/22/23/24,
stream=oper,
time=00:00:00,
type=fc,
grid=0.2/0.2,
area=48.3/10.5/47.3/11.5,
interpolation=grid-box-average,
target="mars_srf_9km_49r2b.grb"

mars - INFO   - 20260807.093435 - Processing request 1

RETRIEVE,
    CLASS      = RD,
    TYPE       = FC,
    STREAM     = OPER,
    EXPVER     = j1rw,
    REPRES     = SH,
    LEVTYPE    = SFC,
    PARAM      = 146.128/147.128/148.128/228.128/231.128/232.128/66.128/67.128/80.228/81.228/82.228/83.228/84.228/85.228/129.128/130/134.128/145.128/159.128/164.128/165.128/166.128/167.128/182.128/235.128/244.128/210061/210062/210123/210181/228104/228109,
    DATE       = 20220516,
    TIME       = 0000,
    STEP       = 12/13/14/15/16/17/18/19/20/21/22/23/24,
    DOMAIN     = G,
    TARGET     = "mars_srf_9km_49r2b.grb",
    RESOL      = AUTO,
    INTERPOLATION = GRID-BOX-AVERAGE,
    AREA       = 48.3/10.5/47.3/11.5,
    GRID       = 0.2/0.2

mars - INFO   - 20260807.093435 - Requesting 416 fields
mars - INFO   - 20260807.093435 - FDB home /home/fdbprod
mars - INFO   - 20260807.093435 - Setting SO_SNDBUF to 33554432 (32.00 M)
mars - INFO   - 20260807.093435 - Current value is 32768 (32.00 K)
mars - INFO   - 20260807.093435 - Setting SO_RCVBUF to 33554432 (32.00 M)
mars - INFO   - 20260807.093435 - Current value is 43690 (42.67 K)
mars - INFO   - 20260807.093435 - Calling mars on 'marsrd-core', local port is 35767
mars - INFO   - 20260807.093435 - Callback at address 10.100.192.195, port 35767
mars - INFO   - 20260807.093435 - Mars client is on ac6-195.bullx (10.100.192.195) 35767
mars - INFO   - 20260807.093435 - Mars server is on 10.112.4.10 47271
mars - INFO   - 20260807.093435 - Server task is 4075 [marsrd]
mars - INFO   - 20260807.093435 - Request cost: 351 fields, 3.89319 Gbytes online, nodes: mvr005 mvr014 [marsrd]
mars - INFO   - 20260807.093435 - The efficiency of your requests in the last 12 hours is 100% [marsrd]
mars - INFO   - 20260807.093436 - Transfering 4180276750 bytes
mars - INFO   - 20260807.093437 - ShToGridded: loading Legendre coefficients '/lus/h2resw01/cache/mir/legendre/4/local-T899-GaussianN450-OPT4189816c2e.leg'
mars - WARN   - 20260807.093459 - Visiting database marsrd : expected 416, got 351
mars - INFO   - 20260807.093459 - 351 fields have been interpolated on 'ac6-195.bullx'
mars - ERROR  - 20260807.093459 - Last error is -43
mars - ERROR  - 20260807.093459 - Expected 416, got 351.
mars - ERROR  - 20260807.093459 - Request failed
mars - INFO   - 20260807.093459 - Request time:  wall: 24 sec  cpu: 22 sec 
mars - INFO   - 20260807.093459 -   Read from network: 3.89 Gbyte(s) in 3 sec  [1.41 Gbyte/sec] 
mars - INFO   - 20260807.093459 -   Visiting marsrd: wall: 23 sec 
mars - INFO   - 20260807.093459 -   Post-processing: wall: 20 sec cpu: 20 sec 
mars - INFO   - 20260807.093459 -   Writing to target file: 89.88 Kbyte(s) in < 1 sec [16.19 Mbyte/sec] 
mars - INFO   - 20260807.093459 - Memory used: 258.31 Mbyte(s)
mars - ERROR  - 20260807.093459 - Some errors reported (last error -1)
grib_to_netcdf: Version 2.47.0
grib_to_netcdf: Processing input file 'mars_srf_9km_49r2b.grb'.
grib_to_netcdf: Found 351 GRIB fields in 1 file.
grib_to_netcdf: Ignoring key(s): method, type, stream, refdate, hdate
grib_to_netcdf: Creating netCDF file 'j1rw_9km_49r2b_srf_20220516_12.nc'
grib_to_netcdf: NetCDF library version: 4.10.0 of Apr  9 2026 13:13:33 $
grib_to_netcdf: Creating large (64 bit) file format.
grib_to_netcdf: Defining variable 'sshf'.
grib_to_netcdf: Defining variable 'slhf'.
grib_to_netcdf: Defining variable 'chnk'.
grib_to_netcdf: Defining variable 'tp'.
grib_to_netcdf: Defining variable 'ishf'.
grib_to_netcdf: Defining variable 'ie'.
grib_to_netcdf: Defining variable 'aco2nee'.
grib_to_netcdf: Defining variable 'aco2gpp'.
grib_to_netcdf: Defining variable 'aco2rec'.
grib_to_netcdf: Defining variable 'fco2nee'.
grib_to_netcdf: Defining variable 'fco2gpp'.
grib_to_netcdf: Defining variable 'fco2rec'.
grib_to_netcdf: Defining variable 'z'.
grib_to_netcdf: Defining variable 't'.
grib_to_netcdf: Defining variable 'bld'.
grib_to_netcdf: Defining variable 'blh'.
grib_to_netcdf: Defining variable 'tcc'.
grib_to_netcdf: Defining variable 'u10'.
grib_to_netcdf: Defining variable 'v10'.
grib_to_netcdf: Defining variable 't2m'.
grib_to_netcdf: Defining variable 'e'.
grib_to_netcdf: Defining variable 'skt'.
grib_to_netcdf: Defining variable 'fsr'.
grib_to_netcdf: Defining variable 'co2'.
grib_to_netcdf: Defining variable 'ch4'.
grib_to_netcdf: Defining variable 'e_WLCH4'.
grib_to_netcdf: Defining variable 'acc_e_WLCH4'.
grib_to_netcdf: Done.
Surface level selected
mars - WARN - 
mars - WARN - 
MIR environment variables:
MIR_CACHE_PATH=/lus/h2resw01/cache:{FILE?/ec/cache.1}/cache:{FILE?/ec/cache.2}/cache
MIR_LSM_NAMED=1km.climate.v013
Using MARS binary: /usr/local/apps/mars/versions/6.34.7.1/bin/mars.bin
mars - INFO   - 20260807.093501 - Welcome to MARS
mars - INFO   - 20260807.093501 - MARS_HOME=/usr/local/apps/mars/configs/prod
mars - INFO   - 20260807.093501 - MARS Client build stamp: 20260623091402
mars - INFO   - 20260807.093501 - MARS Client bundle version: 6.34.7.1
mars - INFO   - 20260807.093501 - package mars-client version: 6.34.7
mars - INFO   - 20260807.093501 - package mir version: 1.23.9
mars - INFO   - 20260807.093501 - package odc version: 1.6.3
mars - INFO   - 20260807.093501 - package fdb version: 5.21.4
mars - INFO   - 20260807.093501 - package metkit version: 1.18.3
mars - INFO   - 20260807.093501 - package eckit version: 2.0.8
mars - INFO   - 20260807.093501 - package eccodes version: 2.47.2
# Second retrieve surface
retrieve,
anoffset=9,
class=rd,
date=20220517,
expver=j1rw,
levtype=sfc,
param=146.128/147.128/148.128/228.128/231.128/232.128/66.128/67.128/80.228/81.228/82.228/83.228/84.228/85.228/129.128/130/134.128/145.128/159.128/164.128/165.128/166.128/167.128/182.128/235.128/244.128/210061/210062/210123/210181/228104/228109,
step=0/1/2/3/4/5/6/7/8/9/10/11/12,
stream=oper,
time=00:00:00,
type=fc,
grid=0.2/0.2,
area=48.3/10.5/47.3/11.5,
interpolation=grid-box-average,
target="mars_srf_9km_49r2b.grb"

mars - INFO   - 20260807.093501 - Processing request 1

RETRIEVE,
    CLASS      = RD,
    TYPE       = FC,
    STREAM     = OPER,
    EXPVER     = j1rw,
    REPRES     = SH,
    LEVTYPE    = SFC,
    PARAM      = 146.128/147.128/148.128/228.128/231.128/232.128/66.128/67.128/80.228/81.228/82.228/83.228/84.228/85.228/129.128/130/134.128/145.128/159.128/164.128/165.128/166.128/167.128/182.128/235.128/244.128/210061/210062/210123/210181/228104/228109,
    DATE       = 20220517,
    TIME       = 0000,
    STEP       = 0/1/2/3/4/5/6/7/8/9/10/11/12,
    DOMAIN     = G,
    TARGET     = "mars_srf_9km_49r2b.grb",
    RESOL      = AUTO,
    INTERPOLATION = GRID-BOX-AVERAGE,
    AREA       = 48.3/10.5/47.3/11.5,
    GRID       = 0.2/0.2

mars - INFO   - 20260807.093501 - Requesting 416 fields
mars - INFO   - 20260807.093501 - FDB home /home/fdbprod
mars - INFO   - 20260807.093501 - Setting SO_SNDBUF to 33554432 (32.00 M)
mars - INFO   - 20260807.093501 - Current value is 32768 (32.00 K)
mars - INFO   - 20260807.093501 - Setting SO_RCVBUF to 33554432 (32.00 M)
mars - INFO   - 20260807.093501 - Current value is 43690 (42.67 K)
mars - INFO   - 20260807.093501 - Calling mars on 'marsrd-core', local port is 53733
mars - INFO   - 20260807.093501 - Callback at address 10.100.192.195, port 53733
mars - INFO   - 20260807.093501 - Mars client is on ac6-195.bullx (10.100.192.195) 53733
mars - INFO   - 20260807.093501 - Mars server is on 10.112.4.10 50051
mars - INFO   - 20260807.093501 - Server task is 320 [marsrd]
mars - INFO   - 20260807.093501 - Request cost: 351 fields, 3.89919 Gbytes online, nodes: mvr005 [marsrd]
mars - INFO   - 20260807.093501 - The efficiency of your requests in the last 12 hours is 100% [marsrd]
mars - INFO   - 20260807.093501 - Transfering 4186728049 bytes
mars - INFO   - 20260807.093504 - ShToGridded: loading Legendre coefficients '/lus/h2resw01/cache/mir/legendre/4/local-T899-GaussianN450-OPT4189816c2e.leg'
mars - WARN   - 20260807.093527 - Visiting database marsrd : expected 416, got 351
mars - INFO   - 20260807.093527 - 351 fields have been interpolated on 'ac6-195.bullx'
mars - ERROR  - 20260807.093527 - Last error is -43
mars - ERROR  - 20260807.093527 - Expected 416, got 351.
mars - ERROR  - 20260807.093527 - Request failed
mars - INFO   - 20260807.093527 - Request time:  wall: 26 sec  cpu: 23 sec 
mars - INFO   - 20260807.093527 -   Read from network: 3.90 Gbyte(s) in 4 sec  [932.47 Mbyte/sec] 
mars - INFO   - 20260807.093527 -   Visiting marsrd: wall: 26 sec 
mars - INFO   - 20260807.093527 -   Post-processing: wall: 21 sec cpu: 20 sec 
mars - INFO   - 20260807.093527 -   Writing to target file: 90.47 Kbyte(s) in < 1 sec [20.72 Mbyte/sec] 
mars - INFO   - 20260807.093527 - Memory used: 257.50 Mbyte(s)
mars - ERROR  - 20260807.093527 - Some errors reported (last error -1)
grib_to_netcdf: Version 2.47.0
grib_to_netcdf: Processing input file 'mars_srf_9km_49r2b.grb'.
grib_to_netcdf: Found 351 GRIB fields in 1 file.
grib_to_netcdf: Ignoring key(s): method, type, stream, refdate, hdate
grib_to_netcdf: Creating netCDF file 'j1rw_9km_49r2b_srf_20220517_0.nc'
grib_to_netcdf: NetCDF library version: 4.10.0 of Apr  9 2026 13:13:33 $
grib_to_netcdf: Creating large (64 bit) file format.
grib_to_netcdf: Defining variable 'sshf'.
grib_to_netcdf: Defining variable 'slhf'.
grib_to_netcdf: Defining variable 'chnk'.
grib_to_netcdf: Defining variable 'tp'.
grib_to_netcdf: Defining variable 'ishf'.
grib_to_netcdf: Defining variable 'ie'.
grib_to_netcdf: Defining variable 'aco2nee'.
grib_to_netcdf: Defining variable 'aco2gpp'.
grib_to_netcdf: Defining variable 'aco2rec'.
grib_to_netcdf: Defining variable 'fco2nee'.
grib_to_netcdf: Defining variable 'fco2gpp'.
grib_to_netcdf: Defining variable 'fco2rec'.
grib_to_netcdf: Defining variable 'z'.
grib_to_netcdf: Defining variable 't'.
grib_to_netcdf: Defining variable 'bld'.
grib_to_netcdf: Defining variable 'blh'.
grib_to_netcdf: Defining variable 'tcc'.
grib_to_netcdf: Defining variable 'u10'.
grib_to_netcdf: Defining variable 'v10'.
grib_to_netcdf: Defining variable 't2m'.
grib_to_netcdf: Defining variable 'e'.
grib_to_netcdf: Defining variable 'skt'.
grib_to_netcdf: Defining variable 'fsr'.
grib_to_netcdf: Defining variable 'co2'.
grib_to_netcdf: Defining variable 'ch4'.
grib_to_netcdf: Defining variable 'e_WLCH4'.
grib_to_netcdf: Defining variable 'acc_e_WLCH4'.
grib_to_netcdf: Done.
Surface level selected
mars - WARN - 
mars - WARN - 
MIR environment variables:
MIR_CACHE_PATH=/lus/h2resw01/cache:{FILE?/ec/cache.1}/cache:{FILE?/ec/cache.2}/cache
MIR_LSM_NAMED=1km.climate.v013
Using MARS binary: /usr/local/apps/mars/versions/6.34.7.1/bin/mars.bin
mars - INFO   - 20260807.093529 - Welcome to MARS
mars - INFO   - 20260807.093529 - MARS_HOME=/usr/local/apps/mars/configs/prod
mars - INFO   - 20260807.093529 - MARS Client build stamp: 20260623091402
mars - INFO   - 20260807.093529 - MARS Client bundle version: 6.34.7.1
mars - INFO   - 20260807.093529 - package mars-client version: 6.34.7
mars - INFO   - 20260807.093529 - package mir version: 1.23.9
mars - INFO   - 20260807.093529 - package odc version: 1.6.3
mars - INFO   - 20260807.093529 - package fdb version: 5.21.4
mars - INFO   - 20260807.093529 - package metkit version: 1.18.3
mars - INFO   - 20260807.093529 - package eckit version: 2.0.8
mars - INFO   - 20260807.093529 - package eccodes version: 2.47.2
# Second retrieve surface
retrieve,
anoffset=9,
class=rd,
date=20220517,
expver=j1rw,
levtype=sfc,
param=146.128/147.128/148.128/228.128/231.128/232.128/66.128/67.128/80.228/81.228/82.228/83.228/84.228/85.228/129.128/130/134.128/145.128/159.128/164.128/165.128/166.128/167.128/182.128/235.128/244.128/210061/210062/210123/210181/228104/228109,
step=12/13/14/15/16/17/18/19/20/21/22/23/24,
stream=oper,
time=00:00:00,
type=fc,
grid=0.2/0.2,
area=48.3/10.5/47.3/11.5,
interpolation=grid-box-average,
target="mars_srf_9km_49r2b.grb"

mars - INFO   - 20260807.093529 - Processing request 1

RETRIEVE,
    CLASS      = RD,
    TYPE       = FC,
    STREAM     = OPER,
    EXPVER     = j1rw,
    REPRES     = SH,
    LEVTYPE    = SFC,
    PARAM      = 146.128/147.128/148.128/228.128/231.128/232.128/66.128/67.128/80.228/81.228/82.228/83.228/84.228/85.228/129.128/130/134.128/145.128/159.128/164.128/165.128/166.128/167.128/182.128/235.128/244.128/210061/210062/210123/210181/228104/228109,
    DATE       = 20220517,
    TIME       = 0000,
    STEP       = 12/13/14/15/16/17/18/19/20/21/22/23/24,
    DOMAIN     = G,
    TARGET     = "mars_srf_9km_49r2b.grb",
    RESOL      = AUTO,
    INTERPOLATION = GRID-BOX-AVERAGE,
    AREA       = 48.3/10.5/47.3/11.5,
    GRID       = 0.2/0.2

mars - INFO   - 20260807.093529 - Requesting 416 fields
mars - INFO   - 20260807.093529 - FDB home /home/fdbprod
mars - INFO   - 20260807.093530 - Setting SO_SNDBUF to 33554432 (32.00 M)
mars - INFO   - 20260807.093530 - Current value is 32768 (32.00 K)
mars - INFO   - 20260807.093530 - Setting SO_RCVBUF to 33554432 (32.00 M)
mars - INFO   - 20260807.093530 - Current value is 43690 (42.67 K)
mars - INFO   - 20260807.093530 - Calling mars on 'marsrd-core', local port is 37333
mars - INFO   - 20260807.093530 - Callback at address 10.100.192.195, port 37333
mars - INFO   - 20260807.093530 - Mars client is on ac6-195.bullx (10.100.192.195) 37333
mars - INFO   - 20260807.093530 - Mars server is on 10.112.4.10 54647
mars - INFO   - 20260807.093530 - Server task is 638 [marsrd]
mars - INFO   - 20260807.093530 - Request cost: 351 fields, 3.89216 Gbytes online, nodes: mvr005 mvr006 [marsrd]
mars - INFO   - 20260807.093530 - The efficiency of your requests in the last 12 hours is 100% [marsrd]
mars - INFO   - 20260807.093530 - Transfering 4179171174 bytes
mars - INFO   - 20260807.093531 - ShToGridded: loading Legendre coefficients '/lus/h2resw01/cache/mir/legendre/4/local-T899-GaussianN450-OPT4189816c2e.leg'
mars - WARN   - 20260807.093553 - Visiting database marsrd : expected 416, got 351
mars - INFO   - 20260807.093553 - 351 fields have been interpolated on 'ac6-195.bullx'
mars - ERROR  - 20260807.093553 - Last error is -43
mars - ERROR  - 20260807.093553 - Expected 416, got 351.
mars - ERROR  - 20260807.093553 - Request failed
mars - INFO   - 20260807.093553 - Request time:  wall: 24 sec  cpu: 23 sec 
mars - INFO   - 20260807.093553 -   Read from network: 3.89 Gbyte(s) in 3 sec  [1.33 Gbyte/sec] 
mars - INFO   - 20260807.093553 -   Visiting marsrd: wall: 23 sec 
mars - INFO   - 20260807.093553 -   Post-processing: wall: 20 sec cpu: 19 sec 
mars - INFO   - 20260807.093553 -   Writing to target file: 90.35 Kbyte(s) in < 1 sec [19.92 Mbyte/sec] 
mars - INFO   - 20260807.093553 - Memory used: 257.48 Mbyte(s)
mars - ERROR  - 20260807.093553 - Some errors reported (last error -1)
grib_to_netcdf: Version 2.47.0
grib_to_netcdf: Processing input file 'mars_srf_9km_49r2b.grb'.
grib_to_netcdf: Found 351 GRIB fields in 1 file.
grib_to_netcdf: Ignoring key(s): method, type, stream, refdate, hdate
grib_to_netcdf: Creating netCDF file 'j1rw_9km_49r2b_srf_20220517_12.nc'
grib_to_netcdf: NetCDF library version: 4.10.0 of Apr  9 2026 13:13:33 $
grib_to_netcdf: Creating large (64 bit) file format.
grib_to_netcdf: Defining variable 'sshf'.
grib_to_netcdf: Defining variable 'slhf'.
grib_to_netcdf: Defining variable 'chnk'.
grib_to_netcdf: Defining variable 'tp'.
grib_to_netcdf: Defining variable 'ishf'.
grib_to_netcdf: Defining variable 'ie'.
grib_to_netcdf: Defining variable 'aco2nee'.
grib_to_netcdf: Defining variable 'aco2gpp'.
grib_to_netcdf: Defining variable 'aco2rec'.
grib_to_netcdf: Defining variable 'fco2nee'.
grib_to_netcdf: Defining variable 'fco2gpp'.
grib_to_netcdf: Defining variable 'fco2rec'.
grib_to_netcdf: Defining variable 'z'.
grib_to_netcdf: Defining variable 't'.
grib_to_netcdf: Defining variable 'bld'.
grib_to_netcdf: Defining variable 'blh'.
grib_to_netcdf: Defining variable 'tcc'.
grib_to_netcdf: Defining variable 'u10'.
grib_to_netcdf: Defining variable 'v10'.
grib_to_netcdf: Defining variable 't2m'.
grib_to_netcdf: Defining variable 'e'.
grib_to_netcdf: Defining variable 'skt'.
grib_to_netcdf: Defining variable 'fsr'.
grib_to_netcdf: Defining variable 'co2'.
grib_to_netcdf: Defining variable 'ch4'.
grib_to_netcdf: Defining variable 'e_WLCH4'.
grib_to_netcdf: Defining variable 'acc_e_WLCH4'.
grib_to_netcdf: Done.
Surface level selected
mars - WARN - 
mars - WARN - 
MIR environment variables:
MIR_CACHE_PATH=/lus/h2resw01/cache:{FILE?/ec/cache.1}/cache:{FILE?/ec/cache.2}/cache
MIR_LSM_NAMED=1km.climate.v013
Using MARS binary: /usr/local/apps/mars/versions/6.34.7.1/bin/mars.bin
mars - INFO   - 20260807.093556 - Welcome to MARS
mars - INFO   - 20260807.093556 - MARS_HOME=/usr/local/apps/mars/configs/prod
mars - INFO   - 20260807.093556 - MARS Client build stamp: 20260623091402
mars - INFO   - 20260807.093556 - MARS Client bundle version: 6.34.7.1
mars - INFO   - 20260807.093556 - package mars-client version: 6.34.7
mars - INFO   - 20260807.093556 - package mir version: 1.23.9
mars - INFO   - 20260807.093556 - package odc version: 1.6.3
mars - INFO   - 20260807.093556 - package fdb version: 5.21.4
mars - INFO   - 20260807.093556 - package metkit version: 1.18.3
mars - INFO   - 20260807.093556 - package eckit version: 2.0.8
mars - INFO   - 20260807.093556 - package eccodes version: 2.47.2
# Second retrieve surface
retrieve,
anoffset=9,
class=rd,
date=20220518,
expver=j1rw,
levtype=sfc,
param=146.128/147.128/148.128/228.128/231.128/232.128/66.128/67.128/80.228/81.228/82.228/83.228/84.228/85.228/129.128/130/134.128/145.128/159.128/164.128/165.128/166.128/167.128/182.128/235.128/244.128/210061/210062/210123/210181/228104/228109,
step=0/1/2/3/4/5/6/7/8/9/10/11/12,
stream=oper,
time=00:00:00,
type=fc,
grid=0.2/0.2,
area=48.3/10.5/47.3/11.5,
interpolation=grid-box-average,
target="mars_srf_9km_49r2b.grb"

mars - INFO   - 20260807.093556 - Processing request 1

RETRIEVE,
    CLASS      = RD,
    TYPE       = FC,
    STREAM     = OPER,
    EXPVER     = j1rw,
    REPRES     = SH,
    LEVTYPE    = SFC,
    PARAM      = 146.128/147.128/148.128/228.128/231.128/232.128/66.128/67.128/80.228/81.228/82.228/83.228/84.228/85.228/129.128/130/134.128/145.128/159.128/164.128/165.128/166.128/167.128/182.128/235.128/244.128/210061/210062/210123/210181/228104/228109,
    DATE       = 20220518,
    TIME       = 0000,
    STEP       = 0/1/2/3/4/5/6/7/8/9/10/11/12,
    DOMAIN     = G,
    TARGET     = "mars_srf_9km_49r2b.grb",
    RESOL      = AUTO,
    INTERPOLATION = GRID-BOX-AVERAGE,
    AREA       = 48.3/10.5/47.3/11.5,
    GRID       = 0.2/0.2

mars - INFO   - 20260807.093556 - Requesting 416 fields
mars - INFO   - 20260807.093556 - FDB home /home/fdbprod
mars - INFO   - 20260807.093556 - Setting SO_SNDBUF to 33554432 (32.00 M)
mars - INFO   - 20260807.093556 - Current value is 32768 (32.00 K)
mars - INFO   - 20260807.093556 - Setting SO_RCVBUF to 33554432 (32.00 M)
mars - INFO   - 20260807.093556 - Current value is 43690 (42.67 K)
mars - INFO   - 20260807.093556 - Calling mars on 'marsrd-core', local port is 56115
mars - INFO   - 20260807.093556 - Callback at address 10.100.192.195, port 56115
mars - INFO   - 20260807.093556 - Mars client is on ac6-195.bullx (10.100.192.195) 56115
mars - INFO   - 20260807.093556 - Mars server is on 10.112.4.10 37515
mars - INFO   - 20260807.093556 - Server task is 7509 [marsrd]
mars - INFO   - 20260807.093556 - Request cost: 351 fields, 3.89878 Gbytes online, nodes: mvr014 [marsrd]
mars - INFO   - 20260807.093556 - The efficiency of your requests in the last 12 hours is 100% [marsrd]
mars - INFO   - 20260807.093556 - Transfering 4186287283 bytes
mars - INFO   - 20260807.093558 - ShToGridded: loading Legendre coefficients '/lus/h2resw01/cache/mir/legendre/4/local-T899-GaussianN450-OPT4189816c2e.leg'
mars - WARN   - 20260807.093623 - Visiting database marsrd : expected 416, got 351
mars - INFO   - 20260807.093623 - 351 fields have been interpolated on 'ac6-195.bullx'
mars - ERROR  - 20260807.093623 - Last error is -43
mars - ERROR  - 20260807.093623 - Expected 416, got 351.
mars - ERROR  - 20260807.093623 - Request failed
mars - INFO   - 20260807.093623 - Request time:  wall: 28 sec  cpu: 23 sec 
mars - INFO   - 20260807.093623 -   Read from network: 3.90 Gbyte(s) in 3 sec  [1.25 Gbyte/sec] 
mars - INFO   - 20260807.093623 -   Visiting marsrd: wall: 27 sec 
mars - INFO   - 20260807.093623 -   Post-processing: wall: 23 sec cpu: 20 sec 
mars - INFO   - 20260807.093623 -   Writing to target file: 90.35 Kbyte(s) in < 1 sec [17.46 Mbyte/sec] 
mars - INFO   - 20260807.093623 - Memory used: 257.58 Mbyte(s)
mars - ERROR  - 20260807.093623 - Some errors reported (last error -1)
grib_to_netcdf: Version 2.47.0
grib_to_netcdf: Processing input file 'mars_srf_9km_49r2b.grb'.
grib_to_netcdf: Found 351 GRIB fields in 1 file.
grib_to_netcdf: Ignoring key(s): method, type, stream, refdate, hdate
grib_to_netcdf: Creating netCDF file 'j1rw_9km_49r2b_srf_20220518_0.nc'
grib_to_netcdf: NetCDF library version: 4.10.0 of Apr  9 2026 13:13:33 $
grib_to_netcdf: Creating large (64 bit) file format.
grib_to_netcdf: Defining variable 'sshf'.
grib_to_netcdf: Defining variable 'slhf'.
grib_to_netcdf: Defining variable 'chnk'.
grib_to_netcdf: Defining variable 'tp'.
grib_to_netcdf: Defining variable 'ishf'.
grib_to_netcdf: Defining variable 'ie'.
grib_to_netcdf: Defining variable 'aco2nee'.
grib_to_netcdf: Defining variable 'aco2gpp'.
grib_to_netcdf: Defining variable 'aco2rec'.
grib_to_netcdf: Defining variable 'fco2nee'.
grib_to_netcdf: Defining variable 'fco2gpp'.
grib_to_netcdf: Defining variable 'fco2rec'.
grib_to_netcdf: Defining variable 'z'.
grib_to_netcdf: Defining variable 't'.
grib_to_netcdf: Defining variable 'bld'.
grib_to_netcdf: Defining variable 'blh'.
grib_to_netcdf: Defining variable 'tcc'.
grib_to_netcdf: Defining variable 'u10'.
grib_to_netcdf: Defining variable 'v10'.
grib_to_netcdf: Defining variable 't2m'.
grib_to_netcdf: Defining variable 'e'.
grib_to_netcdf: Defining variable 'skt'.
grib_to_netcdf: Defining variable 'fsr'.
grib_to_netcdf: Defining variable 'co2'.
grib_to_netcdf: Defining variable 'ch4'.
grib_to_netcdf: Defining variable 'e_WLCH4'.
grib_to_netcdf: Defining variable 'acc_e_WLCH4'.
grib_to_netcdf: Done.
Surface level selected
mars - WARN - 
mars - WARN - 
MIR environment variables:
MIR_CACHE_PATH=/lus/h2resw01/cache:{FILE?/ec/cache.1}/cache:{FILE?/ec/cache.2}/cache
MIR_LSM_NAMED=1km.climate.v013
Using MARS binary: /usr/local/apps/mars/versions/6.34.7.1/bin/mars.bin
mars - INFO   - 20260807.093626 - Welcome to MARS
mars - INFO   - 20260807.093626 - MARS_HOME=/usr/local/apps/mars/configs/prod
mars - INFO   - 20260807.093626 - MARS Client build stamp: 20260623091402
mars - INFO   - 20260807.093626 - MARS Client bundle version: 6.34.7.1
mars - INFO   - 20260807.093626 - package mars-client version: 6.34.7
mars - INFO   - 20260807.093626 - package mir version: 1.23.9
mars - INFO   - 20260807.093626 - package odc version: 1.6.3
mars - INFO   - 20260807.093626 - package fdb version: 5.21.4
mars - INFO   - 20260807.093626 - package metkit version: 1.18.3
mars - INFO   - 20260807.093626 - package eckit version: 2.0.8
mars - INFO   - 20260807.093626 - package eccodes version: 2.47.2
# Second retrieve surface
retrieve,
anoffset=9,
class=rd,
date=20220518,
expver=j1rw,
levtype=sfc,
param=146.128/147.128/148.128/228.128/231.128/232.128/66.128/67.128/80.228/81.228/82.228/83.228/84.228/85.228/129.128/130/134.128/145.128/159.128/164.128/165.128/166.128/167.128/182.128/235.128/244.128/210061/210062/210123/210181/228104/228109,
step=12/13/14/15/16/17/18/19/20/21/22/23/24,
stream=oper,
time=00:00:00,
type=fc,
grid=0.2/0.2,
area=48.3/10.5/47.3/11.5,
interpolation=grid-box-average,
target="mars_srf_9km_49r2b.grb"

mars - INFO   - 20260807.093626 - Processing request 1

RETRIEVE,
    CLASS      = RD,
    TYPE       = FC,
    STREAM     = OPER,
    EXPVER     = j1rw,
    REPRES     = SH,
    LEVTYPE    = SFC,
    PARAM      = 146.128/147.128/148.128/228.128/231.128/232.128/66.128/67.128/80.228/81.228/82.228/83.228/84.228/85.228/129.128/130/134.128/145.128/159.128/164.128/165.128/166.128/167.128/182.128/235.128/244.128/210061/210062/210123/210181/228104/228109,
    DATE       = 20220518,
    TIME       = 0000,
    STEP       = 12/13/14/15/16/17/18/19/20/21/22/23/24,
    DOMAIN     = G,
    TARGET     = "mars_srf_9km_49r2b.grb",
    RESOL      = AUTO,
    INTERPOLATION = GRID-BOX-AVERAGE,
    AREA       = 48.3/10.5/47.3/11.5,
    GRID       = 0.2/0.2

mars - INFO   - 20260807.093626 - Requesting 416 fields
mars - INFO   - 20260807.093626 - FDB home /home/fdbprod
mars - INFO   - 20260807.093626 - Setting SO_SNDBUF to 33554432 (32.00 M)
mars - INFO   - 20260807.093626 - Current value is 32768 (32.00 K)
mars - INFO   - 20260807.093626 - Setting SO_RCVBUF to 33554432 (32.00 M)
mars - INFO   - 20260807.093626 - Current value is 43690 (42.67 K)
mars - INFO   - 20260807.093626 - Calling mars on 'marsrd-core', local port is 51989
mars - INFO   - 20260807.093626 - Callback at address 10.100.192.195, port 51989
mars - INFO   - 20260807.093627 - Mars client is on ac6-195.bullx (10.100.192.195) 51989
mars - INFO   - 20260807.093627 - Mars server is on 10.112.4.10 33935
mars - INFO   - 20260807.093627 - Server task is 7315 [marsrd]
mars - INFO   - 20260807.093627 - Request cost: 351 fields, 3.89935 Gbytes online, nodes: mvr012 mvr014 [marsrd]
mars - INFO   - 20260807.093627 - The efficiency of your requests in the last 12 hours is 100% [marsrd]
mars - INFO   - 20260807.093627 - Transfering 4186891637 bytes
mars - INFO   - 20260807.093628 - ShToGridded: loading Legendre coefficients '/lus/h2resw01/cache/mir/legendre/4/local-T899-GaussianN450-OPT4189816c2e.leg'
mars - WARN   - 20260807.093650 - Visiting database marsrd : expected 416, got 351
mars - INFO   - 20260807.093650 - 351 fields have been interpolated on 'ac6-195.bullx'
mars - ERROR  - 20260807.093650 - Last error is -43
mars - ERROR  - 20260807.093650 - Expected 416, got 351.
mars - ERROR  - 20260807.093650 - Request failed
mars - INFO   - 20260807.093650 - Request time:  wall: 24 sec  cpu: 23 sec 
mars - INFO   - 20260807.093650 -   Read from network: 3.90 Gbyte(s) in 3 sec  [1.35 Gbyte/sec] 
mars - INFO   - 20260807.093650 -   Visiting marsrd: wall: 24 sec 
mars - INFO   - 20260807.093650 -   Post-processing: wall: 20 sec cpu: 20 sec 
mars - INFO   - 20260807.093650 -   Writing to target file: 90.94 Kbyte(s) in < 1 sec [15.03 Mbyte/sec] 
mars - INFO   - 20260807.093650 - Memory used: 257.79 Mbyte(s)
mars - ERROR  - 20260807.093650 - Some errors reported (last error -1)
grib_to_netcdf: Version 2.47.0
grib_to_netcdf: Processing input file 'mars_srf_9km_49r2b.grb'.
grib_to_netcdf: Found 351 GRIB fields in 1 file.
grib_to_netcdf: Ignoring key(s): method, type, stream, refdate, hdate
grib_to_netcdf: Creating netCDF file 'j1rw_9km_49r2b_srf_20220518_12.nc'
grib_to_netcdf: NetCDF library version: 4.10.0 of Apr  9 2026 13:13:33 $
grib_to_netcdf: Creating large (64 bit) file format.
grib_to_netcdf: Defining variable 'sshf'.
grib_to_netcdf: Defining variable 'slhf'.
grib_to_netcdf: Defining variable 'chnk'.
grib_to_netcdf: Defining variable 'tp'.
grib_to_netcdf: Defining variable 'ishf'.
grib_to_netcdf: Defining variable 'ie'.
grib_to_netcdf: Defining variable 'aco2nee'.
grib_to_netcdf: Defining variable 'aco2gpp'.
grib_to_netcdf: Defining variable 'aco2rec'.
grib_to_netcdf: Defining variable 'fco2nee'.
grib_to_netcdf: Defining variable 'fco2gpp'.
grib_to_netcdf: Defining variable 'fco2rec'.
grib_to_netcdf: Defining variable 'z'.
grib_to_netcdf: Defining variable 't'.
grib_to_netcdf: Defining variable 'bld'.
grib_to_netcdf: Defining variable 'blh'.
grib_to_netcdf: Defining variable 'tcc'.
grib_to_netcdf: Defining variable 'u10'.
grib_to_netcdf: Defining variable 'v10'.
grib_to_netcdf: Defining variable 't2m'.
grib_to_netcdf: Defining variable 'e'.
grib_to_netcdf: Defining variable 'skt'.
grib_to_netcdf: Defining variable 'fsr'.
grib_to_netcdf: Defining variable 'co2'.
grib_to_netcdf: Defining variable 'ch4'.
grib_to_netcdf: Defining variable 'e_WLCH4'.
grib_to_netcdf: Defining variable 'acc_e_WLCH4'.
grib_to_netcdf: Done.
Surface level selected
mars - WARN - 
mars - WARN - 
MIR environment variables:
MIR_CACHE_PATH=/lus/h2resw01/cache:{FILE?/ec/cache.1}/cache:{FILE?/ec/cache.2}/cache
MIR_LSM_NAMED=1km.climate.v013
Using MARS binary: /usr/local/apps/mars/versions/6.34.7.1/bin/mars.bin
mars - INFO   - 20260807.093653 - Welcome to MARS
mars - INFO   - 20260807.093653 - MARS_HOME=/usr/local/apps/mars/configs/prod
mars - INFO   - 20260807.093653 - MARS Client build stamp: 20260623091402
mars - INFO   - 20260807.093653 - MARS Client bundle version: 6.34.7.1
mars - INFO   - 20260807.093653 - package mars-client version: 6.34.7
mars - INFO   - 20260807.093653 - package mir version: 1.23.9
mars - INFO   - 20260807.093653 - package odc version: 1.6.3
mars - INFO   - 20260807.093653 - package fdb version: 5.21.4
mars - INFO   - 20260807.093653 - package metkit version: 1.18.3
mars - INFO   - 20260807.093653 - package eckit version: 2.0.8
mars - INFO   - 20260807.093653 - package eccodes version: 2.47.2
# Second retrieve surface
retrieve,
anoffset=9,
class=rd,
date=20220519,
expver=j1rw,
levtype=sfc,
param=146.128/147.128/148.128/228.128/231.128/232.128/66.128/67.128/80.228/81.228/82.228/83.228/84.228/85.228/129.128/130/134.128/145.128/159.128/164.128/165.128/166.128/167.128/182.128/235.128/244.128/210061/210062/210123/210181/228104/228109,
step=0/1/2/3/4/5/6/7/8/9/10/11/12,
stream=oper,
time=00:00:00,
type=fc,
grid=0.2/0.2,
area=48.3/10.5/47.3/11.5,
interpolation=grid-box-average,
target="mars_srf_9km_49r2b.grb"

mars - INFO   - 20260807.093653 - Processing request 1

RETRIEVE,
    CLASS      = RD,
    TYPE       = FC,
    STREAM     = OPER,
    EXPVER     = j1rw,
    REPRES     = SH,
    LEVTYPE    = SFC,
    PARAM      = 146.128/147.128/148.128/228.128/231.128/232.128/66.128/67.128/80.228/81.228/82.228/83.228/84.228/85.228/129.128/130/134.128/145.128/159.128/164.128/165.128/166.128/167.128/182.128/235.128/244.128/210061/210062/210123/210181/228104/228109,
    DATE       = 20220519,
    TIME       = 0000,
    STEP       = 0/1/2/3/4/5/6/7/8/9/10/11/12,
    DOMAIN     = G,
    TARGET     = "mars_srf_9km_49r2b.grb",
    RESOL      = AUTO,
    INTERPOLATION = GRID-BOX-AVERAGE,
    AREA       = 48.3/10.5/47.3/11.5,
    GRID       = 0.2/0.2

mars - INFO   - 20260807.093653 - Requesting 416 fields
mars - INFO   - 20260807.093653 - FDB home /home/fdbprod
mars - INFO   - 20260807.093653 - Setting SO_SNDBUF to 33554432 (32.00 M)
mars - INFO   - 20260807.093653 - Current value is 32768 (32.00 K)
mars - INFO   - 20260807.093653 - Setting SO_RCVBUF to 33554432 (32.00 M)
mars - INFO   - 20260807.093653 - Current value is 43690 (42.67 K)
mars - INFO   - 20260807.093653 - Calling mars on 'marsrd-core', local port is 51647
mars - INFO   - 20260807.093653 - Callback at address 10.100.192.195, port 51647
mars - INFO   - 20260807.093653 - Mars client is on ac6-195.bullx (10.100.192.195) 51647
mars - INFO   - 20260807.093653 - Mars server is on 10.112.4.10 37073
mars - INFO   - 20260807.093653 - Server task is 316 [marsrd]
mars - INFO   - 20260807.093653 - Request cost: 351 fields, 3.90203 Gbytes online, nodes: mvr006 [marsrd]
mars - INFO   - 20260807.093653 - The efficiency of your requests in the last 12 hours is 100% [marsrd]
mars - INFO   - 20260807.093653 - Transfering 4189773696 bytes
mars - INFO   - 20260807.093655 - ShToGridded: loading Legendre coefficients '/lus/h2resw01/cache/mir/legendre/4/local-T899-GaussianN450-OPT4189816c2e.leg'
mars - WARN   - 20260807.093718 - Visiting database marsrd : expected 416, got 351
mars - INFO   - 20260807.093718 - 351 fields have been interpolated on 'ac6-195.bullx'
mars - ERROR  - 20260807.093718 - Last error is -43
mars - ERROR  - 20260807.093718 - Expected 416, got 351.
mars - ERROR  - 20260807.093718 - Request failed
mars - INFO   - 20260807.093718 - Request time:  wall: 25 sec  cpu: 23 sec 
mars - INFO   - 20260807.093718 -   Read from network: 3.90 Gbyte(s) in 4 sec  [1006.14 Mbyte/sec] 
mars - INFO   - 20260807.093718 -   Visiting marsrd: wall: 24 sec 
mars - INFO   - 20260807.093718 -   Post-processing: wall: 20 sec cpu: 20 sec 
mars - INFO   - 20260807.093718 -   Writing to target file: 90.35 Kbyte(s) in < 1 sec [19.04 Mbyte/sec] 
mars - INFO   - 20260807.093718 - Memory used: 257.62 Mbyte(s)
mars - ERROR  - 20260807.093718 - Some errors reported (last error -1)
grib_to_netcdf: Version 2.47.0
grib_to_netcdf: Processing input file 'mars_srf_9km_49r2b.grb'.
grib_to_netcdf: Found 351 GRIB fields in 1 file.
grib_to_netcdf: Ignoring key(s): method, type, stream, refdate, hdate
grib_to_netcdf: Creating netCDF file 'j1rw_9km_49r2b_srf_20220519_0.nc'
grib_to_netcdf: NetCDF library version: 4.10.0 of Apr  9 2026 13:13:33 $
grib_to_netcdf: Creating large (64 bit) file format.
grib_to_netcdf: Defining variable 'sshf'.
grib_to_netcdf: Defining variable 'slhf'.
grib_to_netcdf: Defining variable 'chnk'.
grib_to_netcdf: Defining variable 'tp'.
grib_to_netcdf: Defining variable 'ishf'.
grib_to_netcdf: Defining variable 'ie'.
grib_to_netcdf: Defining variable 'aco2nee'.
grib_to_netcdf: Defining variable 'aco2gpp'.
grib_to_netcdf: Defining variable 'aco2rec'.
grib_to_netcdf: Defining variable 'fco2nee'.
grib_to_netcdf: Defining variable 'fco2gpp'.
grib_to_netcdf: Defining variable 'fco2rec'.
grib_to_netcdf: Defining variable 'z'.
grib_to_netcdf: Defining variable 't'.
grib_to_netcdf: Defining variable 'bld'.
grib_to_netcdf: Defining variable 'blh'.
grib_to_netcdf: Defining variable 'tcc'.
grib_to_netcdf: Defining variable 'u10'.
grib_to_netcdf: Defining variable 'v10'.
grib_to_netcdf: Defining variable 't2m'.
grib_to_netcdf: Defining variable 'e'.
grib_to_netcdf: Defining variable 'skt'.
grib_to_netcdf: Defining variable 'fsr'.
grib_to_netcdf: Defining variable 'co2'.
grib_to_netcdf: Defining variable 'ch4'.
grib_to_netcdf: Defining variable 'e_WLCH4'.
grib_to_netcdf: Defining variable 'acc_e_WLCH4'.
grib_to_netcdf: Done.
Surface level selected
mars - WARN - 
mars - WARN - 
MIR environment variables:
MIR_CACHE_PATH=/lus/h2resw01/cache:{FILE?/ec/cache.1}/cache:{FILE?/ec/cache.2}/cache
MIR_LSM_NAMED=1km.climate.v013
Using MARS binary: /usr/local/apps/mars/versions/6.34.7.1/bin/mars.bin
mars - INFO   - 20260807.093720 - Welcome to MARS
mars - INFO   - 20260807.093720 - MARS_HOME=/usr/local/apps/mars/configs/prod
mars - INFO   - 20260807.093720 - MARS Client build stamp: 20260623091402
mars - INFO   - 20260807.093720 - MARS Client bundle version: 6.34.7.1
mars - INFO   - 20260807.093720 - package mars-client version: 6.34.7
mars - INFO   - 20260807.093720 - package mir version: 1.23.9
mars - INFO   - 20260807.093720 - package odc version: 1.6.3
mars - INFO   - 20260807.093720 - package fdb version: 5.21.4
mars - INFO   - 20260807.093720 - package metkit version: 1.18.3
mars - INFO   - 20260807.093720 - package eckit version: 2.0.8
mars - INFO   - 20260807.093720 - package eccodes version: 2.47.2
# Second retrieve surface
retrieve,
anoffset=9,
class=rd,
date=20220519,
expver=j1rw,
levtype=sfc,
param=146.128/147.128/148.128/228.128/231.128/232.128/66.128/67.128/80.228/81.228/82.228/83.228/84.228/85.228/129.128/130/134.128/145.128/159.128/164.128/165.128/166.128/167.128/182.128/235.128/244.128/210061/210062/210123/210181/228104/228109,
step=12/13/14/15/16/17/18/19/20/21/22/23/24,
stream=oper,
time=00:00:00,
type=fc,
grid=0.2/0.2,
area=48.3/10.5/47.3/11.5,
interpolation=grid-box-average,
target="mars_srf_9km_49r2b.grb"

mars - INFO   - 20260807.093720 - Processing request 1

RETRIEVE,
    CLASS      = RD,
    TYPE       = FC,
    STREAM     = OPER,
    EXPVER     = j1rw,
    REPRES     = SH,
    LEVTYPE    = SFC,
    PARAM      = 146.128/147.128/148.128/228.128/231.128/232.128/66.128/67.128/80.228/81.228/82.228/83.228/84.228/85.228/129.128/130/134.128/145.128/159.128/164.128/165.128/166.128/167.128/182.128/235.128/244.128/210061/210062/210123/210181/228104/228109,
    DATE       = 20220519,
    TIME       = 0000,
    STEP       = 12/13/14/15/16/17/18/19/20/21/22/23/24,
    DOMAIN     = G,
    TARGET     = "mars_srf_9km_49r2b.grb",
    RESOL      = AUTO,
    INTERPOLATION = GRID-BOX-AVERAGE,
    AREA       = 48.3/10.5/47.3/11.5,
    GRID       = 0.2/0.2

mars - INFO   - 20260807.093720 - Requesting 416 fields
mars - INFO   - 20260807.093720 - FDB home /home/fdbprod
mars - INFO   - 20260807.093720 - Setting SO_SNDBUF to 33554432 (32.00 M)
mars - INFO   - 20260807.093720 - Current value is 32768 (32.00 K)
mars - INFO   - 20260807.093720 - Setting SO_RCVBUF to 33554432 (32.00 M)
mars - INFO   - 20260807.093720 - Current value is 43690 (42.67 K)
mars - INFO   - 20260807.093720 - Calling mars on 'marsrd-core', local port is 32963
mars - INFO   - 20260807.093720 - Callback at address 10.100.192.195, port 32963
mars - INFO   - 20260807.093720 - Mars client is on ac6-195.bullx (10.100.192.195) 32963
mars - INFO   - 20260807.093720 - Mars server is on 10.112.4.10 56613
mars - INFO   - 20260807.093720 - Server task is 7469 [marsrd]
mars - INFO   - 20260807.093720 - Request cost: 351 fields, 3.90093 Gbytes online, nodes: mvr006 mvr010 [marsrd]
mars - INFO   - 20260807.093720 - The efficiency of your requests in the last 12 hours is 100% [marsrd]
mars - INFO   - 20260807.093720 - Transfering 4188596982 bytes
mars - INFO   - 20260807.093722 - ShToGridded: loading Legendre coefficients '/lus/h2resw01/cache/mir/legendre/4/local-T899-GaussianN450-OPT4189816c2e.leg'
mars - WARN   - 20260807.093747 - Visiting database marsrd : expected 416, got 351
mars - INFO   - 20260807.093747 - 351 fields have been interpolated on 'ac6-195.bullx'
mars - ERROR  - 20260807.093747 - Last error is -43
mars - ERROR  - 20260807.093747 - Expected 416, got 351.
mars - ERROR  - 20260807.093747 - Request failed
mars - INFO   - 20260807.093747 - Request time:  wall: 27 sec  cpu: 23 sec 
mars - INFO   - 20260807.093747 -   Read from network: 3.90 Gbyte(s) in 4 sec  [931.76 Mbyte/sec] 
mars - INFO   - 20260807.093747 -   Visiting marsrd: wall: 27 sec 
mars - INFO   - 20260807.093747 -   Post-processing: wall: 22 sec cpu: 20 sec 
mars - INFO   - 20260807.093747 -   Writing to target file: 90.70 Kbyte(s) in < 1 sec [18.15 Mbyte/sec] 
mars - INFO   - 20260807.093747 - Memory used: 257.93 Mbyte(s)
mars - ERROR  - 20260807.093747 - Some errors reported (last error -1)
grib_to_netcdf: Version 2.47.0
grib_to_netcdf: Processing input file 'mars_srf_9km_49r2b.grb'.
grib_to_netcdf: Found 351 GRIB fields in 1 file.
grib_to_netcdf: Ignoring key(s): method, type, stream, refdate, hdate
grib_to_netcdf: Creating netCDF file 'j1rw_9km_49r2b_srf_20220519_12.nc'
grib_to_netcdf: NetCDF library version: 4.10.0 of Apr  9 2026 13:13:33 $
grib_to_netcdf: Creating large (64 bit) file format.
grib_to_netcdf: Defining variable 'sshf'.
grib_to_netcdf: Defining variable 'slhf'.
grib_to_netcdf: Defining variable 'chnk'.
grib_to_netcdf: Defining variable 'tp'.
grib_to_netcdf: Defining variable 'ishf'.
grib_to_netcdf: Defining variable 'ie'.
grib_to_netcdf: Defining variable 'aco2nee'.
grib_to_netcdf: Defining variable 'aco2gpp'.
grib_to_netcdf: Defining variable 'aco2rec'.
grib_to_netcdf: Defining variable 'fco2nee'.
grib_to_netcdf: Defining variable 'fco2gpp'.
grib_to_netcdf: Defining variable 'fco2rec'.
grib_to_netcdf: Defining variable 'z'.
grib_to_netcdf: Defining variable 't'.
grib_to_netcdf: Defining variable 'bld'.
grib_to_netcdf: Defining variable 'blh'.
grib_to_netcdf: Defining variable 'tcc'.
grib_to_netcdf: Defining variable 'u10'.
grib_to_netcdf: Defining variable 'v10'.
grib_to_netcdf: Defining variable 't2m'.
grib_to_netcdf: Defining variable 'e'.
grib_to_netcdf: Defining variable 'skt'.
grib_to_netcdf: Defining variable 'fsr'.
grib_to_netcdf: Defining variable 'co2'.
grib_to_netcdf: Defining variable 'ch4'.
grib_to_netcdf: Defining variable 'e_WLCH4'.
grib_to_netcdf: Defining variable 'acc_e_WLCH4'.
grib_to_netcdf: Done.
Surface level selected
mars - WARN - 
mars - WARN - 
MIR environment variables:
MIR_CACHE_PATH=/lus/h2resw01/cache:{FILE?/ec/cache.1}/cache:{FILE?/ec/cache.2}/cache
MIR_LSM_NAMED=1km.climate.v013
Using MARS binary: /usr/local/apps/mars/versions/6.34.7.1/bin/mars.bin
mars - INFO   - 20260807.093749 - Welcome to MARS
mars - INFO   - 20260807.093749 - MARS_HOME=/usr/local/apps/mars/configs/prod
mars - INFO   - 20260807.093749 - MARS Client build stamp: 20260623091402
mars - INFO   - 20260807.093749 - MARS Client bundle version: 6.34.7.1
mars - INFO   - 20260807.093749 - package mars-client version: 6.34.7
mars - INFO   - 20260807.093749 - package mir version: 1.23.9
mars - INFO   - 20260807.093749 - package odc version: 1.6.3
mars - INFO   - 20260807.093749 - package fdb version: 5.21.4
mars - INFO   - 20260807.093749 - package metkit version: 1.18.3
mars - INFO   - 20260807.093749 - package eckit version: 2.0.8
mars - INFO   - 20260807.093749 - package eccodes version: 2.47.2
# Second retrieve surface
retrieve,
anoffset=9,
class=rd,
date=20220520,
expver=j1rw,
levtype=sfc,
param=146.128/147.128/148.128/228.128/231.128/232.128/66.128/67.128/80.228/81.228/82.228/83.228/84.228/85.228/129.128/130/134.128/145.128/159.128/164.128/165.128/166.128/167.128/182.128/235.128/244.128/210061/210062/210123/210181/228104/228109,
step=0/1/2/3/4/5/6/7/8/9/10/11/12,
stream=oper,
time=00:00:00,
type=fc,
grid=0.2/0.2,
area=48.3/10.5/47.3/11.5,
interpolation=grid-box-average,
target="mars_srf_9km_49r2b.grb"

mars - INFO   - 20260807.093750 - Processing request 1

RETRIEVE,
    CLASS      = RD,
    TYPE       = FC,
    STREAM     = OPER,
    EXPVER     = j1rw,
    REPRES     = SH,
    LEVTYPE    = SFC,
    PARAM      = 146.128/147.128/148.128/228.128/231.128/232.128/66.128/67.128/80.228/81.228/82.228/83.228/84.228/85.228/129.128/130/134.128/145.128/159.128/164.128/165.128/166.128/167.128/182.128/235.128/244.128/210061/210062/210123/210181/228104/228109,
    DATE       = 20220520,
    TIME       = 0000,
    STEP       = 0/1/2/3/4/5/6/7/8/9/10/11/12,
    DOMAIN     = G,
    TARGET     = "mars_srf_9km_49r2b.grb",
    RESOL      = AUTO,
    INTERPOLATION = GRID-BOX-AVERAGE,
    AREA       = 48.3/10.5/47.3/11.5,
    GRID       = 0.2/0.2

mars - INFO   - 20260807.093750 - Requesting 416 fields
mars - INFO   - 20260807.093750 - FDB home /home/fdbprod
mars - INFO   - 20260807.093750 - Setting SO_SNDBUF to 33554432 (32.00 M)
mars - INFO   - 20260807.093750 - Current value is 32768 (32.00 K)
mars - INFO   - 20260807.093750 - Setting SO_RCVBUF to 33554432 (32.00 M)
mars - INFO   - 20260807.093750 - Current value is 43690 (42.67 K)
mars - INFO   - 20260807.093750 - Calling mars on 'marsrd-core', local port is 41611
mars - INFO   - 20260807.093750 - Callback at address 10.100.192.195, port 41611
mars - INFO   - 20260807.093750 - Mars client is on ac6-195.bullx (10.100.192.195) 41611
mars - INFO   - 20260807.093750 - Mars server is on 10.112.4.10 59503
mars - INFO   - 20260807.093750 - Server task is 8892 [marsrd]
mars - INFO   - 20260807.093750 - Request cost: 351 fields, 3.89976 Gbytes online, nodes: mvr004 [marsrd]
mars - INFO   - 20260807.093750 - The efficiency of your requests in the last 12 hours is 100% [marsrd]
mars - INFO   - 20260807.093750 - Transfering 4187336251 bytes
mars - INFO   - 20260807.093752 - ShToGridded: loading Legendre coefficients '/lus/h2resw01/cache/mir/legendre/4/local-T899-GaussianN450-OPT4189816c2e.leg'
mars - WARN   - 20260807.093814 - Visiting database marsrd : expected 416, got 351
mars - INFO   - 20260807.093814 - 351 fields have been interpolated on 'ac6-195.bullx'
mars - ERROR  - 20260807.093814 - Last error is -43
mars - ERROR  - 20260807.093814 - Expected 416, got 351.
mars - ERROR  - 20260807.093814 - Request failed
mars - INFO   - 20260807.093814 - Request time:  wall: 25 sec  cpu: 23 sec 
mars - INFO   - 20260807.093814 -   Read from network: 3.90 Gbyte(s) in 4 sec  [1.02 Gbyte/sec] 
mars - INFO   - 20260807.093814 -   Visiting marsrd: wall: 24 sec 
mars - INFO   - 20260807.093814 -   Post-processing: wall: 20 sec cpu: 19 sec 
mars - INFO   - 20260807.093814 -   Writing to target file: 91.29 Kbyte(s) in < 1 sec [1.59 Mbyte/sec] 
mars - INFO   - 20260807.093814 - Memory used: 257.65 Mbyte(s)
mars - ERROR  - 20260807.093814 - Some errors reported (last error -1)
grib_to_netcdf: Version 2.47.0
grib_to_netcdf: Processing input file 'mars_srf_9km_49r2b.grb'.
grib_to_netcdf: Found 351 GRIB fields in 1 file.
grib_to_netcdf: Ignoring key(s): method, type, stream, refdate, hdate
grib_to_netcdf: Creating netCDF file 'j1rw_9km_49r2b_srf_20220520_0.nc'
grib_to_netcdf: NetCDF library version: 4.10.0 of Apr  9 2026 13:13:33 $
grib_to_netcdf: Creating large (64 bit) file format.
grib_to_netcdf: Defining variable 'sshf'.
grib_to_netcdf: Defining variable 'slhf'.
grib_to_netcdf: Defining variable 'chnk'.
grib_to_netcdf: Defining variable 'tp'.
grib_to_netcdf: Defining variable 'ishf'.
grib_to_netcdf: Defining variable 'ie'.
grib_to_netcdf: Defining variable 'aco2nee'.
grib_to_netcdf: Defining variable 'aco2gpp'.
grib_to_netcdf: Defining variable 'aco2rec'.
grib_to_netcdf: Defining variable 'fco2nee'.
grib_to_netcdf: Defining variable 'fco2gpp'.
grib_to_netcdf: Defining variable 'fco2rec'.
grib_to_netcdf: Defining variable 'z'.
grib_to_netcdf: Defining variable 't'.
grib_to_netcdf: Defining variable 'bld'.
grib_to_netcdf: Defining variable 'blh'.
grib_to_netcdf: Defining variable 'tcc'.
grib_to_netcdf: Defining variable 'u10'.
grib_to_netcdf: Defining variable 'v10'.
grib_to_netcdf: Defining variable 't2m'.
grib_to_netcdf: Defining variable 'e'.
grib_to_netcdf: Defining variable 'skt'.
grib_to_netcdf: Defining variable 'fsr'.
grib_to_netcdf: Defining variable 'co2'.
grib_to_netcdf: Defining variable 'ch4'.
grib_to_netcdf: Defining variable 'e_WLCH4'.
grib_to_netcdf: Defining variable 'acc_e_WLCH4'.
grib_to_netcdf: Done.
Surface level selected
mars - WARN - 
mars - WARN - 
MIR environment variables:
MIR_CACHE_PATH=/lus/h2resw01/cache:{FILE?/ec/cache.1}/cache:{FILE?/ec/cache.2}/cache
MIR_LSM_NAMED=1km.climate.v013
Using MARS binary: /usr/local/apps/mars/versions/6.34.7.1/bin/mars.bin
mars - INFO   - 20260807.093817 - Welcome to MARS
mars - INFO   - 20260807.093817 - MARS_HOME=/usr/local/apps/mars/configs/prod
mars - INFO   - 20260807.093817 - MARS Client build stamp: 20260623091402
mars - INFO   - 20260807.093817 - MARS Client bundle version: 6.34.7.1
mars - INFO   - 20260807.093817 - package mars-client version: 6.34.7
mars - INFO   - 20260807.093817 - package mir version: 1.23.9
mars - INFO   - 20260807.093817 - package odc version: 1.6.3
mars - INFO   - 20260807.093817 - package fdb version: 5.21.4
mars - INFO   - 20260807.093817 - package metkit version: 1.18.3
mars - INFO   - 20260807.093817 - package eckit version: 2.0.8
mars - INFO   - 20260807.093817 - package eccodes version: 2.47.2
# Second retrieve surface
retrieve,
anoffset=9,
class=rd,
date=20220520,
expver=j1rw,
levtype=sfc,
param=146.128/147.128/148.128/228.128/231.128/232.128/66.128/67.128/80.228/81.228/82.228/83.228/84.228/85.228/129.128/130/134.128/145.128/159.128/164.128/165.128/166.128/167.128/182.128/235.128/244.128/210061/210062/210123/210181/228104/228109,
step=12/13/14/15/16/17/18/19/20/21/22/23/24,
stream=oper,
time=00:00:00,
type=fc,
grid=0.2/0.2,
area=48.3/10.5/47.3/11.5,
interpolation=grid-box-average,
target="mars_srf_9km_49r2b.grb"

mars - INFO   - 20260807.093817 - Processing request 1

RETRIEVE,
    CLASS      = RD,
    TYPE       = FC,
    STREAM     = OPER,
    EXPVER     = j1rw,
    REPRES     = SH,
    LEVTYPE    = SFC,
    PARAM      = 146.128/147.128/148.128/228.128/231.128/232.128/66.128/67.128/80.228/81.228/82.228/83.228/84.228/85.228/129.128/130/134.128/145.128/159.128/164.128/165.128/166.128/167.128/182.128/235.128/244.128/210061/210062/210123/210181/228104/228109,
    DATE       = 20220520,
    TIME       = 0000,
    STEP       = 12/13/14/15/16/17/18/19/20/21/22/23/24,
    DOMAIN     = G,
    TARGET     = "mars_srf_9km_49r2b.grb",
    RESOL      = AUTO,
    INTERPOLATION = GRID-BOX-AVERAGE,
    AREA       = 48.3/10.5/47.3/11.5,
    GRID       = 0.2/0.2

mars - INFO   - 20260807.093817 - Requesting 416 fields
mars - INFO   - 20260807.093817 - FDB home /home/fdbprod
mars - INFO   - 20260807.093818 - Setting SO_SNDBUF to 33554432 (32.00 M)
mars - INFO   - 20260807.093818 - Current value is 32768 (32.00 K)
mars - INFO   - 20260807.093818 - Setting SO_RCVBUF to 33554432 (32.00 M)
mars - INFO   - 20260807.093818 - Current value is 43690 (42.67 K)
mars - INFO   - 20260807.093818 - Calling mars on 'marsrd-core', local port is 33891
mars - INFO   - 20260807.093818 - Callback at address 10.100.192.195, port 33891
mars - INFO   - 20260807.093821 - Mars client is on ac6-195.bullx (10.100.192.195) 33891
mars - INFO   - 20260807.093821 - Mars server is on 10.112.4.10 39141
mars - INFO   - 20260807.093821 - Server task is 3179 [marsrd]
mars - INFO   - 20260807.093821 - Request cost: 351 fields, 3.9 Gbytes online, nodes: mvr004 mvr005 [marsrd]
mars - INFO   - 20260807.093821 - The efficiency of your requests in the last 12 hours is 100% [marsrd]
mars - INFO   - 20260807.093822 - Transfering 4187594487 bytes
mars - INFO   - 20260807.093823 - ShToGridded: loading Legendre coefficients '/lus/h2resw01/cache/mir/legendre/4/local-T899-GaussianN450-OPT4189816c2e.leg'
mars - WARN   - 20260807.093845 - Visiting database marsrd : expected 416, got 351
mars - INFO   - 20260807.093845 - 351 fields have been interpolated on 'ac6-195.bullx'
mars - ERROR  - 20260807.093845 - Last error is -43
mars - ERROR  - 20260807.093845 - Expected 416, got 351.
mars - ERROR  - 20260807.093845 - Request failed
mars - INFO   - 20260807.093845 - Request time:  wall: 27 sec  cpu: 23 sec 
mars - INFO   - 20260807.093845 -   Read from network: 3.90 Gbyte(s) in 3 sec  [1.41 Gbyte/sec] 
mars - INFO   - 20260807.093845 -   Processing in marsrd: wall: 4 sec 
mars - INFO   - 20260807.093845 -   Visiting marsrd: wall: 27 sec 
mars - INFO   - 20260807.093845 -   Post-processing: wall: 20 sec cpu: 20 sec 
mars - INFO   - 20260807.093845 -   Writing to target file: 91.41 Kbyte(s) in < 1 sec [18.65 Mbyte/sec] 
mars - INFO   - 20260807.093845 - Memory used: 257.73 Mbyte(s)
mars - ERROR  - 20260807.093845 - Some errors reported (last error -1)
grib_to_netcdf: Version 2.47.0
grib_to_netcdf: Processing input file 'mars_srf_9km_49r2b.grb'.
grib_to_netcdf: Found 351 GRIB fields in 1 file.
grib_to_netcdf: Ignoring key(s): method, type, stream, refdate, hdate
grib_to_netcdf: Creating netCDF file 'j1rw_9km_49r2b_srf_20220520_12.nc'
grib_to_netcdf: NetCDF library version: 4.10.0 of Apr  9 2026 13:13:33 $
grib_to_netcdf: Creating large (64 bit) file format.
grib_to_netcdf: Defining variable 'sshf'.
grib_to_netcdf: Defining variable 'slhf'.
grib_to_netcdf: Defining variable 'chnk'.
grib_to_netcdf: Defining variable 'tp'.
grib_to_netcdf: Defining variable 'ishf'.
grib_to_netcdf: Defining variable 'ie'.
grib_to_netcdf: Defining variable 'aco2nee'.
grib_to_netcdf: Defining variable 'aco2gpp'.
grib_to_netcdf: Defining variable 'aco2rec'.
grib_to_netcdf: Defining variable 'fco2nee'.
grib_to_netcdf: Defining variable 'fco2gpp'.
grib_to_netcdf: Defining variable 'fco2rec'.
grib_to_netcdf: Defining variable 'z'.
grib_to_netcdf: Defining variable 't'.
grib_to_netcdf: Defining variable 'bld'.
grib_to_netcdf: Defining variable 'blh'.
grib_to_netcdf: Defining variable 'tcc'.
grib_to_netcdf: Defining variable 'u10'.
grib_to_netcdf: Defining variable 'v10'.
grib_to_netcdf: Defining variable 't2m'.
grib_to_netcdf: Defining variable 'e'.
grib_to_netcdf: Defining variable 'skt'.
grib_to_netcdf: Defining variable 'fsr'.
grib_to_netcdf: Defining variable 'co2'.
grib_to_netcdf: Defining variable 'ch4'.
grib_to_netcdf: Defining variable 'e_WLCH4'.
grib_to_netcdf: Defining variable 'acc_e_WLCH4'.
grib_to_netcdf: Done.
Done.
