[ECMWF-INFO -ecprofile] /usr/bin/bash NON_INTERACTIVE on ac6-125 at 20260717_135050.091, PID: 1635499, JOBID: 39860915
[ECMWF-INFO -ecprofile] $SCRATCH=/ec/res4/scratch/paaa
[ECMWF-INFO -ecprofile] $PERM=/perm/paaa
[ECMWF-INFO -ecprofile] $HPCPERM=/ec/res4/hpcperm/paaa
[ECMWF-INFO -ecprofile] $TMPDIR=/etc/ecmwf/ssd/ssd1/tmpdirs/paaa.39860915
[ECMWF-INFO -ecprofile] $SCRATCHDIR=/ec/res4/scratchdir/paaa/3/39860915
base_dir: /scratch/paaa/IFS/HPB_tower
subdomain: HPB_tower
exp_id: j1rw
exp_name: 9km_49r2b
exp_type: fc
levels: ml
ldiagflx: False
ldiagflx_49r2b: True
ldiagghg: False
levitrac: False
lbud23: False
lead_time: 0
grid: 0.2/0.2
year: 2022
stream: oper
single_day: 0515
area: 48.3/10.5/47.3/11.5
param_ml: 75/82/83/84/85/86/87/88/89/90/91/92/93/94/95/96/97/98/99/100/101/102/103/104/105/106/107/108/109/110/111/130/131/132/133/135/138/152/155/246/162100/162101/162104/162105/162106/162107/162109/210061/210062/210123/210181/217026
Find your raw data in /scratch/paaa/IFS/HPB_tower/j1rw
Model level selected
mars - WARN - 
mars - WARN - 
MIR environment variables:
MIR_CACHE_PATH=/lus/h2resw01/cache:{FILE?/ec/cache.1}/cache:{FILE?/ec/cache.2}/cache
MIR_LSM_NAMED=1km.climate.v013
Using MARS binary: /usr/local/apps/mars/versions/6.34.4.11/bin/mars.bin
mars - INFO   - 20260717.135053 - Welcome to MARS
mars - INFO   - 20260717.135053 - MARS_HOME=/usr/local/apps/mars/configs/prod
mars - INFO   - 20260717.135053 - MARS Client build stamp: 20260421054856
mars - INFO   - 20260717.135053 - MARS Client bundle version: 6.34.4.11
mars - INFO   - 20260717.135053 - package mars-client version: 6.34.4
mars - INFO   - 20260717.135053 - package mir version: 1.23.9
mars - INFO   - 20260717.135053 - package odc version: 1.6.3
mars - INFO   - 20260717.135053 - package fdb version: 5.21.1
mars - INFO   - 20260717.135053 - package metkit version: 1.18.0
mars - INFO   - 20260717.135053 - package eckit version: 2.0.7
mars - INFO   - 20260717.135053 - package eccodes version: 2.46.3
# First retrieve profiles
retrieve,
anoffset=9,
class=rd,
date=20220515,
expver=j1rw,
levelist=1/50/51/52/53/54/55/56/57/58/59/60/61/62/63/64/65/66/67/68/69/70/71/72/73/74/75/76/77/78/79/80/81/82/83/84/85/86/87/88/89/90/91/92/93/94/95/96/97/98/99/100/101/102/103/104/105/106/107/108/109/110/111/112/113/114/115/116/117/118/119/120/121/122/123/124/125/126/127/128/129/130/131/132/133/134/135/136/137,
levtype=ml,
param=75/82/83/84/85/86/87/88/89/90/91/92/93/94/95/96/97/98/99/100/101/102/103/104/105/106/107/108/109/110/111/130/131/132/133/135/138/152/155/246/162100/162101/162104/162105/162106/162107/162109/210061/210062/210123/210181/217026,
step=0/1/2/3/4/5/6/7/8/9/10/11/12,
stream=oper,
time=00:00:00,
type=fc,
grid=0.2/0.2,
area=48.3/10.5/47.3/11.5,
target="mars_ml_9km_49r2b.grb"

mars - INFO   - 20260717.135053 - Processing request 1

RETRIEVE,
    CLASS      = RD,
    TYPE       = FC,
    STREAM     = OPER,
    EXPVER     = j1rw,
    REPRES     = SH,
    LEVTYPE    = ML,
    LEVELIST   = 1/50/51/52/53/54/55/56/57/58/59/60/61/62/63/64/65/66/67/68/69/70/71/72/73/74/75/76/77/78/79/80/81/82/83/84/85/86/87/88/89/90/91/92/93/94/95/96/97/98/99/100/101/102/103/104/105/106/107/108/109/110/111/112/113/114/115/116/117/118/119/120/121/122/123/124/125/126/127/128/129/130/131/132/133/134/135/136/137,
    PARAM      = 75/82/83/84/85/86/87/88/89/90/91/92/93/94/95/96/97/98/99/100/101/102/103/104/105/106/107/108/109/110/111/130/131/132/133/135/138/152/155/246/162100/162101/162104/162105/162106/162107/162109/210061/210062/210123/210181/217026,
    DATE       = 20220515,
    TIME       = 0000,
    STEP       = 0/1/2/3/4/5/6/7/8/9/10/11/12,
    DOMAIN     = G,
    TARGET     = "mars_ml_9km_49r2b.grb",
    RESOL      = AUTO,
    AREA       = 48.3/10.5/47.3/11.5,
    GRID       = 0.2/0.2

mars - INFO   - 20260717.135053 - Requesting 59020 fields
mars - INFO   - 20260717.135053 - FDB home /home/fdbprod
mars - INFO   - 20260717.135054 - Setting SO_SNDBUF to 33554432 (32.00 M)
mars - INFO   - 20260717.135054 - Current value is 32768 (32.00 K)
mars - INFO   - 20260717.135054 - Setting SO_RCVBUF to 33554432 (32.00 M)
mars - INFO   - 20260717.135054 - Current value is 43690 (42.67 K)
mars - INFO   - 20260717.135054 - Calling mars on 'marsrd-core', local port is 35245
mars - INFO   - 20260717.135054 - Callback at address 10.100.192.125, port 35245
mars - INFO   - 20260717.135056 - Mars client is on ac6-125.bullx (10.100.192.125) 35245
mars - INFO   - 20260717.135056 - Mars server is on 10.112.4.10 51351
mars - INFO   - 20260717.135056 - Server task is 416 [marsrd]
mars - INFO   - 20260717.135056 - Request cost: 45,136 fields, 154.859 Gbytes online, nodes: mvr003 mvr007 mvr008 mvr013 [marsrd]
mars - INFO   - 20260717.135056 - The efficiency of your requests in the last 12 hours is 100% [marsrd]
mars - INFO   - 20260717.135056 - Wind conversion requested by server
mars - INFO   - 20260717.135056 - Transfering 166278728074 bytes
mars - INFO   - 20260717.135059 - ShToGridded: loading Legendre coefficients '/lus/h2resw01/cache/mir/legendre/4/local-T899-GaussianN450-OPT4189816c2e.leg'
mars - INFO   - 20260717.135350 - Deriving U and V from vorticity and divergence
