[ECMWF-INFO -ecprofile] /usr/bin/bash NON_INTERACTIVE on ac6-151 at 20260807_093348.970, PID: 2633656, JOBID: 39361042
[ECMWF-INFO -ecprofile] $SCRATCH=/ec/res4/scratch/paaa
[ECMWF-INFO -ecprofile] $PERM=/perm/paaa
[ECMWF-INFO -ecprofile] $HPCPERM=/ec/res4/hpcperm/paaa
[ECMWF-INFO -ecprofile] $TMPDIR=/etc/ecmwf/ssd/ssd1/tmpdirs/paaa.39361042
[ECMWF-INFO -ecprofile] $SCRATCHDIR=/ec/res4/scratchdir/paaa/2/39361042
base_dir: /scratch/paaa/IFS/HPB_tower
subdomain: HPB_tower
exp_id: j7y2
exp_name: dryMF_49r2b
exp_type: fc
levels: srf
ldiagflx: False
ldiagflx_49r2b: True
ldiagghg: False
levitrac: False
lbud23: False
lead_time: 0
grid: 0.2/0.2
year: 2022
stream: oper
single_day: False
area: 48.3/10.5/47.3/11.5
param_ml: 75/82/83/84/85/86/87/88/89/90/91/92/93/94/95/96/97/98/99/100/101/102/103/104/105/106/107/108/109/110/111/130/131/132/133/135/138/152/155/246/162100/162101/162104/162105/162106/162107/162109/210061/210062/210123/210181/217026
Find your raw data in /scratch/paaa/IFS/HPB_tower/j7y2
Surface level selected
mars - WARN - 
mars - WARN - 
MIR environment variables:
MIR_CACHE_PATH=/lus/h2resw01/cache:{FILE?/ec/cache.1}/cache:{FILE?/ec/cache.2}/cache
MIR_LSM_NAMED=1km.climate.v013
Using MARS binary: /usr/local/apps/mars/versions/6.34.7.1/bin/mars.bin
mars - INFO   - 20260807.093352 - Welcome to MARS
mars - INFO   - 20260807.093352 - MARS_HOME=/usr/local/apps/mars/configs/prod
mars - INFO   - 20260807.093352 - MARS Client build stamp: 20260623091402
mars - INFO   - 20260807.093352 - MARS Client bundle version: 6.34.7.1
mars - INFO   - 20260807.093352 - package mars-client version: 6.34.7
mars - INFO   - 20260807.093352 - package mir version: 1.23.9
mars - INFO   - 20260807.093352 - package odc version: 1.6.3
mars - INFO   - 20260807.093352 - package fdb version: 5.21.4
mars - INFO   - 20260807.093352 - package metkit version: 1.18.3
mars - INFO   - 20260807.093352 - package eckit version: 2.0.8
mars - INFO   - 20260807.093352 - package eccodes version: 2.47.2
# Second retrieve surface
retrieve,
anoffset=9,
class=rd,
date=20220515,
expver=j7y2,
levtype=sfc,
param=146.128/147.128/148.128/228.128/231.128/232.128/66.128/67.128/80.228/81.228/82.228/83.228/84.228/85.228/129.128/130/134.128/145.128/159.128/164.128/165.128/166.128/167.128/182.128/235.128/244.128/210061/210062/210123/210181/228104/228109,
step=0/1/2/3/4/5/6/7/8/9/10/11/12,
stream=oper,
time=00:00:00,
type=fc,
grid=0.2/0.2,
area=48.3/10.5/47.3/11.5,
interpolation=grid-box-average,
target="mars_srf_dryMF_49r2b.grb"

mars - INFO   - 20260807.093352 - Processing request 1

RETRIEVE,
    CLASS      = RD,
    TYPE       = FC,
    STREAM     = OPER,
    EXPVER     = j7y2,
    REPRES     = SH,
    LEVTYPE    = SFC,
    PARAM      = 146.128/147.128/148.128/228.128/231.128/232.128/66.128/67.128/80.228/81.228/82.228/83.228/84.228/85.228/129.128/130/134.128/145.128/159.128/164.128/165.128/166.128/167.128/182.128/235.128/244.128/210061/210062/210123/210181/228104/228109,
    DATE       = 20220515,
    TIME       = 0000,
    STEP       = 0/1/2/3/4/5/6/7/8/9/10/11/12,
    DOMAIN     = G,
    TARGET     = "mars_srf_dryMF_49r2b.grb",
    RESOL      = AUTO,
    INTERPOLATION = GRID-BOX-AVERAGE,
    AREA       = 48.3/10.5/47.3/11.5,
    GRID       = 0.2/0.2

mars - INFO   - 20260807.093353 - Requesting 416 fields
mars - INFO   - 20260807.093353 - FDB home /home/fdbprod
mars - INFO   - 20260807.093353 - Setting SO_SNDBUF to 33554432 (32.00 M)
mars - INFO   - 20260807.093353 - Current value is 32768 (32.00 K)
mars - INFO   - 20260807.093353 - Setting SO_RCVBUF to 33554432 (32.00 M)
mars - INFO   - 20260807.093353 - Current value is 43690 (42.67 K)
mars - INFO   - 20260807.093353 - Calling mars on 'marsrd-core', local port is 60283
mars - INFO   - 20260807.093353 - Callback at address 10.100.192.151, port 60283
mars - INFO   - 20260807.093353 - Mars client is on ac6-151.bullx (10.100.192.151) 60283
mars - INFO   - 20260807.093353 - Mars server is on 10.112.4.10 33683
mars - INFO   - 20260807.093353 - Server task is 9645 [marsrd]
mars - INFO   - 20260807.093353 - Request cost: 364 fields, 417.788 Mbytes online, nodes: mvr008 [marsrd]
mars - INFO   - 20260807.093353 - The efficiency of your requests in the last 12 hours is 100% [marsrd]
mars - INFO   - 20260807.093353 - Transfering 438082305 bytes
mars - INFO   - 20260807.093354 - ShToGridded: loading Legendre coefficients '/lus/h2resw01/cache/mir/legendre/4/local-T399-GaussianN400-OPT4189816c2e.leg'
mars - WARN   - 20260807.093358 - Visiting database marsrd : expected 416, got 364
mars - INFO   - 20260807.093358 - 364 fields have been interpolated on 'ac6-151.bullx'
mars - ERROR  - 20260807.093358 - Last error is -43
mars - ERROR  - 20260807.093358 - Expected 416, got 364.
mars - ERROR  - 20260807.093358 - Request failed
mars - INFO   - 20260807.093358 - Request time:  wall: 6 sec  cpu: 3 sec 
mars - INFO   - 20260807.093358 -   Read from network: 417.79 Mbyte(s) in < 1 sec [482.53 Mbyte/sec] 
mars - INFO   - 20260807.093358 -   Visiting marsrd: wall: 5 sec 
mars - INFO   - 20260807.093358 -   Post-processing: wall: 4 sec cpu: 2 sec 
mars - INFO   - 20260807.093358 -   Writing to target file: 93.16 Kbyte(s) in < 1 sec [20.34 Mbyte/sec] 
mars - INFO   - 20260807.093358 - Memory used: 140.94 Mbyte(s)
mars - ERROR  - 20260807.093358 - Some errors reported (last error -1)
grib_to_netcdf: Version 2.47.0
grib_to_netcdf: Processing input file 'mars_srf_dryMF_49r2b.grb'.
grib_to_netcdf: Found 364 GRIB fields in 1 file.
grib_to_netcdf: Ignoring key(s): method, type, stream, refdate, hdate
grib_to_netcdf: Creating netCDF file 'j7y2_dryMF_49r2b_srf_20220515_0.nc'
grib_to_netcdf: NetCDF library version: 4.10.0 of Apr  9 2026 13:13:33 $
grib_to_netcdf: Creating large (64 bit) file format.
grib_to_netcdf: Defining variable 'sshf'.
grib_to_netcdf: Defining variable 'slhf'.
grib_to_netcdf: Defining variable 'chnk'.
grib_to_netcdf: Defining variable 'tp'.
grib_to_netcdf: Defining variable 'ishf'.
grib_to_netcdf: Defining variable 'ie'.
grib_to_netcdf: Defining variable 'aco2nee'.
grib_to_netcdf: Defining variable 'aco2gpp'.
grib_to_netcdf: Defining variable 'aco2rec'.
grib_to_netcdf: Defining variable 'fco2nee'.
grib_to_netcdf: Defining variable 'fco2gpp'.
grib_to_netcdf: Defining variable 'fco2rec'.
grib_to_netcdf: Defining variable 'z'.
grib_to_netcdf: Defining variable 't'.
grib_to_netcdf: Defining variable 'sp'.
grib_to_netcdf: Defining variable 'bld'.
grib_to_netcdf: Defining variable 'blh'.
grib_to_netcdf: Defining variable 'tcc'.
grib_to_netcdf: Defining variable 'u10'.
grib_to_netcdf: Defining variable 'v10'.
grib_to_netcdf: Defining variable 't2m'.
grib_to_netcdf: Defining variable 'e'.
grib_to_netcdf: Defining variable 'skt'.
grib_to_netcdf: Defining variable 'fsr'.
grib_to_netcdf: Defining variable 'co2'.
grib_to_netcdf: Defining variable 'ch4'.
grib_to_netcdf: Defining variable 'e_WLCH4'.
grib_to_netcdf: Defining variable 'acc_e_WLCH4'.
grib_to_netcdf: Done.
Surface level selected
mars - WARN - 
mars - WARN - 
MIR environment variables:
MIR_CACHE_PATH=/lus/h2resw01/cache:{FILE?/ec/cache.1}/cache:{FILE?/ec/cache.2}/cache
MIR_LSM_NAMED=1km.climate.v013
Using MARS binary: /usr/local/apps/mars/versions/6.34.7.1/bin/mars.bin
mars - INFO   - 20260807.093401 - Welcome to MARS
mars - INFO   - 20260807.093401 - MARS_HOME=/usr/local/apps/mars/configs/prod
mars - INFO   - 20260807.093401 - MARS Client build stamp: 20260623091402
mars - INFO   - 20260807.093401 - MARS Client bundle version: 6.34.7.1
mars - INFO   - 20260807.093401 - package mars-client version: 6.34.7
mars - INFO   - 20260807.093401 - package mir version: 1.23.9
mars - INFO   - 20260807.093401 - package odc version: 1.6.3
mars - INFO   - 20260807.093401 - package fdb version: 5.21.4
mars - INFO   - 20260807.093401 - package metkit version: 1.18.3
mars - INFO   - 20260807.093401 - package eckit version: 2.0.8
mars - INFO   - 20260807.093401 - package eccodes version: 2.47.2
# Second retrieve surface
retrieve,
anoffset=9,
class=rd,
date=20220515,
expver=j7y2,
levtype=sfc,
param=146.128/147.128/148.128/228.128/231.128/232.128/66.128/67.128/80.228/81.228/82.228/83.228/84.228/85.228/129.128/130/134.128/145.128/159.128/164.128/165.128/166.128/167.128/182.128/235.128/244.128/210061/210062/210123/210181/228104/228109,
step=12/13/14/15/16/17/18/19/20/21/22/23/24,
stream=oper,
time=00:00:00,
type=fc,
grid=0.2/0.2,
area=48.3/10.5/47.3/11.5,
interpolation=grid-box-average,
target="mars_srf_dryMF_49r2b.grb"

mars - INFO   - 20260807.093401 - Processing request 1

RETRIEVE,
    CLASS      = RD,
    TYPE       = FC,
    STREAM     = OPER,
    EXPVER     = j7y2,
    REPRES     = SH,
    LEVTYPE    = SFC,
    PARAM      = 146.128/147.128/148.128/228.128/231.128/232.128/66.128/67.128/80.228/81.228/82.228/83.228/84.228/85.228/129.128/130/134.128/145.128/159.128/164.128/165.128/166.128/167.128/182.128/235.128/244.128/210061/210062/210123/210181/228104/228109,
    DATE       = 20220515,
    TIME       = 0000,
    STEP       = 12/13/14/15/16/17/18/19/20/21/22/23/24,
    DOMAIN     = G,
    TARGET     = "mars_srf_dryMF_49r2b.grb",
    RESOL      = AUTO,
    INTERPOLATION = GRID-BOX-AVERAGE,
    AREA       = 48.3/10.5/47.3/11.5,
    GRID       = 0.2/0.2

mars - INFO   - 20260807.093401 - Requesting 416 fields
mars - INFO   - 20260807.093401 - FDB home /home/fdbprod
mars - INFO   - 20260807.093401 - Setting SO_SNDBUF to 33554432 (32.00 M)
mars - INFO   - 20260807.093401 - Current value is 32768 (32.00 K)
mars - INFO   - 20260807.093401 - Setting SO_RCVBUF to 33554432 (32.00 M)
mars - INFO   - 20260807.093401 - Current value is 43690 (42.67 K)
mars - INFO   - 20260807.093401 - Calling mars on 'marsrd-core', local port is 47985
mars - INFO   - 20260807.093401 - Callback at address 10.100.192.151, port 47985
mars - INFO   - 20260807.093401 - Mars client is on ac6-151.bullx (10.100.192.151) 47985
mars - INFO   - 20260807.093401 - Mars server is on 10.112.4.10 60897
mars - INFO   - 20260807.093401 - Server task is 9645 [marsrd]
mars - INFO   - 20260807.093401 - Request cost: 364 fields, 416.361 Mbytes online, nodes: mvr006 mvr008 [marsrd]
mars - INFO   - 20260807.093401 - The efficiency of your requests in the last 12 hours is 100% [marsrd]
mars - INFO   - 20260807.093402 - Transfering 436586265 bytes
mars - INFO   - 20260807.093403 - ShToGridded: loading Legendre coefficients '/lus/h2resw01/cache/mir/legendre/4/local-T399-GaussianN400-OPT4189816c2e.leg'
mars - WARN   - 20260807.093405 - Visiting database marsrd : expected 416, got 364
mars - INFO   - 20260807.093405 - 364 fields have been interpolated on 'ac6-151.bullx'
mars - ERROR  - 20260807.093405 - Last error is -43
mars - ERROR  - 20260807.093405 - Expected 416, got 364.
mars - ERROR  - 20260807.093405 - Request failed
mars - INFO   - 20260807.093405 - Request time:  wall: 4 sec  cpu: 3 sec 
mars - INFO   - 20260807.093405 -   Read from network: 416.36 Mbyte(s) in < 1 sec [487.30 Mbyte/sec] 
mars - INFO   - 20260807.093405 -   Visiting marsrd: wall: 4 sec 
mars - INFO   - 20260807.093405 -   Post-processing: wall: 2 sec cpu: 2 sec 
mars - INFO   - 20260807.093405 -   Writing to target file: 93.52 Kbyte(s) in < 1 sec [24.20 Mbyte/sec] 
mars - INFO   - 20260807.093405 - Memory used: 140.55 Mbyte(s)
mars - ERROR  - 20260807.093405 - Some errors reported (last error -1)
grib_to_netcdf: Version 2.47.0
grib_to_netcdf: Processing input file 'mars_srf_dryMF_49r2b.grb'.
grib_to_netcdf: Found 364 GRIB fields in 1 file.
grib_to_netcdf: Ignoring key(s): method, type, stream, refdate, hdate
grib_to_netcdf: Creating netCDF file 'j7y2_dryMF_49r2b_srf_20220515_12.nc'
grib_to_netcdf: NetCDF library version: 4.10.0 of Apr  9 2026 13:13:33 $
grib_to_netcdf: Creating large (64 bit) file format.
grib_to_netcdf: Defining variable 'sshf'.
grib_to_netcdf: Defining variable 'slhf'.
grib_to_netcdf: Defining variable 'chnk'.
grib_to_netcdf: Defining variable 'tp'.
grib_to_netcdf: Defining variable 'ishf'.
grib_to_netcdf: Defining variable 'ie'.
grib_to_netcdf: Defining variable 'aco2nee'.
grib_to_netcdf: Defining variable 'aco2gpp'.
grib_to_netcdf: Defining variable 'aco2rec'.
grib_to_netcdf: Defining variable 'fco2nee'.
grib_to_netcdf: Defining variable 'fco2gpp'.
grib_to_netcdf: Defining variable 'fco2rec'.
grib_to_netcdf: Defining variable 'z'.
grib_to_netcdf: Defining variable 't'.
grib_to_netcdf: Defining variable 'sp'.
grib_to_netcdf: Defining variable 'bld'.
grib_to_netcdf: Defining variable 'blh'.
grib_to_netcdf: Defining variable 'tcc'.
grib_to_netcdf: Defining variable 'u10'.
grib_to_netcdf: Defining variable 'v10'.
grib_to_netcdf: Defining variable 't2m'.
grib_to_netcdf: Defining variable 'e'.
grib_to_netcdf: Defining variable 'skt'.
grib_to_netcdf: Defining variable 'fsr'.
grib_to_netcdf: Defining variable 'co2'.
grib_to_netcdf: Defining variable 'ch4'.
grib_to_netcdf: Defining variable 'e_WLCH4'.
grib_to_netcdf: Defining variable 'acc_e_WLCH4'.
grib_to_netcdf: Done.
Surface level selected
mars - WARN - 
mars - WARN - 
MIR environment variables:
MIR_CACHE_PATH=/lus/h2resw01/cache:{FILE?/ec/cache.1}/cache:{FILE?/ec/cache.2}/cache
MIR_LSM_NAMED=1km.climate.v013
Using MARS binary: /usr/local/apps/mars/versions/6.34.7.1/bin/mars.bin
mars - INFO   - 20260807.093408 - Welcome to MARS
mars - INFO   - 20260807.093408 - MARS_HOME=/usr/local/apps/mars/configs/prod
mars - INFO   - 20260807.093408 - MARS Client build stamp: 20260623091402
mars - INFO   - 20260807.093408 - MARS Client bundle version: 6.34.7.1
mars - INFO   - 20260807.093408 - package mars-client version: 6.34.7
mars - INFO   - 20260807.093408 - package mir version: 1.23.9
mars - INFO   - 20260807.093408 - package odc version: 1.6.3
mars - INFO   - 20260807.093408 - package fdb version: 5.21.4
mars - INFO   - 20260807.093408 - package metkit version: 1.18.3
mars - INFO   - 20260807.093408 - package eckit version: 2.0.8
mars - INFO   - 20260807.093408 - package eccodes version: 2.47.2
# Second retrieve surface
retrieve,
anoffset=9,
class=rd,
date=20220516,
expver=j7y2,
levtype=sfc,
param=146.128/147.128/148.128/228.128/231.128/232.128/66.128/67.128/80.228/81.228/82.228/83.228/84.228/85.228/129.128/130/134.128/145.128/159.128/164.128/165.128/166.128/167.128/182.128/235.128/244.128/210061/210062/210123/210181/228104/228109,
step=0/1/2/3/4/5/6/7/8/9/10/11/12,
stream=oper,
time=00:00:00,
type=fc,
grid=0.2/0.2,
area=48.3/10.5/47.3/11.5,
interpolation=grid-box-average,
target="mars_srf_dryMF_49r2b.grb"

mars - INFO   - 20260807.093408 - Processing request 1

RETRIEVE,
    CLASS      = RD,
    TYPE       = FC,
    STREAM     = OPER,
    EXPVER     = j7y2,
    REPRES     = SH,
    LEVTYPE    = SFC,
    PARAM      = 146.128/147.128/148.128/228.128/231.128/232.128/66.128/67.128/80.228/81.228/82.228/83.228/84.228/85.228/129.128/130/134.128/145.128/159.128/164.128/165.128/166.128/167.128/182.128/235.128/244.128/210061/210062/210123/210181/228104/228109,
    DATE       = 20220516,
    TIME       = 0000,
    STEP       = 0/1/2/3/4/5/6/7/8/9/10/11/12,
    DOMAIN     = G,
    TARGET     = "mars_srf_dryMF_49r2b.grb",
    RESOL      = AUTO,
    INTERPOLATION = GRID-BOX-AVERAGE,
    AREA       = 48.3/10.5/47.3/11.5,
    GRID       = 0.2/0.2

mars - INFO   - 20260807.093408 - Requesting 416 fields
mars - INFO   - 20260807.093408 - FDB home /home/fdbprod
mars - INFO   - 20260807.093408 - Setting SO_SNDBUF to 33554432 (32.00 M)
mars - INFO   - 20260807.093408 - Current value is 32768 (32.00 K)
mars - INFO   - 20260807.093408 - Setting SO_RCVBUF to 33554432 (32.00 M)
mars - INFO   - 20260807.093408 - Current value is 43690 (42.67 K)
mars - INFO   - 20260807.093408 - Calling mars on 'marsrd-core', local port is 58469
mars - INFO   - 20260807.093408 - Callback at address 10.100.192.151, port 58469
mars - INFO   - 20260807.093408 - Mars client is on ac6-151.bullx (10.100.192.151) 58469
mars - INFO   - 20260807.093408 - Mars server is on 10.112.4.10 54301
mars - INFO   - 20260807.093408 - Server task is 6616 [marsrd]
mars - INFO   - 20260807.093408 - Request cost: 364 fields, 417.754 Mbytes online, nodes: mvr014 [marsrd]
mars - INFO   - 20260807.093408 - The efficiency of your requests in the last 12 hours is 100% [marsrd]
mars - INFO   - 20260807.093408 - Transfering 438047300 bytes
mars - INFO   - 20260807.093409 - ShToGridded: loading Legendre coefficients '/lus/h2resw01/cache/mir/legendre/4/local-T399-GaussianN400-OPT4189816c2e.leg'
mars - WARN   - 20260807.093412 - Visiting database marsrd : expected 416, got 364
mars - INFO   - 20260807.093412 - 364 fields have been interpolated on 'ac6-151.bullx'
mars - ERROR  - 20260807.093412 - Last error is -43
mars - ERROR  - 20260807.093412 - Expected 416, got 364.
mars - ERROR  - 20260807.093412 - Request failed
mars - INFO   - 20260807.093412 - Request time:  wall: 4 sec  cpu: 3 sec 
mars - INFO   - 20260807.093412 -   Read from network: 417.75 Mbyte(s) in 1 sec  [417.67 Mbyte/sec] 
mars - INFO   - 20260807.093412 -   Visiting marsrd: wall: 4 sec 
mars - INFO   - 20260807.093412 -   Post-processing: wall: 2 sec cpu: 2 sec 
mars - INFO   - 20260807.093412 -   Writing to target file: 92.93 Kbyte(s) in < 1 sec [23.58 Mbyte/sec] 
mars - INFO   - 20260807.093412 - Memory used: 141.02 Mbyte(s)
mars - ERROR  - 20260807.093412 - Some errors reported (last error -1)
grib_to_netcdf: Version 2.47.0
grib_to_netcdf: Processing input file 'mars_srf_dryMF_49r2b.grb'.
grib_to_netcdf: Found 364 GRIB fields in 1 file.
grib_to_netcdf: Ignoring key(s): method, type, stream, refdate, hdate
grib_to_netcdf: Creating netCDF file 'j7y2_dryMF_49r2b_srf_20220516_0.nc'
grib_to_netcdf: NetCDF library version: 4.10.0 of Apr  9 2026 13:13:33 $
grib_to_netcdf: Creating large (64 bit) file format.
grib_to_netcdf: Defining variable 'sshf'.
grib_to_netcdf: Defining variable 'slhf'.
grib_to_netcdf: Defining variable 'chnk'.
grib_to_netcdf: Defining variable 'tp'.
grib_to_netcdf: Defining variable 'ishf'.
grib_to_netcdf: Defining variable 'ie'.
grib_to_netcdf: Defining variable 'aco2nee'.
grib_to_netcdf: Defining variable 'aco2gpp'.
grib_to_netcdf: Defining variable 'aco2rec'.
grib_to_netcdf: Defining variable 'fco2nee'.
grib_to_netcdf: Defining variable 'fco2gpp'.
grib_to_netcdf: Defining variable 'fco2rec'.
grib_to_netcdf: Defining variable 'z'.
grib_to_netcdf: Defining variable 't'.
grib_to_netcdf: Defining variable 'sp'.
grib_to_netcdf: Defining variable 'bld'.
grib_to_netcdf: Defining variable 'blh'.
grib_to_netcdf: Defining variable 'tcc'.
grib_to_netcdf: Defining variable 'u10'.
grib_to_netcdf: Defining variable 'v10'.
grib_to_netcdf: Defining variable 't2m'.
grib_to_netcdf: Defining variable 'e'.
grib_to_netcdf: Defining variable 'skt'.
grib_to_netcdf: Defining variable 'fsr'.
grib_to_netcdf: Defining variable 'co2'.
grib_to_netcdf: Defining variable 'ch4'.
grib_to_netcdf: Defining variable 'e_WLCH4'.
grib_to_netcdf: Defining variable 'acc_e_WLCH4'.
grib_to_netcdf: Done.
Surface level selected
mars - WARN - 
mars - WARN - 
MIR environment variables:
MIR_CACHE_PATH=/lus/h2resw01/cache:{FILE?/ec/cache.1}/cache:{FILE?/ec/cache.2}/cache
MIR_LSM_NAMED=1km.climate.v013
Using MARS binary: /usr/local/apps/mars/versions/6.34.7.1/bin/mars.bin
mars - INFO   - 20260807.093414 - Welcome to MARS
mars - INFO   - 20260807.093414 - MARS_HOME=/usr/local/apps/mars/configs/prod
mars - INFO   - 20260807.093414 - MARS Client build stamp: 20260623091402
mars - INFO   - 20260807.093414 - MARS Client bundle version: 6.34.7.1
mars - INFO   - 20260807.093414 - package mars-client version: 6.34.7
mars - INFO   - 20260807.093414 - package mir version: 1.23.9
mars - INFO   - 20260807.093414 - package odc version: 1.6.3
mars - INFO   - 20260807.093414 - package fdb version: 5.21.4
mars - INFO   - 20260807.093414 - package metkit version: 1.18.3
mars - INFO   - 20260807.093414 - package eckit version: 2.0.8
mars - INFO   - 20260807.093414 - package eccodes version: 2.47.2
# Second retrieve surface
retrieve,
anoffset=9,
class=rd,
date=20220516,
expver=j7y2,
levtype=sfc,
param=146.128/147.128/148.128/228.128/231.128/232.128/66.128/67.128/80.228/81.228/82.228/83.228/84.228/85.228/129.128/130/134.128/145.128/159.128/164.128/165.128/166.128/167.128/182.128/235.128/244.128/210061/210062/210123/210181/228104/228109,
step=12/13/14/15/16/17/18/19/20/21/22/23/24,
stream=oper,
time=00:00:00,
type=fc,
grid=0.2/0.2,
area=48.3/10.5/47.3/11.5,
interpolation=grid-box-average,
target="mars_srf_dryMF_49r2b.grb"

mars - INFO   - 20260807.093414 - Processing request 1

RETRIEVE,
    CLASS      = RD,
    TYPE       = FC,
    STREAM     = OPER,
    EXPVER     = j7y2,
    REPRES     = SH,
    LEVTYPE    = SFC,
    PARAM      = 146.128/147.128/148.128/228.128/231.128/232.128/66.128/67.128/80.228/81.228/82.228/83.228/84.228/85.228/129.128/130/134.128/145.128/159.128/164.128/165.128/166.128/167.128/182.128/235.128/244.128/210061/210062/210123/210181/228104/228109,
    DATE       = 20220516,
    TIME       = 0000,
    STEP       = 12/13/14/15/16/17/18/19/20/21/22/23/24,
    DOMAIN     = G,
    TARGET     = "mars_srf_dryMF_49r2b.grb",
    RESOL      = AUTO,
    INTERPOLATION = GRID-BOX-AVERAGE,
    AREA       = 48.3/10.5/47.3/11.5,
    GRID       = 0.2/0.2

mars - INFO   - 20260807.093414 - Requesting 416 fields
mars - INFO   - 20260807.093414 - FDB home /home/fdbprod
mars - INFO   - 20260807.093415 - Setting SO_SNDBUF to 33554432 (32.00 M)
mars - INFO   - 20260807.093415 - Current value is 32768 (32.00 K)
mars - INFO   - 20260807.093415 - Setting SO_RCVBUF to 33554432 (32.00 M)
mars - INFO   - 20260807.093415 - Current value is 43690 (42.67 K)
mars - INFO   - 20260807.093415 - Calling mars on 'marsrd-core', local port is 52077
mars - INFO   - 20260807.093415 - Callback at address 10.100.192.151, port 52077
mars - INFO   - 20260807.093415 - Mars client is on ac6-151.bullx (10.100.192.151) 52077
mars - INFO   - 20260807.093415 - Mars server is on 10.112.4.10 58555
mars - INFO   - 20260807.093415 - Server task is 5026 [marsrd]
mars - INFO   - 20260807.093415 - Request cost: 364 fields, 417.166 Mbytes online, nodes: mvr014 [marsrd]
mars - INFO   - 20260807.093415 - The efficiency of your requests in the last 12 hours is 100% [marsrd]
mars - INFO   - 20260807.093415 - Transfering 437430141 bytes
mars - INFO   - 20260807.093415 - ShToGridded: loading Legendre coefficients '/lus/h2resw01/cache/mir/legendre/4/local-T399-GaussianN400-OPT4189816c2e.leg'
mars - WARN   - 20260807.093418 - Visiting database marsrd : expected 416, got 364
mars - INFO   - 20260807.093418 - 364 fields have been interpolated on 'ac6-151.bullx'
mars - ERROR  - 20260807.093418 - Last error is -43
mars - ERROR  - 20260807.093418 - Expected 416, got 364.
mars - ERROR  - 20260807.093418 - Request failed
mars - INFO   - 20260807.093418 - Request time:  wall: 4 sec  cpu: 3 sec 
mars - INFO   - 20260807.093418 -   Read from network: 417.17 Mbyte(s) in < 1 sec [632.76 Mbyte/sec] 
mars - INFO   - 20260807.093418 -   Visiting marsrd: wall: 4 sec 
mars - INFO   - 20260807.093418 -   Post-processing: wall: 2 sec cpu: 2 sec 
mars - INFO   - 20260807.093418 -   Writing to target file: 93.52 Kbyte(s) in < 1 sec [22.01 Mbyte/sec] 
mars - INFO   - 20260807.093418 - Memory used: 140.84 Mbyte(s)
mars - ERROR  - 20260807.093418 - Some errors reported (last error -1)
grib_to_netcdf: Version 2.47.0
grib_to_netcdf: Processing input file 'mars_srf_dryMF_49r2b.grb'.
grib_to_netcdf: Found 364 GRIB fields in 1 file.
grib_to_netcdf: Ignoring key(s): method, type, stream, refdate, hdate
grib_to_netcdf: Creating netCDF file 'j7y2_dryMF_49r2b_srf_20220516_12.nc'
grib_to_netcdf: NetCDF library version: 4.10.0 of Apr  9 2026 13:13:33 $
grib_to_netcdf: Creating large (64 bit) file format.
grib_to_netcdf: Defining variable 'sshf'.
grib_to_netcdf: Defining variable 'slhf'.
grib_to_netcdf: Defining variable 'chnk'.
grib_to_netcdf: Defining variable 'tp'.
grib_to_netcdf: Defining variable 'ishf'.
grib_to_netcdf: Defining variable 'ie'.
grib_to_netcdf: Defining variable 'aco2nee'.
grib_to_netcdf: Defining variable 'aco2gpp'.
grib_to_netcdf: Defining variable 'aco2rec'.
grib_to_netcdf: Defining variable 'fco2nee'.
grib_to_netcdf: Defining variable 'fco2gpp'.
grib_to_netcdf: Defining variable 'fco2rec'.
grib_to_netcdf: Defining variable 'z'.
grib_to_netcdf: Defining variable 't'.
grib_to_netcdf: Defining variable 'sp'.
grib_to_netcdf: Defining variable 'bld'.
grib_to_netcdf: Defining variable 'blh'.
grib_to_netcdf: Defining variable 'tcc'.
grib_to_netcdf: Defining variable 'u10'.
grib_to_netcdf: Defining variable 'v10'.
grib_to_netcdf: Defining variable 't2m'.
grib_to_netcdf: Defining variable 'e'.
grib_to_netcdf: Defining variable 'skt'.
grib_to_netcdf: Defining variable 'fsr'.
grib_to_netcdf: Defining variable 'co2'.
grib_to_netcdf: Defining variable 'ch4'.
grib_to_netcdf: Defining variable 'e_WLCH4'.
grib_to_netcdf: Defining variable 'acc_e_WLCH4'.
grib_to_netcdf: Done.
Surface level selected
mars - WARN - 
mars - WARN - 
MIR environment variables:
MIR_CACHE_PATH=/lus/h2resw01/cache:{FILE?/ec/cache.1}/cache:{FILE?/ec/cache.2}/cache
MIR_LSM_NAMED=1km.climate.v013
Using MARS binary: /usr/local/apps/mars/versions/6.34.7.1/bin/mars.bin
mars - INFO   - 20260807.093420 - Welcome to MARS
mars - INFO   - 20260807.093420 - MARS_HOME=/usr/local/apps/mars/configs/prod
mars - INFO   - 20260807.093420 - MARS Client build stamp: 20260623091402
mars - INFO   - 20260807.093420 - MARS Client bundle version: 6.34.7.1
mars - INFO   - 20260807.093420 - package mars-client version: 6.34.7
mars - INFO   - 20260807.093420 - package mir version: 1.23.9
mars - INFO   - 20260807.093420 - package odc version: 1.6.3
mars - INFO   - 20260807.093420 - package fdb version: 5.21.4
mars - INFO   - 20260807.093420 - package metkit version: 1.18.3
mars - INFO   - 20260807.093420 - package eckit version: 2.0.8
mars - INFO   - 20260807.093420 - package eccodes version: 2.47.2
# Second retrieve surface
retrieve,
anoffset=9,
class=rd,
date=20220517,
expver=j7y2,
levtype=sfc,
param=146.128/147.128/148.128/228.128/231.128/232.128/66.128/67.128/80.228/81.228/82.228/83.228/84.228/85.228/129.128/130/134.128/145.128/159.128/164.128/165.128/166.128/167.128/182.128/235.128/244.128/210061/210062/210123/210181/228104/228109,
step=0/1/2/3/4/5/6/7/8/9/10/11/12,
stream=oper,
time=00:00:00,
type=fc,
grid=0.2/0.2,
area=48.3/10.5/47.3/11.5,
interpolation=grid-box-average,
target="mars_srf_dryMF_49r2b.grb"

mars - INFO   - 20260807.093420 - Processing request 1

RETRIEVE,
    CLASS      = RD,
    TYPE       = FC,
    STREAM     = OPER,
    EXPVER     = j7y2,
    REPRES     = SH,
    LEVTYPE    = SFC,
    PARAM      = 146.128/147.128/148.128/228.128/231.128/232.128/66.128/67.128/80.228/81.228/82.228/83.228/84.228/85.228/129.128/130/134.128/145.128/159.128/164.128/165.128/166.128/167.128/182.128/235.128/244.128/210061/210062/210123/210181/228104/228109,
    DATE       = 20220517,
    TIME       = 0000,
    STEP       = 0/1/2/3/4/5/6/7/8/9/10/11/12,
    DOMAIN     = G,
    TARGET     = "mars_srf_dryMF_49r2b.grb",
    RESOL      = AUTO,
    INTERPOLATION = GRID-BOX-AVERAGE,
    AREA       = 48.3/10.5/47.3/11.5,
    GRID       = 0.2/0.2

mars - INFO   - 20260807.093420 - Requesting 416 fields
mars - INFO   - 20260807.093420 - FDB home /home/fdbprod
mars - INFO   - 20260807.093421 - Setting SO_SNDBUF to 33554432 (32.00 M)
mars - INFO   - 20260807.093421 - Current value is 32768 (32.00 K)
mars - INFO   - 20260807.093421 - Setting SO_RCVBUF to 33554432 (32.00 M)
mars - INFO   - 20260807.093421 - Current value is 43690 (42.67 K)
mars - INFO   - 20260807.093421 - Calling mars on 'marsrd-core', local port is 42643
mars - INFO   - 20260807.093421 - Callback at address 10.100.192.151, port 42643
mars - INFO   - 20260807.093421 - Mars client is on ac6-151.bullx (10.100.192.151) 42643
mars - INFO   - 20260807.093421 - Mars server is on 10.112.4.10 44999
mars - INFO   - 20260807.093421 - Server task is 9480 [marsrd]
mars - INFO   - 20260807.093421 - Request cost: 364 fields, 418.259 Mbytes online, nodes: mvr013 [marsrd]
mars - INFO   - 20260807.093421 - The efficiency of your requests in the last 12 hours is 100% [marsrd]
mars - INFO   - 20260807.093421 - Transfering 438576038 bytes
mars - INFO   - 20260807.093422 - ShToGridded: loading Legendre coefficients '/lus/h2resw01/cache/mir/legendre/4/local-T399-GaussianN400-OPT4189816c2e.leg'
mars - WARN   - 20260807.093425 - Visiting database marsrd : expected 416, got 364
mars - INFO   - 20260807.093425 - 364 fields have been interpolated on 'ac6-151.bullx'
mars - ERROR  - 20260807.093425 - Last error is -43
mars - ERROR  - 20260807.093425 - Expected 416, got 364.
mars - ERROR  - 20260807.093425 - Request failed
mars - INFO   - 20260807.093425 - Request time:  wall: 5 sec  cpu: 3 sec 
mars - INFO   - 20260807.093425 -   Read from network: 418.26 Mbyte(s) in 1 sec  [332.59 Mbyte/sec] 
mars - INFO   - 20260807.093425 -   Visiting marsrd: wall: 5 sec 
mars - INFO   - 20260807.093425 -   Post-processing: wall: 2 sec cpu: 2 sec 
mars - INFO   - 20260807.093425 -   Writing to target file: 93.63 Kbyte(s) in < 1 sec [180.35 Kbyte/sec] 
mars - INFO   - 20260807.093425 - Memory used: 141.27 Mbyte(s)
mars - ERROR  - 20260807.093425 - Some errors reported (last error -1)
grib_to_netcdf: Version 2.47.0
grib_to_netcdf: Processing input file 'mars_srf_dryMF_49r2b.grb'.
grib_to_netcdf: Found 364 GRIB fields in 1 file.
grib_to_netcdf: Ignoring key(s): method, type, stream, refdate, hdate
grib_to_netcdf: Creating netCDF file 'j7y2_dryMF_49r2b_srf_20220517_0.nc'
grib_to_netcdf: NetCDF library version: 4.10.0 of Apr  9 2026 13:13:33 $
grib_to_netcdf: Creating large (64 bit) file format.
grib_to_netcdf: Defining variable 'sshf'.
grib_to_netcdf: Defining variable 'slhf'.
grib_to_netcdf: Defining variable 'chnk'.
grib_to_netcdf: Defining variable 'tp'.
grib_to_netcdf: Defining variable 'ishf'.
grib_to_netcdf: Defining variable 'ie'.
grib_to_netcdf: Defining variable 'aco2nee'.
grib_to_netcdf: Defining variable 'aco2gpp'.
grib_to_netcdf: Defining variable 'aco2rec'.
grib_to_netcdf: Defining variable 'fco2nee'.
grib_to_netcdf: Defining variable 'fco2gpp'.
grib_to_netcdf: Defining variable 'fco2rec'.
grib_to_netcdf: Defining variable 'z'.
grib_to_netcdf: Defining variable 't'.
grib_to_netcdf: Defining variable 'sp'.
grib_to_netcdf: Defining variable 'bld'.
grib_to_netcdf: Defining variable 'blh'.
grib_to_netcdf: Defining variable 'tcc'.
grib_to_netcdf: Defining variable 'u10'.
grib_to_netcdf: Defining variable 'v10'.
grib_to_netcdf: Defining variable 't2m'.
grib_to_netcdf: Defining variable 'e'.
grib_to_netcdf: Defining variable 'skt'.
grib_to_netcdf: Defining variable 'fsr'.
grib_to_netcdf: Defining variable 'co2'.
grib_to_netcdf: Defining variable 'ch4'.
grib_to_netcdf: Defining variable 'e_WLCH4'.
grib_to_netcdf: Defining variable 'acc_e_WLCH4'.
grib_to_netcdf: Done.
Surface level selected
mars - WARN - 
mars - WARN - 
MIR environment variables:
MIR_CACHE_PATH=/lus/h2resw01/cache:{FILE?/ec/cache.1}/cache:{FILE?/ec/cache.2}/cache
MIR_LSM_NAMED=1km.climate.v013
Using MARS binary: /usr/local/apps/mars/versions/6.34.7.1/bin/mars.bin
mars - INFO   - 20260807.093427 - Welcome to MARS
mars - INFO   - 20260807.093427 - MARS_HOME=/usr/local/apps/mars/configs/prod
mars - INFO   - 20260807.093427 - MARS Client build stamp: 20260623091402
mars - INFO   - 20260807.093427 - MARS Client bundle version: 6.34.7.1
mars - INFO   - 20260807.093427 - package mars-client version: 6.34.7
mars - INFO   - 20260807.093427 - package mir version: 1.23.9
mars - INFO   - 20260807.093427 - package odc version: 1.6.3
mars - INFO   - 20260807.093427 - package fdb version: 5.21.4
mars - INFO   - 20260807.093427 - package metkit version: 1.18.3
mars - INFO   - 20260807.093427 - package eckit version: 2.0.8
mars - INFO   - 20260807.093427 - package eccodes version: 2.47.2
# Second retrieve surface
retrieve,
anoffset=9,
class=rd,
date=20220517,
expver=j7y2,
levtype=sfc,
param=146.128/147.128/148.128/228.128/231.128/232.128/66.128/67.128/80.228/81.228/82.228/83.228/84.228/85.228/129.128/130/134.128/145.128/159.128/164.128/165.128/166.128/167.128/182.128/235.128/244.128/210061/210062/210123/210181/228104/228109,
step=12/13/14/15/16/17/18/19/20/21/22/23/24,
stream=oper,
time=00:00:00,
type=fc,
grid=0.2/0.2,
area=48.3/10.5/47.3/11.5,
interpolation=grid-box-average,
target="mars_srf_dryMF_49r2b.grb"

mars - INFO   - 20260807.093427 - Processing request 1

RETRIEVE,
    CLASS      = RD,
    TYPE       = FC,
    STREAM     = OPER,
    EXPVER     = j7y2,
    REPRES     = SH,
    LEVTYPE    = SFC,
    PARAM      = 146.128/147.128/148.128/228.128/231.128/232.128/66.128/67.128/80.228/81.228/82.228/83.228/84.228/85.228/129.128/130/134.128/145.128/159.128/164.128/165.128/166.128/167.128/182.128/235.128/244.128/210061/210062/210123/210181/228104/228109,
    DATE       = 20220517,
    TIME       = 0000,
    STEP       = 12/13/14/15/16/17/18/19/20/21/22/23/24,
    DOMAIN     = G,
    TARGET     = "mars_srf_dryMF_49r2b.grb",
    RESOL      = AUTO,
    INTERPOLATION = GRID-BOX-AVERAGE,
    AREA       = 48.3/10.5/47.3/11.5,
    GRID       = 0.2/0.2

mars - INFO   - 20260807.093427 - Requesting 416 fields
mars - INFO   - 20260807.093427 - FDB home /home/fdbprod
mars - INFO   - 20260807.093428 - Setting SO_SNDBUF to 33554432 (32.00 M)
mars - INFO   - 20260807.093428 - Current value is 32768 (32.00 K)
mars - INFO   - 20260807.093428 - Setting SO_RCVBUF to 33554432 (32.00 M)
mars - INFO   - 20260807.093428 - Current value is 43690 (42.67 K)
mars - INFO   - 20260807.093428 - Calling mars on 'marsrd-core', local port is 33203
mars - INFO   - 20260807.093428 - Callback at address 10.100.192.151, port 33203
mars - INFO   - 20260807.093428 - Mars client is on ac6-151.bullx (10.100.192.151) 33203
mars - INFO   - 20260807.093428 - Mars server is on 10.112.4.10 40055
mars - INFO   - 20260807.093428 - Server task is 3723 [marsrd]
mars - INFO   - 20260807.093428 - Request cost: 364 fields, 417.514 Mbytes online, nodes: mvr005 mvr013 [marsrd]
mars - INFO   - 20260807.093428 - The efficiency of your requests in the last 12 hours is 100% [marsrd]
mars - INFO   - 20260807.093428 - Transfering 437795333 bytes
mars - INFO   - 20260807.093429 - ShToGridded: loading Legendre coefficients '/lus/h2resw01/cache/mir/legendre/4/local-T399-GaussianN400-OPT4189816c2e.leg'
mars - WARN   - 20260807.093431 - Visiting database marsrd : expected 416, got 364
mars - INFO   - 20260807.093431 - 364 fields have been interpolated on 'ac6-151.bullx'
mars - ERROR  - 20260807.093431 - Last error is -43
mars - ERROR  - 20260807.093431 - Expected 416, got 364.
mars - ERROR  - 20260807.093431 - Request failed
mars - INFO   - 20260807.093431 - Request time:  wall: 4 sec  cpu: 3 sec 
mars - INFO   - 20260807.093431 -   Read from network: 417.51 Mbyte(s) in < 1 sec [563.91 Mbyte/sec] 
mars - INFO   - 20260807.093431 -   Visiting marsrd: wall: 4 sec 
mars - INFO   - 20260807.093431 -   Post-processing: wall: 2 sec cpu: 2 sec 
mars - INFO   - 20260807.093431 -   Writing to target file: 93.28 Kbyte(s) in < 1 sec [21.64 Mbyte/sec] 
mars - INFO   - 20260807.093431 - Memory used: 141.02 Mbyte(s)
mars - ERROR  - 20260807.093431 - Some errors reported (last error -1)
grib_to_netcdf: Version 2.47.0
grib_to_netcdf: Processing input file 'mars_srf_dryMF_49r2b.grb'.
grib_to_netcdf: Found 364 GRIB fields in 1 file.
grib_to_netcdf: Ignoring key(s): method, type, stream, refdate, hdate
grib_to_netcdf: Creating netCDF file 'j7y2_dryMF_49r2b_srf_20220517_12.nc'
grib_to_netcdf: NetCDF library version: 4.10.0 of Apr  9 2026 13:13:33 $
grib_to_netcdf: Creating large (64 bit) file format.
grib_to_netcdf: Defining variable 'sshf'.
grib_to_netcdf: Defining variable 'slhf'.
grib_to_netcdf: Defining variable 'chnk'.
grib_to_netcdf: Defining variable 'tp'.
grib_to_netcdf: Defining variable 'ishf'.
grib_to_netcdf: Defining variable 'ie'.
grib_to_netcdf: Defining variable 'aco2nee'.
grib_to_netcdf: Defining variable 'aco2gpp'.
grib_to_netcdf: Defining variable 'aco2rec'.
grib_to_netcdf: Defining variable 'fco2nee'.
grib_to_netcdf: Defining variable 'fco2gpp'.
grib_to_netcdf: Defining variable 'fco2rec'.
grib_to_netcdf: Defining variable 'z'.
grib_to_netcdf: Defining variable 't'.
grib_to_netcdf: Defining variable 'sp'.
grib_to_netcdf: Defining variable 'bld'.
grib_to_netcdf: Defining variable 'blh'.
grib_to_netcdf: Defining variable 'tcc'.
grib_to_netcdf: Defining variable 'u10'.
grib_to_netcdf: Defining variable 'v10'.
grib_to_netcdf: Defining variable 't2m'.
grib_to_netcdf: Defining variable 'e'.
grib_to_netcdf: Defining variable 'skt'.
grib_to_netcdf: Defining variable 'fsr'.
grib_to_netcdf: Defining variable 'co2'.
grib_to_netcdf: Defining variable 'ch4'.
grib_to_netcdf: Defining variable 'e_WLCH4'.
grib_to_netcdf: Defining variable 'acc_e_WLCH4'.
grib_to_netcdf: Done.
Surface level selected
mars - WARN - 
mars - WARN - 
MIR environment variables:
MIR_CACHE_PATH=/lus/h2resw01/cache:{FILE?/ec/cache.1}/cache:{FILE?/ec/cache.2}/cache
MIR_LSM_NAMED=1km.climate.v013
Using MARS binary: /usr/local/apps/mars/versions/6.34.7.1/bin/mars.bin
mars - INFO   - 20260807.093434 - Welcome to MARS
mars - INFO   - 20260807.093434 - MARS_HOME=/usr/local/apps/mars/configs/prod
mars - INFO   - 20260807.093434 - MARS Client build stamp: 20260623091402
mars - INFO   - 20260807.093434 - MARS Client bundle version: 6.34.7.1
mars - INFO   - 20260807.093434 - package mars-client version: 6.34.7
mars - INFO   - 20260807.093434 - package mir version: 1.23.9
mars - INFO   - 20260807.093434 - package odc version: 1.6.3
mars - INFO   - 20260807.093434 - package fdb version: 5.21.4
mars - INFO   - 20260807.093434 - package metkit version: 1.18.3
mars - INFO   - 20260807.093434 - package eckit version: 2.0.8
mars - INFO   - 20260807.093434 - package eccodes version: 2.47.2
# Second retrieve surface
retrieve,
anoffset=9,
class=rd,
date=20220518,
expver=j7y2,
levtype=sfc,
param=146.128/147.128/148.128/228.128/231.128/232.128/66.128/67.128/80.228/81.228/82.228/83.228/84.228/85.228/129.128/130/134.128/145.128/159.128/164.128/165.128/166.128/167.128/182.128/235.128/244.128/210061/210062/210123/210181/228104/228109,
step=0/1/2/3/4/5/6/7/8/9/10/11/12,
stream=oper,
time=00:00:00,
type=fc,
grid=0.2/0.2,
area=48.3/10.5/47.3/11.5,
interpolation=grid-box-average,
target="mars_srf_dryMF_49r2b.grb"

mars - INFO   - 20260807.093434 - Processing request 1

RETRIEVE,
    CLASS      = RD,
    TYPE       = FC,
    STREAM     = OPER,
    EXPVER     = j7y2,
    REPRES     = SH,
    LEVTYPE    = SFC,
    PARAM      = 146.128/147.128/148.128/228.128/231.128/232.128/66.128/67.128/80.228/81.228/82.228/83.228/84.228/85.228/129.128/130/134.128/145.128/159.128/164.128/165.128/166.128/167.128/182.128/235.128/244.128/210061/210062/210123/210181/228104/228109,
    DATE       = 20220518,
    TIME       = 0000,
    STEP       = 0/1/2/3/4/5/6/7/8/9/10/11/12,
    DOMAIN     = G,
    TARGET     = "mars_srf_dryMF_49r2b.grb",
    RESOL      = AUTO,
    INTERPOLATION = GRID-BOX-AVERAGE,
    AREA       = 48.3/10.5/47.3/11.5,
    GRID       = 0.2/0.2

mars - INFO   - 20260807.093434 - Requesting 416 fields
mars - INFO   - 20260807.093434 - FDB home /home/fdbprod
mars - INFO   - 20260807.093434 - Setting SO_SNDBUF to 33554432 (32.00 M)
mars - INFO   - 20260807.093434 - Current value is 32768 (32.00 K)
mars - INFO   - 20260807.093434 - Setting SO_RCVBUF to 33554432 (32.00 M)
mars - INFO   - 20260807.093434 - Current value is 43690 (42.67 K)
mars - INFO   - 20260807.093434 - Calling mars on 'marsrd-core', local port is 60137
mars - INFO   - 20260807.093434 - Callback at address 10.100.192.151, port 60137
mars - INFO   - 20260807.093434 - Mars client is on ac6-151.bullx (10.100.192.151) 60137
mars - INFO   - 20260807.093434 - Mars server is on 10.112.4.10 50283
mars - INFO   - 20260807.093434 - Server task is 320 [marsrd]
mars - INFO   - 20260807.093434 - Request cost: 364 fields, 418.15 Mbytes online, nodes: mvr000 [marsrd]
mars - INFO   - 20260807.093434 - The efficiency of your requests in the last 12 hours is 100% [marsrd]
mars - INFO   - 20260807.093434 - Transfering 438462420 bytes
mars - INFO   - 20260807.093435 - ShToGridded: loading Legendre coefficients '/lus/h2resw01/cache/mir/legendre/4/local-T399-GaussianN400-OPT4189816c2e.leg'
mars - WARN   - 20260807.093438 - Visiting database marsrd : expected 416, got 364
mars - INFO   - 20260807.093438 - 364 fields have been interpolated on 'ac6-151.bullx'
mars - ERROR  - 20260807.093438 - Last error is -43
mars - ERROR  - 20260807.093438 - Expected 416, got 364.
mars - ERROR  - 20260807.093438 - Request failed
mars - INFO   - 20260807.093438 - Request time:  wall: 4 sec  cpu: 3 sec 
mars - INFO   - 20260807.093438 -   Read from network: 418.15 Mbyte(s) in < 1 sec [521.45 Mbyte/sec] 
mars - INFO   - 20260807.093438 -   Visiting marsrd: wall: 4 sec 
mars - INFO   - 20260807.093438 -   Post-processing: wall: 2 sec cpu: 2 sec 
mars - INFO   - 20260807.093438 -   Writing to target file: 93.05 Kbyte(s) in < 1 sec [21.77 Mbyte/sec] 
mars - INFO   - 20260807.093438 - Memory used: 141.02 Mbyte(s)
mars - ERROR  - 20260807.093438 - Some errors reported (last error -1)
grib_to_netcdf: Version 2.47.0
grib_to_netcdf: Processing input file 'mars_srf_dryMF_49r2b.grb'.
grib_to_netcdf: Found 364 GRIB fields in 1 file.
grib_to_netcdf: Ignoring key(s): method, type, stream, refdate, hdate
grib_to_netcdf: Creating netCDF file 'j7y2_dryMF_49r2b_srf_20220518_0.nc'
grib_to_netcdf: NetCDF library version: 4.10.0 of Apr  9 2026 13:13:33 $
grib_to_netcdf: Creating large (64 bit) file format.
grib_to_netcdf: Defining variable 'sshf'.
grib_to_netcdf: Defining variable 'slhf'.
grib_to_netcdf: Defining variable 'chnk'.
grib_to_netcdf: Defining variable 'tp'.
grib_to_netcdf: Defining variable 'ishf'.
grib_to_netcdf: Defining variable 'ie'.
grib_to_netcdf: Defining variable 'aco2nee'.
grib_to_netcdf: Defining variable 'aco2gpp'.
grib_to_netcdf: Defining variable 'aco2rec'.
grib_to_netcdf: Defining variable 'fco2nee'.
grib_to_netcdf: Defining variable 'fco2gpp'.
grib_to_netcdf: Defining variable 'fco2rec'.
grib_to_netcdf: Defining variable 'z'.
grib_to_netcdf: Defining variable 't'.
grib_to_netcdf: Defining variable 'sp'.
grib_to_netcdf: Defining variable 'bld'.
grib_to_netcdf: Defining variable 'blh'.
grib_to_netcdf: Defining variable 'tcc'.
grib_to_netcdf: Defining variable 'u10'.
grib_to_netcdf: Defining variable 'v10'.
grib_to_netcdf: Defining variable 't2m'.
grib_to_netcdf: Defining variable 'e'.
grib_to_netcdf: Defining variable 'skt'.
grib_to_netcdf: Defining variable 'fsr'.
grib_to_netcdf: Defining variable 'co2'.
grib_to_netcdf: Defining variable 'ch4'.
grib_to_netcdf: Defining variable 'e_WLCH4'.
grib_to_netcdf: Defining variable 'acc_e_WLCH4'.
grib_to_netcdf: Done.
Surface level selected
mars - WARN - 
mars - WARN - 
MIR environment variables:
MIR_CACHE_PATH=/lus/h2resw01/cache:{FILE?/ec/cache.1}/cache:{FILE?/ec/cache.2}/cache
MIR_LSM_NAMED=1km.climate.v013
Using MARS binary: /usr/local/apps/mars/versions/6.34.7.1/bin/mars.bin
mars - INFO   - 20260807.093440 - Welcome to MARS
mars - INFO   - 20260807.093440 - MARS_HOME=/usr/local/apps/mars/configs/prod
mars - INFO   - 20260807.093440 - MARS Client build stamp: 20260623091402
mars - INFO   - 20260807.093440 - MARS Client bundle version: 6.34.7.1
mars - INFO   - 20260807.093440 - package mars-client version: 6.34.7
mars - INFO   - 20260807.093440 - package mir version: 1.23.9
mars - INFO   - 20260807.093440 - package odc version: 1.6.3
mars - INFO   - 20260807.093440 - package fdb version: 5.21.4
mars - INFO   - 20260807.093440 - package metkit version: 1.18.3
mars - INFO   - 20260807.093440 - package eckit version: 2.0.8
mars - INFO   - 20260807.093440 - package eccodes version: 2.47.2
# Second retrieve surface
retrieve,
anoffset=9,
class=rd,
date=20220518,
expver=j7y2,
levtype=sfc,
param=146.128/147.128/148.128/228.128/231.128/232.128/66.128/67.128/80.228/81.228/82.228/83.228/84.228/85.228/129.128/130/134.128/145.128/159.128/164.128/165.128/166.128/167.128/182.128/235.128/244.128/210061/210062/210123/210181/228104/228109,
step=12/13/14/15/16/17/18/19/20/21/22/23/24,
stream=oper,
time=00:00:00,
type=fc,
grid=0.2/0.2,
area=48.3/10.5/47.3/11.5,
interpolation=grid-box-average,
target="mars_srf_dryMF_49r2b.grb"

mars - INFO   - 20260807.093440 - Processing request 1

RETRIEVE,
    CLASS      = RD,
    TYPE       = FC,
    STREAM     = OPER,
    EXPVER     = j7y2,
    REPRES     = SH,
    LEVTYPE    = SFC,
    PARAM      = 146.128/147.128/148.128/228.128/231.128/232.128/66.128/67.128/80.228/81.228/82.228/83.228/84.228/85.228/129.128/130/134.128/145.128/159.128/164.128/165.128/166.128/167.128/182.128/235.128/244.128/210061/210062/210123/210181/228104/228109,
    DATE       = 20220518,
    TIME       = 0000,
    STEP       = 12/13/14/15/16/17/18/19/20/21/22/23/24,
    DOMAIN     = G,
    TARGET     = "mars_srf_dryMF_49r2b.grb",
    RESOL      = AUTO,
    INTERPOLATION = GRID-BOX-AVERAGE,
    AREA       = 48.3/10.5/47.3/11.5,
    GRID       = 0.2/0.2

mars - INFO   - 20260807.093440 - Requesting 416 fields
mars - INFO   - 20260807.093440 - FDB home /home/fdbprod
mars - INFO   - 20260807.093440 - Setting SO_SNDBUF to 33554432 (32.00 M)
mars - INFO   - 20260807.093440 - Current value is 32768 (32.00 K)
mars - INFO   - 20260807.093440 - Setting SO_RCVBUF to 33554432 (32.00 M)
mars - INFO   - 20260807.093440 - Current value is 43690 (42.67 K)
mars - INFO   - 20260807.093440 - Calling mars on 'marsrd-core', local port is 48211
mars - INFO   - 20260807.093440 - Callback at address 10.100.192.151, port 48211
mars - INFO   - 20260807.093440 - Mars client is on ac6-151.bullx (10.100.192.151) 48211
mars - INFO   - 20260807.093440 - Mars server is on 10.112.4.10 36125
mars - INFO   - 20260807.093440 - Server task is 320 [marsrd]
mars - INFO   - 20260807.093440 - Request cost: 364 fields, 417.666 Mbytes online, nodes: mvr000 mvr010 [marsrd]
mars - INFO   - 20260807.093440 - The efficiency of your requests in the last 12 hours is 100% [marsrd]
mars - INFO   - 20260807.093441 - Transfering 437954074 bytes
mars - INFO   - 20260807.093442 - ShToGridded: loading Legendre coefficients '/lus/h2resw01/cache/mir/legendre/4/local-T399-GaussianN400-OPT4189816c2e.leg'
mars - WARN   - 20260807.093445 - Visiting database marsrd : expected 416, got 364
mars - INFO   - 20260807.093445 - 364 fields have been interpolated on 'ac6-151.bullx'
mars - ERROR  - 20260807.093445 - Last error is -43
mars - ERROR  - 20260807.093445 - Expected 416, got 364.
mars - ERROR  - 20260807.093445 - Request failed
mars - INFO   - 20260807.093445 - Request time:  wall: 5 sec  cpu: 3 sec 
mars - INFO   - 20260807.093445 -   Read from network: 417.67 Mbyte(s) in 1 sec  [279.00 Mbyte/sec] 
mars - INFO   - 20260807.093445 -   Visiting marsrd: wall: 5 sec 
mars - INFO   - 20260807.093445 -   Post-processing: wall: 3 sec cpu: 3 sec 
mars - INFO   - 20260807.093445 -   Writing to target file: 93.16 Kbyte(s) in < 1 sec [23.37 Mbyte/sec] 
mars - INFO   - 20260807.093445 - Memory used: 140.55 Mbyte(s)
mars - ERROR  - 20260807.093445 - Some errors reported (last error -1)
grib_to_netcdf: Version 2.47.0
grib_to_netcdf: Processing input file 'mars_srf_dryMF_49r2b.grb'.
grib_to_netcdf: Found 364 GRIB fields in 1 file.
grib_to_netcdf: Ignoring key(s): method, type, stream, refdate, hdate
grib_to_netcdf: Creating netCDF file 'j7y2_dryMF_49r2b_srf_20220518_12.nc'
grib_to_netcdf: NetCDF library version: 4.10.0 of Apr  9 2026 13:13:33 $
grib_to_netcdf: Creating large (64 bit) file format.
grib_to_netcdf: Defining variable 'sshf'.
grib_to_netcdf: Defining variable 'slhf'.
grib_to_netcdf: Defining variable 'chnk'.
grib_to_netcdf: Defining variable 'tp'.
grib_to_netcdf: Defining variable 'ishf'.
grib_to_netcdf: Defining variable 'ie'.
grib_to_netcdf: Defining variable 'aco2nee'.
grib_to_netcdf: Defining variable 'aco2gpp'.
grib_to_netcdf: Defining variable 'aco2rec'.
grib_to_netcdf: Defining variable 'fco2nee'.
grib_to_netcdf: Defining variable 'fco2gpp'.
grib_to_netcdf: Defining variable 'fco2rec'.
grib_to_netcdf: Defining variable 'z'.
grib_to_netcdf: Defining variable 't'.
grib_to_netcdf: Defining variable 'sp'.
grib_to_netcdf: Defining variable 'bld'.
grib_to_netcdf: Defining variable 'blh'.
grib_to_netcdf: Defining variable 'tcc'.
grib_to_netcdf: Defining variable 'u10'.
grib_to_netcdf: Defining variable 'v10'.
grib_to_netcdf: Defining variable 't2m'.
grib_to_netcdf: Defining variable 'e'.
grib_to_netcdf: Defining variable 'skt'.
grib_to_netcdf: Defining variable 'fsr'.
grib_to_netcdf: Defining variable 'co2'.
grib_to_netcdf: Defining variable 'ch4'.
grib_to_netcdf: Defining variable 'e_WLCH4'.
grib_to_netcdf: Defining variable 'acc_e_WLCH4'.
grib_to_netcdf: Done.
Surface level selected
mars - WARN - 
mars - WARN - 
MIR environment variables:
MIR_CACHE_PATH=/lus/h2resw01/cache:{FILE?/ec/cache.1}/cache:{FILE?/ec/cache.2}/cache
MIR_LSM_NAMED=1km.climate.v013
Using MARS binary: /usr/local/apps/mars/versions/6.34.7.1/bin/mars.bin
mars - INFO   - 20260807.093447 - Welcome to MARS
mars - INFO   - 20260807.093447 - MARS_HOME=/usr/local/apps/mars/configs/prod
mars - INFO   - 20260807.093447 - MARS Client build stamp: 20260623091402
mars - INFO   - 20260807.093447 - MARS Client bundle version: 6.34.7.1
mars - INFO   - 20260807.093447 - package mars-client version: 6.34.7
mars - INFO   - 20260807.093447 - package mir version: 1.23.9
mars - INFO   - 20260807.093447 - package odc version: 1.6.3
mars - INFO   - 20260807.093447 - package fdb version: 5.21.4
mars - INFO   - 20260807.093447 - package metkit version: 1.18.3
mars - INFO   - 20260807.093447 - package eckit version: 2.0.8
mars - INFO   - 20260807.093447 - package eccodes version: 2.47.2
# Second retrieve surface
retrieve,
anoffset=9,
class=rd,
date=20220519,
expver=j7y2,
levtype=sfc,
param=146.128/147.128/148.128/228.128/231.128/232.128/66.128/67.128/80.228/81.228/82.228/83.228/84.228/85.228/129.128/130/134.128/145.128/159.128/164.128/165.128/166.128/167.128/182.128/235.128/244.128/210061/210062/210123/210181/228104/228109,
step=0/1/2/3/4/5/6/7/8/9/10/11/12,
stream=oper,
time=00:00:00,
type=fc,
grid=0.2/0.2,
area=48.3/10.5/47.3/11.5,
interpolation=grid-box-average,
target="mars_srf_dryMF_49r2b.grb"

mars - INFO   - 20260807.093447 - Processing request 1

RETRIEVE,
    CLASS      = RD,
    TYPE       = FC,
    STREAM     = OPER,
    EXPVER     = j7y2,
    REPRES     = SH,
    LEVTYPE    = SFC,
    PARAM      = 146.128/147.128/148.128/228.128/231.128/232.128/66.128/67.128/80.228/81.228/82.228/83.228/84.228/85.228/129.128/130/134.128/145.128/159.128/164.128/165.128/166.128/167.128/182.128/235.128/244.128/210061/210062/210123/210181/228104/228109,
    DATE       = 20220519,
    TIME       = 0000,
    STEP       = 0/1/2/3/4/5/6/7/8/9/10/11/12,
    DOMAIN     = G,
    TARGET     = "mars_srf_dryMF_49r2b.grb",
    RESOL      = AUTO,
    INTERPOLATION = GRID-BOX-AVERAGE,
    AREA       = 48.3/10.5/47.3/11.5,
    GRID       = 0.2/0.2

mars - INFO   - 20260807.093447 - Requesting 416 fields
mars - INFO   - 20260807.093447 - FDB home /home/fdbprod
mars - INFO   - 20260807.093447 - Setting SO_SNDBUF to 33554432 (32.00 M)
mars - INFO   - 20260807.093447 - Current value is 32768 (32.00 K)
mars - INFO   - 20260807.093447 - Setting SO_RCVBUF to 33554432 (32.00 M)
mars - INFO   - 20260807.093447 - Current value is 43690 (42.67 K)
mars - INFO   - 20260807.093447 - Calling mars on 'marsrd-core', local port is 57389
mars - INFO   - 20260807.093447 - Callback at address 10.100.192.151, port 57389
mars - INFO   - 20260807.093447 - Mars client is on ac6-151.bullx (10.100.192.151) 57389
mars - INFO   - 20260807.093447 - Mars server is on 10.112.4.10 43079
mars - INFO   - 20260807.093447 - Server task is 638 [marsrd]
mars - INFO   - 20260807.093447 - Request cost: 364 fields, 418.771 Mbytes online, nodes: mvr013 [marsrd]
mars - INFO   - 20260807.093447 - The efficiency of your requests in the last 12 hours is 100% [marsrd]
mars - INFO   - 20260807.093447 - Transfering 439113206 bytes
mars - INFO   - 20260807.093448 - ShToGridded: loading Legendre coefficients '/lus/h2resw01/cache/mir/legendre/4/local-T399-GaussianN400-OPT4189816c2e.leg'
mars - WARN   - 20260807.093451 - Visiting database marsrd : expected 416, got 364
mars - INFO   - 20260807.093451 - 364 fields have been interpolated on 'ac6-151.bullx'
mars - ERROR  - 20260807.093451 - Last error is -43
mars - ERROR  - 20260807.093451 - Expected 416, got 364.
mars - ERROR  - 20260807.093451 - Request failed
mars - INFO   - 20260807.093451 - Request time:  wall: 4 sec  cpu: 3 sec 
mars - INFO   - 20260807.093451 -   Read from network: 418.77 Mbyte(s) in 1 sec  [398.91 Mbyte/sec] 
mars - INFO   - 20260807.093451 -   Visiting marsrd: wall: 4 sec 
mars - INFO   - 20260807.093451 -   Post-processing: wall: 2 sec cpu: 2 sec 
mars - INFO   - 20260807.093451 -   Writing to target file: 93.63 Kbyte(s) in < 1 sec [23.49 Mbyte/sec] 
mars - INFO   - 20260807.093451 - Memory used: 140.86 Mbyte(s)
mars - ERROR  - 20260807.093451 - Some errors reported (last error -1)
grib_to_netcdf: Version 2.47.0
grib_to_netcdf: Processing input file 'mars_srf_dryMF_49r2b.grb'.
grib_to_netcdf: Found 364 GRIB fields in 1 file.
grib_to_netcdf: Ignoring key(s): method, type, stream, refdate, hdate
grib_to_netcdf: Creating netCDF file 'j7y2_dryMF_49r2b_srf_20220519_0.nc'
grib_to_netcdf: NetCDF library version: 4.10.0 of Apr  9 2026 13:13:33 $
grib_to_netcdf: Creating large (64 bit) file format.
grib_to_netcdf: Defining variable 'sshf'.
grib_to_netcdf: Defining variable 'slhf'.
grib_to_netcdf: Defining variable 'chnk'.
grib_to_netcdf: Defining variable 'tp'.
grib_to_netcdf: Defining variable 'ishf'.
grib_to_netcdf: Defining variable 'ie'.
grib_to_netcdf: Defining variable 'aco2nee'.
grib_to_netcdf: Defining variable 'aco2gpp'.
grib_to_netcdf: Defining variable 'aco2rec'.
grib_to_netcdf: Defining variable 'fco2nee'.
grib_to_netcdf: Defining variable 'fco2gpp'.
grib_to_netcdf: Defining variable 'fco2rec'.
grib_to_netcdf: Defining variable 'z'.
grib_to_netcdf: Defining variable 't'.
grib_to_netcdf: Defining variable 'sp'.
grib_to_netcdf: Defining variable 'bld'.
grib_to_netcdf: Defining variable 'blh'.
grib_to_netcdf: Defining variable 'tcc'.
grib_to_netcdf: Defining variable 'u10'.
grib_to_netcdf: Defining variable 'v10'.
grib_to_netcdf: Defining variable 't2m'.
grib_to_netcdf: Defining variable 'e'.
grib_to_netcdf: Defining variable 'skt'.
grib_to_netcdf: Defining variable 'fsr'.
grib_to_netcdf: Defining variable 'co2'.
grib_to_netcdf: Defining variable 'ch4'.
grib_to_netcdf: Defining variable 'e_WLCH4'.
grib_to_netcdf: Defining variable 'acc_e_WLCH4'.
grib_to_netcdf: Done.
Surface level selected
mars - WARN - 
mars - WARN - 
MIR environment variables:
MIR_CACHE_PATH=/lus/h2resw01/cache:{FILE?/ec/cache.1}/cache:{FILE?/ec/cache.2}/cache
MIR_LSM_NAMED=1km.climate.v013
Using MARS binary: /usr/local/apps/mars/versions/6.34.7.1/bin/mars.bin
mars - INFO   - 20260807.093453 - Welcome to MARS
mars - INFO   - 20260807.093453 - MARS_HOME=/usr/local/apps/mars/configs/prod
mars - INFO   - 20260807.093453 - MARS Client build stamp: 20260623091402
mars - INFO   - 20260807.093453 - MARS Client bundle version: 6.34.7.1
mars - INFO   - 20260807.093453 - package mars-client version: 6.34.7
mars - INFO   - 20260807.093453 - package mir version: 1.23.9
mars - INFO   - 20260807.093453 - package odc version: 1.6.3
mars - INFO   - 20260807.093453 - package fdb version: 5.21.4
mars - INFO   - 20260807.093453 - package metkit version: 1.18.3
mars - INFO   - 20260807.093453 - package eckit version: 2.0.8
mars - INFO   - 20260807.093453 - package eccodes version: 2.47.2
# Second retrieve surface
retrieve,
anoffset=9,
class=rd,
date=20220519,
expver=j7y2,
levtype=sfc,
param=146.128/147.128/148.128/228.128/231.128/232.128/66.128/67.128/80.228/81.228/82.228/83.228/84.228/85.228/129.128/130/134.128/145.128/159.128/164.128/165.128/166.128/167.128/182.128/235.128/244.128/210061/210062/210123/210181/228104/228109,
step=12/13/14/15/16/17/18/19/20/21/22/23/24,
stream=oper,
time=00:00:00,
type=fc,
grid=0.2/0.2,
area=48.3/10.5/47.3/11.5,
interpolation=grid-box-average,
target="mars_srf_dryMF_49r2b.grb"

mars - INFO   - 20260807.093454 - Processing request 1

RETRIEVE,
    CLASS      = RD,
    TYPE       = FC,
    STREAM     = OPER,
    EXPVER     = j7y2,
    REPRES     = SH,
    LEVTYPE    = SFC,
    PARAM      = 146.128/147.128/148.128/228.128/231.128/232.128/66.128/67.128/80.228/81.228/82.228/83.228/84.228/85.228/129.128/130/134.128/145.128/159.128/164.128/165.128/166.128/167.128/182.128/235.128/244.128/210061/210062/210123/210181/228104/228109,
    DATE       = 20220519,
    TIME       = 0000,
    STEP       = 12/13/14/15/16/17/18/19/20/21/22/23/24,
    DOMAIN     = G,
    TARGET     = "mars_srf_dryMF_49r2b.grb",
    RESOL      = AUTO,
    INTERPOLATION = GRID-BOX-AVERAGE,
    AREA       = 48.3/10.5/47.3/11.5,
    GRID       = 0.2/0.2

mars - INFO   - 20260807.093454 - Requesting 416 fields
mars - INFO   - 20260807.093454 - FDB home /home/fdbprod
mars - INFO   - 20260807.093454 - Setting SO_SNDBUF to 33554432 (32.00 M)
mars - INFO   - 20260807.093454 - Current value is 32768 (32.00 K)
mars - INFO   - 20260807.093454 - Setting SO_RCVBUF to 33554432 (32.00 M)
mars - INFO   - 20260807.093454 - Current value is 43690 (42.67 K)
mars - INFO   - 20260807.093454 - Calling mars on 'marsrd-core', local port is 48017
mars - INFO   - 20260807.093454 - Callback at address 10.100.192.151, port 48017
mars - INFO   - 20260807.093454 - Mars client is on ac6-151.bullx (10.100.192.151) 48017
mars - INFO   - 20260807.093454 - Mars server is on 10.112.4.10 44265
mars - INFO   - 20260807.093454 - Server task is 320 [marsrd]
mars - INFO   - 20260807.093454 - Request cost: 364 fields, 417.584 Mbytes online, nodes: mvr008 mvr013 [marsrd]
mars - INFO   - 20260807.093454 - The efficiency of your requests in the last 12 hours is 100% [marsrd]
mars - INFO   - 20260807.093454 - Transfering 437868071 bytes
mars - INFO   - 20260807.093455 - ShToGridded: loading Legendre coefficients '/lus/h2resw01/cache/mir/legendre/4/local-T399-GaussianN400-OPT4189816c2e.leg'
mars - WARN   - 20260807.093458 - Visiting database marsrd : expected 416, got 364
mars - INFO   - 20260807.093458 - 364 fields have been interpolated on 'ac6-151.bullx'
mars - ERROR  - 20260807.093458 - Last error is -43
mars - ERROR  - 20260807.093458 - Expected 416, got 364.
mars - ERROR  - 20260807.093458 - Request failed
mars - INFO   - 20260807.093458 - Request time:  wall: 5 sec  cpu: 3 sec 
mars - INFO   - 20260807.093458 -   Read from network: 417.58 Mbyte(s) in 1 sec  [319.66 Mbyte/sec] 
mars - INFO   - 20260807.093458 -   Visiting marsrd: wall: 4 sec 
mars - INFO   - 20260807.093458 -   Post-processing: wall: 2 sec cpu: 2 sec 
mars - INFO   - 20260807.093458 -   Writing to target file: 93.52 Kbyte(s) in < 1 sec [22.01 Mbyte/sec] 
mars - INFO   - 20260807.093458 - Memory used: 141.05 Mbyte(s)
mars - ERROR  - 20260807.093458 - Some errors reported (last error -1)
grib_to_netcdf: Version 2.47.0
grib_to_netcdf: Processing input file 'mars_srf_dryMF_49r2b.grb'.
grib_to_netcdf: Found 364 GRIB fields in 1 file.
grib_to_netcdf: Ignoring key(s): method, type, stream, refdate, hdate
grib_to_netcdf: Creating netCDF file 'j7y2_dryMF_49r2b_srf_20220519_12.nc'
grib_to_netcdf: NetCDF library version: 4.10.0 of Apr  9 2026 13:13:33 $
grib_to_netcdf: Creating large (64 bit) file format.
grib_to_netcdf: Defining variable 'sshf'.
grib_to_netcdf: Defining variable 'slhf'.
grib_to_netcdf: Defining variable 'chnk'.
grib_to_netcdf: Defining variable 'tp'.
grib_to_netcdf: Defining variable 'ishf'.
grib_to_netcdf: Defining variable 'ie'.
grib_to_netcdf: Defining variable 'aco2nee'.
grib_to_netcdf: Defining variable 'aco2gpp'.
grib_to_netcdf: Defining variable 'aco2rec'.
grib_to_netcdf: Defining variable 'fco2nee'.
grib_to_netcdf: Defining variable 'fco2gpp'.
grib_to_netcdf: Defining variable 'fco2rec'.
grib_to_netcdf: Defining variable 'z'.
grib_to_netcdf: Defining variable 't'.
grib_to_netcdf: Defining variable 'sp'.
grib_to_netcdf: Defining variable 'bld'.
grib_to_netcdf: Defining variable 'blh'.
grib_to_netcdf: Defining variable 'tcc'.
grib_to_netcdf: Defining variable 'u10'.
grib_to_netcdf: Defining variable 'v10'.
grib_to_netcdf: Defining variable 't2m'.
grib_to_netcdf: Defining variable 'e'.
grib_to_netcdf: Defining variable 'skt'.
grib_to_netcdf: Defining variable 'fsr'.
grib_to_netcdf: Defining variable 'co2'.
grib_to_netcdf: Defining variable 'ch4'.
grib_to_netcdf: Defining variable 'e_WLCH4'.
grib_to_netcdf: Defining variable 'acc_e_WLCH4'.
grib_to_netcdf: Done.
Surface level selected
mars - WARN - 
mars - WARN - 
MIR environment variables:
MIR_CACHE_PATH=/lus/h2resw01/cache:{FILE?/ec/cache.1}/cache:{FILE?/ec/cache.2}/cache
MIR_LSM_NAMED=1km.climate.v013
Using MARS binary: /usr/local/apps/mars/versions/6.34.7.1/bin/mars.bin
mars - INFO   - 20260807.093500 - Welcome to MARS
mars - INFO   - 20260807.093500 - MARS_HOME=/usr/local/apps/mars/configs/prod
mars - INFO   - 20260807.093500 - MARS Client build stamp: 20260623091402
mars - INFO   - 20260807.093500 - MARS Client bundle version: 6.34.7.1
mars - INFO   - 20260807.093500 - package mars-client version: 6.34.7
mars - INFO   - 20260807.093500 - package mir version: 1.23.9
mars - INFO   - 20260807.093500 - package odc version: 1.6.3
mars - INFO   - 20260807.093500 - package fdb version: 5.21.4
mars - INFO   - 20260807.093500 - package metkit version: 1.18.3
mars - INFO   - 20260807.093500 - package eckit version: 2.0.8
mars - INFO   - 20260807.093500 - package eccodes version: 2.47.2
# Second retrieve surface
retrieve,
anoffset=9,
class=rd,
date=20220520,
expver=j7y2,
levtype=sfc,
param=146.128/147.128/148.128/228.128/231.128/232.128/66.128/67.128/80.228/81.228/82.228/83.228/84.228/85.228/129.128/130/134.128/145.128/159.128/164.128/165.128/166.128/167.128/182.128/235.128/244.128/210061/210062/210123/210181/228104/228109,
step=0/1/2/3/4/5/6/7/8/9/10/11/12,
stream=oper,
time=00:00:00,
type=fc,
grid=0.2/0.2,
area=48.3/10.5/47.3/11.5,
interpolation=grid-box-average,
target="mars_srf_dryMF_49r2b.grb"

mars - INFO   - 20260807.093500 - Processing request 1

RETRIEVE,
    CLASS      = RD,
    TYPE       = FC,
    STREAM     = OPER,
    EXPVER     = j7y2,
    REPRES     = SH,
    LEVTYPE    = SFC,
    PARAM      = 146.128/147.128/148.128/228.128/231.128/232.128/66.128/67.128/80.228/81.228/82.228/83.228/84.228/85.228/129.128/130/134.128/145.128/159.128/164.128/165.128/166.128/167.128/182.128/235.128/244.128/210061/210062/210123/210181/228104/228109,
    DATE       = 20220520,
    TIME       = 0000,
    STEP       = 0/1/2/3/4/5/6/7/8/9/10/11/12,
    DOMAIN     = G,
    TARGET     = "mars_srf_dryMF_49r2b.grb",
    RESOL      = AUTO,
    INTERPOLATION = GRID-BOX-AVERAGE,
    AREA       = 48.3/10.5/47.3/11.5,
    GRID       = 0.2/0.2

mars - INFO   - 20260807.093500 - Requesting 416 fields
mars - INFO   - 20260807.093500 - FDB home /home/fdbprod
mars - INFO   - 20260807.093500 - Setting SO_SNDBUF to 33554432 (32.00 M)
mars - INFO   - 20260807.093500 - Current value is 32768 (32.00 K)
mars - INFO   - 20260807.093500 - Setting SO_RCVBUF to 33554432 (32.00 M)
mars - INFO   - 20260807.093500 - Current value is 43690 (42.67 K)
mars - INFO   - 20260807.093500 - Calling mars on 'marsrd-core', local port is 58781
mars - INFO   - 20260807.093500 - Callback at address 10.100.192.151, port 58781
mars - INFO   - 20260807.093501 - Mars client is on ac6-151.bullx (10.100.192.151) 58781
mars - INFO   - 20260807.093501 - Mars server is on 10.112.4.10 50895
mars - INFO   - 20260807.093501 - Server task is 4075 [marsrd]
mars - INFO   - 20260807.093501 - Request cost: 364 fields, 418.479 Mbytes online, nodes: mvr004 [marsrd]
mars - INFO   - 20260807.093501 - The efficiency of your requests in the last 12 hours is 100% [marsrd]
mars - INFO   - 20260807.093501 - Transfering 438806990 bytes
mars - INFO   - 20260807.093502 - ShToGridded: loading Legendre coefficients '/lus/h2resw01/cache/mir/legendre/4/local-T399-GaussianN400-OPT4189816c2e.leg'
mars - WARN   - 20260807.093506 - Visiting database marsrd : expected 416, got 364
mars - INFO   - 20260807.093506 - 364 fields have been interpolated on 'ac6-151.bullx'
mars - ERROR  - 20260807.093506 - Last error is -43
mars - ERROR  - 20260807.093506 - Expected 416, got 364.
mars - ERROR  - 20260807.093506 - Request failed
mars - INFO   - 20260807.093506 - Request time:  wall: 5 sec  cpu: 3 sec 
mars - INFO   - 20260807.093506 -   Read from network: 418.48 Mbyte(s) in < 1 sec [468.89 Mbyte/sec] 
mars - INFO   - 20260807.093506 -   Visiting marsrd: wall: 5 sec 
mars - INFO   - 20260807.093506 -   Post-processing: wall: 2 sec cpu: 2 sec 
mars - INFO   - 20260807.093506 -   Writing to target file: 93.98 Kbyte(s) in 1 sec  [85.82 Kbyte/sec] 
mars - INFO   - 20260807.093506 - Memory used: 140.96 Mbyte(s)
mars - ERROR  - 20260807.093506 - Some errors reported (last error -1)
grib_to_netcdf: Version 2.47.0
grib_to_netcdf: Processing input file 'mars_srf_dryMF_49r2b.grb'.
grib_to_netcdf: Found 364 GRIB fields in 1 file.
grib_to_netcdf: Ignoring key(s): method, type, stream, refdate, hdate
grib_to_netcdf: Creating netCDF file 'j7y2_dryMF_49r2b_srf_20220520_0.nc'
grib_to_netcdf: NetCDF library version: 4.10.0 of Apr  9 2026 13:13:33 $
grib_to_netcdf: Creating large (64 bit) file format.
grib_to_netcdf: Defining variable 'sshf'.
grib_to_netcdf: Defining variable 'slhf'.
grib_to_netcdf: Defining variable 'chnk'.
grib_to_netcdf: Defining variable 'tp'.
grib_to_netcdf: Defining variable 'ishf'.
grib_to_netcdf: Defining variable 'ie'.
grib_to_netcdf: Defining variable 'aco2nee'.
grib_to_netcdf: Defining variable 'aco2gpp'.
grib_to_netcdf: Defining variable 'aco2rec'.
grib_to_netcdf: Defining variable 'fco2nee'.
grib_to_netcdf: Defining variable 'fco2gpp'.
grib_to_netcdf: Defining variable 'fco2rec'.
grib_to_netcdf: Defining variable 'z'.
grib_to_netcdf: Defining variable 't'.
grib_to_netcdf: Defining variable 'sp'.
grib_to_netcdf: Defining variable 'bld'.
grib_to_netcdf: Defining variable 'blh'.
grib_to_netcdf: Defining variable 'tcc'.
grib_to_netcdf: Defining variable 'u10'.
grib_to_netcdf: Defining variable 'v10'.
grib_to_netcdf: Defining variable 't2m'.
grib_to_netcdf: Defining variable 'e'.
grib_to_netcdf: Defining variable 'skt'.
grib_to_netcdf: Defining variable 'fsr'.
grib_to_netcdf: Defining variable 'co2'.
grib_to_netcdf: Defining variable 'ch4'.
grib_to_netcdf: Defining variable 'e_WLCH4'.
grib_to_netcdf: Defining variable 'acc_e_WLCH4'.
grib_to_netcdf: Done.
Surface level selected
mars - WARN - 
mars - WARN - 
MIR environment variables:
MIR_CACHE_PATH=/lus/h2resw01/cache:{FILE?/ec/cache.1}/cache:{FILE?/ec/cache.2}/cache
MIR_LSM_NAMED=1km.climate.v013
Using MARS binary: /usr/local/apps/mars/versions/6.34.7.1/bin/mars.bin
mars - INFO   - 20260807.093508 - Welcome to MARS
mars - INFO   - 20260807.093508 - MARS_HOME=/usr/local/apps/mars/configs/prod
mars - INFO   - 20260807.093508 - MARS Client build stamp: 20260623091402
mars - INFO   - 20260807.093508 - MARS Client bundle version: 6.34.7.1
mars - INFO   - 20260807.093508 - package mars-client version: 6.34.7
mars - INFO   - 20260807.093508 - package mir version: 1.23.9
mars - INFO   - 20260807.093508 - package odc version: 1.6.3
mars - INFO   - 20260807.093508 - package fdb version: 5.21.4
mars - INFO   - 20260807.093508 - package metkit version: 1.18.3
mars - INFO   - 20260807.093508 - package eckit version: 2.0.8
mars - INFO   - 20260807.093508 - package eccodes version: 2.47.2
# Second retrieve surface
retrieve,
anoffset=9,
class=rd,
date=20220520,
expver=j7y2,
levtype=sfc,
param=146.128/147.128/148.128/228.128/231.128/232.128/66.128/67.128/80.228/81.228/82.228/83.228/84.228/85.228/129.128/130/134.128/145.128/159.128/164.128/165.128/166.128/167.128/182.128/235.128/244.128/210061/210062/210123/210181/228104/228109,
step=12/13/14/15/16/17/18/19/20/21/22/23/24,
stream=oper,
time=00:00:00,
type=fc,
grid=0.2/0.2,
area=48.3/10.5/47.3/11.5,
interpolation=grid-box-average,
target="mars_srf_dryMF_49r2b.grb"

mars - INFO   - 20260807.093508 - Processing request 1

RETRIEVE,
    CLASS      = RD,
    TYPE       = FC,
    STREAM     = OPER,
    EXPVER     = j7y2,
    REPRES     = SH,
    LEVTYPE    = SFC,
    PARAM      = 146.128/147.128/148.128/228.128/231.128/232.128/66.128/67.128/80.228/81.228/82.228/83.228/84.228/85.228/129.128/130/134.128/145.128/159.128/164.128/165.128/166.128/167.128/182.128/235.128/244.128/210061/210062/210123/210181/228104/228109,
    DATE       = 20220520,
    TIME       = 0000,
    STEP       = 12/13/14/15/16/17/18/19/20/21/22/23/24,
    DOMAIN     = G,
    TARGET     = "mars_srf_dryMF_49r2b.grb",
    RESOL      = AUTO,
    INTERPOLATION = GRID-BOX-AVERAGE,
    AREA       = 48.3/10.5/47.3/11.5,
    GRID       = 0.2/0.2

mars - INFO   - 20260807.093508 - Requesting 416 fields
mars - INFO   - 20260807.093508 - FDB home /home/fdbprod
mars - INFO   - 20260807.093508 - Setting SO_SNDBUF to 33554432 (32.00 M)
mars - INFO   - 20260807.093508 - Current value is 32768 (32.00 K)
mars - INFO   - 20260807.093508 - Setting SO_RCVBUF to 33554432 (32.00 M)
mars - INFO   - 20260807.093508 - Current value is 43690 (42.67 K)
mars - INFO   - 20260807.093508 - Calling mars on 'marsrd-core', local port is 42517
mars - INFO   - 20260807.093508 - Callback at address 10.100.192.151, port 42517
mars - INFO   - 20260807.093508 - Mars client is on ac6-151.bullx (10.100.192.151) 42517
mars - INFO   - 20260807.093508 - Mars server is on 10.112.4.10 42095
mars - INFO   - 20260807.093508 - Server task is 7121 [marsrd]
mars - INFO   - 20260807.093508 - Request cost: 364 fields, 417.775 Mbytes online, nodes: mvr004 mvr005 [marsrd]
mars - INFO   - 20260807.093508 - The efficiency of your requests in the last 12 hours is 100% [marsrd]
mars - INFO   - 20260807.093508 - Transfering 438069215 bytes
mars - INFO   - 20260807.093509 - ShToGridded: loading Legendre coefficients '/lus/h2resw01/cache/mir/legendre/4/local-T399-GaussianN400-OPT4189816c2e.leg'
mars - WARN   - 20260807.093512 - Visiting database marsrd : expected 416, got 364
mars - INFO   - 20260807.093512 - 364 fields have been interpolated on 'ac6-151.bullx'
mars - ERROR  - 20260807.093512 - Last error is -43
mars - ERROR  - 20260807.093512 - Expected 416, got 364.
mars - ERROR  - 20260807.093512 - Request failed
mars - INFO   - 20260807.093512 - Request time:  wall: 4 sec  cpu: 3 sec 
mars - INFO   - 20260807.093512 -   Read from network: 417.78 Mbyte(s) in < 1 sec [487.42 Mbyte/sec] 
mars - INFO   - 20260807.093512 -   Visiting marsrd: wall: 4 sec 
mars - INFO   - 20260807.093512 -   Post-processing: wall: 2 sec cpu: 2 sec 
mars - INFO   - 20260807.093512 -   Writing to target file: 94.34 Kbyte(s) in < 1 sec [24.22 Mbyte/sec] 
mars - INFO   - 20260807.093512 - Memory used: 141.09 Mbyte(s)
mars - ERROR  - 20260807.093512 - Some errors reported (last error -1)
grib_to_netcdf: Version 2.47.0
grib_to_netcdf: Processing input file 'mars_srf_dryMF_49r2b.grb'.
grib_to_netcdf: Found 364 GRIB fields in 1 file.
grib_to_netcdf: Ignoring key(s): method, type, stream, refdate, hdate
grib_to_netcdf: Creating netCDF file 'j7y2_dryMF_49r2b_srf_20220520_12.nc'
grib_to_netcdf: NetCDF library version: 4.10.0 of Apr  9 2026 13:13:33 $
grib_to_netcdf: Creating large (64 bit) file format.
grib_to_netcdf: Defining variable 'sshf'.
grib_to_netcdf: Defining variable 'slhf'.
grib_to_netcdf: Defining variable 'chnk'.
grib_to_netcdf: Defining variable 'tp'.
grib_to_netcdf: Defining variable 'ishf'.
grib_to_netcdf: Defining variable 'ie'.
grib_to_netcdf: Defining variable 'aco2nee'.
grib_to_netcdf: Defining variable 'aco2gpp'.
grib_to_netcdf: Defining variable 'aco2rec'.
grib_to_netcdf: Defining variable 'fco2nee'.
grib_to_netcdf: Defining variable 'fco2gpp'.
grib_to_netcdf: Defining variable 'fco2rec'.
grib_to_netcdf: Defining variable 'z'.
grib_to_netcdf: Defining variable 't'.
grib_to_netcdf: Defining variable 'sp'.
grib_to_netcdf: Defining variable 'bld'.
grib_to_netcdf: Defining variable 'blh'.
grib_to_netcdf: Defining variable 'tcc'.
grib_to_netcdf: Defining variable 'u10'.
grib_to_netcdf: Defining variable 'v10'.
grib_to_netcdf: Defining variable 't2m'.
grib_to_netcdf: Defining variable 'e'.
grib_to_netcdf: Defining variable 'skt'.
grib_to_netcdf: Defining variable 'fsr'.
grib_to_netcdf: Defining variable 'co2'.
grib_to_netcdf: Defining variable 'ch4'.
grib_to_netcdf: Defining variable 'e_WLCH4'.
grib_to_netcdf: Defining variable 'acc_e_WLCH4'.
grib_to_netcdf: Done.
