[ECMWF-INFO -sbatch] - -------------------------------------------------------------------------------------
[ECMWF-INFO -sbatch] -  This is the ECMWF jobfilter
[ECMWF-INFO -sbatch] -  +++ Please report issues using the Support portal +++
[ECMWF-INFO -sbatch] -  +++ https://support.ecmwf.int                     +++
[ECMWF-INFO -sbatch] -  /usr/local/bin/ecsbatch: size: 54518, mtime: Thu Aug  6 13:29:49 2026
[ECMWF-INFO -sbatch] - -------------------------------------------------------------------------------------
[ECMWF-INFO -sbatch] - Time at submit: Fri Aug  7 13:58:59 2026 (1786111139.810364) on ac6-100.bullx:/etc/ecmwf/nfs/dh1_home_a/paaa/python_scripts/processing_IFS
[ECMWF-INFO -sbatch] - --- SLURM VARIABLES ---
[ECMWF-INFO -sbatch] - EC_CLUSTER=ac
[ECMWF-INFO -sbatch] - SLURM_EXPORT_ENV=ALL
[ECMWF-INFO -sbatch] - SBATCH_EXPORT=NONE
[ECMWF-INFO -sbatch] - -----------------------
[ECMWF-INFO -sbatch] - jobscript: /etc/ecmwf/nfs/dh1_home_a/paaa/python_scripts/processing_IFS/run_catrine_spp.sh
[ECMWF-INFO -sbatch] - --- SCRIPT OPTIONS ---
[ECMWF-INFO -sbatch] - #SBATCH --time=18:00:00
[ECMWF-INFO -sbatch] - #SBATCH --job-name=catrine_SPP_ifs_processing
[ECMWF-INFO -sbatch] - #SBATCH --ntasks=1
[ECMWF-INFO -sbatch] - #SBATCH --cpus-per-task=2
[ECMWF-INFO -sbatch] - #SBATCH --mem=16GB
[ECMWF-INFO -sbatch] - -----------------------
[ECMWF-INFO -sbatch] - --- POST-PROCESSED OPTIONS ---
[ECMWF-INFO -sbatch] - ARG --positional=['run_catrine_spp.sh']
[ECMWF-INFO -sbatch] - ARG --cpus_per_task=2
[ECMWF-INFO -sbatch] - ARG --job_name=catrine_SPP_ifs_processing
[ECMWF-INFO -sbatch] - ARG --ntasks=1
[ECMWF-INFO -sbatch] - ARG --time=18:00:00
[ECMWF-INFO -sbatch] - ARG --mem=16GB
[ECMWF-INFO -sbatch] - ------------------------------
[ECMWF-INFO -sbatch] - No qos requested, assuming qos=nf
[ECMWF-INFO -sbatch] - jobtag: paaa-catrine_SP_processing-1x2-/etc/ecmwf/nfs/dh1_home_a/paaa/python_scripts/processing_IFS/slurm-_JOBID_.out
[ECMWF-INFO -sbatch] - ------------------------------
[ECMWF-INFO -sbatch] - Average Walltime 14 with a Standard Deviation 15
[ECMWF-INFO -sbatch] - Runtime history
[ECMWF-INFO -sbatch] -   Date               | Cores   Cluster   Walltime       Mem
[ECMWF-INFO -sbatch] -   07.08.2026 - 13:58 | 2          ac         37         16G       
[ECMWF-INFO -sbatch] -   07.08.2026 - 13:57 | 2          ac         15         16G       
[ECMWF-INFO -sbatch] -   07.08.2026 - 13:56 | 2          ac         15         16G       
[ECMWF-INFO -sbatch] -   07.08.2026 - 13:56 | 2          ac         15         16G       
[ECMWF-INFO -sbatch] -   07.08.2026 - 13:54 | 2          ac         17         16G       
[ECMWF-INFO -sbatch] -   07.08.2026 - 10:52 | 2          ac         3          16G       
[ECMWF-INFO -sbatch] -   07.08.2026 - 10:51 | 2          ac         4          16G       
[ECMWF-INFO -sbatch] -   07.08.2026 - 10:50 | 2          ac         3          16G       
[ECMWF-INFO -sbatch] -   07.08.2026 - 10:49 | 2          ac         3          16G       
[ECMWF-INFO -sbatch] -   07.08.2026 - 10:44 | 2          ac         4          16G       
[ECMWF-INFO -sbatch] -   07.08.2026 - 10:02 | 2          ac         4          16G       
[ECMWF-INFO -sbatch] -   07.08.2026 - 10:01 | 2          ac         4          16G       
[ECMWF-INFO -sbatch] -   07.08.2026 - 09:59 | 2          ac         3          16G       
[ECMWF-INFO -sbatch] -   07.08.2026 - 09:57 | 2          ac         3          16G       
[ECMWF-INFO -sbatch] -   14.07.2026 - 08:12 | 2          ac         34         16G       
[ECMWF-INFO -sbatch] -   14.07.2026 - 08:11 | 2          ac         18         16G       
[ECMWF-INFO -sbatch] -   13.07.2026 - 16:46 | 2          ac         3          16G       
[ECMWF-INFO -sbatch] -   13.07.2026 - 16:44 | 2          ac         4          16G       
[ECMWF-INFO -sbatch] -   13.07.2026 - 15:24 | 2          ac         41         16G       
[ECMWF-INFO -sbatch] -   13.07.2026 - 15:23 | 2          ac         50         16G       
[ECMWF-INFO -sbatch] - ['/usr/bin/sbatch', '--cpus-per-task=2', '--job-name=catrine_SPP_ifs_processing', '--ntasks=1', '--time=18:00:00', '--mem=16GB', '--qos=nf', '--licenses=h2resw01', '--export=EC_user_time_limit=18:00:00', '/etc/ecmwf/nfs/dh1_home_a/paaa/python_scripts/processing_IFS/run_catrine_spp.sh']
[ECMWF-INFO -sbatch] - sbatch executed on ac
[ECMWF-INFO -sbatch] - Job queued on ac using method local
[ECMWF-INFO -sbatch] - Submitted batch job 39454054
[ECMWF-INFO -ecprofile] /usr/bin/bash NON_INTERACTIVE on ac6-148 at 20260807_135911.015, PID: 3163192, JOBID: 39454054
[ECMWF-INFO -ecprofile] $SCRATCH=/ec/res4/scratch/paaa
[ECMWF-INFO -ecprofile] $PERM=/perm/paaa
[ECMWF-INFO -ecprofile] $HPCPERM=/ec/res4/hpcperm/paaa
[ECMWF-INFO -ecprofile] $TMPDIR=/etc/ecmwf/ssd/ssd1/tmpdirs/paaa.39454054
[ECMWF-INFO -ecprofile] $SCRATCHDIR=/ec/res4/scratchdir/paaa/6/39454054
/scratch/paaa/IFS/netherlands_2/j7v2/j7v2_SPP_rkap_30_pl_*_0.nc
#### Data already extracted and available at /scratch/paaa/IFS/netherlands_2/j7v2/j7v2_SPP_rkap_30_pl_20220515_0.nc (and others) ####
#### Running S1: Deaccumulate and combine days together ####
Looking for input files with pattern: /scratch/paaa/IFS/netherlands_2/j7v2/j7v2_*_pl_*_0.nc
Found 6 files:
  /scratch/paaa/IFS/netherlands_2/j7v2/j7v2_SPP_rkap_30_pl_20220515_0.nc
  /scratch/paaa/IFS/netherlands_2/j7v2/j7v2_SPP_rkap_30_pl_20220516_0.nc
  /scratch/paaa/IFS/netherlands_2/j7v2/j7v2_SPP_rkap_30_pl_20220517_0.nc
  /scratch/paaa/IFS/netherlands_2/j7v2/j7v2_SPP_rkap_30_pl_20220518_0.nc
  /scratch/paaa/IFS/netherlands_2/j7v2/j7v2_SPP_rkap_30_pl_20220519_0.nc
  /scratch/paaa/IFS/netherlands_2/j7v2/j7v2_SPP_rkap_30_pl_20220520_0.nc
Saving combined dataset to: /perm/paaa/IFS/netherlands_2/pf/j7v2_SPP_rkap_30_pl_t0.nc
#### Running S2: Convert from pressure levels to height ####
Reading: /perm/paaa/IFS/netherlands_2/pf/j7v2_SPP_rkap_30_pl_t0.nc
Using geopotential to derive AGL height.
Interpolating co2 to fixed heights
Interpolating z to fixed heights
Interpolating t to fixed heights
Interpolating q to fixed heights
Interpolating th to fixed heights
Interpolating pressure to fixed heights
Saving: /perm/paaa/IFS/netherlands_2/pf/j7v2_SPP_rkap_30_z_t0.nc
#### Running S3: Interpolate to single location ####
Reading: /perm/paaa/IFS/netherlands_2/pf/j7v2_SPP_rkap_30_z_t0.nc
Saving processed: /perm/paaa/IFS/netherlands_2/pf/j7v2_SPP_rkap_30_z_t0_processed.nc
Saving slab: /perm/paaa/IFS/netherlands_2/pf/j7v2_SPP_rkap_30_z_t0_slab.nc
Saving point: /perm/paaa/IFS/netherlands_2/pf/j7v2_SPP_rkap_30_z_t0_cabauw.nc
Saving point: /perm/paaa/IFS/netherlands_2/pf/j7v2_SPP_rkap_30_z_t0_loobos.nc
Done.
All scripts completed successfully.
[ECMWF-INFO -ecepilog] ----------------------------------------------------------------------------------------------------
[ECMWF-INFO -ecepilog] This is the ECMWF job Epilogue
[ECMWF-INFO -ecepilog] +++ Please report issues using the Support portal +++
[ECMWF-INFO -ecepilog] +++ https://support.ecmwf.int                     +++
[ECMWF-INFO -ecepilog] ----------------------------------------------------------------------------------------------------
[ECMWF-INFO -ecepilog] Run at 2026-08-07T13:59:44 on ac
[ECMWF-INFO -ecepilog] JobName                   : catrine_SPP_ifs_processing
[ECMWF-INFO -ecepilog] JobID                     : 39454054
[ECMWF-INFO -ecepilog] Submit                    : 2026-08-07T13:58:59
[ECMWF-INFO -ecepilog] Start                     : 2026-08-07T13:59:07
[ECMWF-INFO -ecepilog] End                       : 2026-08-07T13:59:44
[ECMWF-INFO -ecepilog] QueuedTime                : 8.0
[ECMWF-INFO -ecepilog] ElapsedRaw                : 37
[ECMWF-INFO -ecepilog] ExitCode                  : 0:0
[ECMWF-INFO -ecepilog] DerivedExitCode           : 0:0
[ECMWF-INFO -ecepilog] State                     : COMPLETED
[ECMWF-INFO -ecepilog] Account                   : ecrdmopp
[ECMWF-INFO -ecepilog] QOS                       : nf
[ECMWF-INFO -ecepilog] User                      : paaa
[ECMWF-INFO -ecepilog] StdOut                    : /etc/ecmwf/nfs/dh1_home_a/paaa/python_scripts/processing_IFS/slurm-39454054.out
[ECMWF-INFO -ecepilog] StdErr                    : /etc/ecmwf/nfs/dh1_home_a/paaa/python_scripts/processing_IFS/slurm-39454054.out
[ECMWF-INFO -ecepilog] NNodes                    : 1
[ECMWF-INFO -ecepilog] NCPUS                     : 2
[ECMWF-INFO -ecepilog] SBU                       : 0.175
[ECMWF-INFO -ecepilog] jobtag                    : paaa-catrine_SP_processing-1x2-/etc/ecmwf/nfs/dh1_home_a/paaa/python_scripts/processing_IFS/slurm-_JOBID_.out
[ECMWF-INFO -ecepilog] ----------------------------------------------------------------------------------------------------

