[ECMWF-INFO -sbatch] - -------------------------------------------------------------------------------------
[ECMWF-INFO -sbatch] -  This is the ECMWF jobfilter
[ECMWF-INFO -sbatch] -  +++ Please report issues using the Support portal +++
[ECMWF-INFO -sbatch] -  +++ https://support.ecmwf.int                     +++
[ECMWF-INFO -sbatch] -  /usr/local/bin/ecsbatch: size: 54473, mtime: Mon Jun 29 15:34:27 2026
[ECMWF-INFO -sbatch] - -------------------------------------------------------------------------------------
[ECMWF-INFO -sbatch] - Time at submit: Thu Jul 16 13:22:42 2026 (1784208162.8461647) on ac6-102.bullx:/etc/ecmwf/nfs/dh1_home_a/paaa/python_scripts/processing_IFS
[ECMWF-INFO -sbatch] - --- SLURM VARIABLES ---
[ECMWF-INFO -sbatch] - EC_CLUSTER=ac
[ECMWF-INFO -sbatch] - SLURM_EXPORT_ENV=ALL
[ECMWF-INFO -sbatch] - SBATCH_EXPORT=NONE
[ECMWF-INFO -sbatch] - -----------------------
[ECMWF-INFO -sbatch] - jobscript: /etc/ecmwf/nfs/dh1_home_a/paaa/python_scripts/processing_IFS/run_catrine_iyw7.sh
[ECMWF-INFO -sbatch] - --- SCRIPT OPTIONS ---
[ECMWF-INFO -sbatch] - #SBATCH --time=10:00:00
[ECMWF-INFO -sbatch] - #SBATCH --job-name=catrine_ifs_processing
[ECMWF-INFO -sbatch] - #SBATCH --ntasks=1
[ECMWF-INFO -sbatch] - #SBATCH --cpus-per-task=2
[ECMWF-INFO -sbatch] - #SBATCH --mem=16GB
[ECMWF-INFO -sbatch] - -----------------------
[ECMWF-INFO -sbatch] - --- POST-PROCESSED OPTIONS ---
[ECMWF-INFO -sbatch] - ARG --positional=['run_catrine_iyw7.sh']
[ECMWF-INFO -sbatch] - ARG --cpus_per_task=2
[ECMWF-INFO -sbatch] - ARG --job_name=catrine_ifs_processing
[ECMWF-INFO -sbatch] - ARG --ntasks=1
[ECMWF-INFO -sbatch] - ARG --time=10:00:00
[ECMWF-INFO -sbatch] - ARG --mem=16GB
[ECMWF-INFO -sbatch] - ------------------------------
[ECMWF-INFO -sbatch] - No qos requested, assuming qos=nf
[ECMWF-INFO -sbatch] - jobtag: paaa-catrine_if_processing-1x2-/etc/ecmwf/nfs/dh1_home_a/paaa/python_scripts/processing_IFS/slurm-_JOBID_.out
[ECMWF-INFO -sbatch] - ------------------------------
[ECMWF-INFO -sbatch] - Average Walltime 141 with a Standard Deviation 442
[ECMWF-INFO -sbatch] - Runtime history
[ECMWF-INFO -sbatch] -   Date               | Cores   Cluster   Walltime       Mem
[ECMWF-INFO -sbatch] -   16.07.2026 - 13:12 | 2          ac         3          16G       
[ECMWF-INFO -sbatch] -   16.07.2026 - 13:11 | 2          ac         3          16G       
[ECMWF-INFO -sbatch] -   16.07.2026 - 12:51 | 2          ac         4          16G       
[ECMWF-INFO -sbatch] -   16.07.2026 - 12:49 | 2          ac         3          16G       
[ECMWF-INFO -sbatch] -   16.07.2026 - 11:26 | 2          ac         1866       16G       
[ECMWF-INFO -sbatch] -   16.07.2026 - 10:04 | 2          ac         3          16G       
[ECMWF-INFO -sbatch] -   16.07.2026 - 10:01 | 2          ac         3          16G       
[ECMWF-INFO -sbatch] -   16.07.2026 - 09:56 | 2          ac         910        16G       
[ECMWF-INFO -sbatch] -   16.07.2026 - 09:56 | 2          ac         4          16G       
[ECMWF-INFO -sbatch] -   16.07.2026 - 09:54 | 2          ac         4          16G       
[ECMWF-INFO -sbatch] -   16.07.2026 - 09:50 | 2          ac         4          16G       
[ECMWF-INFO -sbatch] -   15.07.2026 - 18:32 | 2          ac         2          16G       
[ECMWF-INFO -sbatch] -   15.07.2026 - 18:31 | 2          ac         3          16G       
[ECMWF-INFO -sbatch] -   15.07.2026 - 18:31 | 2          ac         3          16G       
[ECMWF-INFO -sbatch] -   15.07.2026 - 18:02 | 2          ac         4          16G       
[ECMWF-INFO -sbatch] -   15.07.2026 - 18:01 | 2          ac         3          16G       
[ECMWF-INFO -sbatch] -   15.07.2026 - 18:01 | 2          ac         4          16G       
[ECMWF-INFO -sbatch] -   15.07.2026 - 16:59 | 2          ac         3          16G       
[ECMWF-INFO -sbatch] -   15.07.2026 - 16:59 | 2          ac         3          16G       
[ECMWF-INFO -sbatch] -   15.07.2026 - 16:59 | 2          ac         3          16G       
[ECMWF-INFO -sbatch] - ['/usr/bin/sbatch', '--cpus-per-task=2', '--job-name=catrine_ifs_processing', '--ntasks=1', '--time=10:00:00', '--mem=16GB', '--qos=nf', '--licenses=h2resw01', '--export=EC_user_time_limit=10:00:00', '/etc/ecmwf/nfs/dh1_home_a/paaa/python_scripts/processing_IFS/run_catrine_iyw7.sh']
[ECMWF-INFO -sbatch] - sbatch executed on ac
[ECMWF-INFO -sbatch] - Job queued on ac using method local
[ECMWF-INFO -sbatch] - Submitted batch job 39384764
[ECMWF-INFO -ecprofile] /usr/bin/bash NON_INTERACTIVE on ac6-187 at 20260716_132300.459, PID: 3168457, JOBID: 39384764
[ECMWF-INFO -ecprofile] $SCRATCH=/ec/res4/scratch/paaa
[ECMWF-INFO -ecprofile] $PERM=/perm/paaa
[ECMWF-INFO -ecprofile] $HPCPERM=/ec/res4/hpcperm/paaa
[ECMWF-INFO -ecprofile] $TMPDIR=/etc/ecmwf/ssd/ssd1/tmpdirs/paaa.39384764
[ECMWF-INFO -ecprofile] $SCRATCHDIR=/ec/res4/scratchdir/paaa/4/39384764
/scratch/paaa/IFS/HPB_tower/iyw7/iyw7_ctrl_49r2b_ml_*_0.nc
#### Data already extracted and available at /scratch/paaa/IFS/HPB_tower/iyw7/iyw7_ctrl_49r2b_ml_20220515_0.nc (and others) ####
#### Running S1: Rename and deaccumulate ####
Looking for data in /scratch/paaa/IFS/HPB_tower/iyw7
Found these files for lead time 0 (+12): ['/scratch/paaa/IFS/HPB_tower/iyw7/iyw7_ctrl_49r2b_ml_20220515_0.nc', '/scratch/paaa/IFS/HPB_tower/iyw7/iyw7_ctrl_49r2b_ml_20220515_12.nc', '/scratch/paaa/IFS/HPB_tower/iyw7/iyw7_ctrl_49r2b_ml_20220516_0.nc', '/scratch/paaa/IFS/HPB_tower/iyw7/iyw7_ctrl_49r2b_ml_20220516_12.nc', '/scratch/paaa/IFS/HPB_tower/iyw7/iyw7_ctrl_49r2b_ml_20220517_0.nc', '/scratch/paaa/IFS/HPB_tower/iyw7/iyw7_ctrl_49r2b_ml_20220517_12.nc', '/scratch/paaa/IFS/HPB_tower/iyw7/iyw7_ctrl_49r2b_ml_20220518_0.nc', '/scratch/paaa/IFS/HPB_tower/iyw7/iyw7_ctrl_49r2b_ml_20220518_12.nc', '/scratch/paaa/IFS/HPB_tower/iyw7/iyw7_ctrl_49r2b_ml_20220519_0.nc', '/scratch/paaa/IFS/HPB_tower/iyw7/iyw7_ctrl_49r2b_ml_20220519_12.nc', '/scratch/paaa/IFS/HPB_tower/iyw7/iyw7_ctrl_49r2b_ml_20220520_0.nc', '/scratch/paaa/IFS/HPB_tower/iyw7/iyw7_ctrl_49r2b_ml_20220520_12.nc']
Processing file /scratch/paaa/IFS/HPB_tower/iyw7/iyw7_ctrl_49r2b_ml_20220515_0.nc
Time step between consecutive records: 1 hours hour
Variable ra not found in dataset.
Variable co not found in dataset.
Deaccumulating...
Processing file /scratch/paaa/IFS/HPB_tower/iyw7/iyw7_ctrl_49r2b_ml_20220515_12.nc
Time step between consecutive records: 1 hours hour
Variable ra not found in dataset.
Variable co not found in dataset.
Deaccumulating...
Processing file /scratch/paaa/IFS/HPB_tower/iyw7/iyw7_ctrl_49r2b_ml_20220516_0.nc
Time step between consecutive records: 1 hours hour
Variable ra not found in dataset.
Variable co not found in dataset.
Deaccumulating...
Processing file /scratch/paaa/IFS/HPB_tower/iyw7/iyw7_ctrl_49r2b_ml_20220516_12.nc
Time step between consecutive records: 1 hours hour
Variable ra not found in dataset.
Variable co not found in dataset.
Deaccumulating...
Processing file /scratch/paaa/IFS/HPB_tower/iyw7/iyw7_ctrl_49r2b_ml_20220517_0.nc
Time step between consecutive records: 1 hours hour
Variable ra not found in dataset.
Variable co not found in dataset.
Deaccumulating...
Processing file /scratch/paaa/IFS/HPB_tower/iyw7/iyw7_ctrl_49r2b_ml_20220517_12.nc
Time step between consecutive records: 1 hours hour
Variable ra not found in dataset.
Variable co not found in dataset.
Deaccumulating...
Processing file /scratch/paaa/IFS/HPB_tower/iyw7/iyw7_ctrl_49r2b_ml_20220518_0.nc
Time step between consecutive records: 1 hours hour
Variable ra not found in dataset.
Variable co not found in dataset.
Deaccumulating...
Processing file /scratch/paaa/IFS/HPB_tower/iyw7/iyw7_ctrl_49r2b_ml_20220518_12.nc
Time step between consecutive records: 1 hours hour
Variable ra not found in dataset.
Variable co not found in dataset.
Deaccumulating...
Processing file /scratch/paaa/IFS/HPB_tower/iyw7/iyw7_ctrl_49r2b_ml_20220519_0.nc
Time step between consecutive records: 1 hours hour
Variable ra not found in dataset.
Variable co not found in dataset.
Deaccumulating...
Processing file /scratch/paaa/IFS/HPB_tower/iyw7/iyw7_ctrl_49r2b_ml_20220519_12.nc
Time step between consecutive records: 1 hours hour
Variable ra not found in dataset.
Variable co not found in dataset.
Deaccumulating...
Processing file /scratch/paaa/IFS/HPB_tower/iyw7/iyw7_ctrl_49r2b_ml_20220520_0.nc
Time step between consecutive records: 1 hours hour
Variable ra not found in dataset.
Variable co not found in dataset.
Deaccumulating...
Processing file /scratch/paaa/IFS/HPB_tower/iyw7/iyw7_ctrl_49r2b_ml_20220520_12.nc
Time step between consecutive records: 1 hours hour
Variable ra not found in dataset.
Variable co not found in dataset.
Deaccumulating...
Finished processing files________
Saving...
Dataset saved to: /perm/paaa/IFS/HPB_tower/fc/iyw7_ctrl_49r2b_ml_t0.nc
Done.
#### Running S2: Convert from model levels to height ####
Processing iyw7_ctrl_49r2b .
Processing lead time 0 .
Reading these files:
['/perm/paaa/IFS/HPB_tower/fc/iyw7_ctrl_49r2b_ml_t0.nc']
Using lnsp to compute pressure levels.
time: 2022-05-15
time: 2022-05-16
time: 2022-05-16
time: 2022-05-17
time: 2022-05-17
time: 2022-05-18
time: 2022-05-18
time: 2022-05-19
time: 2022-05-19
Traceback (most recent call last):
  File "/etc/ecmwf/nfs/dh1_home_a/paaa/python_scripts/processing_IFS/scripts/S2_from_ml_to_height.py", line 135, in <module>
    ifs_it = ds_ml.sel(level=slice(top_lev+1, 137), time=it, latitude=ilat, longitude=ilon)
             ^^^^^^^^^^^^^^^^^^^^^^^^^^^^^^^^^^^^^^^^^^^^^^^^^^^^^^^^^^^^^^^^^^^^^^^^^^^^^^
  File "/etc/ecmwf/nfs/dh1_home_a/paaa/venv/test_env/lib/python3.11/site-packages/xarray/core/dataset.py", line 3242, in sel
    query_results = map_index_queries(
                    ^^^^^^^^^^^^^^^^^^
  File "/etc/ecmwf/nfs/dh1_home_a/paaa/venv/test_env/lib/python3.11/site-packages/xarray/core/indexing.py", line 195, in map_index_queries
    results.append(index.sel(labels, **options))
                   ^^^^^^^^^^^^^^^^^^^^^^^^^^^^
  File "/etc/ecmwf/nfs/dh1_home_a/paaa/venv/test_env/lib/python3.11/site-packages/xarray/core/indexes.py", line 807, in sel
    indexer = DataArray(indexer, coords=label._coords, dims=label.dims)
              ^^^^^^^^^^^^^^^^^^^^^^^^^^^^^^^^^^^^^^^^^^^^^^^^^^^^^^^^^
  File "/etc/ecmwf/nfs/dh1_home_a/paaa/venv/test_env/lib/python3.11/site-packages/xarray/core/dataarray.py", line 484, in __init__
    coords, dims = _infer_coords_and_dims(data.shape, coords, dims)
                   ^^^^^^^^^^^^^^^^^^^^^^^^^^^^^^^^^^^^^^^^^^^^^^^^
  File "/etc/ecmwf/nfs/dh1_home_a/paaa/venv/test_env/lib/python3.11/site-packages/xarray/core/dataarray.py", line 189, in _infer_coords_and_dims
    raise ValueError(
ValueError: different number of dimensions on data and dims: 1 vs 0
[ECMWF-INFO -ecepilog] ----------------------------------------------------------------------------------------------------
[ECMWF-INFO -ecepilog] This is the ECMWF job Epilogue
[ECMWF-INFO -ecepilog] +++ Please report issues using the Support portal +++
[ECMWF-INFO -ecepilog] +++ https://support.ecmwf.int                     +++
[ECMWF-INFO -ecepilog] ----------------------------------------------------------------------------------------------------
[ECMWF-INFO -ecepilog] Run at 2026-07-16T13:52:55 on ac
[ECMWF-INFO -ecepilog] JobName                   : catrine_ifs_processing
[ECMWF-INFO -ecepilog] JobID                     : 39384764
[ECMWF-INFO -ecepilog] Submit                    : 2026-07-16T13:22:42
[ECMWF-INFO -ecepilog] Start                     : 2026-07-16T13:22:57
[ECMWF-INFO -ecepilog] End                       : 2026-07-16T13:52:55
[ECMWF-INFO -ecepilog] QueuedTime                : 15.0
[ECMWF-INFO -ecepilog] ElapsedRaw                : 1798
[ECMWF-INFO -ecepilog] ExitCode                  : 1:0
[ECMWF-INFO -ecepilog] DerivedExitCode           : 0:0
[ECMWF-INFO -ecepilog] State                     : FAILED
[ECMWF-INFO -ecepilog] Account                   : ecrdmopp
[ECMWF-INFO -ecepilog] QOS                       : nf
[ECMWF-INFO -ecepilog] User                      : paaa
[ECMWF-INFO -ecepilog] StdOut                    : /etc/ecmwf/nfs/dh1_home_a/paaa/python_scripts/processing_IFS/slurm-39384764.out
[ECMWF-INFO -ecepilog] StdErr                    : /etc/ecmwf/nfs/dh1_home_a/paaa/python_scripts/processing_IFS/slurm-39384764.out
[ECMWF-INFO -ecepilog] NNodes                    : 1
[ECMWF-INFO -ecepilog] NCPUS                     : 2
[ECMWF-INFO -ecepilog] SBU                       : 8.522
[ECMWF-INFO -ecepilog] jobtag                    : paaa-catrine_if_processing-1x2-/etc/ecmwf/nfs/dh1_home_a/paaa/python_scripts/processing_IFS/slurm-_JOBID_.out
[ECMWF-INFO -ecepilog] ----------------------------------------------------------------------------------------------------

