[ECMWF-INFO -sbatch] - -------------------------------------------------------------------------------------
[ECMWF-INFO -sbatch] -  This is the ECMWF jobfilter
[ECMWF-INFO -sbatch] -  +++ Please report issues using the Support portal +++
[ECMWF-INFO -sbatch] -  +++ https://support.ecmwf.int                     +++
[ECMWF-INFO -sbatch] -  /usr/local/bin/ecsbatch: size: 54518, mtime: Thu Aug  6 13:29:49 2026
[ECMWF-INFO -sbatch] - -------------------------------------------------------------------------------------
[ECMWF-INFO -sbatch] - Time at submit: Mon Aug 10 13:36:42 2026 (1786369002.6693165) on ac6-102.bullx:/etc/ecmwf/nfs/dh1_home_a/paaa/python_scripts/processing_IFS
[ECMWF-INFO -sbatch] - --- SLURM VARIABLES ---
[ECMWF-INFO -sbatch] - EC_CLUSTER=ac
[ECMWF-INFO -sbatch] - SLURM_EXPORT_ENV=ALL
[ECMWF-INFO -sbatch] - SBATCH_EXPORT=NONE
[ECMWF-INFO -sbatch] - -----------------------
[ECMWF-INFO -sbatch] - jobscript: /etc/ecmwf/nfs/dh1_home_a/paaa/python_scripts/processing_IFS/run_catrine_j7y2.sh
[ECMWF-INFO -sbatch] - --- SCRIPT OPTIONS ---
[ECMWF-INFO -sbatch] - #SBATCH --time=10:00:00
[ECMWF-INFO -sbatch] - #SBATCH --job-name=catrine_ifs_processing
[ECMWF-INFO -sbatch] - #SBATCH --ntasks=1
[ECMWF-INFO -sbatch] - #SBATCH --cpus-per-task=2
[ECMWF-INFO -sbatch] - #SBATCH --mem=16GB
[ECMWF-INFO -sbatch] - -----------------------
[ECMWF-INFO -sbatch] - --- POST-PROCESSED OPTIONS ---
[ECMWF-INFO -sbatch] - ARG --positional=['run_catrine_j7y2.sh']
[ECMWF-INFO -sbatch] - ARG --cpus_per_task=2
[ECMWF-INFO -sbatch] - ARG --job_name=catrine_ifs_processing
[ECMWF-INFO -sbatch] - ARG --ntasks=1
[ECMWF-INFO -sbatch] - ARG --time=10:00:00
[ECMWF-INFO -sbatch] - ARG --mem=16GB
[ECMWF-INFO -sbatch] - ------------------------------
[ECMWF-INFO -sbatch] - No qos requested, assuming qos=nf
[ECMWF-INFO -sbatch] - jobtag: paaa-catrine_if_processing-1x2-/etc/ecmwf/nfs/dh1_home_a/paaa/python_scripts/processing_IFS/slurm-_JOBID_.out
[ECMWF-INFO -sbatch] - ------------------------------
[ECMWF-INFO -sbatch] - Average Walltime 8 with a Standard Deviation 7
[ECMWF-INFO -sbatch] - Runtime history
[ECMWF-INFO -sbatch] -   Date               | Cores   Cluster   Walltime       Mem
[ECMWF-INFO -sbatch] -   07.08.2026 - 09:51 | 2          ac         16         16G       
[ECMWF-INFO -sbatch] -   07.08.2026 - 09:51 | 2          ac         16         16G       
[ECMWF-INFO -sbatch] -   07.08.2026 - 09:51 | 2          ac         15         16G       
[ECMWF-INFO -sbatch] -   07.08.2026 - 09:50 | 2          ac         16         16G       
[ECMWF-INFO -sbatch] -   07.08.2026 - 09:47 | 2          ac         16         16G       
[ECMWF-INFO -sbatch] -   07.08.2026 - 09:47 | 2          ac         16         16G       
[ECMWF-INFO -sbatch] -   07.08.2026 - 09:47 | 2          ac         16         16G       
[ECMWF-INFO -sbatch] -   07.08.2026 - 09:47 | 2          ac         15         16G       
[ECMWF-INFO -sbatch] -   07.08.2026 - 09:34 | 2          ac         4          16G       
[ECMWF-INFO -sbatch] -   07.08.2026 - 09:34 | 2          ac         3          16G       
[ECMWF-INFO -sbatch] -   07.08.2026 - 09:34 | 2          ac         3          16G       
[ECMWF-INFO -sbatch] -   07.08.2026 - 09:33 | 2          ac         6          16G       
[ECMWF-INFO -sbatch] -   07.08.2026 - 09:33 | 2          ac         3          16G       
[ECMWF-INFO -sbatch] -   07.08.2026 - 09:32 | 2          ac         3          16G       
[ECMWF-INFO -sbatch] -   07.08.2026 - 09:32 | 2          ac         3          16G       
[ECMWF-INFO -sbatch] -   07.08.2026 - 09:30 | 2          ac         3          16G       
[ECMWF-INFO -sbatch] -   07.08.2026 - 09:25 | 2          ac         3          16G       
[ECMWF-INFO -sbatch] -   07.08.2026 - 09:24 | 2          ac         3          16G       
[ECMWF-INFO -sbatch] -   07.08.2026 - 09:24 | 2          ac         3          16G       
[ECMWF-INFO -sbatch] -   07.08.2026 - 09:11 | 2          ac         3          16G       
[ECMWF-INFO -sbatch] - ['/usr/bin/sbatch', '--cpus-per-task=2', '--job-name=catrine_ifs_processing', '--ntasks=1', '--time=10:00:00', '--mem=16GB', '--qos=nf', '--licenses=h2resw01', '--export=EC_user_time_limit=10:00:00', '/etc/ecmwf/nfs/dh1_home_a/paaa/python_scripts/processing_IFS/run_catrine_j7y2.sh']
[ECMWF-INFO -sbatch] - sbatch executed on ac
[ECMWF-INFO -sbatch] - Job queued on ac using method local
[ECMWF-INFO -sbatch] - Submitted batch job 30873801
[ECMWF-INFO -ecprofile] /usr/bin/bash NON_INTERACTIVE on ac6-121 at 20260810_133646.156, PID: 2896128, JOBID: 30873801
[ECMWF-INFO -ecprofile] $SCRATCH=/ec/res4/scratch/paaa
[ECMWF-INFO -ecprofile] $PERM=/perm/paaa
[ECMWF-INFO -ecprofile] $HPCPERM=/ec/res4/hpcperm/paaa
[ECMWF-INFO -ecprofile] $TMPDIR=/etc/ecmwf/ssd/ssd1/tmpdirs/paaa.30873801
[ECMWF-INFO -ecprofile] $SCRATCHDIR=/ec/res4/scratchdir/paaa/1/30873801
/scratch/paaa/IFS/netherlands_2/j7y2/j7y2_dryMF_49r2b_ml_*_0.nc
#### Data already extracted and available at /scratch/paaa/IFS/netherlands_2/j7y2/j7y2_dryMF_49r2b_ml_20220515_0.nc (and others) ####
#### Running S1: Rename and deaccumulate ####
Looking for data in /scratch/paaa/IFS/netherlands_2/j7y2
Found these files for lead time 0 (+12): ['/scratch/paaa/IFS/netherlands_2/j7y2/j7y2_dryMF_49r2b_ml_20220515_0.nc', '/scratch/paaa/IFS/netherlands_2/j7y2/j7y2_dryMF_49r2b_ml_20220515_12.nc', '/scratch/paaa/IFS/netherlands_2/j7y2/j7y2_dryMF_49r2b_ml_20220516_0.nc', '/scratch/paaa/IFS/netherlands_2/j7y2/j7y2_dryMF_49r2b_ml_20220516_12.nc', '/scratch/paaa/IFS/netherlands_2/j7y2/j7y2_dryMF_49r2b_ml_20220517_0.nc', '/scratch/paaa/IFS/netherlands_2/j7y2/j7y2_dryMF_49r2b_ml_20220517_12.nc', '/scratch/paaa/IFS/netherlands_2/j7y2/j7y2_dryMF_49r2b_ml_20220518_0.nc', '/scratch/paaa/IFS/netherlands_2/j7y2/j7y2_dryMF_49r2b_ml_20220518_12.nc', '/scratch/paaa/IFS/netherlands_2/j7y2/j7y2_dryMF_49r2b_ml_20220519_0.nc', '/scratch/paaa/IFS/netherlands_2/j7y2/j7y2_dryMF_49r2b_ml_20220519_12.nc', '/scratch/paaa/IFS/netherlands_2/j7y2/j7y2_dryMF_49r2b_ml_20220520_0.nc', '/scratch/paaa/IFS/netherlands_2/j7y2/j7y2_dryMF_49r2b_ml_20220520_12.nc']
Processing file /scratch/paaa/IFS/netherlands_2/j7y2/j7y2_dryMF_49r2b_ml_20220515_0.nc
Time step between consecutive records: 1 hours hour
Variable ra not found in dataset.
Variable co not found in dataset.
Deaccumulating...
Processing file /scratch/paaa/IFS/netherlands_2/j7y2/j7y2_dryMF_49r2b_ml_20220515_12.nc
Time step between consecutive records: 1 hours hour
Variable ra not found in dataset.
Variable co not found in dataset.
Deaccumulating...
Processing file /scratch/paaa/IFS/netherlands_2/j7y2/j7y2_dryMF_49r2b_ml_20220516_0.nc
Time step between consecutive records: 1 hours hour
Variable ra not found in dataset.
Variable co not found in dataset.
Deaccumulating...
Processing file /scratch/paaa/IFS/netherlands_2/j7y2/j7y2_dryMF_49r2b_ml_20220516_12.nc
Time step between consecutive records: 1 hours hour
Variable ra not found in dataset.
Variable co not found in dataset.
Deaccumulating...
Processing file /scratch/paaa/IFS/netherlands_2/j7y2/j7y2_dryMF_49r2b_ml_20220517_0.nc
Time step between consecutive records: 1 hours hour
Variable ra not found in dataset.
Variable co not found in dataset.
Deaccumulating...
Processing file /scratch/paaa/IFS/netherlands_2/j7y2/j7y2_dryMF_49r2b_ml_20220517_12.nc
Time step between consecutive records: 1 hours hour
Variable ra not found in dataset.
Variable co not found in dataset.
Deaccumulating...
Processing file /scratch/paaa/IFS/netherlands_2/j7y2/j7y2_dryMF_49r2b_ml_20220518_0.nc
Time step between consecutive records: 1 hours hour
Variable ra not found in dataset.
Variable co not found in dataset.
Deaccumulating...
Processing file /scratch/paaa/IFS/netherlands_2/j7y2/j7y2_dryMF_49r2b_ml_20220518_12.nc
Time step between consecutive records: 1 hours hour
Variable ra not found in dataset.
Variable co not found in dataset.
Deaccumulating...
Processing file /scratch/paaa/IFS/netherlands_2/j7y2/j7y2_dryMF_49r2b_ml_20220519_0.nc
Time step between consecutive records: 1 hours hour
Variable ra not found in dataset.
Variable co not found in dataset.
Deaccumulating...
Processing file /scratch/paaa/IFS/netherlands_2/j7y2/j7y2_dryMF_49r2b_ml_20220519_12.nc
Time step between consecutive records: 1 hours hour
Variable ra not found in dataset.
Variable co not found in dataset.
Deaccumulating...
Processing file /scratch/paaa/IFS/netherlands_2/j7y2/j7y2_dryMF_49r2b_ml_20220520_0.nc
Time step between consecutive records: 1 hours hour
Variable ra not found in dataset.
Variable co not found in dataset.
Deaccumulating...
Processing file /scratch/paaa/IFS/netherlands_2/j7y2/j7y2_dryMF_49r2b_ml_20220520_12.nc
Time step between consecutive records: 1 hours hour
Variable ra not found in dataset.
Variable co not found in dataset.
Deaccumulating...
Finished processing files________
Saving...
Dataset saved to: /perm/paaa/IFS/netherlands_2/fc/j7y2_dryMF_49r2b_ml_t0.nc
Done.
#### Running S2: Convert from model levels to height ####
Processing j7y2_dryMF_49r2b .
Processing lead time 0 .
Reading these files:
['/perm/paaa/IFS/netherlands_2/fc/j7y2_dryMF_49r2b_ml_t0.nc']
Using lnsp to compute pressure levels.
time: 2022-05-15
time: 2022-05-16
time: 2022-05-16
time: 2022-05-17
time: 2022-05-17
time: 2022-05-18
time: 2022-05-18
time: 2022-05-19
time: 2022-05-19
time: 2022-05-20
time: 2022-05-20
time: 2022-05-21
Dataset saved to: /perm/paaa/IFS/netherlands_2/fc/j7y2_dryMF_49r2b_z_t0.nc .
Done.
#### Running S3: Interpolate to single location ####
using height instead of model levels for interpolation to single location
Reading these files:
['/perm/paaa/IFS/netherlands_2/fc/j7y2_dryMF_49r2b_z_t0.nc']
Check units for co2flx_dyn: g m$^{-2}$ h$^{-1}$.
converting g m$^{-2}$ h$^{-1}$ to PPM m/s for variable co2flx_dyn, assumption on density, careful!
rho near the surface: [[1.24812062 1.24835592 1.2486467  1.24918956 1.2506084  1.25162676]
 [1.24637741 1.24648242 1.24632437 1.24647947 1.24760426 1.24872689]
 [1.24496959 1.24478934 1.24421823 1.24418153 1.2452627  1.24643234]
 [1.24453109 1.24421674 1.24335868 1.24299802 1.24356113 1.24432035]
 [1.24394097 1.24359341 1.24277376 1.24238499 1.24252772 1.24272355]
 [1.24359491 1.24322762 1.24249271 1.24216577 1.24216791 1.24207984]]
Check units for co2flx_diff: g m$^{-2}$ h$^{-1}$.
converting g m$^{-2}$ h$^{-1}$ to PPM m/s for variable co2flx_diff, assumption on density, careful!
rho near the surface: [[1.24812062 1.24835592 1.2486467  1.24918956 1.2506084  1.25162676]
 [1.24637741 1.24648242 1.24632437 1.24647947 1.24760426 1.24872689]
 [1.24496959 1.24478934 1.24421823 1.24418153 1.2452627  1.24643234]
 [1.24453109 1.24421674 1.24335868 1.24299802 1.24356113 1.24432035]
 [1.24394097 1.24359341 1.24277376 1.24238499 1.24252772 1.24272355]
 [1.24359491 1.24322762 1.24249271 1.24216577 1.24216791 1.24207984]]
Check units for co2flx_conv: g m$^{-2}$ h$^{-1}$.
converting g m$^{-2}$ h$^{-1}$ to PPM m/s for variable co2flx_conv, assumption on density, careful!
rho near the surface: [[1.24812062 1.24835592 1.2486467  1.24918956 1.2506084  1.25162676]
 [1.24637741 1.24648242 1.24632437 1.24647947 1.24760426 1.24872689]
 [1.24496959 1.24478934 1.24421823 1.24418153 1.2452627  1.24643234]
 [1.24453109 1.24421674 1.24335868 1.24299802 1.24356113 1.24432035]
 [1.24394097 1.24359341 1.24277376 1.24238499 1.24252772 1.24272355]
 [1.24359491 1.24322762 1.24249271 1.24216577 1.24216791 1.24207984]]
Units unknown for variable p
Computing total tendencies .
Saving /perm/paaa/IFS/netherlands_2/fc/j7y2_dryMF_49r2b_z_t0_processed.nc .
Saving /perm/paaa/IFS/netherlands_2/fc/j7y2_dryMF_49r2b_z_t0_slab.nc .
Saving /perm/paaa/IFS/netherlands_2/fc/j7y2_dryMF_49r2b_z_t0_cabauw.nc .
Saving /perm/paaa/IFS/netherlands_2/fc/j7y2_dryMF_49r2b_z_t0_loobos.nc .
Done_____________
All scripts completed successfully.
[ECMWF-INFO -ecepilog] ----------------------------------------------------------------------------------------------------
[ECMWF-INFO -ecepilog] This is the ECMWF job Epilogue
[ECMWF-INFO -ecepilog] +++ Please report issues using the Support portal +++
[ECMWF-INFO -ecepilog] +++ https://support.ecmwf.int                     +++
[ECMWF-INFO -ecepilog] ----------------------------------------------------------------------------------------------------
[ECMWF-INFO -ecepilog] Run at 2026-08-10T14:08:45 on ac
[ECMWF-INFO -ecepilog] JobName                   : catrine_ifs_processing
[ECMWF-INFO -ecepilog] JobID                     : 30873801
[ECMWF-INFO -ecepilog] Submit                    : 2026-08-10T13:36:42
[ECMWF-INFO -ecepilog] Start                     : 2026-08-10T13:36:43
[ECMWF-INFO -ecepilog] End                       : 2026-08-10T14:08:45
[ECMWF-INFO -ecepilog] QueuedTime                : 1.0
[ECMWF-INFO -ecepilog] ElapsedRaw                : 1922
[ECMWF-INFO -ecepilog] ExitCode                  : 0:0
[ECMWF-INFO -ecepilog] DerivedExitCode           : 0:0
[ECMWF-INFO -ecepilog] State                     : COMPLETED
[ECMWF-INFO -ecepilog] Account                   : ecrdmopp
[ECMWF-INFO -ecepilog] QOS                       : nf
[ECMWF-INFO -ecepilog] User                      : paaa
[ECMWF-INFO -ecepilog] StdOut                    : /etc/ecmwf/nfs/dh1_home_a/paaa/python_scripts/processing_IFS/slurm-30873801.out
[ECMWF-INFO -ecepilog] StdErr                    : /etc/ecmwf/nfs/dh1_home_a/paaa/python_scripts/processing_IFS/slurm-30873801.out
[ECMWF-INFO -ecepilog] NNodes                    : 1
[ECMWF-INFO -ecepilog] NCPUS                     : 2
[ECMWF-INFO -ecepilog] SBU                       : 9.110
[ECMWF-INFO -ecepilog] jobtag                    : paaa-catrine_if_processing-1x2-/etc/ecmwf/nfs/dh1_home_a/paaa/python_scripts/processing_IFS/slurm-_JOBID_.out
[ECMWF-INFO -ecepilog] ----------------------------------------------------------------------------------------------------

